09:13:59 **** Build of project FreeRTOS_Trace_bsp ****
make -k all 
"Running Make include in ps7_cortexa9_0/libsrc/coresightps_dcc_v1_5/src"
make -C ps7_cortexa9_0/libsrc/coresightps_dcc_v1_5/src -s include  "SHELL=CMD" "COMPILER=arm-none-eabi-gcc" "ARCHIVER=arm-none-eabi-ar" "COMPILER_FLAGS=  -O2 -c" "EXTRA_COMPILER_FLAGS=-mcpu=cortex-a9 -mfpu=vfpv3 -mfloat-abi=hard -nostartfiles -g -Wall -Wextra"
"Running Make include in ps7_cortexa9_0/libsrc/cpu_cortexa9_v2_7/src"
make -C ps7_cortexa9_0/libsrc/cpu_cortexa9_v2_7/src -s include  "SHELL=CMD" "COMPILER=arm-none-eabi-gcc" "ARCHIVER=arm-none-eabi-ar" "COMPILER_FLAGS=  -O2 -c" "EXTRA_COMPILER_FLAGS=-mcpu=cortex-a9 -mfpu=vfpv3 -mfloat-abi=hard -nostartfiles -g -Wall -Wextra"
"Running Make include in ps7_cortexa9_0/libsrc/ddrps_v1_0/src"
make -C ps7_cortexa9_0/libsrc/ddrps_v1_0/src -s include  "SHELL=CMD" "COMPILER=arm-none-eabi-gcc" "ARCHIVER=arm-none-eabi-ar" "COMPILER_FLAGS=  -O2 -c" "EXTRA_COMPILER_FLAGS=-mcpu=cortex-a9 -mfpu=vfpv3 -mfloat-abi=hard -nostartfiles -g -Wall -Wextra"
"Running Make include in ps7_cortexa9_0/libsrc/devcfg_v3_5/src"
make -C ps7_cortexa9_0/libsrc/devcfg_v3_5/src -s include  "SHELL=CMD" "COMPILER=arm-none-eabi-gcc" "ARCHIVER=arm-none-eabi-ar" "COMPILER_FLAGS=  -O2 -c" "EXTRA_COMPILER_FLAGS=-mcpu=cortex-a9 -mfpu=vfpv3 -mfloat-abi=hard -nostartfiles -g -Wall -Wextra"
"Running Make include in ps7_cortexa9_0/libsrc/dmaps_v2_4/src"
make -C ps7_cortexa9_0/libsrc/dmaps_v2_4/src -s include  "SHELL=CMD" "COMPILER=arm-none-eabi-gcc" "ARCHIVER=arm-none-eabi-ar" "COMPILER_FLAGS=  -O2 -c" "EXTRA_COMPILER_FLAGS=-mcpu=cortex-a9 -mfpu=vfpv3 -mfloat-abi=hard -nostartfiles -g -Wall -Wextra"
"Running Make include in ps7_cortexa9_0/libsrc/gpiops_v3_5/src"
make -C ps7_cortexa9_0/libsrc/gpiops_v3_5/src -s include  "SHELL=CMD" "COMPILER=arm-none-eabi-gcc" "ARCHIVER=arm-none-eabi-ar" "COMPILER_FLAGS=  -O2 -c" "EXTRA_COMPILER_FLAGS=-mcpu=cortex-a9 -mfpu=vfpv3 -mfloat-abi=hard -nostartfiles -g -Wall -Wextra"
"Running Make include in ps7_cortexa9_0/libsrc/gpio_v4_4/src"
make -C ps7_cortexa9_0/libsrc/gpio_v4_4/src -s include  "SHELL=CMD" "COMPILER=arm-none-eabi-gcc" "ARCHIVER=arm-none-eabi-ar" "COMPILER_FLAGS=  -O2 -c" "EXTRA_COMPILER_FLAGS=-mcpu=cortex-a9 -mfpu=vfpv3 -mfloat-abi=hard -nostartfiles -g -Wall -Wextra"
"Running Make include in ps7_cortexa9_0/libsrc/iicps_v3_9/src"
make -C ps7_cortexa9_0/libsrc/iicps_v3_9/src -s include  "SHELL=CMD" "COMPILER=arm-none-eabi-gcc" "ARCHIVER=arm-none-eabi-ar" "COMPILER_FLAGS=  -O2 -c" "EXTRA_COMPILER_FLAGS=-mcpu=cortex-a9 -mfpu=vfpv3 -mfloat-abi=hard -nostartfiles -g -Wall -Wextra"
"Running Make include in ps7_cortexa9_0/libsrc/qspips_v3_6/src"
make -C ps7_cortexa9_0/libsrc/qspips_v3_6/src -s include  "SHELL=CMD" "COMPILER=arm-none-eabi-gcc" "ARCHIVER=arm-none-eabi-ar" "COMPILER_FLAGS=  -O2 -c" "EXTRA_COMPILER_FLAGS=-mcpu=cortex-a9 -mfpu=vfpv3 -mfloat-abi=hard -nostartfiles -g -Wall -Wextra"
"Running Make include in ps7_cortexa9_0/libsrc/scugic_v4_0/src"
make -C ps7_cortexa9_0/libsrc/scugic_v4_0/src -s include  "SHELL=CMD" "COMPILER=arm-none-eabi-gcc" "ARCHIVER=arm-none-eabi-ar" "COMPILER_FLAGS=  -O2 -c" "EXTRA_COMPILER_FLAGS=-mcpu=cortex-a9 -mfpu=vfpv3 -mfloat-abi=hard -nostartfiles -g -Wall -Wextra"
"Running Make include in ps7_cortexa9_0/libsrc/scutimer_v2_1/src"
make -C ps7_cortexa9_0/libsrc/scutimer_v2_1/src -s include  "SHELL=CMD" "COMPILER=arm-none-eabi-gcc" "ARCHIVER=arm-none-eabi-ar" "COMPILER_FLAGS=  -O2 -c" "EXTRA_COMPILER_FLAGS=-mcpu=cortex-a9 -mfpu=vfpv3 -mfloat-abi=hard -nostartfiles -g -Wall -Wextra"
"Running Make include in ps7_cortexa9_0/libsrc/scuwdt_v2_1/src"
make -C ps7_cortexa9_0/libsrc/scuwdt_v2_1/src -s include  "SHELL=CMD" "COMPILER=arm-none-eabi-gcc" "ARCHIVER=arm-none-eabi-ar" "COMPILER_FLAGS=  -O2 -c" "EXTRA_COMPILER_FLAGS=-mcpu=cortex-a9 -mfpu=vfpv3 -mfloat-abi=hard -nostartfiles -g -Wall -Wextra"
"Running Make include in ps7_cortexa9_0/libsrc/sdps_v3_7/src"
make -C ps7_cortexa9_0/libsrc/sdps_v3_7/src -s include  "SHELL=CMD" "COMPILER=arm-none-eabi-gcc" "ARCHIVER=arm-none-eabi-ar" "COMPILER_FLAGS=  -O2 -c" "EXTRA_COMPILER_FLAGS=-mcpu=cortex-a9 -mfpu=vfpv3 -mfloat-abi=hard -nostartfiles -g -Wall -Wextra"
"Running Make include in ps7_cortexa9_0/libsrc/standalone_v7_0/src"
make -C ps7_cortexa9_0/libsrc/standalone_v7_0/src -s include  "SHELL=CMD" "COMPILER=arm-none-eabi-gcc" "ARCHIVER=arm-none-eabi-ar" "COMPILER_FLAGS=  -O2 -c" "EXTRA_COMPILER_FLAGS=-mcpu=cortex-a9 -mfpu=vfpv3 -mfloat-abi=hard -nostartfiles -g -Wall -Wextra"
"Running Make include in ps7_cortexa9_0/libsrc/uartps_v3_7/src"
make -C ps7_cortexa9_0/libsrc/uartps_v3_7/src -s include  "SHELL=CMD" "COMPILER=arm-none-eabi-gcc" "ARCHIVER=arm-none-eabi-ar" "COMPILER_FLAGS=  -O2 -c" "EXTRA_COMPILER_FLAGS=-mcpu=cortex-a9 -mfpu=vfpv3 -mfloat-abi=hard -nostartfiles -g -Wall -Wextra"
"Running Make include in ps7_cortexa9_0/libsrc/usbps_v2_4/src"
make -C ps7_cortexa9_0/libsrc/usbps_v2_4/src -s include  "SHELL=CMD" "COMPILER=arm-none-eabi-gcc" "ARCHIVER=arm-none-eabi-ar" "COMPILER_FLAGS=  -O2 -c" "EXTRA_COMPILER_FLAGS=-mcpu=cortex-a9 -mfpu=vfpv3 -mfloat-abi=hard -nostartfiles -g -Wall -Wextra"
"Running Make include in ps7_cortexa9_0/libsrc/xadcps_v2_3/src"
make -C ps7_cortexa9_0/libsrc/xadcps_v2_3/src -s include  "SHELL=CMD" "COMPILER=arm-none-eabi-gcc" "ARCHIVER=arm-none-eabi-ar" "COMPILER_FLAGS=  -O2 -c" "EXTRA_COMPILER_FLAGS=-mcpu=cortex-a9 -mfpu=vfpv3 -mfloat-abi=hard -nostartfiles -g -Wall -Wextra"
"Running Make libs in ps7_cortexa9_0/libsrc/coresightps_dcc_v1_5/src"
make -C ps7_cortexa9_0/libsrc/coresightps_dcc_v1_5/src -s libs  "SHELL=CMD" "COMPILER=arm-none-eabi-gcc" "ARCHIVER=arm-none-eabi-ar" "COMPILER_FLAGS=  -O2 -c" "EXTRA_COMPILER_FLAGS=-mcpu=cortex-a9 -mfpu=vfpv3 -mfloat-abi=hard -nostartfiles -g -Wall -Wextra"
"Compiling coresightps_dcc"
arm-none-eabi-ar: creating ../../../lib/libxil.a
"Running Make libs in ps7_cortexa9_0/libsrc/cpu_cortexa9_v2_7/src"
make -C ps7_cortexa9_0/libsrc/cpu_cortexa9_v2_7/src -s libs  "SHELL=CMD" "COMPILER=arm-none-eabi-gcc" "ARCHIVER=arm-none-eabi-ar" "COMPILER_FLAGS=  -O2 -c" "EXTRA_COMPILER_FLAGS=-mcpu=cortex-a9 -mfpu=vfpv3 -mfloat-abi=hard -nostartfiles -g -Wall -Wextra"
"Compiling cpu_cortexa9"
"Running Make libs in ps7_cortexa9_0/libsrc/ddrps_v1_0/src"
make -C ps7_cortexa9_0/libsrc/ddrps_v1_0/src -s libs  "SHELL=CMD" "COMPILER=arm-none-eabi-gcc" "ARCHIVER=arm-none-eabi-ar" "COMPILER_FLAGS=  -O2 -c" "EXTRA_COMPILER_FLAGS=-mcpu=cortex-a9 -mfpu=vfpv3 -mfloat-abi=hard -nostartfiles -g -Wall -Wextra"
"Compiling ddrps"
"Running Make libs in ps7_cortexa9_0/libsrc/devcfg_v3_5/src"
make -C ps7_cortexa9_0/libsrc/devcfg_v3_5/src -s libs  "SHELL=CMD" "COMPILER=arm-none-eabi-gcc" "ARCHIVER=arm-none-eabi-ar" "COMPILER_FLAGS=  -O2 -c" "EXTRA_COMPILER_FLAGS=-mcpu=cortex-a9 -mfpu=vfpv3 -mfloat-abi=hard -nostartfiles -g -Wall -Wextra"
"Compiling devcfg"
"Running Make libs in ps7_cortexa9_0/libsrc/dmaps_v2_4/src"
make -C ps7_cortexa9_0/libsrc/dmaps_v2_4/src -s libs  "SHELL=CMD" "COMPILER=arm-none-eabi-gcc" "ARCHIVER=arm-none-eabi-ar" "COMPILER_FLAGS=  -O2 -c" "EXTRA_COMPILER_FLAGS=-mcpu=cortex-a9 -mfpu=vfpv3 -mfloat-abi=hard -nostartfiles -g -Wall -Wextra"
"Compiling dmaps"
"Running Make libs in ps7_cortexa9_0/libsrc/gpiops_v3_5/src"
make -C ps7_cortexa9_0/libsrc/gpiops_v3_5/src -s libs  "SHELL=CMD" "COMPILER=arm-none-eabi-gcc" "ARCHIVER=arm-none-eabi-ar" "COMPILER_FLAGS=  -O2 -c" "EXTRA_COMPILER_FLAGS=-mcpu=cortex-a9 -mfpu=vfpv3 -mfloat-abi=hard -nostartfiles -g -Wall -Wextra"
"Compiling gpiops"
"Running Make libs in ps7_cortexa9_0/libsrc/gpio_v4_4/src"
make -C ps7_cortexa9_0/libsrc/gpio_v4_4/src -s libs  "SHELL=CMD" "COMPILER=arm-none-eabi-gcc" "ARCHIVER=arm-none-eabi-ar" "COMPILER_FLAGS=  -O2 -c" "EXTRA_COMPILER_FLAGS=-mcpu=cortex-a9 -mfpu=vfpv3 -mfloat-abi=hard -nostartfiles -g -Wall -Wextra"
"Compiling gpio"
"Running Make libs in ps7_cortexa9_0/libsrc/iicps_v3_9/src"
make -C ps7_cortexa9_0/libsrc/iicps_v3_9/src -s libs  "SHELL=CMD" "COMPILER=arm-none-eabi-gcc" "ARCHIVER=arm-none-eabi-ar" "COMPILER_FLAGS=  -O2 -c" "EXTRA_COMPILER_FLAGS=-mcpu=cortex-a9 -mfpu=vfpv3 -mfloat-abi=hard -nostartfiles -g -Wall -Wextra"
"Compiling iicps"
"Running Make libs in ps7_cortexa9_0/libsrc/qspips_v3_6/src"
make -C ps7_cortexa9_0/libsrc/qspips_v3_6/src -s libs  "SHELL=CMD" "COMPILER=arm-none-eabi-gcc" "ARCHIVER=arm-none-eabi-ar" "COMPILER_FLAGS=  -O2 -c" "EXTRA_COMPILER_FLAGS=-mcpu=cortex-a9 -mfpu=vfpv3 -mfloat-abi=hard -nostartfiles -g -Wall -Wextra"
"Compiling qspips"
"Running Make libs in ps7_cortexa9_0/libsrc/scugic_v4_0/src"
make -C ps7_cortexa9_0/libsrc/scugic_v4_0/src -s libs  "SHELL=CMD" "COMPILER=arm-none-eabi-gcc" "ARCHIVER=arm-none-eabi-ar" "COMPILER_FLAGS=  -O2 -c" "EXTRA_COMPILER_FLAGS=-mcpu=cortex-a9 -mfpu=vfpv3 -mfloat-abi=hard -nostartfiles -g -Wall -Wextra"
"Compiling scugic"
"Running Make libs in ps7_cortexa9_0/libsrc/scutimer_v2_1/src"
make -C ps7_cortexa9_0/libsrc/scutimer_v2_1/src -s libs  "SHELL=CMD" "COMPILER=arm-none-eabi-gcc" "ARCHIVER=arm-none-eabi-ar" "COMPILER_FLAGS=  -O2 -c" "EXTRA_COMPILER_FLAGS=-mcpu=cortex-a9 -mfpu=vfpv3 -mfloat-abi=hard -nostartfiles -g -Wall -Wextra"
"Compiling scutimer"
"Running Make libs in ps7_cortexa9_0/libsrc/scuwdt_v2_1/src"
make -C ps7_cortexa9_0/libsrc/scuwdt_v2_1/src -s libs  "SHELL=CMD" "COMPILER=arm-none-eabi-gcc" "ARCHIVER=arm-none-eabi-ar" "COMPILER_FLAGS=  -O2 -c" "EXTRA_COMPILER_FLAGS=-mcpu=cortex-a9 -mfpu=vfpv3 -mfloat-abi=hard -nostartfiles -g -Wall -Wextra"
"Compiling scuwdt"
"Running Make libs in ps7_cortexa9_0/libsrc/sdps_v3_7/src"
make -C ps7_cortexa9_0/libsrc/sdps_v3_7/src -s libs  "SHELL=CMD" "COMPILER=arm-none-eabi-gcc" "ARCHIVER=arm-none-eabi-ar" "COMPILER_FLAGS=  -O2 -c" "EXTRA_COMPILER_FLAGS=-mcpu=cortex-a9 -mfpu=vfpv3 -mfloat-abi=hard -nostartfiles -g -Wall -Wextra"
"Compiling sdps"
"Running Make libs in ps7_cortexa9_0/libsrc/standalone_v7_0/src"
make -C ps7_cortexa9_0/libsrc/standalone_v7_0/src -s libs  "SHELL=CMD" "COMPILER=arm-none-eabi-gcc" "ARCHIVER=arm-none-eabi-ar" "COMPILER_FLAGS=  -O2 -c" "EXTRA_COMPILER_FLAGS=-mcpu=cortex-a9 -mfpu=vfpv3 -mfloat-abi=hard -nostartfiles -g -Wall -Wextra"
"Compiling standalone"
In file included from usleep.c:56:
xtime_l.h:87:9: note: #pragma message: For the sleep routines, Global timer is being used
 #pragma message ("For the sleep routines, Global timer is being used")
         ^~~~~~~
In file included from xil_sleeptimer.c:51:
xtime_l.h:87:9: note: #pragma message: For the sleep routines, Global timer is being used
 #pragma message ("For the sleep routines, Global timer is being used")
         ^~~~~~~
In file included from xtime_l.c:49:
xtime_l.h:87:9: note: #pragma message: For the sleep routines, Global timer is being used
 #pragma message ("For the sleep routines, Global timer is being used")
         ^~~~~~~
In file included from sleep.c:53:
xtime_l.h:87:9: note: #pragma message: For the sleep routines, Global timer is being used
 #pragma message ("For the sleep routines, Global timer is being used")
         ^~~~~~~
"Running Make libs in ps7_cortexa9_0/libsrc/uartps_v3_7/src"
make -C ps7_cortexa9_0/libsrc/uartps_v3_7/src -s libs  "SHELL=CMD" "COMPILER=arm-none-eabi-gcc" "ARCHIVER=arm-none-eabi-ar" "COMPILER_FLAGS=  -O2 -c" "EXTRA_COMPILER_FLAGS=-mcpu=cortex-a9 -mfpu=vfpv3 -mfloat-abi=hard -nostartfiles -g -Wall -Wextra"
"Compiling uartps"
"Running Make libs in ps7_cortexa9_0/libsrc/usbps_v2_4/src"
make -C ps7_cortexa9_0/libsrc/usbps_v2_4/src -s libs  "SHELL=CMD" "COMPILER=arm-none-eabi-gcc" "ARCHIVER=arm-none-eabi-ar" "COMPILER_FLAGS=  -O2 -c" "EXTRA_COMPILER_FLAGS=-mcpu=cortex-a9 -mfpu=vfpv3 -mfloat-abi=hard -nostartfiles -g -Wall -Wextra"
"Compiling usbps"
"Running Make libs in ps7_cortexa9_0/libsrc/xadcps_v2_3/src"
make -C ps7_cortexa9_0/libsrc/xadcps_v2_3/src -s libs  "SHELL=CMD" "COMPILER=arm-none-eabi-gcc" "ARCHIVER=arm-none-eabi-ar" "COMPILER_FLAGS=  -O2 -c" "EXTRA_COMPILER_FLAGS=-mcpu=cortex-a9 -mfpu=vfpv3 -mfloat-abi=hard -nostartfiles -g -Wall -Wextra"
"Compiling xadcps"
'Finished building libraries'
09:14:29 **** Build of configuration Debug for project FreeRTOS_Trace ****
make pre-build main-build 
a9-linaro-pre-build-step
' '
'Building file: ../src/helloworld.c'
'Invoking: ARM v7 gcc compiler'
arm-none-eabi-gcc -Wall -O0 -g3 -c -fmessage-length=0 -MT"src/helloworld.o" -mcpu=cortex-a9 -mfpu=vfpv3 -mfloat-abi=hard -I../../FreeRTOS_Trace_bsp/ps7_cortexa9_0/include -MMD -MP -MF"src/helloworld.d" -MT"src/helloworld.o" -o "src/helloworld.o" "../src/helloworld.c"
'Finished building: ../src/helloworld.c'
' '
'Building file: ../src/platform.c'
'Invoking: ARM v7 gcc compiler'
arm-none-eabi-gcc -Wall -O0 -g3 -c -fmessage-length=0 -MT"src/platform.o" -mcpu=cortex-a9 -mfpu=vfpv3 -mfloat-abi=hard -I../../FreeRTOS_Trace_bsp/ps7_cortexa9_0/include -MMD -MP -MF"src/platform.d" -MT"src/platform.o" -o "src/platform.o" "../src/platform.c"
'Finished building: ../src/platform.c'
' '
'Building target: FreeRTOS_Trace.elf'
'Invoking: ARM v7 gcc linker'
arm-none-eabi-gcc -mcpu=cortex-a9 -mfpu=vfpv3 -mfloat-abi=hard -Wl,-build-id=none -specs=Xilinx.spec -Wl,-T -Wl,../src/lscript.ld -L../../FreeRTOS_Trace_bsp/ps7_cortexa9_0/lib -o "FreeRTOS_Trace.elf"  ./src/helloworld.o ./src/platform.o   -Wl,--start-group,-lxil,-lgcc,-lc,--end-group
'Finished building target: FreeRTOS_Trace.elf'
' '
'Invoking: ARM v7 Print Size'
arm-none-eabi-size FreeRTOS_Trace.elf  |tee "FreeRTOS_Trace.elf.size"
   text	   data	    bss	    dec	    hex	filename
  19060	   1144	  22568	  42772	   a714	FreeRTOS_Trace.elf
'Finished building: FreeRTOS_Trace.elf.size'
' '
09:14:32 **** Auto Build of configuration Debug for project FreeRTOS_Trace ****
make pre-build main-build 
a9-linaro-pre-build-step
' '
make: Nothing to be done for 'main-build'.
09:47:35 **** Build of project FreeRTOS_Trace_bsp ****
make -k all 
"Running Make include in ps7_cortexa9_0/libsrc/coresightps_dcc_v1_5/src"
make -C ps7_cortexa9_0/libsrc/coresightps_dcc_v1_5/src -s include  "SHELL=CMD" "COMPILER=arm-none-eabi-gcc" "ARCHIVER=arm-none-eabi-ar" "COMPILER_FLAGS=  -O2 -c" "EXTRA_COMPILER_FLAGS=-mcpu=cortex-a9 -mfpu=vfpv3 -mfloat-abi=hard -nostartfiles -g -Wall -Wextra"
"Running Make include in ps7_cortexa9_0/libsrc/cpu_cortexa9_v2_7/src"
make -C ps7_cortexa9_0/libsrc/cpu_cortexa9_v2_7/src -s include  "SHELL=CMD" "COMPILER=arm-none-eabi-gcc" "ARCHIVER=arm-none-eabi-ar" "COMPILER_FLAGS=  -O2 -c" "EXTRA_COMPILER_FLAGS=-mcpu=cortex-a9 -mfpu=vfpv3 -mfloat-abi=hard -nostartfiles -g -Wall -Wextra"
"Running Make include in ps7_cortexa9_0/libsrc/ddrps_v1_0/src"
make -C ps7_cortexa9_0/libsrc/ddrps_v1_0/src -s include  "SHELL=CMD" "COMPILER=arm-none-eabi-gcc" "ARCHIVER=arm-none-eabi-ar" "COMPILER_FLAGS=  -O2 -c" "EXTRA_COMPILER_FLAGS=-mcpu=cortex-a9 -mfpu=vfpv3 -mfloat-abi=hard -nostartfiles -g -Wall -Wextra"
"Running Make include in ps7_cortexa9_0/libsrc/devcfg_v3_5/src"
make -C ps7_cortexa9_0/libsrc/devcfg_v3_5/src -s include  "SHELL=CMD" "COMPILER=arm-none-eabi-gcc" "ARCHIVER=arm-none-eabi-ar" "COMPILER_FLAGS=  -O2 -c" "EXTRA_COMPILER_FLAGS=-mcpu=cortex-a9 -mfpu=vfpv3 -mfloat-abi=hard -nostartfiles -g -Wall -Wextra"
"Running Make include in ps7_cortexa9_0/libsrc/dmaps_v2_4/src"
make -C ps7_cortexa9_0/libsrc/dmaps_v2_4/src -s include  "SHELL=CMD" "COMPILER=arm-none-eabi-gcc" "ARCHIVER=arm-none-eabi-ar" "COMPILER_FLAGS=  -O2 -c" "EXTRA_COMPILER_FLAGS=-mcpu=cortex-a9 -mfpu=vfpv3 -mfloat-abi=hard -nostartfiles -g -Wall -Wextra"
"Running Make include in ps7_cortexa9_0/libsrc/freertos10_xilinx_v1_3/src"
make -C ps7_cortexa9_0/libsrc/freertos10_xilinx_v1_3/src -s include  "SHELL=CMD" "COMPILER=arm-none-eabi-gcc" "ARCHIVER=arm-none-eabi-ar" "COMPILER_FLAGS=  -O2 -c" "EXTRA_COMPILER_FLAGS=-mcpu=cortex-a9 -mfpu=vfpv3 -mfloat-abi=hard -nostartfiles -g -Wall -Wextra"
"include"
"Running Make include in ps7_cortexa9_0/libsrc/gpiops_v3_5/src"
make -C ps7_cortexa9_0/libsrc/gpiops_v3_5/src -s include  "SHELL=CMD" "COMPILER=arm-none-eabi-gcc" "ARCHIVER=arm-none-eabi-ar" "COMPILER_FLAGS=  -O2 -c" "EXTRA_COMPILER_FLAGS=-mcpu=cortex-a9 -mfpu=vfpv3 -mfloat-abi=hard -nostartfiles -g -Wall -Wextra"
"Running Make include in ps7_cortexa9_0/libsrc/gpio_v4_4/src"
make -C ps7_cortexa9_0/libsrc/gpio_v4_4/src -s include  "SHELL=CMD" "COMPILER=arm-none-eabi-gcc" "ARCHIVER=arm-none-eabi-ar" "COMPILER_FLAGS=  -O2 -c" "EXTRA_COMPILER_FLAGS=-mcpu=cortex-a9 -mfpu=vfpv3 -mfloat-abi=hard -nostartfiles -g -Wall -Wextra"
"Running Make include in ps7_cortexa9_0/libsrc/iicps_v3_9/src"
make -C ps7_cortexa9_0/libsrc/iicps_v3_9/src -s include  "SHELL=CMD" "COMPILER=arm-none-eabi-gcc" "ARCHIVER=arm-none-eabi-ar" "COMPILER_FLAGS=  -O2 -c" "EXTRA_COMPILER_FLAGS=-mcpu=cortex-a9 -mfpu=vfpv3 -mfloat-abi=hard -nostartfiles -g -Wall -Wextra"
"Running Make include in ps7_cortexa9_0/libsrc/qspips_v3_6/src"
make -C ps7_cortexa9_0/libsrc/qspips_v3_6/src -s include  "SHELL=CMD" "COMPILER=arm-none-eabi-gcc" "ARCHIVER=arm-none-eabi-ar" "COMPILER_FLAGS=  -O2 -c" "EXTRA_COMPILER_FLAGS=-mcpu=cortex-a9 -mfpu=vfpv3 -mfloat-abi=hard -nostartfiles -g -Wall -Wextra"
"Running Make include in ps7_cortexa9_0/libsrc/scugic_v4_0/src"
make -C ps7_cortexa9_0/libsrc/scugic_v4_0/src -s include  "SHELL=CMD" "COMPILER=arm-none-eabi-gcc" "ARCHIVER=arm-none-eabi-ar" "COMPILER_FLAGS=  -O2 -c" "EXTRA_COMPILER_FLAGS=-mcpu=cortex-a9 -mfpu=vfpv3 -mfloat-abi=hard -nostartfiles -g -Wall -Wextra"
"Running Make include in ps7_cortexa9_0/libsrc/scutimer_v2_1/src"
make -C ps7_cortexa9_0/libsrc/scutimer_v2_1/src -s include  "SHELL=CMD" "COMPILER=arm-none-eabi-gcc" "ARCHIVER=arm-none-eabi-ar" "COMPILER_FLAGS=  -O2 -c" "EXTRA_COMPILER_FLAGS=-mcpu=cortex-a9 -mfpu=vfpv3 -mfloat-abi=hard -nostartfiles -g -Wall -Wextra"
"Running Make include in ps7_cortexa9_0/libsrc/scuwdt_v2_1/src"
make -C ps7_cortexa9_0/libsrc/scuwdt_v2_1/src -s include  "SHELL=CMD" "COMPILER=arm-none-eabi-gcc" "ARCHIVER=arm-none-eabi-ar" "COMPILER_FLAGS=  -O2 -c" "EXTRA_COMPILER_FLAGS=-mcpu=cortex-a9 -mfpu=vfpv3 -mfloat-abi=hard -nostartfiles -g -Wall -Wextra"
"Running Make include in ps7_cortexa9_0/libsrc/sdps_v3_7/src"
make -C ps7_cortexa9_0/libsrc/sdps_v3_7/src -s include  "SHELL=CMD" "COMPILER=arm-none-eabi-gcc" "ARCHIVER=arm-none-eabi-ar" "COMPILER_FLAGS=  -O2 -c" "EXTRA_COMPILER_FLAGS=-mcpu=cortex-a9 -mfpu=vfpv3 -mfloat-abi=hard -nostartfiles -g -Wall -Wextra"
"Running Make include in ps7_cortexa9_0/libsrc/uartps_v3_7/src"
make -C ps7_cortexa9_0/libsrc/uartps_v3_7/src -s include  "SHELL=CMD" "COMPILER=arm-none-eabi-gcc" "ARCHIVER=arm-none-eabi-ar" "COMPILER_FLAGS=  -O2 -c" "EXTRA_COMPILER_FLAGS=-mcpu=cortex-a9 -mfpu=vfpv3 -mfloat-abi=hard -nostartfiles -g -Wall -Wextra"
"Running Make include in ps7_cortexa9_0/libsrc/usbps_v2_4/src"
make -C ps7_cortexa9_0/libsrc/usbps_v2_4/src -s include  "SHELL=CMD" "COMPILER=arm-none-eabi-gcc" "ARCHIVER=arm-none-eabi-ar" "COMPILER_FLAGS=  -O2 -c" "EXTRA_COMPILER_FLAGS=-mcpu=cortex-a9 -mfpu=vfpv3 -mfloat-abi=hard -nostartfiles -g -Wall -Wextra"
"Running Make include in ps7_cortexa9_0/libsrc/xadcps_v2_3/src"
make -C ps7_cortexa9_0/libsrc/xadcps_v2_3/src -s include  "SHELL=CMD" "COMPILER=arm-none-eabi-gcc" "ARCHIVER=arm-none-eabi-ar" "COMPILER_FLAGS=  -O2 -c" "EXTRA_COMPILER_FLAGS=-mcpu=cortex-a9 -mfpu=vfpv3 -mfloat-abi=hard -nostartfiles -g -Wall -Wextra"
"Running Make libs in ps7_cortexa9_0/libsrc/coresightps_dcc_v1_5/src"
make -C ps7_cortexa9_0/libsrc/coresightps_dcc_v1_5/src -s libs  "SHELL=CMD" "COMPILER=arm-none-eabi-gcc" "ARCHIVER=arm-none-eabi-ar" "COMPILER_FLAGS=  -O2 -c" "EXTRA_COMPILER_FLAGS=-mcpu=cortex-a9 -mfpu=vfpv3 -mfloat-abi=hard -nostartfiles -g -Wall -Wextra"
"Compiling coresightps_dcc"
arm-none-eabi-ar: creating ../../../lib/libxil.a
"Running Make libs in ps7_cortexa9_0/libsrc/cpu_cortexa9_v2_7/src"
make -C ps7_cortexa9_0/libsrc/cpu_cortexa9_v2_7/src -s libs  "SHELL=CMD" "COMPILER=arm-none-eabi-gcc" "ARCHIVER=arm-none-eabi-ar" "COMPILER_FLAGS=  -O2 -c" "EXTRA_COMPILER_FLAGS=-mcpu=cortex-a9 -mfpu=vfpv3 -mfloat-abi=hard -nostartfiles -g -Wall -Wextra"
"Compiling cpu_cortexa9"
"Running Make libs in ps7_cortexa9_0/libsrc/ddrps_v1_0/src"
make -C ps7_cortexa9_0/libsrc/ddrps_v1_0/src -s libs  "SHELL=CMD" "COMPILER=arm-none-eabi-gcc" "ARCHIVER=arm-none-eabi-ar" "COMPILER_FLAGS=  -O2 -c" "EXTRA_COMPILER_FLAGS=-mcpu=cortex-a9 -mfpu=vfpv3 -mfloat-abi=hard -nostartfiles -g -Wall -Wextra"
"Compiling ddrps"
"Running Make libs in ps7_cortexa9_0/libsrc/devcfg_v3_5/src"
make -C ps7_cortexa9_0/libsrc/devcfg_v3_5/src -s libs  "SHELL=CMD" "COMPILER=arm-none-eabi-gcc" "ARCHIVER=arm-none-eabi-ar" "COMPILER_FLAGS=  -O2 -c" "EXTRA_COMPILER_FLAGS=-mcpu=cortex-a9 -mfpu=vfpv3 -mfloat-abi=hard -nostartfiles -g -Wall -Wextra"
"Compiling devcfg"
"Running Make libs in ps7_cortexa9_0/libsrc/dmaps_v2_4/src"
make -C ps7_cortexa9_0/libsrc/dmaps_v2_4/src -s libs  "SHELL=CMD" "COMPILER=arm-none-eabi-gcc" "ARCHIVER=arm-none-eabi-ar" "COMPILER_FLAGS=  -O2 -c" "EXTRA_COMPILER_FLAGS=-mcpu=cortex-a9 -mfpu=vfpv3 -mfloat-abi=hard -nostartfiles -g -Wall -Wextra"
"Compiling dmaps"
"Running Make libs in ps7_cortexa9_0/libsrc/freertos10_xilinx_v1_3/src"
make -C ps7_cortexa9_0/libsrc/freertos10_xilinx_v1_3/src -s libs  "SHELL=CMD" "COMPILER=arm-none-eabi-gcc" "ARCHIVER=arm-none-eabi-ar" "COMPILER_FLAGS=  -O2 -c" "EXTRA_COMPILER_FLAGS=-mcpu=cortex-a9 -mfpu=vfpv3 -mfloat-abi=hard -nostartfiles -g -Wall -Wextra"
"Compiling standalone"
"Compiling FreeRTOS"
arm-none-eabi-ar: creating ../../../lib/libfreertos.a
"Running Make libs in ps7_cortexa9_0/libsrc/gpiops_v3_5/src"
make -C ps7_cortexa9_0/libsrc/gpiops_v3_5/src -s libs  "SHELL=CMD" "COMPILER=arm-none-eabi-gcc" "ARCHIVER=arm-none-eabi-ar" "COMPILER_FLAGS=  -O2 -c" "EXTRA_COMPILER_FLAGS=-mcpu=cortex-a9 -mfpu=vfpv3 -mfloat-abi=hard -nostartfiles -g -Wall -Wextra"
"Compiling gpiops"
"Running Make libs in ps7_cortexa9_0/libsrc/gpio_v4_4/src"
make -C ps7_cortexa9_0/libsrc/gpio_v4_4/src -s libs  "SHELL=CMD" "COMPILER=arm-none-eabi-gcc" "ARCHIVER=arm-none-eabi-ar" "COMPILER_FLAGS=  -O2 -c" "EXTRA_COMPILER_FLAGS=-mcpu=cortex-a9 -mfpu=vfpv3 -mfloat-abi=hard -nostartfiles -g -Wall -Wextra"
"Compiling gpio"
"Running Make libs in ps7_cortexa9_0/libsrc/iicps_v3_9/src"
make -C ps7_cortexa9_0/libsrc/iicps_v3_9/src -s libs  "SHELL=CMD" "COMPILER=arm-none-eabi-gcc" "ARCHIVER=arm-none-eabi-ar" "COMPILER_FLAGS=  -O2 -c" "EXTRA_COMPILER_FLAGS=-mcpu=cortex-a9 -mfpu=vfpv3 -mfloat-abi=hard -nostartfiles -g -Wall -Wextra"
"Compiling iicps"
"Running Make libs in ps7_cortexa9_0/libsrc/qspips_v3_6/src"
make -C ps7_cortexa9_0/libsrc/qspips_v3_6/src -s libs  "SHELL=CMD" "COMPILER=arm-none-eabi-gcc" "ARCHIVER=arm-none-eabi-ar" "COMPILER_FLAGS=  -O2 -c" "EXTRA_COMPILER_FLAGS=-mcpu=cortex-a9 -mfpu=vfpv3 -mfloat-abi=hard -nostartfiles -g -Wall -Wextra"
"Compiling qspips"
"Running Make libs in ps7_cortexa9_0/libsrc/scugic_v4_0/src"
make -C ps7_cortexa9_0/libsrc/scugic_v4_0/src -s libs  "SHELL=CMD" "COMPILER=arm-none-eabi-gcc" "ARCHIVER=arm-none-eabi-ar" "COMPILER_FLAGS=  -O2 -c" "EXTRA_COMPILER_FLAGS=-mcpu=cortex-a9 -mfpu=vfpv3 -mfloat-abi=hard -nostartfiles -g -Wall -Wextra"
"Compiling scugic"
"Running Make libs in ps7_cortexa9_0/libsrc/scutimer_v2_1/src"
make -C ps7_cortexa9_0/libsrc/scutimer_v2_1/src -s libs  "SHELL=CMD" "COMPILER=arm-none-eabi-gcc" "ARCHIVER=arm-none-eabi-ar" "COMPILER_FLAGS=  -O2 -c" "EXTRA_COMPILER_FLAGS=-mcpu=cortex-a9 -mfpu=vfpv3 -mfloat-abi=hard -nostartfiles -g -Wall -Wextra"
"Compiling scutimer"
"Running Make libs in ps7_cortexa9_0/libsrc/scuwdt_v2_1/src"
make -C ps7_cortexa9_0/libsrc/scuwdt_v2_1/src -s libs  "SHELL=CMD" "COMPILER=arm-none-eabi-gcc" "ARCHIVER=arm-none-eabi-ar" "COMPILER_FLAGS=  -O2 -c" "EXTRA_COMPILER_FLAGS=-mcpu=cortex-a9 -mfpu=vfpv3 -mfloat-abi=hard -nostartfiles -g -Wall -Wextra"
"Compiling scuwdt"
"Running Make libs in ps7_cortexa9_0/libsrc/sdps_v3_7/src"
make -C ps7_cortexa9_0/libsrc/sdps_v3_7/src -s libs  "SHELL=CMD" "COMPILER=arm-none-eabi-gcc" "ARCHIVER=arm-none-eabi-ar" "COMPILER_FLAGS=  -O2 -c" "EXTRA_COMPILER_FLAGS=-mcpu=cortex-a9 -mfpu=vfpv3 -mfloat-abi=hard -nostartfiles -g -Wall -Wextra"
"Compiling sdps"
"Running Make libs in ps7_cortexa9_0/libsrc/uartps_v3_7/src"
make -C ps7_cortexa9_0/libsrc/uartps_v3_7/src -s libs  "SHELL=CMD" "COMPILER=arm-none-eabi-gcc" "ARCHIVER=arm-none-eabi-ar" "COMPILER_FLAGS=  -O2 -c" "EXTRA_COMPILER_FLAGS=-mcpu=cortex-a9 -mfpu=vfpv3 -mfloat-abi=hard -nostartfiles -g -Wall -Wextra"
"Compiling uartps"
"Running Make libs in ps7_cortexa9_0/libsrc/usbps_v2_4/src"
make -C ps7_cortexa9_0/libsrc/usbps_v2_4/src -s libs  "SHELL=CMD" "COMPILER=arm-none-eabi-gcc" "ARCHIVER=arm-none-eabi-ar" "COMPILER_FLAGS=  -O2 -c" "EXTRA_COMPILER_FLAGS=-mcpu=cortex-a9 -mfpu=vfpv3 -mfloat-abi=hard -nostartfiles -g -Wall -Wextra"
"Compiling usbps"
"Running Make libs in ps7_cortexa9_0/libsrc/xadcps_v2_3/src"
make -C ps7_cortexa9_0/libsrc/xadcps_v2_3/src -s libs  "SHELL=CMD" "COMPILER=arm-none-eabi-gcc" "ARCHIVER=arm-none-eabi-ar" "COMPILER_FLAGS=  -O2 -c" "EXTRA_COMPILER_FLAGS=-mcpu=cortex-a9 -mfpu=vfpv3 -mfloat-abi=hard -nostartfiles -g -Wall -Wextra"
"Compiling xadcps"
'Finished building libraries'
09:48:34 **** Build of configuration Debug for project FreeRTOS_Trace ****
make pre-build main-build 
a9-linaro-pre-build-step
' '
'Building file: ../src/freertos_hello_world.c'
'Invoking: ARM v7 gcc compiler'
arm-none-eabi-gcc -Wall -O0 -g3 -I"C:\EOS\Embedded-Operating-System\RTOsAnalyzer\RTOsAnalyzer.sdk\FreeRTOS_Trace\freertos10_xilinx_v1_3\src" -c -fmessage-length=0 -MT"src/freertos_hello_world.o" -mcpu=cortex-a9 -mfpu=vfpv3 -mfloat-abi=hard -I../../FreeRTOS_Trace_bsp/ps7_cortexa9_0/include -MMD -MP -MF"src/freertos_hello_world.d" -MT"src/freertos_hello_world.o" -o "src/freertos_hello_world.o" "../src/freertos_hello_world.c"
In file included from C:\EOS\Embedded-Operating-System\RTOsAnalyzer\RTOsAnalyzer.sdk\FreeRTOS_Trace\freertos10_xilinx_v1_3\src/FreeRTOS.h:56,
                 from ../src/freertos_hello_world.c:31:
C:\EOS\Embedded-Operating-System\RTOsAnalyzer\RTOsAnalyzer.sdk\FreeRTOS_Trace\freertos10_xilinx_v1_3\src/FreeRTOSConfig.h:151:10: fatal error: ../../src/trcRecorder.h: No such file or directory
 #include "../../src/trcRecorder.h"
          ^~~~~~~~~~~~~~~~~~~~~~~~~
compilation terminated.
make: *** [src/subdir.mk:32: src/freertos_hello_world.o] Error 1
12:51:59 **** Incremental Build of configuration Debug for project FreeRTOS_Trace ****
make pre-build main-build 
a9-linaro-pre-build-step
' '
'Building file: ../src/freertos_hello_world.c'
'Invoking: ARM v7 gcc compiler'
arm-none-eabi-gcc -Wall -O0 -g3 -I"C:\EOS\Embedded-Operating-System\RTOsAnalyzer\RTOsAnalyzer.sdk\FreeRTOS_Trace\freertos10_xilinx_v1_3\src" -c -fmessage-length=0 -MT"src/freertos_hello_world.o" -mcpu=cortex-a9 -mfpu=vfpv3 -mfloat-abi=hard -I../../FreeRTOS_Trace_bsp/ps7_cortexa9_0/include -MMD -MP -MF"src/freertos_hello_world.d" -MT"src/freertos_hello_world.o" -o "src/freertos_hello_world.o" "../src/freertos_hello_world.c"
In file included from C:\EOS\Embedded-Operating-System\RTOsAnalyzer\RTOsAnalyzer.sdk\FreeRTOS_Trace\freertos10_xilinx_v1_3\src/FreeRTOS.h:56,
                 from ../src/freertos_hello_world.c:31:
C:\EOS\Embedded-Operating-System\RTOsAnalyzer\RTOsAnalyzer.sdk\FreeRTOS_Trace\freertos10_xilinx_v1_3\src/FreeRTOSConfig.h:151:10: fatal error: ../../src/trcRecorder.h: No such file or directory
 #include "../../src/trcRecorder.h"
          ^~~~~~~~~~~~~~~~~~~~~~~~~
compilation terminated.
make: *** [src/subdir.mk:32: src/freertos_hello_world.o] Error 1
12:52:29 **** Incremental Build of configuration Debug for project FreeRTOS_Trace ****
make pre-build main-build 
a9-linaro-pre-build-step
' '
'Building file: ../src/freertos_hello_world.c'
'Invoking: ARM v7 gcc compiler'
arm-none-eabi-gcc -Wall -O0 -g3 -I"C:\EOS\Embedded-Operating-System\RTOsAnalyzer\RTOsAnalyzer.sdk\FreeRTOS_Trace\freertos10_xilinx_v1_3\src" -c -fmessage-length=0 -MT"src/freertos_hello_world.o" -mcpu=cortex-a9 -mfpu=vfpv3 -mfloat-abi=hard -I../../FreeRTOS_Trace_bsp/ps7_cortexa9_0/include -MMD -MP -MF"src/freertos_hello_world.d" -MT"src/freertos_hello_world.o" -o "src/freertos_hello_world.o" "../src/freertos_hello_world.c"
In file included from C:\EOS\Embedded-Operating-System\RTOsAnalyzer\RTOsAnalyzer.sdk\FreeRTOS_Trace\freertos10_xilinx_v1_3\src/FreeRTOS.h:56,
                 from ../src/freertos_hello_world.c:31:
C:\EOS\Embedded-Operating-System\RTOsAnalyzer\RTOsAnalyzer.sdk\FreeRTOS_Trace\freertos10_xilinx_v1_3\src/FreeRTOSConfig.h:151:10: fatal error: ../../src/trcRecorder.h: No such file or directory
 #include "../../src/trcRecorder.h"
          ^~~~~~~~~~~~~~~~~~~~~~~~~
compilation terminated.
make: *** [src/subdir.mk:32: src/freertos_hello_world.o] Error 1
12:56:21 **** Incremental Build of configuration Debug for project FreeRTOS_Trace ****
make pre-build main-build 
a9-linaro-pre-build-step
' '
'Building file: ../src/freertos_hello_world.c'
'Invoking: ARM v7 gcc compiler'
arm-none-eabi-gcc -Wall -O0 -g3 -I"C:\EOS\Embedded-Operating-System\RTOsAnalyzer\RTOsAnalyzer.sdk\FreeRTOS_Trace\freertos10_xilinx_v1_3\src" -c -fmessage-length=0 -MT"src/freertos_hello_world.o" -mcpu=cortex-a9 -mfpu=vfpv3 -mfloat-abi=hard -I../../FreeRTOS_Trace_bsp/ps7_cortexa9_0/include -MMD -MP -MF"src/freertos_hello_world.d" -MT"src/freertos_hello_world.o" -o "src/freertos_hello_world.o" "../src/freertos_hello_world.c"
In file included from C:\EOS\Embedded-Operating-System\RTOsAnalyzer\RTOsAnalyzer.sdk\FreeRTOS_Trace\freertos10_xilinx_v1_3\src/FreeRTOS.h:56,
                 from ../src/freertos_hello_world.c:31:
C:\EOS\Embedded-Operating-System\RTOsAnalyzer\RTOsAnalyzer.sdk\FreeRTOS_Trace\freertos10_xilinx_v1_3\src/FreeRTOSConfig.h:151:10: fatal error: ../../src/trcRecorder.h: No such file or directory
 #include "../../src/trcRecorder.h"
          ^~~~~~~~~~~~~~~~~~~~~~~~~
compilation terminated.
make: *** [src/subdir.mk:32: src/freertos_hello_world.o] Error 1
12:57:23 **** Incremental Build of configuration Debug for project FreeRTOS_Trace ****
make pre-build main-build 
a9-linaro-pre-build-step
' '
'Building file: ../src/freertos_hello_world.c'
'Invoking: ARM v7 gcc compiler'
arm-none-eabi-gcc -Wall -O0 -g3 -I"C:\EOS\Embedded-Operating-System\RTOsAnalyzer\RTOsAnalyzer.sdk\FreeRTOS_Trace\freertos10_xilinx_v1_3\src" -c -fmessage-length=0 -MT"src/freertos_hello_world.o" -mcpu=cortex-a9 -mfpu=vfpv3 -mfloat-abi=hard -I../../FreeRTOS_Trace_bsp/ps7_cortexa9_0/include -MMD -MP -MF"src/freertos_hello_world.d" -MT"src/freertos_hello_world.o" -o "src/freertos_hello_world.o" "../src/freertos_hello_world.c"
In file included from C:\EOS\Embedded-Operating-System\RTOsAnalyzer\RTOsAnalyzer.sdk\FreeRTOS_Trace\freertos10_xilinx_v1_3\src/FreeRTOS.h:56,
                 from ../src/freertos_hello_world.c:31:
C:\EOS\Embedded-Operating-System\RTOsAnalyzer\RTOsAnalyzer.sdk\FreeRTOS_Trace\freertos10_xilinx_v1_3\src/FreeRTOSConfig.h:151:10: fatal error: ../src/trcRecorder.h: No such file or directory
 #include "../src/trcRecorder.h"
          ^~~~~~~~~~~~~~~~~~~~~~
compilation terminated.
make: *** [src/subdir.mk:32: src/freertos_hello_world.o] Error 1
13:01:11 **** Clean-only build of configuration Debug for project FreeRTOS_Trace ****
make clean 
rm -rf  ./src/freertos_hello_world.o ./src/trcKernelPort.o ./src/trcSnapshotRecorder.o ./src/trcStreamingRecorder.o  ./freertos10_xilinx_v1_3/src/event_groups.o ./freertos10_xilinx_v1_3/src/heap_4.o ./freertos10_xilinx_v1_3/src/inbyte.o ./freertos10_xilinx_v1_3/src/list.o ./freertos10_xilinx_v1_3/src/outbyte.o ./freertos10_xilinx_v1_3/src/port.o ./freertos10_xilinx_v1_3/src/portASM.o ./freertos10_xilinx_v1_3/src/portZynq7000.o ./freertos10_xilinx_v1_3/src/port_asm_vectors.o ./freertos10_xilinx_v1_3/src/queue.o ./freertos10_xilinx_v1_3/src/tasks.o ./freertos10_xilinx_v1_3/src/timers.o  ./freertos10_xilinx_v1_3/src/portASM.d ./freertos10_xilinx_v1_3/src/port_asm_vectors.d  ./src/freertos_hello_world.d ./src/trcKernelPort.d ./src/trcSnapshotRecorder.d ./src/trcStreamingRecorder.d  ./freertos10_xilinx_v1_3/src/event_groups.d ./freertos10_xilinx_v1_3/src/heap_4.d ./freertos10_xilinx_v1_3/src/inbyte.d ./freertos10_xilinx_v1_3/src/list.d ./freertos10_xilinx_v1_3/src/outbyte.d ./freertos10_xilinx_v1_3/src/port.d ./freertos10_xilinx_v1_3/src/portZynq7000.d ./freertos10_xilinx_v1_3/src/queue.d ./freertos10_xilinx_v1_3/src/tasks.d ./freertos10_xilinx_v1_3/src/timers.d  FreeRTOS_Trace.elf.size  FreeRTOS_Trace.elf
' '
13:01:12 **** Incremental Build of configuration Debug for project FreeRTOS_Trace ****
make pre-build main-build 
a9-linaro-pre-build-step
' '
'Building file: ../src/freertos_hello_world.c'
'Invoking: ARM v7 gcc compiler'
arm-none-eabi-gcc -Wall -O0 -g3 -I"C:\EOS\Embedded-Operating-System\RTOsAnalyzer\RTOsAnalyzer.sdk\FreeRTOS_Trace\freertos10_xilinx_v1_3\src" -c -fmessage-length=0 -MT"src/freertos_hello_world.o" -mcpu=cortex-a9 -mfpu=vfpv3 -mfloat-abi=hard -I../../FreeRTOS_Trace_bsp/ps7_cortexa9_0/include -MMD -MP -MF"src/freertos_hello_world.d" -MT"src/freertos_hello_world.o" -o "src/freertos_hello_world.o" "../src/freertos_hello_world.c"
In file included from c:\eos\embedded-operating-system\rtosanalyzer\rtosanalyzer.sdk\freertos_trace\src\trcrecorder.h:56,
                 from C:\EOS\Embedded-Operating-System\RTOsAnalyzer\RTOsAnalyzer.sdk\FreeRTOS_Trace\freertos10_xilinx_v1_3\src/FreeRTOSConfig.h:151,
                 from C:\EOS\Embedded-Operating-System\RTOsAnalyzer\RTOsAnalyzer.sdk\FreeRTOS_Trace\freertos10_xilinx_v1_3\src/FreeRTOS.h:56,
                 from ../src/freertos_hello_world.c:31:
c:\eos\embedded-operating-system\rtosanalyzer\rtosanalyzer.sdk\freertos_trace\src\trcConfig.h:64:2: error: #error "Trace Recorder: Please include your processor's header file here and remove this line."
 #error "Trace Recorder: Please include your processor's header file here and remove this line."
  ^~~~~
../src/freertos_hello_world.c: In function 'prvRxTask':
../src/freertos_hello_world.c:162:15: error: 'cteq_event_string_TX' undeclared (first use in this function); did you mean 'cteq_event_string_RX'?
   vTracePrint(cteq_event_string_TX, "In RX Task...\r\n");
               ^~~~~~~~~~~~~~~~~~~~
               cteq_event_string_RX
../src/freertos_hello_world.c:162:15: note: each undeclared identifier is reported only once for each function it appears in
../src/freertos_hello_world.c:150:13: warning: unused variable 'cteq_event_string_RX' [-Wunused-variable]
 traceString cteq_event_string_RX = xTraceRegisterString("RX Task");
             ^~~~~~~~~~~~~~~~~~~~
make: *** [src/subdir.mk:32: src/freertos_hello_world.o] Error 1
13:02:02 **** Incremental Build of configuration Debug for project FreeRTOS_Trace ****
make pre-build main-build 
a9-linaro-pre-build-step
' '
'Building file: ../src/freertos_hello_world.c'
'Invoking: ARM v7 gcc compiler'
arm-none-eabi-gcc -Wall -O0 -g3 -I"C:\EOS\Embedded-Operating-System\RTOsAnalyzer\RTOsAnalyzer.sdk\FreeRTOS_Trace\freertos10_xilinx_v1_3\src" -c -fmessage-length=0 -MT"src/freertos_hello_world.o" -mcpu=cortex-a9 -mfpu=vfpv3 -mfloat-abi=hard -I../../FreeRTOS_Trace_bsp/ps7_cortexa9_0/include -MMD -MP -MF"src/freertos_hello_world.d" -MT"src/freertos_hello_world.o" -o "src/freertos_hello_world.o" "../src/freertos_hello_world.c"
../src/freertos_hello_world.c: In function 'prvRxTask':
../src/freertos_hello_world.c:162:15: error: 'cteq_event_string_TX' undeclared (first use in this function); did you mean 'cteq_event_string_RX'?
   vTracePrint(cteq_event_string_TX, "In RX Task...\r\n");
               ^~~~~~~~~~~~~~~~~~~~
               cteq_event_string_RX
../src/freertos_hello_world.c:162:15: note: each undeclared identifier is reported only once for each function it appears in
../src/freertos_hello_world.c:150:13: warning: unused variable 'cteq_event_string_RX' [-Wunused-variable]
 traceString cteq_event_string_RX = xTraceRegisterString("RX Task");
             ^~~~~~~~~~~~~~~~~~~~
make: *** [src/subdir.mk:32: src/freertos_hello_world.o] Error 1
13:02:27 **** Incremental Build of configuration Debug for project FreeRTOS_Trace ****
make pre-build main-build 
a9-linaro-pre-build-step
' '
'Building file: ../src/freertos_hello_world.c'
'Invoking: ARM v7 gcc compiler'
arm-none-eabi-gcc -Wall -O0 -g3 -I"C:\EOS\Embedded-Operating-System\RTOsAnalyzer\RTOsAnalyzer.sdk\FreeRTOS_Trace\freertos10_xilinx_v1_3\src" -c -fmessage-length=0 -MT"src/freertos_hello_world.o" -mcpu=cortex-a9 -mfpu=vfpv3 -mfloat-abi=hard -I../../FreeRTOS_Trace_bsp/ps7_cortexa9_0/include -MMD -MP -MF"src/freertos_hello_world.d" -MT"src/freertos_hello_world.o" -o "src/freertos_hello_world.o" "../src/freertos_hello_world.c"
../src/freertos_hello_world.c: In function 'prvRxTask':
../src/freertos_hello_world.c:162:15: error: 'cteq_event_string_TX' undeclared (first use in this function); did you mean 'cteq_event_string_RX'?
   vTracePrint(cteq_event_string_TX, "In RX Task...\r\n");
               ^~~~~~~~~~~~~~~~~~~~
               cteq_event_string_RX
../src/freertos_hello_world.c:162:15: note: each undeclared identifier is reported only once for each function it appears in
../src/freertos_hello_world.c:150:13: warning: unused variable 'cteq_event_string_RX' [-Wunused-variable]
 traceString cteq_event_string_RX = xTraceRegisterString("RX Task");
             ^~~~~~~~~~~~~~~~~~~~
make: *** [src/subdir.mk:32: src/freertos_hello_world.o] Error 1
13:02:51 **** Incremental Build of configuration Debug for project FreeRTOS_Trace ****
make pre-build main-build 
a9-linaro-pre-build-step
' '
'Building file: ../src/freertos_hello_world.c'
'Invoking: ARM v7 gcc compiler'
arm-none-eabi-gcc -Wall -O0 -g3 -I"C:\EOS\Embedded-Operating-System\RTOsAnalyzer\RTOsAnalyzer.sdk\FreeRTOS_Trace\freertos10_xilinx_v1_3\src" -c -fmessage-length=0 -MT"src/freertos_hello_world.o" -mcpu=cortex-a9 -mfpu=vfpv3 -mfloat-abi=hard -I../../FreeRTOS_Trace_bsp/ps7_cortexa9_0/include -MMD -MP -MF"src/freertos_hello_world.d" -MT"src/freertos_hello_world.o" -o "src/freertos_hello_world.o" "../src/freertos_hello_world.c"
'Finished building: ../src/freertos_hello_world.c'
' '
'Building file: ../src/trcKernelPort.c'
'Invoking: ARM v7 gcc compiler'
arm-none-eabi-gcc -Wall -O0 -g3 -I"C:\EOS\Embedded-Operating-System\RTOsAnalyzer\RTOsAnalyzer.sdk\FreeRTOS_Trace\freertos10_xilinx_v1_3\src" -c -fmessage-length=0 -MT"src/trcKernelPort.o" -mcpu=cortex-a9 -mfpu=vfpv3 -mfloat-abi=hard -I../../FreeRTOS_Trace_bsp/ps7_cortexa9_0/include -MMD -MP -MF"src/trcKernelPort.d" -MT"src/trcKernelPort.o" -o "src/trcKernelPort.o" "../src/trcKernelPort.c"
'Finished building: ../src/trcKernelPort.c'
' '
'Building file: ../src/trcSnapshotRecorder.c'
'Invoking: ARM v7 gcc compiler'
arm-none-eabi-gcc -Wall -O0 -g3 -I"C:\EOS\Embedded-Operating-System\RTOsAnalyzer\RTOsAnalyzer.sdk\FreeRTOS_Trace\freertos10_xilinx_v1_3\src" -c -fmessage-length=0 -MT"src/trcSnapshotRecorder.o" -mcpu=cortex-a9 -mfpu=vfpv3 -mfloat-abi=hard -I../../FreeRTOS_Trace_bsp/ps7_cortexa9_0/include -MMD -MP -MF"src/trcSnapshotRecorder.d" -MT"src/trcSnapshotRecorder.o" -o "src/trcSnapshotRecorder.o" "../src/trcSnapshotRecorder.c"
'Finished building: ../src/trcSnapshotRecorder.c'
' '
'Building file: ../src/trcStreamingRecorder.c'
'Invoking: ARM v7 gcc compiler'
arm-none-eabi-gcc -Wall -O0 -g3 -I"C:\EOS\Embedded-Operating-System\RTOsAnalyzer\RTOsAnalyzer.sdk\FreeRTOS_Trace\freertos10_xilinx_v1_3\src" -c -fmessage-length=0 -MT"src/trcStreamingRecorder.o" -mcpu=cortex-a9 -mfpu=vfpv3 -mfloat-abi=hard -I../../FreeRTOS_Trace_bsp/ps7_cortexa9_0/include -MMD -MP -MF"src/trcStreamingRecorder.d" -MT"src/trcStreamingRecorder.o" -o "src/trcStreamingRecorder.o" "../src/trcStreamingRecorder.c"
'Finished building: ../src/trcStreamingRecorder.c'
' '
'Building file: ../freertos10_xilinx_v1_3/src/event_groups.c'
'Invoking: ARM v7 gcc compiler'
arm-none-eabi-gcc -Wall -O0 -g3 -I"C:\EOS\Embedded-Operating-System\RTOsAnalyzer\RTOsAnalyzer.sdk\FreeRTOS_Trace\freertos10_xilinx_v1_3\src" -c -fmessage-length=0 -MT"freertos10_xilinx_v1_3/src/event_groups.o" -mcpu=cortex-a9 -mfpu=vfpv3 -mfloat-abi=hard -I../../FreeRTOS_Trace_bsp/ps7_cortexa9_0/include -MMD -MP -MF"freertos10_xilinx_v1_3/src/event_groups.d" -MT"freertos10_xilinx_v1_3/src/event_groups.o" -o "freertos10_xilinx_v1_3/src/event_groups.o" "../freertos10_xilinx_v1_3/src/event_groups.c"
'Finished building: ../freertos10_xilinx_v1_3/src/event_groups.c'
' '
'Building file: ../freertos10_xilinx_v1_3/src/heap_4.c'
'Invoking: ARM v7 gcc compiler'
arm-none-eabi-gcc -Wall -O0 -g3 -I"C:\EOS\Embedded-Operating-System\RTOsAnalyzer\RTOsAnalyzer.sdk\FreeRTOS_Trace\freertos10_xilinx_v1_3\src" -c -fmessage-length=0 -MT"freertos10_xilinx_v1_3/src/heap_4.o" -mcpu=cortex-a9 -mfpu=vfpv3 -mfloat-abi=hard -I../../FreeRTOS_Trace_bsp/ps7_cortexa9_0/include -MMD -MP -MF"freertos10_xilinx_v1_3/src/heap_4.d" -MT"freertos10_xilinx_v1_3/src/heap_4.o" -o "freertos10_xilinx_v1_3/src/heap_4.o" "../freertos10_xilinx_v1_3/src/heap_4.c"
'Finished building: ../freertos10_xilinx_v1_3/src/heap_4.c'
' '
'Building file: ../freertos10_xilinx_v1_3/src/inbyte.c'
'Invoking: ARM v7 gcc compiler'
arm-none-eabi-gcc -Wall -O0 -g3 -I"C:\EOS\Embedded-Operating-System\RTOsAnalyzer\RTOsAnalyzer.sdk\FreeRTOS_Trace\freertos10_xilinx_v1_3\src" -c -fmessage-length=0 -MT"freertos10_xilinx_v1_3/src/inbyte.o" -mcpu=cortex-a9 -mfpu=vfpv3 -mfloat-abi=hard -I../../FreeRTOS_Trace_bsp/ps7_cortexa9_0/include -MMD -MP -MF"freertos10_xilinx_v1_3/src/inbyte.d" -MT"freertos10_xilinx_v1_3/src/inbyte.o" -o "freertos10_xilinx_v1_3/src/inbyte.o" "../freertos10_xilinx_v1_3/src/inbyte.c"
'Finished building: ../freertos10_xilinx_v1_3/src/inbyte.c'
' '
'Building file: ../freertos10_xilinx_v1_3/src/list.c'
'Invoking: ARM v7 gcc compiler'
arm-none-eabi-gcc -Wall -O0 -g3 -I"C:\EOS\Embedded-Operating-System\RTOsAnalyzer\RTOsAnalyzer.sdk\FreeRTOS_Trace\freertos10_xilinx_v1_3\src" -c -fmessage-length=0 -MT"freertos10_xilinx_v1_3/src/list.o" -mcpu=cortex-a9 -mfpu=vfpv3 -mfloat-abi=hard -I../../FreeRTOS_Trace_bsp/ps7_cortexa9_0/include -MMD -MP -MF"freertos10_xilinx_v1_3/src/list.d" -MT"freertos10_xilinx_v1_3/src/list.o" -o "freertos10_xilinx_v1_3/src/list.o" "../freertos10_xilinx_v1_3/src/list.c"
'Finished building: ../freertos10_xilinx_v1_3/src/list.c'
' '
'Building file: ../freertos10_xilinx_v1_3/src/outbyte.c'
'Invoking: ARM v7 gcc compiler'
arm-none-eabi-gcc -Wall -O0 -g3 -I"C:\EOS\Embedded-Operating-System\RTOsAnalyzer\RTOsAnalyzer.sdk\FreeRTOS_Trace\freertos10_xilinx_v1_3\src" -c -fmessage-length=0 -MT"freertos10_xilinx_v1_3/src/outbyte.o" -mcpu=cortex-a9 -mfpu=vfpv3 -mfloat-abi=hard -I../../FreeRTOS_Trace_bsp/ps7_cortexa9_0/include -MMD -MP -MF"freertos10_xilinx_v1_3/src/outbyte.d" -MT"freertos10_xilinx_v1_3/src/outbyte.o" -o "freertos10_xilinx_v1_3/src/outbyte.o" "../freertos10_xilinx_v1_3/src/outbyte.c"
'Finished building: ../freertos10_xilinx_v1_3/src/outbyte.c'
' '
'Building file: ../freertos10_xilinx_v1_3/src/port.c'
'Invoking: ARM v7 gcc compiler'
arm-none-eabi-gcc -Wall -O0 -g3 -I"C:\EOS\Embedded-Operating-System\RTOsAnalyzer\RTOsAnalyzer.sdk\FreeRTOS_Trace\freertos10_xilinx_v1_3\src" -c -fmessage-length=0 -MT"freertos10_xilinx_v1_3/src/port.o" -mcpu=cortex-a9 -mfpu=vfpv3 -mfloat-abi=hard -I../../FreeRTOS_Trace_bsp/ps7_cortexa9_0/include -MMD -MP -MF"freertos10_xilinx_v1_3/src/port.d" -MT"freertos10_xilinx_v1_3/src/port.o" -o "freertos10_xilinx_v1_3/src/port.o" "../freertos10_xilinx_v1_3/src/port.c"
'Finished building: ../freertos10_xilinx_v1_3/src/port.c'
' '
'Building file: ../freertos10_xilinx_v1_3/src/portASM.S'
'Invoking: ARM v7 gcc compiler'
arm-none-eabi-gcc -Wall -O0 -g3 -I"C:\EOS\Embedded-Operating-System\RTOsAnalyzer\RTOsAnalyzer.sdk\FreeRTOS_Trace\freertos10_xilinx_v1_3\src" -c -fmessage-length=0 -MT"freertos10_xilinx_v1_3/src/portASM.o" -mcpu=cortex-a9 -mfpu=vfpv3 -mfloat-abi=hard -I../../FreeRTOS_Trace_bsp/ps7_cortexa9_0/include -MMD -MP -MF"freertos10_xilinx_v1_3/src/portASM.d" -MT"freertos10_xilinx_v1_3/src/portASM.o" -o "freertos10_xilinx_v1_3/src/portASM.o" "../freertos10_xilinx_v1_3/src/portASM.S"
'Finished building: ../freertos10_xilinx_v1_3/src/portASM.S'
' '
'Building file: ../freertos10_xilinx_v1_3/src/portZynq7000.c'
'Invoking: ARM v7 gcc compiler'
arm-none-eabi-gcc -Wall -O0 -g3 -I"C:\EOS\Embedded-Operating-System\RTOsAnalyzer\RTOsAnalyzer.sdk\FreeRTOS_Trace\freertos10_xilinx_v1_3\src" -c -fmessage-length=0 -MT"freertos10_xilinx_v1_3/src/portZynq7000.o" -mcpu=cortex-a9 -mfpu=vfpv3 -mfloat-abi=hard -I../../FreeRTOS_Trace_bsp/ps7_cortexa9_0/include -MMD -MP -MF"freertos10_xilinx_v1_3/src/portZynq7000.d" -MT"freertos10_xilinx_v1_3/src/portZynq7000.o" -o "freertos10_xilinx_v1_3/src/portZynq7000.o" "../freertos10_xilinx_v1_3/src/portZynq7000.c"
'Finished building: ../freertos10_xilinx_v1_3/src/portZynq7000.c'
' '
'Building file: ../freertos10_xilinx_v1_3/src/port_asm_vectors.S'
'Invoking: ARM v7 gcc compiler'
arm-none-eabi-gcc -Wall -O0 -g3 -I"C:\EOS\Embedded-Operating-System\RTOsAnalyzer\RTOsAnalyzer.sdk\FreeRTOS_Trace\freertos10_xilinx_v1_3\src" -c -fmessage-length=0 -MT"freertos10_xilinx_v1_3/src/port_asm_vectors.o" -mcpu=cortex-a9 -mfpu=vfpv3 -mfloat-abi=hard -I../../FreeRTOS_Trace_bsp/ps7_cortexa9_0/include -MMD -MP -MF"freertos10_xilinx_v1_3/src/port_asm_vectors.d" -MT"freertos10_xilinx_v1_3/src/port_asm_vectors.o" -o "freertos10_xilinx_v1_3/src/port_asm_vectors.o" "../freertos10_xilinx_v1_3/src/port_asm_vectors.S"
'Finished building: ../freertos10_xilinx_v1_3/src/port_asm_vectors.S'
' '
'Building file: ../freertos10_xilinx_v1_3/src/queue.c'
'Invoking: ARM v7 gcc compiler'
arm-none-eabi-gcc -Wall -O0 -g3 -I"C:\EOS\Embedded-Operating-System\RTOsAnalyzer\RTOsAnalyzer.sdk\FreeRTOS_Trace\freertos10_xilinx_v1_3\src" -c -fmessage-length=0 -MT"freertos10_xilinx_v1_3/src/queue.o" -mcpu=cortex-a9 -mfpu=vfpv3 -mfloat-abi=hard -I../../FreeRTOS_Trace_bsp/ps7_cortexa9_0/include -MMD -MP -MF"freertos10_xilinx_v1_3/src/queue.d" -MT"freertos10_xilinx_v1_3/src/queue.o" -o "freertos10_xilinx_v1_3/src/queue.o" "../freertos10_xilinx_v1_3/src/queue.c"
'Finished building: ../freertos10_xilinx_v1_3/src/queue.c'
' '
'Building file: ../freertos10_xilinx_v1_3/src/tasks.c'
'Invoking: ARM v7 gcc compiler'
arm-none-eabi-gcc -Wall -O0 -g3 -I"C:\EOS\Embedded-Operating-System\RTOsAnalyzer\RTOsAnalyzer.sdk\FreeRTOS_Trace\freertos10_xilinx_v1_3\src" -c -fmessage-length=0 -MT"freertos10_xilinx_v1_3/src/tasks.o" -mcpu=cortex-a9 -mfpu=vfpv3 -mfloat-abi=hard -I../../FreeRTOS_Trace_bsp/ps7_cortexa9_0/include -MMD -MP -MF"freertos10_xilinx_v1_3/src/tasks.d" -MT"freertos10_xilinx_v1_3/src/tasks.o" -o "freertos10_xilinx_v1_3/src/tasks.o" "../freertos10_xilinx_v1_3/src/tasks.c"
'Finished building: ../freertos10_xilinx_v1_3/src/tasks.c'
' '
'Building file: ../freertos10_xilinx_v1_3/src/timers.c'
'Invoking: ARM v7 gcc compiler'
arm-none-eabi-gcc -Wall -O0 -g3 -I"C:\EOS\Embedded-Operating-System\RTOsAnalyzer\RTOsAnalyzer.sdk\FreeRTOS_Trace\freertos10_xilinx_v1_3\src" -c -fmessage-length=0 -MT"freertos10_xilinx_v1_3/src/timers.o" -mcpu=cortex-a9 -mfpu=vfpv3 -mfloat-abi=hard -I../../FreeRTOS_Trace_bsp/ps7_cortexa9_0/include -MMD -MP -MF"freertos10_xilinx_v1_3/src/timers.d" -MT"freertos10_xilinx_v1_3/src/timers.o" -o "freertos10_xilinx_v1_3/src/timers.o" "../freertos10_xilinx_v1_3/src/timers.c"
'Finished building: ../freertos10_xilinx_v1_3/src/timers.c'
' '
'Building target: FreeRTOS_Trace.elf'
'Invoking: ARM v7 gcc linker'
arm-none-eabi-gcc -mcpu=cortex-a9 -mfpu=vfpv3 -mfloat-abi=hard -Wl,-build-id=none -specs=Xilinx.spec -Wl,-T -Wl,../src/lscript.ld -L../../FreeRTOS_Trace_bsp/ps7_cortexa9_0/lib -o "FreeRTOS_Trace.elf"  ./src/freertos_hello_world.o ./src/trcKernelPort.o ./src/trcSnapshotRecorder.o ./src/trcStreamingRecorder.o  ./freertos10_xilinx_v1_3/src/event_groups.o ./freertos10_xilinx_v1_3/src/heap_4.o ./freertos10_xilinx_v1_3/src/inbyte.o ./freertos10_xilinx_v1_3/src/list.o ./freertos10_xilinx_v1_3/src/outbyte.o ./freertos10_xilinx_v1_3/src/port.o ./freertos10_xilinx_v1_3/src/portASM.o ./freertos10_xilinx_v1_3/src/portZynq7000.o ./freertos10_xilinx_v1_3/src/port_asm_vectors.o ./freertos10_xilinx_v1_3/src/queue.o ./freertos10_xilinx_v1_3/src/tasks.o ./freertos10_xilinx_v1_3/src/timers.o   -Wl,--start-group,-lxil,-lfreertos,-lgcc,-lc,--end-group
'Finished building target: FreeRTOS_Trace.elf'
' '
'Invoking: ARM v7 Print Size'
arm-none-eabi-size FreeRTOS_Trace.elf  |tee "FreeRTOS_Trace.elf.size"
   text	   data	    bss	    dec	    hex	filename
 132960	   3408	  96160	 232528	  38c50	FreeRTOS_Trace.elf
'Finished building: FreeRTOS_Trace.elf.size'
' '
13:07:29 **** Incremental Build of configuration Debug for project FreeRTOS_Trace ****
make pre-build main-build 
a9-linaro-pre-build-step
' '
make: Nothing to be done for 'main-build'.
13:08:01 **** Incremental Build of configuration Debug for project FreeRTOS_Trace ****
make pre-build main-build 
a9-linaro-pre-build-step
' '
make: Nothing to be done for 'main-build'.
13:09:36 **** Incremental Build of configuration Debug for project FreeRTOS_Trace ****
make pre-build main-build 
a9-linaro-pre-build-step
' '
make: Nothing to be done for 'main-build'.
13:40:25 **** Incremental Build of configuration Debug for project FreeRTOS_Trace ****
make pre-build main-build 
a9-linaro-pre-build-step
' '
make: Nothing to be done for 'main-build'.
