13:59:11 **** Build of project IntrPS_Example_bsp ****
make -k all 
"Running Make include in ps7_cortexa9_0/libsrc/coresightps_dcc_v1_5/src"
make -C ps7_cortexa9_0/libsrc/coresightps_dcc_v1_5/src -s include  "SHELL=CMD" "COMPILER=arm-none-eabi-gcc" "ARCHIVER=arm-none-eabi-ar" "COMPILER_FLAGS=  -O2 -c" "EXTRA_COMPILER_FLAGS=-mcpu=cortex-a9 -mfpu=vfpv3 -mfloat-abi=hard -nostartfiles -g -Wall -Wextra"
"Running Make include in ps7_cortexa9_0/libsrc/cpu_cortexa9_v2_7/src"
make -C ps7_cortexa9_0/libsrc/cpu_cortexa9_v2_7/src -s include  "SHELL=CMD" "COMPILER=arm-none-eabi-gcc" "ARCHIVER=arm-none-eabi-ar" "COMPILER_FLAGS=  -O2 -c" "EXTRA_COMPILER_FLAGS=-mcpu=cortex-a9 -mfpu=vfpv3 -mfloat-abi=hard -nostartfiles -g -Wall -Wextra"
"Running Make include in ps7_cortexa9_0/libsrc/ddrps_v1_0/src"
make -C ps7_cortexa9_0/libsrc/ddrps_v1_0/src -s include  "SHELL=CMD" "COMPILER=arm-none-eabi-gcc" "ARCHIVER=arm-none-eabi-ar" "COMPILER_FLAGS=  -O2 -c" "EXTRA_COMPILER_FLAGS=-mcpu=cortex-a9 -mfpu=vfpv3 -mfloat-abi=hard -nostartfiles -g -Wall -Wextra"
"Running Make include in ps7_cortexa9_0/libsrc/devcfg_v3_5/src"
make -C ps7_cortexa9_0/libsrc/devcfg_v3_5/src -s include  "SHELL=CMD" "COMPILER=arm-none-eabi-gcc" "ARCHIVER=arm-none-eabi-ar" "COMPILER_FLAGS=  -O2 -c" "EXTRA_COMPILER_FLAGS=-mcpu=cortex-a9 -mfpu=vfpv3 -mfloat-abi=hard -nostartfiles -g -Wall -Wextra"
"Running Make include in ps7_cortexa9_0/libsrc/dmaps_v2_4/src"
make -C ps7_cortexa9_0/libsrc/dmaps_v2_4/src -s include  "SHELL=CMD" "COMPILER=arm-none-eabi-gcc" "ARCHIVER=arm-none-eabi-ar" "COMPILER_FLAGS=  -O2 -c" "EXTRA_COMPILER_FLAGS=-mcpu=cortex-a9 -mfpu=vfpv3 -mfloat-abi=hard -nostartfiles -g -Wall -Wextra"
"Running Make include in ps7_cortexa9_0/libsrc/gpiops_v3_5/src"
make -C ps7_cortexa9_0/libsrc/gpiops_v3_5/src -s include  "SHELL=CMD" "COMPILER=arm-none-eabi-gcc" "ARCHIVER=arm-none-eabi-ar" "COMPILER_FLAGS=  -O2 -c" "EXTRA_COMPILER_FLAGS=-mcpu=cortex-a9 -mfpu=vfpv3 -mfloat-abi=hard -nostartfiles -g -Wall -Wextra"
"Running Make include in ps7_cortexa9_0/libsrc/gpio_v4_4/src"
make -C ps7_cortexa9_0/libsrc/gpio_v4_4/src -s include  "SHELL=CMD" "COMPILER=arm-none-eabi-gcc" "ARCHIVER=arm-none-eabi-ar" "COMPILER_FLAGS=  -O2 -c" "EXTRA_COMPILER_FLAGS=-mcpu=cortex-a9 -mfpu=vfpv3 -mfloat-abi=hard -nostartfiles -g -Wall -Wextra"
"Running Make include in ps7_cortexa9_0/libsrc/iicps_v3_9/src"
make -C ps7_cortexa9_0/libsrc/iicps_v3_9/src -s include  "SHELL=CMD" "COMPILER=arm-none-eabi-gcc" "ARCHIVER=arm-none-eabi-ar" "COMPILER_FLAGS=  -O2 -c" "EXTRA_COMPILER_FLAGS=-mcpu=cortex-a9 -mfpu=vfpv3 -mfloat-abi=hard -nostartfiles -g -Wall -Wextra"
"Running Make include in ps7_cortexa9_0/libsrc/qspips_v3_6/src"
make -C ps7_cortexa9_0/libsrc/qspips_v3_6/src -s include  "SHELL=CMD" "COMPILER=arm-none-eabi-gcc" "ARCHIVER=arm-none-eabi-ar" "COMPILER_FLAGS=  -O2 -c" "EXTRA_COMPILER_FLAGS=-mcpu=cortex-a9 -mfpu=vfpv3 -mfloat-abi=hard -nostartfiles -g -Wall -Wextra"
"Running Make include in ps7_cortexa9_0/libsrc/scugic_v4_0/src"
make -C ps7_cortexa9_0/libsrc/scugic_v4_0/src -s include  "SHELL=CMD" "COMPILER=arm-none-eabi-gcc" "ARCHIVER=arm-none-eabi-ar" "COMPILER_FLAGS=  -O2 -c" "EXTRA_COMPILER_FLAGS=-mcpu=cortex-a9 -mfpu=vfpv3 -mfloat-abi=hard -nostartfiles -g -Wall -Wextra"
"Running Make include in ps7_cortexa9_0/libsrc/scutimer_v2_1/src"
make -C ps7_cortexa9_0/libsrc/scutimer_v2_1/src -s include  "SHELL=CMD" "COMPILER=arm-none-eabi-gcc" "ARCHIVER=arm-none-eabi-ar" "COMPILER_FLAGS=  -O2 -c" "EXTRA_COMPILER_FLAGS=-mcpu=cortex-a9 -mfpu=vfpv3 -mfloat-abi=hard -nostartfiles -g -Wall -Wextra"
"Running Make include in ps7_cortexa9_0/libsrc/scuwdt_v2_1/src"
make -C ps7_cortexa9_0/libsrc/scuwdt_v2_1/src -s include  "SHELL=CMD" "COMPILER=arm-none-eabi-gcc" "ARCHIVER=arm-none-eabi-ar" "COMPILER_FLAGS=  -O2 -c" "EXTRA_COMPILER_FLAGS=-mcpu=cortex-a9 -mfpu=vfpv3 -mfloat-abi=hard -nostartfiles -g -Wall -Wextra"
"Running Make include in ps7_cortexa9_0/libsrc/sdps_v3_7/src"
make -C ps7_cortexa9_0/libsrc/sdps_v3_7/src -s include  "SHELL=CMD" "COMPILER=arm-none-eabi-gcc" "ARCHIVER=arm-none-eabi-ar" "COMPILER_FLAGS=  -O2 -c" "EXTRA_COMPILER_FLAGS=-mcpu=cortex-a9 -mfpu=vfpv3 -mfloat-abi=hard -nostartfiles -g -Wall -Wextra"
"Running Make include in ps7_cortexa9_0/libsrc/standalone_v7_0/src"
make -C ps7_cortexa9_0/libsrc/standalone_v7_0/src -s include  "SHELL=CMD" "COMPILER=arm-none-eabi-gcc" "ARCHIVER=arm-none-eabi-ar" "COMPILER_FLAGS=  -O2 -c" "EXTRA_COMPILER_FLAGS=-mcpu=cortex-a9 -mfpu=vfpv3 -mfloat-abi=hard -nostartfiles -g -Wall -Wextra"
"Running Make include in ps7_cortexa9_0/libsrc/uartps_v3_7/src"
make -C ps7_cortexa9_0/libsrc/uartps_v3_7/src -s include  "SHELL=CMD" "COMPILER=arm-none-eabi-gcc" "ARCHIVER=arm-none-eabi-ar" "COMPILER_FLAGS=  -O2 -c" "EXTRA_COMPILER_FLAGS=-mcpu=cortex-a9 -mfpu=vfpv3 -mfloat-abi=hard -nostartfiles -g -Wall -Wextra"
"Running Make include in ps7_cortexa9_0/libsrc/usbps_v2_4/src"
make -C ps7_cortexa9_0/libsrc/usbps_v2_4/src -s include  "SHELL=CMD" "COMPILER=arm-none-eabi-gcc" "ARCHIVER=arm-none-eabi-ar" "COMPILER_FLAGS=  -O2 -c" "EXTRA_COMPILER_FLAGS=-mcpu=cortex-a9 -mfpu=vfpv3 -mfloat-abi=hard -nostartfiles -g -Wall -Wextra"
"Running Make include in ps7_cortexa9_0/libsrc/xadcps_v2_3/src"
make -C ps7_cortexa9_0/libsrc/xadcps_v2_3/src -s include  "SHELL=CMD" "COMPILER=arm-none-eabi-gcc" "ARCHIVER=arm-none-eabi-ar" "COMPILER_FLAGS=  -O2 -c" "EXTRA_COMPILER_FLAGS=-mcpu=cortex-a9 -mfpu=vfpv3 -mfloat-abi=hard -nostartfiles -g -Wall -Wextra"
"Running Make libs in ps7_cortexa9_0/libsrc/coresightps_dcc_v1_5/src"
make -C ps7_cortexa9_0/libsrc/coresightps_dcc_v1_5/src -s libs  "SHELL=CMD" "COMPILER=arm-none-eabi-gcc" "ARCHIVER=arm-none-eabi-ar" "COMPILER_FLAGS=  -O2 -c" "EXTRA_COMPILER_FLAGS=-mcpu=cortex-a9 -mfpu=vfpv3 -mfloat-abi=hard -nostartfiles -g -Wall -Wextra"
"Compiling coresightps_dcc"
arm-none-eabi-ar: creating ../../../lib/libxil.a
"Running Make libs in ps7_cortexa9_0/libsrc/cpu_cortexa9_v2_7/src"
make -C ps7_cortexa9_0/libsrc/cpu_cortexa9_v2_7/src -s libs  "SHELL=CMD" "COMPILER=arm-none-eabi-gcc" "ARCHIVER=arm-none-eabi-ar" "COMPILER_FLAGS=  -O2 -c" "EXTRA_COMPILER_FLAGS=-mcpu=cortex-a9 -mfpu=vfpv3 -mfloat-abi=hard -nostartfiles -g -Wall -Wextra"
"Compiling cpu_cortexa9"
"Running Make libs in ps7_cortexa9_0/libsrc/ddrps_v1_0/src"
make -C ps7_cortexa9_0/libsrc/ddrps_v1_0/src -s libs  "SHELL=CMD" "COMPILER=arm-none-eabi-gcc" "ARCHIVER=arm-none-eabi-ar" "COMPILER_FLAGS=  -O2 -c" "EXTRA_COMPILER_FLAGS=-mcpu=cortex-a9 -mfpu=vfpv3 -mfloat-abi=hard -nostartfiles -g -Wall -Wextra"
"Compiling ddrps"
"Running Make libs in ps7_cortexa9_0/libsrc/devcfg_v3_5/src"
make -C ps7_cortexa9_0/libsrc/devcfg_v3_5/src -s libs  "SHELL=CMD" "COMPILER=arm-none-eabi-gcc" "ARCHIVER=arm-none-eabi-ar" "COMPILER_FLAGS=  -O2 -c" "EXTRA_COMPILER_FLAGS=-mcpu=cortex-a9 -mfpu=vfpv3 -mfloat-abi=hard -nostartfiles -g -Wall -Wextra"
"Compiling devcfg"
"Running Make libs in ps7_cortexa9_0/libsrc/dmaps_v2_4/src"
make -C ps7_cortexa9_0/libsrc/dmaps_v2_4/src -s libs  "SHELL=CMD" "COMPILER=arm-none-eabi-gcc" "ARCHIVER=arm-none-eabi-ar" "COMPILER_FLAGS=  -O2 -c" "EXTRA_COMPILER_FLAGS=-mcpu=cortex-a9 -mfpu=vfpv3 -mfloat-abi=hard -nostartfiles -g -Wall -Wextra"
"Compiling dmaps"
"Running Make libs in ps7_cortexa9_0/libsrc/gpiops_v3_5/src"
make -C ps7_cortexa9_0/libsrc/gpiops_v3_5/src -s libs  "SHELL=CMD" "COMPILER=arm-none-eabi-gcc" "ARCHIVER=arm-none-eabi-ar" "COMPILER_FLAGS=  -O2 -c" "EXTRA_COMPILER_FLAGS=-mcpu=cortex-a9 -mfpu=vfpv3 -mfloat-abi=hard -nostartfiles -g -Wall -Wextra"
"Compiling gpiops"
"Running Make libs in ps7_cortexa9_0/libsrc/gpio_v4_4/src"
make -C ps7_cortexa9_0/libsrc/gpio_v4_4/src -s libs  "SHELL=CMD" "COMPILER=arm-none-eabi-gcc" "ARCHIVER=arm-none-eabi-ar" "COMPILER_FLAGS=  -O2 -c" "EXTRA_COMPILER_FLAGS=-mcpu=cortex-a9 -mfpu=vfpv3 -mfloat-abi=hard -nostartfiles -g -Wall -Wextra"
"Compiling gpio"
"Running Make libs in ps7_cortexa9_0/libsrc/iicps_v3_9/src"
make -C ps7_cortexa9_0/libsrc/iicps_v3_9/src -s libs  "SHELL=CMD" "COMPILER=arm-none-eabi-gcc" "ARCHIVER=arm-none-eabi-ar" "COMPILER_FLAGS=  -O2 -c" "EXTRA_COMPILER_FLAGS=-mcpu=cortex-a9 -mfpu=vfpv3 -mfloat-abi=hard -nostartfiles -g -Wall -Wextra"
"Compiling iicps"
"Running Make libs in ps7_cortexa9_0/libsrc/qspips_v3_6/src"
make -C ps7_cortexa9_0/libsrc/qspips_v3_6/src -s libs  "SHELL=CMD" "COMPILER=arm-none-eabi-gcc" "ARCHIVER=arm-none-eabi-ar" "COMPILER_FLAGS=  -O2 -c" "EXTRA_COMPILER_FLAGS=-mcpu=cortex-a9 -mfpu=vfpv3 -mfloat-abi=hard -nostartfiles -g -Wall -Wextra"
"Compiling qspips"
"Running Make libs in ps7_cortexa9_0/libsrc/scugic_v4_0/src"
make -C ps7_cortexa9_0/libsrc/scugic_v4_0/src -s libs  "SHELL=CMD" "COMPILER=arm-none-eabi-gcc" "ARCHIVER=arm-none-eabi-ar" "COMPILER_FLAGS=  -O2 -c" "EXTRA_COMPILER_FLAGS=-mcpu=cortex-a9 -mfpu=vfpv3 -mfloat-abi=hard -nostartfiles -g -Wall -Wextra"
"Compiling scugic"
"Running Make libs in ps7_cortexa9_0/libsrc/scutimer_v2_1/src"
make -C ps7_cortexa9_0/libsrc/scutimer_v2_1/src -s libs  "SHELL=CMD" "COMPILER=arm-none-eabi-gcc" "ARCHIVER=arm-none-eabi-ar" "COMPILER_FLAGS=  -O2 -c" "EXTRA_COMPILER_FLAGS=-mcpu=cortex-a9 -mfpu=vfpv3 -mfloat-abi=hard -nostartfiles -g -Wall -Wextra"
"Compiling scutimer"
"Running Make libs in ps7_cortexa9_0/libsrc/scuwdt_v2_1/src"
make -C ps7_cortexa9_0/libsrc/scuwdt_v2_1/src -s libs  "SHELL=CMD" "COMPILER=arm-none-eabi-gcc" "ARCHIVER=arm-none-eabi-ar" "COMPILER_FLAGS=  -O2 -c" "EXTRA_COMPILER_FLAGS=-mcpu=cortex-a9 -mfpu=vfpv3 -mfloat-abi=hard -nostartfiles -g -Wall -Wextra"
"Compiling scuwdt"
"Running Make libs in ps7_cortexa9_0/libsrc/sdps_v3_7/src"
make -C ps7_cortexa9_0/libsrc/sdps_v3_7/src -s libs  "SHELL=CMD" "COMPILER=arm-none-eabi-gcc" "ARCHIVER=arm-none-eabi-ar" "COMPILER_FLAGS=  -O2 -c" "EXTRA_COMPILER_FLAGS=-mcpu=cortex-a9 -mfpu=vfpv3 -mfloat-abi=hard -nostartfiles -g -Wall -Wextra"
"Compiling sdps"
"Running Make libs in ps7_cortexa9_0/libsrc/standalone_v7_0/src"
make -C ps7_cortexa9_0/libsrc/standalone_v7_0/src -s libs  "SHELL=CMD" "COMPILER=arm-none-eabi-gcc" "ARCHIVER=arm-none-eabi-ar" "COMPILER_FLAGS=  -O2 -c" "EXTRA_COMPILER_FLAGS=-mcpu=cortex-a9 -mfpu=vfpv3 -mfloat-abi=hard -nostartfiles -g -Wall -Wextra"
"Compiling standalone"
In file included from usleep.c:56:
xtime_l.h:87:9: note: #pragma message: For the sleep routines, Global timer is being used
 #pragma message ("For the sleep routines, Global timer is being used")
         ^~~~~~~
In file included from xil_sleeptimer.c:51:
xtime_l.h:87:9: note: #pragma message: For the sleep routines, Global timer is being used
 #pragma message ("For the sleep routines, Global timer is being used")
         ^~~~~~~
In file included from xtime_l.c:49:
xtime_l.h:87:9: note: #pragma message: For the sleep routines, Global timer is being used
 #pragma message ("For the sleep routines, Global timer is being used")
         ^~~~~~~
In file included from sleep.c:53:
xtime_l.h:87:9: note: #pragma message: For the sleep routines, Global timer is being used
 #pragma message ("For the sleep routines, Global timer is being used")
         ^~~~~~~
"Running Make libs in ps7_cortexa9_0/libsrc/uartps_v3_7/src"
make -C ps7_cortexa9_0/libsrc/uartps_v3_7/src -s libs  "SHELL=CMD" "COMPILER=arm-none-eabi-gcc" "ARCHIVER=arm-none-eabi-ar" "COMPILER_FLAGS=  -O2 -c" "EXTRA_COMPILER_FLAGS=-mcpu=cortex-a9 -mfpu=vfpv3 -mfloat-abi=hard -nostartfiles -g -Wall -Wextra"
"Compiling uartps"
"Running Make libs in ps7_cortexa9_0/libsrc/usbps_v2_4/src"
make -C ps7_cortexa9_0/libsrc/usbps_v2_4/src -s libs  "SHELL=CMD" "COMPILER=arm-none-eabi-gcc" "ARCHIVER=arm-none-eabi-ar" "COMPILER_FLAGS=  -O2 -c" "EXTRA_COMPILER_FLAGS=-mcpu=cortex-a9 -mfpu=vfpv3 -mfloat-abi=hard -nostartfiles -g -Wall -Wextra"
"Compiling usbps"
"Running Make libs in ps7_cortexa9_0/libsrc/xadcps_v2_3/src"
make -C ps7_cortexa9_0/libsrc/xadcps_v2_3/src -s libs  "SHELL=CMD" "COMPILER=arm-none-eabi-gcc" "ARCHIVER=arm-none-eabi-ar" "COMPILER_FLAGS=  -O2 -c" "EXTRA_COMPILER_FLAGS=-mcpu=cortex-a9 -mfpu=vfpv3 -mfloat-abi=hard -nostartfiles -g -Wall -Wextra"
"Compiling xadcps"
'Finished building libraries'
13:59:42 **** Build of configuration Debug for project IntrPS_Example ****
make pre-build main-build 
a9-linaro-pre-build-step
' '
'Building file: ../src/helloworld.c'
'Invoking: ARM v7 gcc compiler'
arm-none-eabi-gcc -Wall -O0 -g3 -c -fmessage-length=0 -MT"src/helloworld.o" -mcpu=cortex-a9 -mfpu=vfpv3 -mfloat-abi=hard -I../../IntrPS_Example_bsp/ps7_cortexa9_0/include -MMD -MP -MF"src/helloworld.d" -MT"src/helloworld.o" -o "src/helloworld.o" "../src/helloworld.c"
../src/helloworld.c: In function 'IntrHandler':
../src/helloworld.c:106:6: warning: unused variable 'DataRead' [-Wunused-variable]
  u32 DataRead;
      ^~~~~~~~
'Finished building: ../src/helloworld.c'
' '
'Building file: ../src/platform.c'
'Invoking: ARM v7 gcc compiler'
arm-none-eabi-gcc -Wall -O0 -g3 -c -fmessage-length=0 -MT"src/platform.o" -mcpu=cortex-a9 -mfpu=vfpv3 -mfloat-abi=hard -I../../IntrPS_Example_bsp/ps7_cortexa9_0/include -MMD -MP -MF"src/platform.d" -MT"src/platform.o" -o "src/platform.o" "../src/platform.c"
'Finished building: ../src/platform.c'
' '
'Building target: IntrPS_Example.elf'
'Invoking: ARM v7 gcc linker'
arm-none-eabi-gcc -mcpu=cortex-a9 -mfpu=vfpv3 -mfloat-abi=hard -Wl,-build-id=none -specs=Xilinx.spec -Wl,-T -Wl,../src/lscript.ld -L../../IntrPS_Example_bsp/ps7_cortexa9_0/lib -o "IntrPS_Example.elf"  ./src/helloworld.o ./src/platform.o   -Wl,--start-group,-lxil,-lgcc,-lc,--end-group
'Finished building target: IntrPS_Example.elf'
' '
'Invoking: ARM v7 Print Size'
arm-none-eabi-size IntrPS_Example.elf  |tee "IntrPS_Example.elf.size"
   text	   data	    bss	    dec	    hex	filename
  67744	   3368	  23392	  94504	  17128	IntrPS_Example.elf
'Finished building: IntrPS_Example.elf.size'
' '
13:59:48 **** Incremental Build of configuration Debug for project PSIntr ****
make pre-build main-build 
a9-linaro-pre-build-step
' '
make: Nothing to be done for 'main-build'.
14:00:26 **** Incremental Build of configuration Debug for project PSIntr ****
make pre-build main-build 
a9-linaro-pre-build-step
' '
make: Nothing to be done for 'main-build'.
14:02:56 **** Incremental Build of configuration Debug for project PSIntr ****
make pre-build main-build 
a9-linaro-pre-build-step
' '
make: Nothing to be done for 'main-build'.
14:03:08 **** Incremental Build of configuration Debug for project PSIntr ****
make pre-build main-build 
a9-linaro-pre-build-step
' '
make: Nothing to be done for 'main-build'.
14:03:36 **** Incremental Build of configuration Debug for project IntrPS_Example ****
make pre-build main-build 
a9-linaro-pre-build-step
' '
make: Nothing to be done for 'main-build'.
14:03:52 **** Incremental Build of configuration Debug for project IntrPS_Example ****
make pre-build main-build 
a9-linaro-pre-build-step
' '
make: Nothing to be done for 'main-build'.
14:04:24 **** Incremental Build of configuration Debug for project PSIntr ****
make pre-build main-build 
a9-linaro-pre-build-step
' '
make: Nothing to be done for 'main-build'.
14:06:17 **** Incremental Build of configuration Debug for project PSIntr ****
make pre-build main-build 
a9-linaro-pre-build-step
' '
'Building file: ../src/freertos_hello_world.c'
'Invoking: ARM v7 gcc compiler'
arm-none-eabi-gcc -Wall -O0 -g3 -c -fmessage-length=0 -MT"src/freertos_hello_world.o" -mcpu=cortex-a9 -mfpu=vfpv3 -mfloat-abi=hard -I../../PSIntr_bsp/ps7_cortexa9_0/include -MMD -MP -MF"src/freertos_hello_world.d" -MT"src/freertos_hello_world.o" -o "src/freertos_hello_world.o" "../src/freertos_hello_world.c"
../src/freertos_hello_world.c: In function 'vTimerCallback':
../src/freertos_hello_world.c:138:16: warning: passing argument 1 of 'vTaskDelete' from incompatible pointer type [-Wincompatible-pointer-types]
   vTaskDelete( prvSerialTask );
                ^~~~~~~~~~~~~
In file included from ../src/freertos_hello_world.c:32:
../../PSIntr_bsp/ps7_cortexa9_0/include/task.h:698:32: note: expected 'TaskHandle_t' {aka 'struct tskTaskControlBlock *'} but argument is of type 'void (*)(void *)'
 void vTaskDelete( TaskHandle_t xTaskToDelete ) PRIVILEGED_FUNCTION;
                   ~~~~~~~~~~~~~^~~~~~~~~~~~~
../src/freertos_hello_world.c:139:16: warning: passing argument 1 of 'vTaskDelete' from incompatible pointer type [-Wincompatible-pointer-types]
   vTaskDelete( prvPSButtonTask );
                ^~~~~~~~~~~~~~~
In file included from ../src/freertos_hello_world.c:32:
../../PSIntr_bsp/ps7_cortexa9_0/include/task.h:698:32: note: expected 'TaskHandle_t' {aka 'struct tskTaskControlBlock *'} but argument is of type 'void (*)(void *)'
 void vTaskDelete( TaskHandle_t xTaskToDelete ) PRIVILEGED_FUNCTION;
                   ~~~~~~~~~~~~~^~~~~~~~~~~~~
../src/freertos_hello_world.c:140:16: warning: passing argument 1 of 'vTaskDelete' from incompatible pointer type [-Wincompatible-pointer-types]
   vTaskDelete( prvRxTask );
                ^~~~~~~~~
In file included from ../src/freertos_hello_world.c:32:
../../PSIntr_bsp/ps7_cortexa9_0/include/task.h:698:32: note: expected 'TaskHandle_t' {aka 'struct tskTaskControlBlock *'} but argument is of type 'void (*)(void *)'
 void vTaskDelete( TaskHandle_t xTaskToDelete ) PRIVILEGED_FUNCTION;
                   ~~~~~~~~~~~~~^~~~~~~~~~~~~
../src/freertos_hello_world.c: In function 'main':
../src/freertos_hello_world.c:154:2: warning: implicit declaration of function 'printf' [-Wimplicit-function-declaration]
  printf( "FreeRTOS with PS intr.\r\n" );
  ^~~~~~
../src/freertos_hello_world.c:154:2: warning: incompatible implicit declaration of built-in function 'printf'
../src/freertos_hello_world.c:154:2: note: include '<stdio.h>' or provide a declaration of 'printf'
../src/freertos_hello_world.c:90:1:
+#include <stdio.h>
 xSemaphoreHandle xSemaphore_led = NULL;
../src/freertos_hello_world.c:154:2:
  printf( "FreeRTOS with PS intr.\r\n" );
  ^~~~~~
../src/freertos_hello_world.c: In function 'prvSerialTask':
../src/freertos_hello_world.c:249:11: warning: implicit declaration of function 'getchar' [-Wimplicit-function-declaration]
   input = getchar();
           ^~~~~~~
../src/freertos_hello_world.c:249:11: note: 'getchar' is defined in header '<stdio.h>'; did you forget to '#include <stdio.h>'?
../src/freertos_hello_world.c: In function 'prvPSButtonTask':
../src/freertos_hello_world.c:267:18: warning: unused variable 'x1second' [-Wunused-variable]
 const TickType_t x1second = pdMS_TO_TICKS( DELAY_1_SECOND );
                  ^~~~~~~~
In file included from ../../PSIntr_bsp/ps7_cortexa9_0/include/xgpiops.h:124,
                 from ../src/freertos_hello_world.c:39:
../src/freertos_hello_world.c: In function 'startGPIO':
../../PSIntr_bsp/ps7_cortexa9_0/include/xstatus.h:61:41: warning: 'return' with a value, in function returning void
 #define XST_FAILURE                     1L
                                         ^~
../src/freertos_hello_world.c:375:10: note: in expansion of macro 'XST_FAILURE'
   return XST_FAILURE;
          ^~~~~~~~~~~
../src/freertos_hello_world.c:367:6: note: declared here
 void startGPIO()
      ^~~~~~~~~
In file included from ../../PSIntr_bsp/ps7_cortexa9_0/include/xgpiops.h:124,
                 from ../src/freertos_hello_world.c:39:
../../PSIntr_bsp/ps7_cortexa9_0/include/xstatus.h:61:41: warning: 'return' with a value, in function returning void
 #define XST_FAILURE                     1L
                                         ^~
../src/freertos_hello_world.c:380:10: note: in expansion of macro 'XST_FAILURE'
   return XST_FAILURE;
          ^~~~~~~~~~~
../src/freertos_hello_world.c:367:6: note: declared here
 void startGPIO()
      ^~~~~~~~~
../src/freertos_hello_world.c:391:3: warning: incompatible implicit declaration of built-in function 'printf'
   printf("status error \n\r");
   ^~~~~~
../src/freertos_hello_world.c:391:3: note: include '<stdio.h>' or provide a declaration of 'printf'
In file included from ../../PSIntr_bsp/ps7_cortexa9_0/include/xgpiops.h:124,
                 from ../src/freertos_hello_world.c:39:
../../PSIntr_bsp/ps7_cortexa9_0/include/xstatus.h:61:41: warning: 'return' with a value, in function returning void
 #define XST_FAILURE                     1L
                                         ^~
../src/freertos_hello_world.c:392:10: note: in expansion of macro 'XST_FAILURE'
   return XST_FAILURE;
          ^~~~~~~~~~~
../src/freertos_hello_world.c:367:6: note: declared here
 void startGPIO()
      ^~~~~~~~~
../src/freertos_hello_world.c:394:5: warning: incompatible implicit declaration of built-in function 'printf'
     printf("Starting GPIO PS\n\r");
     ^~~~~~
../src/freertos_hello_world.c:394:5: note: include '<stdio.h>' or provide a declaration of 'printf'
../src/freertos_hello_world.c: In function 'IntrHandler':
../src/freertos_hello_world.c:446:3: warning: incompatible implicit declaration of built-in function 'printf'
   printf("Got intr. from PS button. SW value: 1");
   ^~~~~~
../src/freertos_hello_world.c:446:3: note: include '<stdio.h>' or provide a declaration of 'printf'
../src/freertos_hello_world.c:442:11: warning: unused variable 'Gpio' [-Wunused-variable]
  XGpioPs *Gpio = (XGpioPs *)CallBackRef;
           ^~~~
'Finished building: ../src/freertos_hello_world.c'
' '
'Building target: PSIntr.elf'
'Invoking: ARM v7 gcc linker'
arm-none-eabi-gcc -mcpu=cortex-a9 -mfpu=vfpv3 -mfloat-abi=hard -Wl,-build-id=none -specs=Xilinx.spec -Wl,-T -Wl,../src/lscript.ld -L../../PSIntr_bsp/ps7_cortexa9_0/lib -o "PSIntr.elf"  ./src/freertos_hello_world.o   -Wl,--start-group,-lxil,-lfreertos,-lgcc,-lc,--end-group
'Finished building target: PSIntr.elf'
' '
'Invoking: ARM v7 Print Size'
arm-none-eabi-size PSIntr.elf  |tee "PSIntr.elf.size"
   text	   data	    bss	    dec	    hex	filename
 105586	   3416	  89520	 198522	  3077a	PSIntr.elf
'Finished building: PSIntr.elf.size'
' '
14:06:41 **** Incremental Build of configuration Debug for project PSIntr ****
make pre-build main-build 
a9-linaro-pre-build-step
' '
make: Nothing to be done for 'main-build'.
14:08:56 **** Incremental Build of configuration Debug for project PSIntr ****
make pre-build main-build 
a9-linaro-pre-build-step
' '
'Building file: ../src/freertos_hello_world.c'
'Invoking: ARM v7 gcc compiler'
arm-none-eabi-gcc -Wall -O0 -g3 -c -fmessage-length=0 -MT"src/freertos_hello_world.o" -mcpu=cortex-a9 -mfpu=vfpv3 -mfloat-abi=hard -I../../PSIntr_bsp/ps7_cortexa9_0/include -MMD -MP -MF"src/freertos_hello_world.d" -MT"src/freertos_hello_world.o" -o "src/freertos_hello_world.o" "../src/freertos_hello_world.c"
../src/freertos_hello_world.c: In function 'vTimerCallback':
../src/freertos_hello_world.c:138:16: warning: passing argument 1 of 'vTaskDelete' from incompatible pointer type [-Wincompatible-pointer-types]
   vTaskDelete( prvSerialTask );
                ^~~~~~~~~~~~~
In file included from ../src/freertos_hello_world.c:32:
../../PSIntr_bsp/ps7_cortexa9_0/include/task.h:698:32: note: expected 'TaskHandle_t' {aka 'struct tskTaskControlBlock *'} but argument is of type 'void (*)(void *)'
 void vTaskDelete( TaskHandle_t xTaskToDelete ) PRIVILEGED_FUNCTION;
                   ~~~~~~~~~~~~~^~~~~~~~~~~~~
../src/freertos_hello_world.c:139:16: warning: passing argument 1 of 'vTaskDelete' from incompatible pointer type [-Wincompatible-pointer-types]
   vTaskDelete( prvPSButtonTask );
                ^~~~~~~~~~~~~~~
In file included from ../src/freertos_hello_world.c:32:
../../PSIntr_bsp/ps7_cortexa9_0/include/task.h:698:32: note: expected 'TaskHandle_t' {aka 'struct tskTaskControlBlock *'} but argument is of type 'void (*)(void *)'
 void vTaskDelete( TaskHandle_t xTaskToDelete ) PRIVILEGED_FUNCTION;
                   ~~~~~~~~~~~~~^~~~~~~~~~~~~
../src/freertos_hello_world.c:140:16: warning: passing argument 1 of 'vTaskDelete' from incompatible pointer type [-Wincompatible-pointer-types]
   vTaskDelete( prvRxTask );
                ^~~~~~~~~
In file included from ../src/freertos_hello_world.c:32:
../../PSIntr_bsp/ps7_cortexa9_0/include/task.h:698:32: note: expected 'TaskHandle_t' {aka 'struct tskTaskControlBlock *'} but argument is of type 'void (*)(void *)'
 void vTaskDelete( TaskHandle_t xTaskToDelete ) PRIVILEGED_FUNCTION;
                   ~~~~~~~~~~~~~^~~~~~~~~~~~~
../src/freertos_hello_world.c: In function 'main':
../src/freertos_hello_world.c:154:2: warning: implicit declaration of function 'printf' [-Wimplicit-function-declaration]
  printf( "FreeRTOS with PS intr.\r\n" );
  ^~~~~~
../src/freertos_hello_world.c:154:2: warning: incompatible implicit declaration of built-in function 'printf'
../src/freertos_hello_world.c:154:2: note: include '<stdio.h>' or provide a declaration of 'printf'
../src/freertos_hello_world.c:90:1:
+#include <stdio.h>
 xSemaphoreHandle xSemaphore_led = NULL;
../src/freertos_hello_world.c:154:2:
  printf( "FreeRTOS with PS intr.\r\n" );
  ^~~~~~
../src/freertos_hello_world.c: In function 'prvSerialTask':
../src/freertos_hello_world.c:249:11: warning: implicit declaration of function 'getchar' [-Wimplicit-function-declaration]
   input = getchar();
           ^~~~~~~
../src/freertos_hello_world.c:249:11: note: 'getchar' is defined in header '<stdio.h>'; did you forget to '#include <stdio.h>'?
../src/freertos_hello_world.c: In function 'prvPSButtonTask':
../src/freertos_hello_world.c:267:18: warning: unused variable 'x1second' [-Wunused-variable]
 const TickType_t x1second = pdMS_TO_TICKS( DELAY_1_SECOND );
                  ^~~~~~~~
In file included from ../../PSIntr_bsp/ps7_cortexa9_0/include/xgpiops.h:124,
                 from ../src/freertos_hello_world.c:39:
../src/freertos_hello_world.c: In function 'startGPIO':
../../PSIntr_bsp/ps7_cortexa9_0/include/xstatus.h:61:41: warning: 'return' with a value, in function returning void
 #define XST_FAILURE                     1L
                                         ^~
../src/freertos_hello_world.c:375:10: note: in expansion of macro 'XST_FAILURE'
   return XST_FAILURE;
          ^~~~~~~~~~~
../src/freertos_hello_world.c:367:6: note: declared here
 void startGPIO()
      ^~~~~~~~~
../src/freertos_hello_world.c:386:3: warning: incompatible implicit declaration of built-in function 'printf'
   printf("status error \n\r");
   ^~~~~~
../src/freertos_hello_world.c:386:3: note: include '<stdio.h>' or provide a declaration of 'printf'
In file included from ../../PSIntr_bsp/ps7_cortexa9_0/include/xgpiops.h:124,
                 from ../src/freertos_hello_world.c:39:
../../PSIntr_bsp/ps7_cortexa9_0/include/xstatus.h:61:41: warning: 'return' with a value, in function returning void
 #define XST_FAILURE                     1L
                                         ^~
../src/freertos_hello_world.c:387:10: note: in expansion of macro 'XST_FAILURE'
   return XST_FAILURE;
          ^~~~~~~~~~~
../src/freertos_hello_world.c:367:6: note: declared here
 void startGPIO()
      ^~~~~~~~~
../src/freertos_hello_world.c:389:5: warning: incompatible implicit declaration of built-in function 'printf'
     printf("Starting GPIO PS\n\r");
     ^~~~~~
../src/freertos_hello_world.c:389:5: note: include '<stdio.h>' or provide a declaration of 'printf'
../src/freertos_hello_world.c: In function 'IntrHandler':
../src/freertos_hello_world.c:441:3: warning: incompatible implicit declaration of built-in function 'printf'
   printf("Got intr. from PS button. SW value: 1");
   ^~~~~~
../src/freertos_hello_world.c:441:3: note: include '<stdio.h>' or provide a declaration of 'printf'
../src/freertos_hello_world.c:437:11: warning: unused variable 'Gpio' [-Wunused-variable]
  XGpioPs *Gpio = (XGpioPs *)CallBackRef;
           ^~~~
'Finished building: ../src/freertos_hello_world.c'
' '
'Building target: PSIntr.elf'
'Invoking: ARM v7 gcc linker'
arm-none-eabi-gcc -mcpu=cortex-a9 -mfpu=vfpv3 -mfloat-abi=hard -Wl,-build-id=none -specs=Xilinx.spec -Wl,-T -Wl,../src/lscript.ld -L../../PSIntr_bsp/ps7_cortexa9_0/lib -o "PSIntr.elf"  ./src/freertos_hello_world.o   -Wl,--start-group,-lxil,-lfreertos,-lgcc,-lc,--end-group
'Finished building target: PSIntr.elf'
' '
'Invoking: ARM v7 Print Size'
arm-none-eabi-size PSIntr.elf  |tee "PSIntr.elf.size"
   text	   data	    bss	    dec	    hex	filename
 105512	   3416	  89520	 198448	  30730	PSIntr.elf
'Finished building: PSIntr.elf.size'
' '
14:09:21 **** Incremental Build of configuration Debug for project PSIntr ****
make pre-build main-build 
a9-linaro-pre-build-step
' '
make: Nothing to be done for 'main-build'.
14:10:13 **** Incremental Build of configuration Debug for project PSIntr ****
make pre-build main-build 
a9-linaro-pre-build-step
' '
make: Nothing to be done for 'main-build'.
14:10:53 **** Incremental Build of configuration Debug for project PSIntr ****
make pre-build main-build 
a9-linaro-pre-build-step
' '
'Building file: ../src/freertos_hello_world.c'
'Invoking: ARM v7 gcc compiler'
arm-none-eabi-gcc -Wall -O0 -g3 -c -fmessage-length=0 -MT"src/freertos_hello_world.o" -mcpu=cortex-a9 -mfpu=vfpv3 -mfloat-abi=hard -I../../PSIntr_bsp/ps7_cortexa9_0/include -MMD -MP -MF"src/freertos_hello_world.d" -MT"src/freertos_hello_world.o" -o "src/freertos_hello_world.o" "../src/freertos_hello_world.c"
../src/freertos_hello_world.c: In function 'vTimerCallback':
../src/freertos_hello_world.c:138:16: warning: passing argument 1 of 'vTaskDelete' from incompatible pointer type [-Wincompatible-pointer-types]
   vTaskDelete( prvSerialTask );
                ^~~~~~~~~~~~~
In file included from ../src/freertos_hello_world.c:32:
../../PSIntr_bsp/ps7_cortexa9_0/include/task.h:698:32: note: expected 'TaskHandle_t' {aka 'struct tskTaskControlBlock *'} but argument is of type 'void (*)(void *)'
 void vTaskDelete( TaskHandle_t xTaskToDelete ) PRIVILEGED_FUNCTION;
                   ~~~~~~~~~~~~~^~~~~~~~~~~~~
../src/freertos_hello_world.c:139:16: warning: passing argument 1 of 'vTaskDelete' from incompatible pointer type [-Wincompatible-pointer-types]
   vTaskDelete( prvPSButtonTask );
                ^~~~~~~~~~~~~~~
In file included from ../src/freertos_hello_world.c:32:
../../PSIntr_bsp/ps7_cortexa9_0/include/task.h:698:32: note: expected 'TaskHandle_t' {aka 'struct tskTaskControlBlock *'} but argument is of type 'void (*)(void *)'
 void vTaskDelete( TaskHandle_t xTaskToDelete ) PRIVILEGED_FUNCTION;
                   ~~~~~~~~~~~~~^~~~~~~~~~~~~
../src/freertos_hello_world.c:140:16: warning: passing argument 1 of 'vTaskDelete' from incompatible pointer type [-Wincompatible-pointer-types]
   vTaskDelete( prvRxTask );
                ^~~~~~~~~
In file included from ../src/freertos_hello_world.c:32:
../../PSIntr_bsp/ps7_cortexa9_0/include/task.h:698:32: note: expected 'TaskHandle_t' {aka 'struct tskTaskControlBlock *'} but argument is of type 'void (*)(void *)'
 void vTaskDelete( TaskHandle_t xTaskToDelete ) PRIVILEGED_FUNCTION;
                   ~~~~~~~~~~~~~^~~~~~~~~~~~~
../src/freertos_hello_world.c: In function 'main':
../src/freertos_hello_world.c:154:2: warning: implicit declaration of function 'printf' [-Wimplicit-function-declaration]
  printf( "FreeRTOS with PS intr.\r\n" );
  ^~~~~~
../src/freertos_hello_world.c:154:2: warning: incompatible implicit declaration of built-in function 'printf'
../src/freertos_hello_world.c:154:2: note: include '<stdio.h>' or provide a declaration of 'printf'
../src/freertos_hello_world.c:90:1:
+#include <stdio.h>
 xSemaphoreHandle xSemaphore_led = NULL;
../src/freertos_hello_world.c:154:2:
  printf( "FreeRTOS with PS intr.\r\n" );
  ^~~~~~
../src/freertos_hello_world.c: In function 'prvSerialTask':
../src/freertos_hello_world.c:249:11: warning: implicit declaration of function 'getchar' [-Wimplicit-function-declaration]
   input = getchar();
           ^~~~~~~
../src/freertos_hello_world.c:249:11: note: 'getchar' is defined in header '<stdio.h>'; did you forget to '#include <stdio.h>'?
../src/freertos_hello_world.c: In function 'prvPSButtonTask':
../src/freertos_hello_world.c:267:18: warning: unused variable 'x1second' [-Wunused-variable]
 const TickType_t x1second = pdMS_TO_TICKS( DELAY_1_SECOND );
                  ^~~~~~~~
In file included from ../../PSIntr_bsp/ps7_cortexa9_0/include/xgpiops.h:124,
                 from ../src/freertos_hello_world.c:39:
../src/freertos_hello_world.c: In function 'startGPIO':
../../PSIntr_bsp/ps7_cortexa9_0/include/xstatus.h:61:41: warning: 'return' with a value, in function returning void
 #define XST_FAILURE                     1L
                                         ^~
../src/freertos_hello_world.c:375:10: note: in expansion of macro 'XST_FAILURE'
   return XST_FAILURE;
          ^~~~~~~~~~~
../src/freertos_hello_world.c:367:6: note: declared here
 void startGPIO()
      ^~~~~~~~~
../src/freertos_hello_world.c:386:3: warning: incompatible implicit declaration of built-in function 'printf'
   printf("status error \n\r");
   ^~~~~~
../src/freertos_hello_world.c:386:3: note: include '<stdio.h>' or provide a declaration of 'printf'
In file included from ../../PSIntr_bsp/ps7_cortexa9_0/include/xgpiops.h:124,
                 from ../src/freertos_hello_world.c:39:
../../PSIntr_bsp/ps7_cortexa9_0/include/xstatus.h:61:41: warning: 'return' with a value, in function returning void
 #define XST_FAILURE                     1L
                                         ^~
../src/freertos_hello_world.c:387:10: note: in expansion of macro 'XST_FAILURE'
   return XST_FAILURE;
          ^~~~~~~~~~~
../src/freertos_hello_world.c:367:6: note: declared here
 void startGPIO()
      ^~~~~~~~~
../src/freertos_hello_world.c:389:5: warning: incompatible implicit declaration of built-in function 'printf'
     printf("Starting GPIO PS\n\r");
     ^~~~~~
../src/freertos_hello_world.c:389:5: note: include '<stdio.h>' or provide a declaration of 'printf'
../src/freertos_hello_world.c: In function 'IntrHandler':
../src/freertos_hello_world.c:442:3: warning: incompatible implicit declaration of built-in function 'printf'
   printf("Got intr. from PS button. SW value: 1");
   ^~~~~~
../src/freertos_hello_world.c:442:3: note: include '<stdio.h>' or provide a declaration of 'printf'
../src/freertos_hello_world.c:438:11: warning: unused variable 'Gpio' [-Wunused-variable]
  XGpioPs *Gpio = (XGpioPs *)CallBackRef;
           ^~~~
'Finished building: ../src/freertos_hello_world.c'
' '
'Building target: PSIntr.elf'
'Invoking: ARM v7 gcc linker'
arm-none-eabi-gcc -mcpu=cortex-a9 -mfpu=vfpv3 -mfloat-abi=hard -Wl,-build-id=none -specs=Xilinx.spec -Wl,-T -Wl,../src/lscript.ld -L../../PSIntr_bsp/ps7_cortexa9_0/lib -o "PSIntr.elf"  ./src/freertos_hello_world.o   -Wl,--start-group,-lxil,-lfreertos,-lgcc,-lc,--end-group
'Finished building target: PSIntr.elf'
' '
'Invoking: ARM v7 Print Size'
arm-none-eabi-size PSIntr.elf  |tee "PSIntr.elf.size"
   text	   data	    bss	    dec	    hex	filename
 105528	   3416	  89520	 198464	  30740	PSIntr.elf
'Finished building: PSIntr.elf.size'
' '
14:11:06 **** Incremental Build of configuration Debug for project PSIntr ****
make pre-build main-build 
a9-linaro-pre-build-step
' '
make: Nothing to be done for 'main-build'.
14:11:33 **** Incremental Build of configuration Debug for project PSIntr ****
make pre-build main-build 
a9-linaro-pre-build-step
' '
make: Nothing to be done for 'main-build'.
14:15:26 **** Incremental Build of configuration Debug for project PSIntr ****
make pre-build main-build 
a9-linaro-pre-build-step
' '
'Building file: ../src/freertos_hello_world.c'
'Invoking: ARM v7 gcc compiler'
arm-none-eabi-gcc -Wall -O0 -g3 -c -fmessage-length=0 -MT"src/freertos_hello_world.o" -mcpu=cortex-a9 -mfpu=vfpv3 -mfloat-abi=hard -I../../PSIntr_bsp/ps7_cortexa9_0/include -MMD -MP -MF"src/freertos_hello_world.d" -MT"src/freertos_hello_world.o" -o "src/freertos_hello_world.o" "../src/freertos_hello_world.c"
../src/freertos_hello_world.c: In function 'vTimerCallback':
../src/freertos_hello_world.c:138:16: warning: passing argument 1 of 'vTaskDelete' from incompatible pointer type [-Wincompatible-pointer-types]
   vTaskDelete( prvSerialTask );
                ^~~~~~~~~~~~~
In file included from ../src/freertos_hello_world.c:32:
../../PSIntr_bsp/ps7_cortexa9_0/include/task.h:698:32: note: expected 'TaskHandle_t' {aka 'struct tskTaskControlBlock *'} but argument is of type 'void (*)(void *)'
 void vTaskDelete( TaskHandle_t xTaskToDelete ) PRIVILEGED_FUNCTION;
                   ~~~~~~~~~~~~~^~~~~~~~~~~~~
../src/freertos_hello_world.c:139:16: warning: passing argument 1 of 'vTaskDelete' from incompatible pointer type [-Wincompatible-pointer-types]
   vTaskDelete( prvPSButtonTask );
                ^~~~~~~~~~~~~~~
In file included from ../src/freertos_hello_world.c:32:
../../PSIntr_bsp/ps7_cortexa9_0/include/task.h:698:32: note: expected 'TaskHandle_t' {aka 'struct tskTaskControlBlock *'} but argument is of type 'void (*)(void *)'
 void vTaskDelete( TaskHandle_t xTaskToDelete ) PRIVILEGED_FUNCTION;
                   ~~~~~~~~~~~~~^~~~~~~~~~~~~
../src/freertos_hello_world.c:140:16: warning: passing argument 1 of 'vTaskDelete' from incompatible pointer type [-Wincompatible-pointer-types]
   vTaskDelete( prvRxTask );
                ^~~~~~~~~
In file included from ../src/freertos_hello_world.c:32:
../../PSIntr_bsp/ps7_cortexa9_0/include/task.h:698:32: note: expected 'TaskHandle_t' {aka 'struct tskTaskControlBlock *'} but argument is of type 'void (*)(void *)'
 void vTaskDelete( TaskHandle_t xTaskToDelete ) PRIVILEGED_FUNCTION;
                   ~~~~~~~~~~~~~^~~~~~~~~~~~~
../src/freertos_hello_world.c: In function 'main':
../src/freertos_hello_world.c:154:2: warning: implicit declaration of function 'printf' [-Wimplicit-function-declaration]
  printf( "FreeRTOS with PS intr.\r\n" );
  ^~~~~~
../src/freertos_hello_world.c:154:2: warning: incompatible implicit declaration of built-in function 'printf'
../src/freertos_hello_world.c:154:2: note: include '<stdio.h>' or provide a declaration of 'printf'
../src/freertos_hello_world.c:90:1:
+#include <stdio.h>
 xSemaphoreHandle xSemaphore_led = NULL;
../src/freertos_hello_world.c:154:2:
  printf( "FreeRTOS with PS intr.\r\n" );
  ^~~~~~
../src/freertos_hello_world.c: In function 'prvSerialTask':
../src/freertos_hello_world.c:249:11: warning: implicit declaration of function 'getchar' [-Wimplicit-function-declaration]
   input = getchar();
           ^~~~~~~
../src/freertos_hello_world.c:249:11: note: 'getchar' is defined in header '<stdio.h>'; did you forget to '#include <stdio.h>'?
../src/freertos_hello_world.c: In function 'prvPSButtonTask':
../src/freertos_hello_world.c:267:18: warning: unused variable 'x1second' [-Wunused-variable]
 const TickType_t x1second = pdMS_TO_TICKS( DELAY_1_SECOND );
                  ^~~~~~~~
In file included from ../../PSIntr_bsp/ps7_cortexa9_0/include/xgpiops.h:124,
                 from ../src/freertos_hello_world.c:39:
../src/freertos_hello_world.c: In function 'startGPIO':
../../PSIntr_bsp/ps7_cortexa9_0/include/xstatus.h:61:41: warning: 'return' with a value, in function returning void
 #define XST_FAILURE                     1L
                                         ^~
../src/freertos_hello_world.c:375:10: note: in expansion of macro 'XST_FAILURE'
   return XST_FAILURE;
          ^~~~~~~~~~~
../src/freertos_hello_world.c:367:6: note: declared here
 void startGPIO()
      ^~~~~~~~~
../src/freertos_hello_world.c:386:3: warning: incompatible implicit declaration of built-in function 'printf'
   printf("status error \n\r");
   ^~~~~~
../src/freertos_hello_world.c:386:3: note: include '<stdio.h>' or provide a declaration of 'printf'
In file included from ../../PSIntr_bsp/ps7_cortexa9_0/include/xgpiops.h:124,
                 from ../src/freertos_hello_world.c:39:
../../PSIntr_bsp/ps7_cortexa9_0/include/xstatus.h:61:41: warning: 'return' with a value, in function returning void
 #define XST_FAILURE                     1L
                                         ^~
../src/freertos_hello_world.c:387:10: note: in expansion of macro 'XST_FAILURE'
   return XST_FAILURE;
          ^~~~~~~~~~~
../src/freertos_hello_world.c:367:6: note: declared here
 void startGPIO()
      ^~~~~~~~~
../src/freertos_hello_world.c:389:5: warning: incompatible implicit declaration of built-in function 'printf'
     printf("Starting GPIO PS\n\r");
     ^~~~~~
../src/freertos_hello_world.c:389:5: note: include '<stdio.h>' or provide a declaration of 'printf'
../src/freertos_hello_world.c: In function 'SetupInterruptSystem':
../src/freertos_hello_world.c:421:2: error: cannot convert to a pointer type
  XScuGic_Connect(GicInstancePtr, GpioIntrId, (Xil_ExceptionHandler)XGpioPs_IntrHandler, (void *)Gpio);
  ^~~~~~~~~~~~~~~
../src/freertos_hello_world.c: In function 'IntrHandler':
../src/freertos_hello_world.c:439:33: error: 'Output_Pin' undeclared (first use in this function); did you mean 'Output_PinR'?
   XGpioPs_SetDirectionPin(Gpio, Output_Pin, 1);
                                 ^~~~~~~~~~
                                 Output_PinR
../src/freertos_hello_world.c:439:33: note: each undeclared identifier is reported only once for each function it appears in
../src/freertos_hello_world.c:439:27: error: incompatible type for argument 1 of 'XGpioPs_SetDirectionPin'
   XGpioPs_SetDirectionPin(Gpio, Output_Pin, 1);
                           ^~~~
In file included from ../src/freertos_hello_world.c:39:
../../PSIntr_bsp/ps7_cortexa9_0/include/xgpiops.h:243:45: note: expected 'const XGpioPs *' {aka 'const struct <anonymous> *'} but argument is of type 'XGpio' {aka 'struct <anonymous>'}
 void XGpioPs_SetDirectionPin(const XGpioPs *InstancePtr, u32 Pin, u32 Direction);
                              ~~~~~~~~~~~~~~~^~~~~~~~~~~
../src/freertos_hello_world.c:440:30: error: incompatible type for argument 1 of 'XGpioPs_SetOutputEnablePin'
   XGpioPs_SetOutputEnablePin(Gpio, Output_Pin, 1);
                              ^~~~
In file included from ../src/freertos_hello_world.c:39:
../../PSIntr_bsp/ps7_cortexa9_0/include/xgpiops.h:245:48: note: expected 'const XGpioPs *' {aka 'const struct <anonymous> *'} but argument is of type 'XGpio' {aka 'struct <anonymous>'}
 void XGpioPs_SetOutputEnablePin(const XGpioPs *InstancePtr, u32 Pin, u32 OpEnable);
                                 ~~~~~~~~~~~~~~~^~~~~~~~~~~
../src/freertos_hello_world.c:441:33: error: 'Output_Pin2' undeclared (first use in this function); did you mean 'Output_PinR'?
   XGpioPs_SetDirectionPin(Gpio, Output_Pin2, 1);
                                 ^~~~~~~~~~~
                                 Output_PinR
../src/freertos_hello_world.c:441:27: error: incompatible type for argument 1 of 'XGpioPs_SetDirectionPin'
   XGpioPs_SetDirectionPin(Gpio, Output_Pin2, 1);
                           ^~~~
In file included from ../src/freertos_hello_world.c:39:
../../PSIntr_bsp/ps7_cortexa9_0/include/xgpiops.h:243:45: note: expected 'const XGpioPs *' {aka 'const struct <anonymous> *'} but argument is of type 'XGpio' {aka 'struct <anonymous>'}
 void XGpioPs_SetDirectionPin(const XGpioPs *InstancePtr, u32 Pin, u32 Direction);
                              ~~~~~~~~~~~~~~~^~~~~~~~~~~
../src/freertos_hello_world.c:442:30: error: incompatible type for argument 1 of 'XGpioPs_SetOutputEnablePin'
   XGpioPs_SetOutputEnablePin(Gpio, Output_Pin2, 1);
                              ^~~~
In file included from ../src/freertos_hello_world.c:39:
../../PSIntr_bsp/ps7_cortexa9_0/include/xgpiops.h:245:48: note: expected 'const XGpioPs *' {aka 'const struct <anonymous> *'} but argument is of type 'XGpio' {aka 'struct <anonymous>'}
 void XGpioPs_SetOutputEnablePin(const XGpioPs *InstancePtr, u32 Pin, u32 OpEnable);
                                 ~~~~~~~~~~~~~~~^~~~~~~~~~~
../src/freertos_hello_world.c:446:4: warning: incompatible implicit declaration of built-in function 'printf'
    printf("Value of Counter: %d Bank: %d\r\n",(int) counter, (int)Bank);
    ^~~~~~
../src/freertos_hello_world.c:446:4: note: include '<stdio.h>' or provide a declaration of 'printf'
../src/freertos_hello_world.c:437:6: warning: unused variable 'DataRead' [-Wunused-variable]
  u32 DataRead, counter;
      ^~~~~~~~
At top level:
../src/freertos_hello_world.c:87:13: warning: 'intrflag' defined but not used [-Wunused-variable]
 static char intrflag = 0x00;
             ^~~~~~~~
make: *** [src/subdir.mk:23: src/freertos_hello_world.o] Error 1
14:16:07 **** Incremental Build of configuration Debug for project PSIntr ****
make pre-build main-build 
a9-linaro-pre-build-step
' '
'Building file: ../src/freertos_hello_world.c'
'Invoking: ARM v7 gcc compiler'
arm-none-eabi-gcc -Wall -O0 -g3 -c -fmessage-length=0 -MT"src/freertos_hello_world.o" -mcpu=cortex-a9 -mfpu=vfpv3 -mfloat-abi=hard -I../../PSIntr_bsp/ps7_cortexa9_0/include -MMD -MP -MF"src/freertos_hello_world.d" -MT"src/freertos_hello_world.o" -o "src/freertos_hello_world.o" "../src/freertos_hello_world.c"
../src/freertos_hello_world.c: In function 'vTimerCallback':
../src/freertos_hello_world.c:138:16: warning: passing argument 1 of 'vTaskDelete' from incompatible pointer type [-Wincompatible-pointer-types]
   vTaskDelete( prvSerialTask );
                ^~~~~~~~~~~~~
In file included from ../src/freertos_hello_world.c:32:
../../PSIntr_bsp/ps7_cortexa9_0/include/task.h:698:32: note: expected 'TaskHandle_t' {aka 'struct tskTaskControlBlock *'} but argument is of type 'void (*)(void *)'
 void vTaskDelete( TaskHandle_t xTaskToDelete ) PRIVILEGED_FUNCTION;
                   ~~~~~~~~~~~~~^~~~~~~~~~~~~
../src/freertos_hello_world.c:139:16: warning: passing argument 1 of 'vTaskDelete' from incompatible pointer type [-Wincompatible-pointer-types]
   vTaskDelete( prvPSButtonTask );
                ^~~~~~~~~~~~~~~
In file included from ../src/freertos_hello_world.c:32:
../../PSIntr_bsp/ps7_cortexa9_0/include/task.h:698:32: note: expected 'TaskHandle_t' {aka 'struct tskTaskControlBlock *'} but argument is of type 'void (*)(void *)'
 void vTaskDelete( TaskHandle_t xTaskToDelete ) PRIVILEGED_FUNCTION;
                   ~~~~~~~~~~~~~^~~~~~~~~~~~~
../src/freertos_hello_world.c:140:16: warning: passing argument 1 of 'vTaskDelete' from incompatible pointer type [-Wincompatible-pointer-types]
   vTaskDelete( prvRxTask );
                ^~~~~~~~~
In file included from ../src/freertos_hello_world.c:32:
../../PSIntr_bsp/ps7_cortexa9_0/include/task.h:698:32: note: expected 'TaskHandle_t' {aka 'struct tskTaskControlBlock *'} but argument is of type 'void (*)(void *)'
 void vTaskDelete( TaskHandle_t xTaskToDelete ) PRIVILEGED_FUNCTION;
                   ~~~~~~~~~~~~~^~~~~~~~~~~~~
../src/freertos_hello_world.c: In function 'main':
../src/freertos_hello_world.c:154:2: warning: implicit declaration of function 'printf' [-Wimplicit-function-declaration]
  printf( "FreeRTOS with PS intr.\r\n" );
  ^~~~~~
../src/freertos_hello_world.c:154:2: warning: incompatible implicit declaration of built-in function 'printf'
../src/freertos_hello_world.c:154:2: note: include '<stdio.h>' or provide a declaration of 'printf'
../src/freertos_hello_world.c:90:1:
+#include <stdio.h>
 xSemaphoreHandle xSemaphore_led = NULL;
../src/freertos_hello_world.c:154:2:
  printf( "FreeRTOS with PS intr.\r\n" );
  ^~~~~~
../src/freertos_hello_world.c: In function 'prvSerialTask':
../src/freertos_hello_world.c:249:11: warning: implicit declaration of function 'getchar' [-Wimplicit-function-declaration]
   input = getchar();
           ^~~~~~~
../src/freertos_hello_world.c:249:11: note: 'getchar' is defined in header '<stdio.h>'; did you forget to '#include <stdio.h>'?
../src/freertos_hello_world.c: In function 'prvPSButtonTask':
../src/freertos_hello_world.c:267:18: warning: unused variable 'x1second' [-Wunused-variable]
 const TickType_t x1second = pdMS_TO_TICKS( DELAY_1_SECOND );
                  ^~~~~~~~
In file included from ../../PSIntr_bsp/ps7_cortexa9_0/include/xgpiops.h:124,
                 from ../src/freertos_hello_world.c:39:
../src/freertos_hello_world.c: In function 'startGPIO':
../../PSIntr_bsp/ps7_cortexa9_0/include/xstatus.h:61:41: warning: 'return' with a value, in function returning void
 #define XST_FAILURE                     1L
                                         ^~
../src/freertos_hello_world.c:375:10: note: in expansion of macro 'XST_FAILURE'
   return XST_FAILURE;
          ^~~~~~~~~~~
../src/freertos_hello_world.c:367:6: note: declared here
 void startGPIO()
      ^~~~~~~~~
../src/freertos_hello_world.c:386:3: warning: incompatible implicit declaration of built-in function 'printf'
   printf("status error \n\r");
   ^~~~~~
../src/freertos_hello_world.c:386:3: note: include '<stdio.h>' or provide a declaration of 'printf'
In file included from ../../PSIntr_bsp/ps7_cortexa9_0/include/xgpiops.h:124,
                 from ../src/freertos_hello_world.c:39:
../../PSIntr_bsp/ps7_cortexa9_0/include/xstatus.h:61:41: warning: 'return' with a value, in function returning void
 #define XST_FAILURE                     1L
                                         ^~
../src/freertos_hello_world.c:387:10: note: in expansion of macro 'XST_FAILURE'
   return XST_FAILURE;
          ^~~~~~~~~~~
../src/freertos_hello_world.c:367:6: note: declared here
 void startGPIO()
      ^~~~~~~~~
../src/freertos_hello_world.c:389:5: warning: incompatible implicit declaration of built-in function 'printf'
     printf("Starting GPIO PS\n\r");
     ^~~~~~
../src/freertos_hello_world.c:389:5: note: include '<stdio.h>' or provide a declaration of 'printf'
../src/freertos_hello_world.c: In function 'IntrHandler':
../src/freertos_hello_world.c:439:27: error: incompatible type for argument 1 of 'XGpioPs_SetDirectionPin'
   XGpioPs_SetDirectionPin(Gpio, Output_PinR, 1);
                           ^~~~
In file included from ../src/freertos_hello_world.c:39:
../../PSIntr_bsp/ps7_cortexa9_0/include/xgpiops.h:243:45: note: expected 'const XGpioPs *' {aka 'const struct <anonymous> *'} but argument is of type 'XGpio' {aka 'struct <anonymous>'}
 void XGpioPs_SetDirectionPin(const XGpioPs *InstancePtr, u32 Pin, u32 Direction);
                              ~~~~~~~~~~~~~~~^~~~~~~~~~~
../src/freertos_hello_world.c:440:30: error: incompatible type for argument 1 of 'XGpioPs_SetOutputEnablePin'
   XGpioPs_SetOutputEnablePin(Gpio, Output_PinR, 1);
                              ^~~~
In file included from ../src/freertos_hello_world.c:39:
../../PSIntr_bsp/ps7_cortexa9_0/include/xgpiops.h:245:48: note: expected 'const XGpioPs *' {aka 'const struct <anonymous> *'} but argument is of type 'XGpio' {aka 'struct <anonymous>'}
 void XGpioPs_SetOutputEnablePin(const XGpioPs *InstancePtr, u32 Pin, u32 OpEnable);
                                 ~~~~~~~~~~~~~~~^~~~~~~~~~~
../src/freertos_hello_world.c:441:27: error: incompatible type for argument 1 of 'XGpioPs_SetDirectionPin'
   XGpioPs_SetDirectionPin(Gpio, Output_PinG, 1);
                           ^~~~
In file included from ../src/freertos_hello_world.c:39:
../../PSIntr_bsp/ps7_cortexa9_0/include/xgpiops.h:243:45: note: expected 'const XGpioPs *' {aka 'const struct <anonymous> *'} but argument is of type 'XGpio' {aka 'struct <anonymous>'}
 void XGpioPs_SetDirectionPin(const XGpioPs *InstancePtr, u32 Pin, u32 Direction);
                              ~~~~~~~~~~~~~~~^~~~~~~~~~~
../src/freertos_hello_world.c:442:30: error: incompatible type for argument 1 of 'XGpioPs_SetOutputEnablePin'
   XGpioPs_SetOutputEnablePin(Gpio, Output_PinG, 1);
                              ^~~~
In file included from ../src/freertos_hello_world.c:39:
../../PSIntr_bsp/ps7_cortexa9_0/include/xgpiops.h:245:48: note: expected 'const XGpioPs *' {aka 'const struct <anonymous> *'} but argument is of type 'XGpio' {aka 'struct <anonymous>'}
 void XGpioPs_SetOutputEnablePin(const XGpioPs *InstancePtr, u32 Pin, u32 OpEnable);
                                 ~~~~~~~~~~~~~~~^~~~~~~~~~~
../src/freertos_hello_world.c:446:4: warning: incompatible implicit declaration of built-in function 'printf'
    printf("Value of Counter: %d Bank: %d\r\n",(int) counter, (int)Bank);
    ^~~~~~
../src/freertos_hello_world.c:446:4: note: include '<stdio.h>' or provide a declaration of 'printf'
../src/freertos_hello_world.c:437:6: warning: unused variable 'DataRead' [-Wunused-variable]
  u32 DataRead, counter;
      ^~~~~~~~
At top level:
../src/freertos_hello_world.c:87:13: warning: 'intrflag' defined but not used [-Wunused-variable]
 static char intrflag = 0x00;
             ^~~~~~~~
make: *** [src/subdir.mk:23: src/freertos_hello_world.o] Error 1
14:16:28 **** Incremental Build of configuration Debug for project PSIntr ****
make pre-build main-build 
a9-linaro-pre-build-step
' '
'Building file: ../src/freertos_hello_world.c'
'Invoking: ARM v7 gcc compiler'
arm-none-eabi-gcc -Wall -O0 -g3 -c -fmessage-length=0 -MT"src/freertos_hello_world.o" -mcpu=cortex-a9 -mfpu=vfpv3 -mfloat-abi=hard -I../../PSIntr_bsp/ps7_cortexa9_0/include -MMD -MP -MF"src/freertos_hello_world.d" -MT"src/freertos_hello_world.o" -o "src/freertos_hello_world.o" "../src/freertos_hello_world.c"
../src/freertos_hello_world.c: In function 'vTimerCallback':
../src/freertos_hello_world.c:138:16: warning: passing argument 1 of 'vTaskDelete' from incompatible pointer type [-Wincompatible-pointer-types]
   vTaskDelete( prvSerialTask );
                ^~~~~~~~~~~~~
In file included from ../src/freertos_hello_world.c:32:
../../PSIntr_bsp/ps7_cortexa9_0/include/task.h:698:32: note: expected 'TaskHandle_t' {aka 'struct tskTaskControlBlock *'} but argument is of type 'void (*)(void *)'
 void vTaskDelete( TaskHandle_t xTaskToDelete ) PRIVILEGED_FUNCTION;
                   ~~~~~~~~~~~~~^~~~~~~~~~~~~
../src/freertos_hello_world.c:139:16: warning: passing argument 1 of 'vTaskDelete' from incompatible pointer type [-Wincompatible-pointer-types]
   vTaskDelete( prvPSButtonTask );
                ^~~~~~~~~~~~~~~
In file included from ../src/freertos_hello_world.c:32:
../../PSIntr_bsp/ps7_cortexa9_0/include/task.h:698:32: note: expected 'TaskHandle_t' {aka 'struct tskTaskControlBlock *'} but argument is of type 'void (*)(void *)'
 void vTaskDelete( TaskHandle_t xTaskToDelete ) PRIVILEGED_FUNCTION;
                   ~~~~~~~~~~~~~^~~~~~~~~~~~~
../src/freertos_hello_world.c:140:16: warning: passing argument 1 of 'vTaskDelete' from incompatible pointer type [-Wincompatible-pointer-types]
   vTaskDelete( prvRxTask );
                ^~~~~~~~~
In file included from ../src/freertos_hello_world.c:32:
../../PSIntr_bsp/ps7_cortexa9_0/include/task.h:698:32: note: expected 'TaskHandle_t' {aka 'struct tskTaskControlBlock *'} but argument is of type 'void (*)(void *)'
 void vTaskDelete( TaskHandle_t xTaskToDelete ) PRIVILEGED_FUNCTION;
                   ~~~~~~~~~~~~~^~~~~~~~~~~~~
../src/freertos_hello_world.c: In function 'main':
../src/freertos_hello_world.c:154:2: warning: implicit declaration of function 'printf' [-Wimplicit-function-declaration]
  printf( "FreeRTOS with PS intr.\r\n" );
  ^~~~~~
../src/freertos_hello_world.c:154:2: warning: incompatible implicit declaration of built-in function 'printf'
../src/freertos_hello_world.c:154:2: note: include '<stdio.h>' or provide a declaration of 'printf'
../src/freertos_hello_world.c:90:1:
+#include <stdio.h>
 xSemaphoreHandle xSemaphore_led = NULL;
../src/freertos_hello_world.c:154:2:
  printf( "FreeRTOS with PS intr.\r\n" );
  ^~~~~~
../src/freertos_hello_world.c: In function 'prvSerialTask':
../src/freertos_hello_world.c:249:11: warning: implicit declaration of function 'getchar' [-Wimplicit-function-declaration]
   input = getchar();
           ^~~~~~~
../src/freertos_hello_world.c:249:11: note: 'getchar' is defined in header '<stdio.h>'; did you forget to '#include <stdio.h>'?
../src/freertos_hello_world.c: In function 'prvPSButtonTask':
../src/freertos_hello_world.c:267:18: warning: unused variable 'x1second' [-Wunused-variable]
 const TickType_t x1second = pdMS_TO_TICKS( DELAY_1_SECOND );
                  ^~~~~~~~
In file included from ../../PSIntr_bsp/ps7_cortexa9_0/include/xgpiops.h:124,
                 from ../src/freertos_hello_world.c:39:
../src/freertos_hello_world.c: In function 'startGPIO':
../../PSIntr_bsp/ps7_cortexa9_0/include/xstatus.h:61:41: warning: 'return' with a value, in function returning void
 #define XST_FAILURE                     1L
                                         ^~
../src/freertos_hello_world.c:375:10: note: in expansion of macro 'XST_FAILURE'
   return XST_FAILURE;
          ^~~~~~~~~~~
../src/freertos_hello_world.c:367:6: note: declared here
 void startGPIO()
      ^~~~~~~~~
../src/freertos_hello_world.c:386:3: warning: incompatible implicit declaration of built-in function 'printf'
   printf("status error \n\r");
   ^~~~~~
../src/freertos_hello_world.c:386:3: note: include '<stdio.h>' or provide a declaration of 'printf'
In file included from ../../PSIntr_bsp/ps7_cortexa9_0/include/xgpiops.h:124,
                 from ../src/freertos_hello_world.c:39:
../../PSIntr_bsp/ps7_cortexa9_0/include/xstatus.h:61:41: warning: 'return' with a value, in function returning void
 #define XST_FAILURE                     1L
                                         ^~
../src/freertos_hello_world.c:387:10: note: in expansion of macro 'XST_FAILURE'
   return XST_FAILURE;
          ^~~~~~~~~~~
../src/freertos_hello_world.c:367:6: note: declared here
 void startGPIO()
      ^~~~~~~~~
../src/freertos_hello_world.c:389:5: warning: incompatible implicit declaration of built-in function 'printf'
     printf("Starting GPIO PS\n\r");
     ^~~~~~
../src/freertos_hello_world.c:389:5: note: include '<stdio.h>' or provide a declaration of 'printf'
../src/freertos_hello_world.c: In function 'IntrHandler':
../src/freertos_hello_world.c:439:27: error: incompatible type for argument 1 of 'XGpioPs_SetDirectionPin'
   XGpioPs_SetDirectionPin(GpioPS, Output_PinR, 1);
                           ^~~~~~
In file included from ../src/freertos_hello_world.c:39:
../../PSIntr_bsp/ps7_cortexa9_0/include/xgpiops.h:243:45: note: expected 'const XGpioPs *' {aka 'const struct <anonymous> *'} but argument is of type 'XGpioPs' {aka 'struct <anonymous>'}
 void XGpioPs_SetDirectionPin(const XGpioPs *InstancePtr, u32 Pin, u32 Direction);
                              ~~~~~~~~~~~~~~~^~~~~~~~~~~
../src/freertos_hello_world.c:440:30: error: incompatible type for argument 1 of 'XGpioPs_SetOutputEnablePin'
   XGpioPs_SetOutputEnablePin(GpioPS, Output_PinR, 1);
                              ^~~~~~
In file included from ../src/freertos_hello_world.c:39:
../../PSIntr_bsp/ps7_cortexa9_0/include/xgpiops.h:245:48: note: expected 'const XGpioPs *' {aka 'const struct <anonymous> *'} but argument is of type 'XGpioPs' {aka 'struct <anonymous>'}
 void XGpioPs_SetOutputEnablePin(const XGpioPs *InstancePtr, u32 Pin, u32 OpEnable);
                                 ~~~~~~~~~~~~~~~^~~~~~~~~~~
../src/freertos_hello_world.c:441:27: error: incompatible type for argument 1 of 'XGpioPs_SetDirectionPin'
   XGpioPs_SetDirectionPin(GpioPS, Output_PinG, 1);
                           ^~~~~~
In file included from ../src/freertos_hello_world.c:39:
../../PSIntr_bsp/ps7_cortexa9_0/include/xgpiops.h:243:45: note: expected 'const XGpioPs *' {aka 'const struct <anonymous> *'} but argument is of type 'XGpioPs' {aka 'struct <anonymous>'}
 void XGpioPs_SetDirectionPin(const XGpioPs *InstancePtr, u32 Pin, u32 Direction);
                              ~~~~~~~~~~~~~~~^~~~~~~~~~~
../src/freertos_hello_world.c:442:30: error: incompatible type for argument 1 of 'XGpioPs_SetOutputEnablePin'
   XGpioPs_SetOutputEnablePin(GpioPS, Output_PinG, 1);
                              ^~~~~~
In file included from ../src/freertos_hello_world.c:39:
../../PSIntr_bsp/ps7_cortexa9_0/include/xgpiops.h:245:48: note: expected 'const XGpioPs *' {aka 'const struct <anonymous> *'} but argument is of type 'XGpioPs' {aka 'struct <anonymous>'}
 void XGpioPs_SetOutputEnablePin(const XGpioPs *InstancePtr, u32 Pin, u32 OpEnable);
                                 ~~~~~~~~~~~~~~~^~~~~~~~~~~
../src/freertos_hello_world.c:446:4: warning: incompatible implicit declaration of built-in function 'printf'
    printf("Value of Counter: %d Bank: %d\r\n",(int) counter, (int)Bank);
    ^~~~~~
../src/freertos_hello_world.c:446:4: note: include '<stdio.h>' or provide a declaration of 'printf'
../src/freertos_hello_world.c:437:6: warning: unused variable 'DataRead' [-Wunused-variable]
  u32 DataRead, counter;
      ^~~~~~~~
At top level:
../src/freertos_hello_world.c:87:13: warning: 'intrflag' defined but not used [-Wunused-variable]
 static char intrflag = 0x00;
             ^~~~~~~~
make: *** [src/subdir.mk:23: src/freertos_hello_world.o] Error 1
14:17:03 **** Incremental Build of configuration Debug for project PSIntr ****
make pre-build main-build 
a9-linaro-pre-build-step
' '
'Building file: ../src/freertos_hello_world.c'
'Invoking: ARM v7 gcc compiler'
arm-none-eabi-gcc -Wall -O0 -g3 -c -fmessage-length=0 -MT"src/freertos_hello_world.o" -mcpu=cortex-a9 -mfpu=vfpv3 -mfloat-abi=hard -I../../PSIntr_bsp/ps7_cortexa9_0/include -MMD -MP -MF"src/freertos_hello_world.d" -MT"src/freertos_hello_world.o" -o "src/freertos_hello_world.o" "../src/freertos_hello_world.c"
../src/freertos_hello_world.c: In function 'vTimerCallback':
../src/freertos_hello_world.c:138:16: warning: passing argument 1 of 'vTaskDelete' from incompatible pointer type [-Wincompatible-pointer-types]
   vTaskDelete( prvSerialTask );
                ^~~~~~~~~~~~~
In file included from ../src/freertos_hello_world.c:32:
../../PSIntr_bsp/ps7_cortexa9_0/include/task.h:698:32: note: expected 'TaskHandle_t' {aka 'struct tskTaskControlBlock *'} but argument is of type 'void (*)(void *)'
 void vTaskDelete( TaskHandle_t xTaskToDelete ) PRIVILEGED_FUNCTION;
                   ~~~~~~~~~~~~~^~~~~~~~~~~~~
../src/freertos_hello_world.c:139:16: warning: passing argument 1 of 'vTaskDelete' from incompatible pointer type [-Wincompatible-pointer-types]
   vTaskDelete( prvPSButtonTask );
                ^~~~~~~~~~~~~~~
In file included from ../src/freertos_hello_world.c:32:
../../PSIntr_bsp/ps7_cortexa9_0/include/task.h:698:32: note: expected 'TaskHandle_t' {aka 'struct tskTaskControlBlock *'} but argument is of type 'void (*)(void *)'
 void vTaskDelete( TaskHandle_t xTaskToDelete ) PRIVILEGED_FUNCTION;
                   ~~~~~~~~~~~~~^~~~~~~~~~~~~
../src/freertos_hello_world.c:140:16: warning: passing argument 1 of 'vTaskDelete' from incompatible pointer type [-Wincompatible-pointer-types]
   vTaskDelete( prvRxTask );
                ^~~~~~~~~
In file included from ../src/freertos_hello_world.c:32:
../../PSIntr_bsp/ps7_cortexa9_0/include/task.h:698:32: note: expected 'TaskHandle_t' {aka 'struct tskTaskControlBlock *'} but argument is of type 'void (*)(void *)'
 void vTaskDelete( TaskHandle_t xTaskToDelete ) PRIVILEGED_FUNCTION;
                   ~~~~~~~~~~~~~^~~~~~~~~~~~~
../src/freertos_hello_world.c: In function 'main':
../src/freertos_hello_world.c:154:2: warning: implicit declaration of function 'printf' [-Wimplicit-function-declaration]
  printf( "FreeRTOS with PS intr.\r\n" );
  ^~~~~~
../src/freertos_hello_world.c:154:2: warning: incompatible implicit declaration of built-in function 'printf'
../src/freertos_hello_world.c:154:2: note: include '<stdio.h>' or provide a declaration of 'printf'
../src/freertos_hello_world.c:90:1:
+#include <stdio.h>
 xSemaphoreHandle xSemaphore_led = NULL;
../src/freertos_hello_world.c:154:2:
  printf( "FreeRTOS with PS intr.\r\n" );
  ^~~~~~
../src/freertos_hello_world.c: In function 'prvSerialTask':
../src/freertos_hello_world.c:249:11: warning: implicit declaration of function 'getchar' [-Wimplicit-function-declaration]
   input = getchar();
           ^~~~~~~
../src/freertos_hello_world.c:249:11: note: 'getchar' is defined in header '<stdio.h>'; did you forget to '#include <stdio.h>'?
../src/freertos_hello_world.c: In function 'prvPSButtonTask':
../src/freertos_hello_world.c:267:18: warning: unused variable 'x1second' [-Wunused-variable]
 const TickType_t x1second = pdMS_TO_TICKS( DELAY_1_SECOND );
                  ^~~~~~~~
In file included from ../../PSIntr_bsp/ps7_cortexa9_0/include/xgpiops.h:124,
                 from ../src/freertos_hello_world.c:39:
../src/freertos_hello_world.c: In function 'startGPIO':
../../PSIntr_bsp/ps7_cortexa9_0/include/xstatus.h:61:41: warning: 'return' with a value, in function returning void
 #define XST_FAILURE                     1L
                                         ^~
../src/freertos_hello_world.c:375:10: note: in expansion of macro 'XST_FAILURE'
   return XST_FAILURE;
          ^~~~~~~~~~~
../src/freertos_hello_world.c:367:6: note: declared here
 void startGPIO()
      ^~~~~~~~~
../src/freertos_hello_world.c:386:3: warning: incompatible implicit declaration of built-in function 'printf'
   printf("status error \n\r");
   ^~~~~~
../src/freertos_hello_world.c:386:3: note: include '<stdio.h>' or provide a declaration of 'printf'
In file included from ../../PSIntr_bsp/ps7_cortexa9_0/include/xgpiops.h:124,
                 from ../src/freertos_hello_world.c:39:
../../PSIntr_bsp/ps7_cortexa9_0/include/xstatus.h:61:41: warning: 'return' with a value, in function returning void
 #define XST_FAILURE                     1L
                                         ^~
../src/freertos_hello_world.c:387:10: note: in expansion of macro 'XST_FAILURE'
   return XST_FAILURE;
          ^~~~~~~~~~~
../src/freertos_hello_world.c:367:6: note: declared here
 void startGPIO()
      ^~~~~~~~~
../src/freertos_hello_world.c:389:5: warning: incompatible implicit declaration of built-in function 'printf'
     printf("Starting GPIO PS\n\r");
     ^~~~~~
../src/freertos_hello_world.c:389:5: note: include '<stdio.h>' or provide a declaration of 'printf'
../src/freertos_hello_world.c: In function 'IntrHandler':
../src/freertos_hello_world.c:446:4: warning: incompatible implicit declaration of built-in function 'printf'
    printf("Value of Counter: %d Bank: %d\r\n",(int) counter, (int)Bank);
    ^~~~~~
../src/freertos_hello_world.c:446:4: note: include '<stdio.h>' or provide a declaration of 'printf'
../src/freertos_hello_world.c:437:6: warning: unused variable 'DataRead' [-Wunused-variable]
  u32 DataRead, counter;
      ^~~~~~~~
At top level:
../src/freertos_hello_world.c:87:13: warning: 'intrflag' defined but not used [-Wunused-variable]
 static char intrflag = 0x00;
             ^~~~~~~~
'Finished building: ../src/freertos_hello_world.c'
' '
'Building target: PSIntr.elf'
'Invoking: ARM v7 gcc linker'
arm-none-eabi-gcc -mcpu=cortex-a9 -mfpu=vfpv3 -mfloat-abi=hard -Wl,-build-id=none -specs=Xilinx.spec -Wl,-T -Wl,../src/lscript.ld -L../../PSIntr_bsp/ps7_cortexa9_0/lib -o "PSIntr.elf"  ./src/freertos_hello_world.o   -Wl,--start-group,-lxil,-lfreertos,-lgcc,-lc,--end-group
'Finished building target: PSIntr.elf'
' '
'Invoking: ARM v7 Print Size'
arm-none-eabi-size PSIntr.elf  |tee "PSIntr.elf.size"
   text	   data	    bss	    dec	    hex	filename
 105600	   3416	  89520	 198536	  30788	PSIntr.elf
'Finished building: PSIntr.elf.size'
' '
14:17:40 **** Incremental Build of configuration Debug for project PSIntr ****
make pre-build main-build 
a9-linaro-pre-build-step
' '
make: Nothing to be done for 'main-build'.
14:18:02 **** Incremental Build of configuration Debug for project PSIntr ****
make pre-build main-build 
a9-linaro-pre-build-step
' '
make: Nothing to be done for 'main-build'.
