#-----------------------------------------------------------
# Vivado v2019.1 (64-bit)
# SW Build 2552052 on Fri May 24 14:49:42 MDT 2019
# IP Build 2548770 on Fri May 24 18:01:18 MDT 2019
# Start of session at: Tue Nov 26 22:45:45 2019
# Process ID: 10116
# Current directory: C:/repos/Embedded-Operating-System/Assignment_1/FPGA/PongDesign
# Command line: vivado.exe -gui_launcher_event rodinguilauncherevent1656 C:\repos\Embedded-Operating-System\Assignment_1\FPGA\PongDesign\PongDesign.xpr
# Log file: C:/repos/Embedded-Operating-System/Assignment_1/FPGA/PongDesign/vivado.log
# Journal file: C:/repos/Embedded-Operating-System/Assignment_1/FPGA/PongDesign\vivado.jou
#-----------------------------------------------------------
start_gui
open_project C:/repos/Embedded-Operating-System/Assignment_1/FPGA/PongDesign/PongDesign.xpr
update_compile_order -fileset sources_1
launch_sdk -workspace C:/repos/Embedded-Operating-System/Assignment_1/FPGA/PongDesign/PongDesign.sdk -hwspec C:/repos/Embedded-Operating-System/Assignment_1/FPGA/PongDesign/PongDesign.sdk/design_1_wrapper.hdf
