20:05:04 **** Incremental Build of configuration Debug for project PongFunctionTests ****
make pre-build main-build 
a9-linaro-pre-build-step
' '
'Building file: ../src/helloworld.c'
'Invoking: ARM v7 gcc compiler'
arm-none-eabi-gcc -Wall -O0 -g3 -c -fmessage-length=0 -MT"src/helloworld.o" -mcpu=cortex-a9 -mfpu=vfpv3 -mfloat-abi=hard -I../../PongFunctionTests_bsp/ps7_cortexa9_0/include -MMD -MP -MF"src/helloworld.d" -MT"src/helloworld.o" -o "src/helloworld.o" "../src/helloworld.c"
../src/helloworld.c:21:16: warning: 'packed' attribute ignored [-Wattributes]
 typedef struct uint24_t __attribute__((packed)) uint24_t;
                ^~~~~~~~
../src/helloworld.c: In function 'main':
../src/helloworld.c:49:11: warning: implicit declaration of function 'rand'; did you mean 'nanl'? [-Wimplicit-function-declaration]
     BallX=rand(4)+2;
           ^~~~
           nanl
../src/helloworld.c: In function 'drawLine':
../src/helloworld.c:123:6: warning: implicit declaration of function 'abs' [-Wimplicit-function-declaration]
 dx = abs (x2-x1);
      ^~~
'Finished building: ../src/helloworld.c'
' '
'Building target: PongFunctionTests.elf'
'Invoking: ARM v7 gcc linker'
arm-none-eabi-gcc -mcpu=cortex-a9 -mfpu=vfpv3 -mfloat-abi=hard -Wl,-build-id=none -specs=Xilinx.spec -Wl,-T -Wl,../src/lscript.ld -L../../PongFunctionTests_bsp/ps7_cortexa9_0/lib -o "PongFunctionTests.elf"  ./src/helloworld.o ./src/platform.o   -Wl,--start-group,-lxil,-lgcc,-lc,--end-group
'Finished building target: PongFunctionTests.elf'
' '
'Invoking: ARM v7 Print Size'
arm-none-eabi-size PongFunctionTests.elf  |tee "PongFunctionTests.elf.size"
   text	   data	    bss	    dec	    hex	filename
  58940	   2584	  23808	  85332	  14d54	PongFunctionTests.elf
'Finished building: PongFunctionTests.elf.size'
' '
20:05:35 **** Incremental Build of configuration Debug for project PongFunctionTests ****
make pre-build main-build 
a9-linaro-pre-build-step
' '
make: Nothing to be done for 'main-build'.
20:06:29 **** Incremental Build of configuration Debug for project PongFunctionTests ****
make pre-build main-build 
a9-linaro-pre-build-step
' '
'Building file: ../src/helloworld.c'
'Invoking: ARM v7 gcc compiler'
arm-none-eabi-gcc -Wall -O0 -g3 -c -fmessage-length=0 -MT"src/helloworld.o" -mcpu=cortex-a9 -mfpu=vfpv3 -mfloat-abi=hard -I../../PongFunctionTests_bsp/ps7_cortexa9_0/include -MMD -MP -MF"src/helloworld.d" -MT"src/helloworld.o" -o "src/helloworld.o" "../src/helloworld.c"
../src/helloworld.c:21:16: warning: 'packed' attribute ignored [-Wattributes]
 typedef struct uint24_t __attribute__((packed)) uint24_t;
                ^~~~~~~~
../src/helloworld.c: In function 'main':
../src/helloworld.c:49:11: warning: implicit declaration of function 'rand'; did you mean 'nanl'? [-Wimplicit-function-declaration]
     BallX=rand(4)+2;
           ^~~~
           nanl
../src/helloworld.c: In function 'drawLine':
../src/helloworld.c:123:6: warning: implicit declaration of function 'abs' [-Wimplicit-function-declaration]
 dx = abs (x2-x1);
      ^~~
'Finished building: ../src/helloworld.c'
' '
'Building target: PongFunctionTests.elf'
'Invoking: ARM v7 gcc linker'
arm-none-eabi-gcc -mcpu=cortex-a9 -mfpu=vfpv3 -mfloat-abi=hard -Wl,-build-id=none -specs=Xilinx.spec -Wl,-T -Wl,../src/lscript.ld -L../../PongFunctionTests_bsp/ps7_cortexa9_0/lib -o "PongFunctionTests.elf"  ./src/helloworld.o ./src/platform.o   -Wl,--start-group,-lxil,-lgcc,-lc,--end-group
'Finished building target: PongFunctionTests.elf'
' '
'Invoking: ARM v7 Print Size'
arm-none-eabi-size PongFunctionTests.elf  |tee "PongFunctionTests.elf.size"
   text	   data	    bss	    dec	    hex	filename
  59132	   2584	  23808	  85524	  14e14	PongFunctionTests.elf
'Finished building: PongFunctionTests.elf.size'
' '
20:06:48 **** Incremental Build of configuration Debug for project PongFunctionTests ****
make pre-build main-build 
a9-linaro-pre-build-step
' '
make: Nothing to be done for 'main-build'.
20:07:24 **** Incremental Build of configuration Debug for project PongFunctionTests ****
make pre-build main-build 
a9-linaro-pre-build-step
' '
'Building file: ../src/helloworld.c'
'Invoking: ARM v7 gcc compiler'
arm-none-eabi-gcc -Wall -O0 -g3 -c -fmessage-length=0 -MT"src/helloworld.o" -mcpu=cortex-a9 -mfpu=vfpv3 -mfloat-abi=hard -I../../PongFunctionTests_bsp/ps7_cortexa9_0/include -MMD -MP -MF"src/helloworld.d" -MT"src/helloworld.o" -o "src/helloworld.o" "../src/helloworld.c"
../src/helloworld.c:21:16: warning: 'packed' attribute ignored [-Wattributes]
 typedef struct uint24_t __attribute__((packed)) uint24_t;
                ^~~~~~~~
../src/helloworld.c: In function 'main':
../src/helloworld.c:49:12: error: expected ';' before ':' token
     BallX=4://rand(4)+2;
            ^
            ;
../src/helloworld.c: In function 'drawLine':
../src/helloworld.c:123:6: warning: implicit declaration of function 'abs' [-Wimplicit-function-declaration]
 dx = abs (x2-x1);
      ^~~
make: *** [src/subdir.mk:26: src/helloworld.o] Error 1
20:07:32 **** Incremental Build of configuration Debug for project PongFunctionTests ****
make pre-build main-build 
a9-linaro-pre-build-step
' '
'Building file: ../src/helloworld.c'
'Invoking: ARM v7 gcc compiler'
arm-none-eabi-gcc -Wall -O0 -g3 -c -fmessage-length=0 -MT"src/helloworld.o" -mcpu=cortex-a9 -mfpu=vfpv3 -mfloat-abi=hard -I../../PongFunctionTests_bsp/ps7_cortexa9_0/include -MMD -MP -MF"src/helloworld.d" -MT"src/helloworld.o" -o "src/helloworld.o" "../src/helloworld.c"
../src/helloworld.c:21:16: warning: 'packed' attribute ignored [-Wattributes]
 typedef struct uint24_t __attribute__((packed)) uint24_t;
                ^~~~~~~~
../src/helloworld.c: In function 'drawLine':
../src/helloworld.c:123:6: warning: implicit declaration of function 'abs' [-Wimplicit-function-declaration]
 dx = abs (x2-x1);
      ^~~
'Finished building: ../src/helloworld.c'
' '
'Building target: PongFunctionTests.elf'
'Invoking: ARM v7 gcc linker'
arm-none-eabi-gcc -mcpu=cortex-a9 -mfpu=vfpv3 -mfloat-abi=hard -Wl,-build-id=none -specs=Xilinx.spec -Wl,-T -Wl,../src/lscript.ld -L../../PongFunctionTests_bsp/ps7_cortexa9_0/lib -o "PongFunctionTests.elf"  ./src/helloworld.o ./src/platform.o   -Wl,--start-group,-lxil,-lgcc,-lc,--end-group
'Finished building target: PongFunctionTests.elf'
' '
'Invoking: ARM v7 Print Size'
arm-none-eabi-size PongFunctionTests.elf  |tee "PongFunctionTests.elf.size"
   text	   data	    bss	    dec	    hex	filename
  59004	   2584	  23808	  85396	  14d94	PongFunctionTests.elf
'Finished building: PongFunctionTests.elf.size'
' '
20:08:28 **** Incremental Build of configuration Debug for project PongFunctionTests ****
make pre-build main-build 
a9-linaro-pre-build-step
' '
make: Nothing to be done for 'main-build'.
20:15:18 **** Incremental Build of configuration Debug for project PongFunctionTests ****
make pre-build main-build 
a9-linaro-pre-build-step
' '
'Building file: ../src/helloworld.c'
'Invoking: ARM v7 gcc compiler'
arm-none-eabi-gcc -Wall -O0 -g3 -c -fmessage-length=0 -MT"src/helloworld.o" -mcpu=cortex-a9 -mfpu=vfpv3 -mfloat-abi=hard -I../../PongFunctionTests_bsp/ps7_cortexa9_0/include -MMD -MP -MF"src/helloworld.d" -MT"src/helloworld.o" -o "src/helloworld.o" "../src/helloworld.c"
../src/helloworld.c:21:16: warning: 'packed' attribute ignored [-Wattributes]
 typedef struct uint24_t __attribute__((packed)) uint24_t;
                ^~~~~~~~
../src/helloworld.c: In function 'drawLine':
../src/helloworld.c:123:6: warning: implicit declaration of function 'abs' [-Wimplicit-function-declaration]
 dx = abs (x2-x1);
      ^~~
'Finished building: ../src/helloworld.c'
' '
'Building target: PongFunctionTests.elf'
'Invoking: ARM v7 gcc linker'
arm-none-eabi-gcc -mcpu=cortex-a9 -mfpu=vfpv3 -mfloat-abi=hard -Wl,-build-id=none -specs=Xilinx.spec -Wl,-T -Wl,../src/lscript.ld -L../../PongFunctionTests_bsp/ps7_cortexa9_0/lib -o "PongFunctionTests.elf"  ./src/helloworld.o ./src/platform.o   -Wl,--start-group,-lxil,-lgcc,-lc,--end-group
'Finished building target: PongFunctionTests.elf'
' '
'Invoking: ARM v7 Print Size'
arm-none-eabi-size PongFunctionTests.elf  |tee "PongFunctionTests.elf.size"
   text	   data	    bss	    dec	    hex	filename
  59004	   2584	  23808	  85396	  14d94	PongFunctionTests.elf
'Finished building: PongFunctionTests.elf.size'
' '
20:15:34 **** Incremental Build of configuration Debug for project PongFunctionTests ****
make pre-build main-build 
a9-linaro-pre-build-step
' '
'Building file: ../src/helloworld.c'
'Invoking: ARM v7 gcc compiler'
arm-none-eabi-gcc -Wall -O0 -g3 -c -fmessage-length=0 -MT"src/helloworld.o" -mcpu=cortex-a9 -mfpu=vfpv3 -mfloat-abi=hard -I../../PongFunctionTests_bsp/ps7_cortexa9_0/include -MMD -MP -MF"src/helloworld.d" -MT"src/helloworld.o" -o "src/helloworld.o" "../src/helloworld.c"
../src/helloworld.c:21:16: warning: 'packed' attribute ignored [-Wattributes]
 typedef struct uint24_t __attribute__((packed)) uint24_t;
                ^~~~~~~~
../src/helloworld.c: In function 'drawLine':
../src/helloworld.c:123:6: warning: implicit declaration of function 'abs' [-Wimplicit-function-declaration]
 dx = abs (x2-x1);
      ^~~
'Finished building: ../src/helloworld.c'
' '
'Building target: PongFunctionTests.elf'
'Invoking: ARM v7 gcc linker'
arm-none-eabi-gcc -mcpu=cortex-a9 -mfpu=vfpv3 -mfloat-abi=hard -Wl,-build-id=none -specs=Xilinx.spec -Wl,-T -Wl,../src/lscript.ld -L../../PongFunctionTests_bsp/ps7_cortexa9_0/lib -o "PongFunctionTests.elf"  ./src/helloworld.o ./src/platform.o   -Wl,--start-group,-lxil,-lgcc,-lc,--end-group
'Finished building target: PongFunctionTests.elf'
' '
'Invoking: ARM v7 Print Size'
arm-none-eabi-size PongFunctionTests.elf  |tee "PongFunctionTests.elf.size"
   text	   data	    bss	    dec	    hex	filename
  59004	   2584	  23808	  85396	  14d94	PongFunctionTests.elf
'Finished building: PongFunctionTests.elf.size'
' '
20:15:50 **** Incremental Build of configuration Debug for project PongFunctionTests ****
make pre-build main-build 
a9-linaro-pre-build-step
' '
'Building file: ../src/helloworld.c'
'Invoking: ARM v7 gcc compiler'
arm-none-eabi-gcc -Wall -O0 -g3 -c -fmessage-length=0 -MT"src/helloworld.o" -mcpu=cortex-a9 -mfpu=vfpv3 -mfloat-abi=hard -I../../PongFunctionTests_bsp/ps7_cortexa9_0/include -MMD -MP -MF"src/helloworld.d" -MT"src/helloworld.o" -o "src/helloworld.o" "../src/helloworld.c"
../src/helloworld.c:21:16: warning: 'packed' attribute ignored [-Wattributes]
 typedef struct uint24_t __attribute__((packed)) uint24_t;
                ^~~~~~~~
../src/helloworld.c: In function 'drawLine':
../src/helloworld.c:123:6: warning: implicit declaration of function 'abs' [-Wimplicit-function-declaration]
 dx = abs (x2-x1);
      ^~~
'Finished building: ../src/helloworld.c'
' '
'Building target: PongFunctionTests.elf'
'Invoking: ARM v7 gcc linker'
arm-none-eabi-gcc -mcpu=cortex-a9 -mfpu=vfpv3 -mfloat-abi=hard -Wl,-build-id=none -specs=Xilinx.spec -Wl,-T -Wl,../src/lscript.ld -L../../PongFunctionTests_bsp/ps7_cortexa9_0/lib -o "PongFunctionTests.elf"  ./src/helloworld.o ./src/platform.o   -Wl,--start-group,-lxil,-lgcc,-lc,--end-group
'Finished building target: PongFunctionTests.elf'
' '
'Invoking: ARM v7 Print Size'
arm-none-eabi-size PongFunctionTests.elf  |tee "PongFunctionTests.elf.size"
   text	   data	    bss	    dec	    hex	filename
  59004	   2584	  23808	  85396	  14d94	PongFunctionTests.elf
'Finished building: PongFunctionTests.elf.size'
' '
20:18:10 **** Incremental Build of configuration Debug for project PongFunctionTests ****
make pre-build main-build 
a9-linaro-pre-build-step
' '
'Building file: ../src/helloworld.c'
'Invoking: ARM v7 gcc compiler'
arm-none-eabi-gcc -Wall -O0 -g3 -c -fmessage-length=0 -MT"src/helloworld.o" -mcpu=cortex-a9 -mfpu=vfpv3 -mfloat-abi=hard -I../../PongFunctionTests_bsp/ps7_cortexa9_0/include -MMD -MP -MF"src/helloworld.d" -MT"src/helloworld.o" -o "src/helloworld.o" "../src/helloworld.c"
../src/helloworld.c:21:16: warning: 'packed' attribute ignored [-Wattributes]
 typedef struct uint24_t __attribute__((packed)) uint24_t;
                ^~~~~~~~
../src/helloworld.c: In function 'drawLine':
../src/helloworld.c:123:6: warning: implicit declaration of function 'abs' [-Wimplicit-function-declaration]
 dx = abs (x2-x1);
      ^~~
'Finished building: ../src/helloworld.c'
' '
'Building target: PongFunctionTests.elf'
'Invoking: ARM v7 gcc linker'
arm-none-eabi-gcc -mcpu=cortex-a9 -mfpu=vfpv3 -mfloat-abi=hard -Wl,-build-id=none -specs=Xilinx.spec -Wl,-T -Wl,../src/lscript.ld -L../../PongFunctionTests_bsp/ps7_cortexa9_0/lib -o "PongFunctionTests.elf"  ./src/helloworld.o ./src/platform.o   -Wl,--start-group,-lxil,-lgcc,-lc,--end-group
'Finished building target: PongFunctionTests.elf'
' '
'Invoking: ARM v7 Print Size'
arm-none-eabi-size PongFunctionTests.elf  |tee "PongFunctionTests.elf.size"
   text	   data	    bss	    dec	    hex	filename
  59004	   2584	  23808	  85396	  14d94	PongFunctionTests.elf
'Finished building: PongFunctionTests.elf.size'
' '
20:18:46 **** Incremental Build of configuration Debug for project PongFunctionTests ****
make pre-build main-build 
a9-linaro-pre-build-step
' '
'Building file: ../src/helloworld.c'
'Invoking: ARM v7 gcc compiler'
arm-none-eabi-gcc -Wall -O0 -g3 -c -fmessage-length=0 -MT"src/helloworld.o" -mcpu=cortex-a9 -mfpu=vfpv3 -mfloat-abi=hard -I../../PongFunctionTests_bsp/ps7_cortexa9_0/include -MMD -MP -MF"src/helloworld.d" -MT"src/helloworld.o" -o "src/helloworld.o" "../src/helloworld.c"
../src/helloworld.c:21:16: warning: 'packed' attribute ignored [-Wattributes]
 typedef struct uint24_t __attribute__((packed)) uint24_t;
                ^~~~~~~~
../src/helloworld.c: In function 'drawGame':
../src/helloworld.c:199: error: unterminated argument list invoking macro "WS2812_mWriteReg"
 }
 
../src/helloworld.c:102:4: error: 'WS2812_mWriteReg' undeclared (first use in this function)
    WS2812_mWriteReg(WS2812ADR,((x*4)+((y*32)), data);
    ^~~~~~~~~~~~~~~~
../src/helloworld.c:102:4: note: each undeclared identifier is reported only once for each function it appears in
../src/helloworld.c:102:20: error: expected ';' at end of input
    WS2812_mWriteReg(WS2812ADR,((x*4)+((y*32)), data);
                    ^
                    ;
../src/helloworld.c:199:
 }
                     
../src/helloworld.c:102:4: error: expected declaration or statement at end of input
    WS2812_mWriteReg(WS2812ADR,((x*4)+((y*32)), data);
    ^~~~~~~~~~~~~~~~
../src/helloworld.c:101:8: warning: unused variable 'data' [-Wunused-variable]
    int data = (colourArray[y][x].green << 16) + (colourArray[y][x].red << 8) + colourArray[y][x].blue;
        ^~~~
../src/helloworld.c:102:4: error: expected declaration or statement at end of input
    WS2812_mWriteReg(WS2812ADR,((x*4)+((y*32)), data);
    ^~~~~~~~~~~~~~~~
../src/helloworld.c:102:4: error: expected declaration or statement at end of input
make: *** [src/subdir.mk:26: src/helloworld.o] Error 1
20:19:03 **** Incremental Build of configuration Debug for project PongFunctionTests ****
make pre-build main-build 
a9-linaro-pre-build-step
' '
'Building file: ../src/helloworld.c'
'Invoking: ARM v7 gcc compiler'
arm-none-eabi-gcc -Wall -O0 -g3 -c -fmessage-length=0 -MT"src/helloworld.o" -mcpu=cortex-a9 -mfpu=vfpv3 -mfloat-abi=hard -I../../PongFunctionTests_bsp/ps7_cortexa9_0/include -MMD -MP -MF"src/helloworld.d" -MT"src/helloworld.o" -o "src/helloworld.o" "../src/helloworld.c"
../src/helloworld.c:21:16: warning: 'packed' attribute ignored [-Wattributes]
 typedef struct uint24_t __attribute__((packed)) uint24_t;
                ^~~~~~~~
../src/helloworld.c: In function 'drawLine':
../src/helloworld.c:123:6: warning: implicit declaration of function 'abs' [-Wimplicit-function-declaration]
 dx = abs (x2-x1);
      ^~~
'Finished building: ../src/helloworld.c'
' '
'Building target: PongFunctionTests.elf'
'Invoking: ARM v7 gcc linker'
arm-none-eabi-gcc -mcpu=cortex-a9 -mfpu=vfpv3 -mfloat-abi=hard -Wl,-build-id=none -specs=Xilinx.spec -Wl,-T -Wl,../src/lscript.ld -L../../PongFunctionTests_bsp/ps7_cortexa9_0/lib -o "PongFunctionTests.elf"  ./src/helloworld.o ./src/platform.o   -Wl,--start-group,-lxil,-lgcc,-lc,--end-group
'Finished building target: PongFunctionTests.elf'
' '
'Invoking: ARM v7 Print Size'
arm-none-eabi-size PongFunctionTests.elf  |tee "PongFunctionTests.elf.size"
   text	   data	    bss	    dec	    hex	filename
  59004	   2584	  23808	  85396	  14d94	PongFunctionTests.elf
'Finished building: PongFunctionTests.elf.size'
' '
20:24:10 **** Incremental Build of configuration Debug for project PongFunctionTests ****
make pre-build main-build 
a9-linaro-pre-build-step
' '
'Building file: ../src/helloworld.c'
'Invoking: ARM v7 gcc compiler'
arm-none-eabi-gcc -Wall -O0 -g3 -c -fmessage-length=0 -MT"src/helloworld.o" -mcpu=cortex-a9 -mfpu=vfpv3 -mfloat-abi=hard -I../../PongFunctionTests_bsp/ps7_cortexa9_0/include -MMD -MP -MF"src/helloworld.d" -MT"src/helloworld.o" -o "src/helloworld.o" "../src/helloworld.c"
../src/helloworld.c:21:16: warning: 'packed' attribute ignored [-Wattributes]
 typedef struct uint24_t __attribute__((packed)) uint24_t;
                ^~~~~~~~
../src/helloworld.c: In function 'drawLine':
../src/helloworld.c:130:6: warning: implicit declaration of function 'abs' [-Wimplicit-function-declaration]
 dx = abs (x2-x1);
      ^~~
'Finished building: ../src/helloworld.c'
' '
'Building target: PongFunctionTests.elf'
'Invoking: ARM v7 gcc linker'
arm-none-eabi-gcc -mcpu=cortex-a9 -mfpu=vfpv3 -mfloat-abi=hard -Wl,-build-id=none -specs=Xilinx.spec -Wl,-T -Wl,../src/lscript.ld -L../../PongFunctionTests_bsp/ps7_cortexa9_0/lib -o "PongFunctionTests.elf"  ./src/helloworld.o ./src/platform.o   -Wl,--start-group,-lxil,-lgcc,-lc,--end-group
'Finished building target: PongFunctionTests.elf'
' '
'Invoking: ARM v7 Print Size'
arm-none-eabi-size PongFunctionTests.elf  |tee "PongFunctionTests.elf.size"
   text	   data	    bss	    dec	    hex	filename
  59132	   2584	  23808	  85524	  14e14	PongFunctionTests.elf
'Finished building: PongFunctionTests.elf.size'
' '
20:24:31 **** Incremental Build of configuration Debug for project PongFunctionTests ****
make pre-build main-build 
a9-linaro-pre-build-step
' '
'Building file: ../src/helloworld.c'
'Invoking: ARM v7 gcc compiler'
arm-none-eabi-gcc -Wall -O0 -g3 -c -fmessage-length=0 -MT"src/helloworld.o" -mcpu=cortex-a9 -mfpu=vfpv3 -mfloat-abi=hard -I../../PongFunctionTests_bsp/ps7_cortexa9_0/include -MMD -MP -MF"src/helloworld.d" -MT"src/helloworld.o" -o "src/helloworld.o" "../src/helloworld.c"
../src/helloworld.c:21:16: warning: 'packed' attribute ignored [-Wattributes]
 typedef struct uint24_t __attribute__((packed)) uint24_t;
                ^~~~~~~~
../src/helloworld.c: In function 'drawLine':
../src/helloworld.c:123:6: warning: implicit declaration of function 'abs' [-Wimplicit-function-declaration]
 dx = abs (x2-x1);
      ^~~
'Finished building: ../src/helloworld.c'
' '
'Building target: PongFunctionTests.elf'
'Invoking: ARM v7 gcc linker'
arm-none-eabi-gcc -mcpu=cortex-a9 -mfpu=vfpv3 -mfloat-abi=hard -Wl,-build-id=none -specs=Xilinx.spec -Wl,-T -Wl,../src/lscript.ld -L../../PongFunctionTests_bsp/ps7_cortexa9_0/lib -o "PongFunctionTests.elf"  ./src/helloworld.o ./src/platform.o   -Wl,--start-group,-lxil,-lgcc,-lc,--end-group
'Finished building target: PongFunctionTests.elf'
' '
'Invoking: ARM v7 Print Size'
arm-none-eabi-size PongFunctionTests.elf  |tee "PongFunctionTests.elf.size"
   text	   data	    bss	    dec	    hex	filename
  59004	   2584	  23808	  85396	  14d94	PongFunctionTests.elf
'Finished building: PongFunctionTests.elf.size'
' '
20:25:20 **** Incremental Build of configuration Debug for project PongFunctionTests ****
make pre-build main-build 
a9-linaro-pre-build-step
' '
'Building file: ../src/helloworld.c'
'Invoking: ARM v7 gcc compiler'
arm-none-eabi-gcc -Wall -O0 -g3 -c -fmessage-length=0 -MT"src/helloworld.o" -mcpu=cortex-a9 -mfpu=vfpv3 -mfloat-abi=hard -I../../PongFunctionTests_bsp/ps7_cortexa9_0/include -MMD -MP -MF"src/helloworld.d" -MT"src/helloworld.o" -o "src/helloworld.o" "../src/helloworld.c"
../src/helloworld.c:21:16: warning: 'packed' attribute ignored [-Wattributes]
 typedef struct uint24_t __attribute__((packed)) uint24_t;
                ^~~~~~~~
../src/helloworld.c: In function 'drawLine':
../src/helloworld.c:123:6: warning: implicit declaration of function 'abs' [-Wimplicit-function-declaration]
 dx = abs (x2-x1);
      ^~~
'Finished building: ../src/helloworld.c'
' '
'Building target: PongFunctionTests.elf'
'Invoking: ARM v7 gcc linker'
arm-none-eabi-gcc -mcpu=cortex-a9 -mfpu=vfpv3 -mfloat-abi=hard -Wl,-build-id=none -specs=Xilinx.spec -Wl,-T -Wl,../src/lscript.ld -L../../PongFunctionTests_bsp/ps7_cortexa9_0/lib -o "PongFunctionTests.elf"  ./src/helloworld.o ./src/platform.o   -Wl,--start-group,-lxil,-lgcc,-lc,--end-group
'Finished building target: PongFunctionTests.elf'
' '
'Invoking: ARM v7 Print Size'
arm-none-eabi-size PongFunctionTests.elf  |tee "PongFunctionTests.elf.size"
   text	   data	    bss	    dec	    hex	filename
  59004	   2584	  23808	  85396	  14d94	PongFunctionTests.elf
'Finished building: PongFunctionTests.elf.size'
' '
20:38:12 **** Incremental Build of configuration Debug for project PongFunctionTests ****
make pre-build main-build 
a9-linaro-pre-build-step
' '
'Building file: ../src/helloworld.c'
'Invoking: ARM v7 gcc compiler'
arm-none-eabi-gcc -Wall -O0 -g3 -c -fmessage-length=0 -MT"src/helloworld.o" -mcpu=cortex-a9 -mfpu=vfpv3 -mfloat-abi=hard -I../../PongFunctionTests_bsp/ps7_cortexa9_0/include -MMD -MP -MF"src/helloworld.d" -MT"src/helloworld.o" -o "src/helloworld.o" "../src/helloworld.c"
../src/helloworld.c:21:16: warning: 'packed' attribute ignored [-Wattributes]
 typedef struct uint24_t __attribute__((packed)) uint24_t;
                ^~~~~~~~
../src/helloworld.c: In function 'drawLine':
../src/helloworld.c:123:6: warning: implicit declaration of function 'abs' [-Wimplicit-function-declaration]
 dx = abs (x2-x1);
      ^~~
'Finished building: ../src/helloworld.c'
' '
'Building target: PongFunctionTests.elf'
'Invoking: ARM v7 gcc linker'
arm-none-eabi-gcc -mcpu=cortex-a9 -mfpu=vfpv3 -mfloat-abi=hard -Wl,-build-id=none -specs=Xilinx.spec -Wl,-T -Wl,../src/lscript.ld -L../../PongFunctionTests_bsp/ps7_cortexa9_0/lib -o "PongFunctionTests.elf"  ./src/helloworld.o ./src/platform.o   -Wl,--start-group,-lxil,-lgcc,-lc,--end-group
'Finished building target: PongFunctionTests.elf'
' '
'Invoking: ARM v7 Print Size'
arm-none-eabi-size PongFunctionTests.elf  |tee "PongFunctionTests.elf.size"
   text	   data	    bss	    dec	    hex	filename
  59004	   2584	  23808	  85396	  14d94	PongFunctionTests.elf
'Finished building: PongFunctionTests.elf.size'
' '
20:38:27 **** Incremental Build of configuration Debug for project PongFunctionTests ****
make pre-build main-build 
a9-linaro-pre-build-step
' '
'Building file: ../src/helloworld.c'
'Invoking: ARM v7 gcc compiler'
arm-none-eabi-gcc -Wall -O0 -g3 -c -fmessage-length=0 -MT"src/helloworld.o" -mcpu=cortex-a9 -mfpu=vfpv3 -mfloat-abi=hard -I../../PongFunctionTests_bsp/ps7_cortexa9_0/include -MMD -MP -MF"src/helloworld.d" -MT"src/helloworld.o" -o "src/helloworld.o" "../src/helloworld.c"
../src/helloworld.c:21:16: warning: 'packed' attribute ignored [-Wattributes]
 typedef struct uint24_t __attribute__((packed)) uint24_t;
                ^~~~~~~~
../src/helloworld.c: In function 'drawLine':
../src/helloworld.c:123:6: warning: implicit declaration of function 'abs' [-Wimplicit-function-declaration]
 dx = abs (x2-x1);
      ^~~
'Finished building: ../src/helloworld.c'
' '
'Building target: PongFunctionTests.elf'
'Invoking: ARM v7 gcc linker'
arm-none-eabi-gcc -mcpu=cortex-a9 -mfpu=vfpv3 -mfloat-abi=hard -Wl,-build-id=none -specs=Xilinx.spec -Wl,-T -Wl,../src/lscript.ld -L../../PongFunctionTests_bsp/ps7_cortexa9_0/lib -o "PongFunctionTests.elf"  ./src/helloworld.o ./src/platform.o   -Wl,--start-group,-lxil,-lgcc,-lc,--end-group
'Finished building target: PongFunctionTests.elf'
' '
'Invoking: ARM v7 Print Size'
arm-none-eabi-size PongFunctionTests.elf  |tee "PongFunctionTests.elf.size"
   text	   data	    bss	    dec	    hex	filename
  59004	   2584	  23808	  85396	  14d94	PongFunctionTests.elf
'Finished building: PongFunctionTests.elf.size'
' '
20:40:41 **** Incremental Build of configuration Debug for project PongFunctionTests ****
make pre-build main-build 
a9-linaro-pre-build-step
' '
make: Nothing to be done for 'main-build'.
20:41:21 **** Incremental Build of configuration Debug for project PongFunctionTests ****
make pre-build main-build 
a9-linaro-pre-build-step
' '
make: Nothing to be done for 'main-build'.
20:43:17 **** Incremental Build of configuration Debug for project PongFunctionTests ****
make pre-build main-build 
a9-linaro-pre-build-step
' '
make: Nothing to be done for 'main-build'.
20:44:34 **** Incremental Build of configuration Debug for project PongFunctionTests ****
make pre-build main-build 
a9-linaro-pre-build-step
' '
'Building file: ../src/helloworld.c'
'Invoking: ARM v7 gcc compiler'
arm-none-eabi-gcc -Wall -O0 -g3 -c -fmessage-length=0 -MT"src/helloworld.o" -mcpu=cortex-a9 -mfpu=vfpv3 -mfloat-abi=hard -I../../PongFunctionTests_bsp/ps7_cortexa9_0/include -MMD -MP -MF"src/helloworld.d" -MT"src/helloworld.o" -o "src/helloworld.o" "../src/helloworld.c"
../src/helloworld.c:21:16: warning: 'packed' attribute ignored [-Wattributes]
 typedef struct uint24_t __attribute__((packed)) uint24_t;
                ^~~~~~~~
../src/helloworld.c: In function 'drawLine':
../src/helloworld.c:116:6: warning: implicit declaration of function 'abs' [-Wimplicit-function-declaration]
 dx = abs (x2-x1);
      ^~~
'Finished building: ../src/helloworld.c'
' '
'Building target: PongFunctionTests.elf'
'Invoking: ARM v7 gcc linker'
arm-none-eabi-gcc -mcpu=cortex-a9 -mfpu=vfpv3 -mfloat-abi=hard -Wl,-build-id=none -specs=Xilinx.spec -Wl,-T -Wl,../src/lscript.ld -L../../PongFunctionTests_bsp/ps7_cortexa9_0/lib -o "PongFunctionTests.elf"  ./src/helloworld.o ./src/platform.o   -Wl,--start-group,-lxil,-lgcc,-lc,--end-group
'Finished building target: PongFunctionTests.elf'
' '
'Invoking: ARM v7 Print Size'
arm-none-eabi-size PongFunctionTests.elf  |tee "PongFunctionTests.elf.size"
   text	   data	    bss	    dec	    hex	filename
  58748	   2584	  23808	  85140	  14c94	PongFunctionTests.elf
'Finished building: PongFunctionTests.elf.size'
' '
20:46:52 **** Incremental Build of configuration Debug for project PongFunctionTests ****
make pre-build main-build 
a9-linaro-pre-build-step
' '
'Building file: ../src/helloworld.c'
'Invoking: ARM v7 gcc compiler'
arm-none-eabi-gcc -Wall -O0 -g3 -c -fmessage-length=0 -MT"src/helloworld.o" -mcpu=cortex-a9 -mfpu=vfpv3 -mfloat-abi=hard -I../../PongFunctionTests_bsp/ps7_cortexa9_0/include -MMD -MP -MF"src/helloworld.d" -MT"src/helloworld.o" -o "src/helloworld.o" "../src/helloworld.c"
../src/helloworld.c:21:16: warning: 'packed' attribute ignored [-Wattributes]
 typedef struct uint24_t __attribute__((packed)) uint24_t;
                ^~~~~~~~
../src/helloworld.c: In function 'drawLine':
../src/helloworld.c:124:6: warning: implicit declaration of function 'abs' [-Wimplicit-function-declaration]
 dx = abs (x2-x1);
      ^~~
'Finished building: ../src/helloworld.c'
' '
'Building target: PongFunctionTests.elf'
'Invoking: ARM v7 gcc linker'
arm-none-eabi-gcc -mcpu=cortex-a9 -mfpu=vfpv3 -mfloat-abi=hard -Wl,-build-id=none -specs=Xilinx.spec -Wl,-T -Wl,../src/lscript.ld -L../../PongFunctionTests_bsp/ps7_cortexa9_0/lib -o "PongFunctionTests.elf"  ./src/helloworld.o ./src/platform.o   -Wl,--start-group,-lxil,-lgcc,-lc,--end-group
'Finished building target: PongFunctionTests.elf'
' '
'Invoking: ARM v7 Print Size'
arm-none-eabi-size PongFunctionTests.elf  |tee "PongFunctionTests.elf.size"
   text	   data	    bss	    dec	    hex	filename
  59004	   2584	  23808	  85396	  14d94	PongFunctionTests.elf
'Finished building: PongFunctionTests.elf.size'
' '
20:49:15 **** Incremental Build of configuration Debug for project PongFunctionTests ****
make pre-build main-build 
a9-linaro-pre-build-step
' '
'Building file: ../src/helloworld.c'
'Invoking: ARM v7 gcc compiler'
arm-none-eabi-gcc -Wall -O0 -g3 -c -fmessage-length=0 -MT"src/helloworld.o" -mcpu=cortex-a9 -mfpu=vfpv3 -mfloat-abi=hard -I../../PongFunctionTests_bsp/ps7_cortexa9_0/include -MMD -MP -MF"src/helloworld.d" -MT"src/helloworld.o" -o "src/helloworld.o" "../src/helloworld.c"
../src/helloworld.c:21:16: warning: 'packed' attribute ignored [-Wattributes]
 typedef struct uint24_t __attribute__((packed)) uint24_t;
                ^~~~~~~~
../src/helloworld.c: In function 'main':
../src/helloworld.c:49:5: error: 'BallX' undeclared (first use in this function)
     BallX=4;//rand(4)+2;  //X staat van links boven 0 naar Rechts 7
     ^~~~~
../src/helloworld.c:49:5: note: each undeclared identifier is reported only once for each function it appears in
../src/helloworld.c:50:2: error: 'BallY' undeclared (first use in this function)
  BallY=4;//rand(7);    //Y Staat van boven 0 naar beneden 7
  ^~~~~
../src/helloworld.c: In function 'updateGame':
../src/helloworld.c:74:18: error: 'BallX' undeclared (first use in this function)
     BallPixelX = BallX + BallMovex;
                  ^~~~~
../src/helloworld.c:75:18: error: 'BallY' undeclared (first use in this function)
     BallPixelY = BallY + BallMovey;
                  ^~~~~
../src/helloworld.c: In function 'initPongLevel':
../src/helloworld.c:92:12: error: 'BallX' undeclared (first use in this function)
  drawPixel(BallX,BallY);
            ^~~~~
../src/helloworld.c:92:18: error: 'BallY' undeclared (first use in this function)
  drawPixel(BallX,BallY);
                  ^~~~~
../src/helloworld.c: In function 'drawLine':
../src/helloworld.c:124:6: warning: implicit declaration of function 'abs' [-Wimplicit-function-declaration]
 dx = abs (x2-x1);
      ^~~
make: *** [src/subdir.mk:26: src/helloworld.o] Error 1
20:49:28 **** Incremental Build of configuration Debug for project PongFunctionTests ****
make pre-build main-build 
a9-linaro-pre-build-step
' '
'Building file: ../src/helloworld.c'
'Invoking: ARM v7 gcc compiler'
arm-none-eabi-gcc -Wall -O0 -g3 -c -fmessage-length=0 -MT"src/helloworld.o" -mcpu=cortex-a9 -mfpu=vfpv3 -mfloat-abi=hard -I../../PongFunctionTests_bsp/ps7_cortexa9_0/include -MMD -MP -MF"src/helloworld.d" -MT"src/helloworld.o" -o "src/helloworld.o" "../src/helloworld.c"
../src/helloworld.c:21:16: warning: 'packed' attribute ignored [-Wattributes]
 typedef struct uint24_t __attribute__((packed)) uint24_t;
                ^~~~~~~~
../src/helloworld.c: In function 'updateGame':
../src/helloworld.c:74:18: error: 'BallX' undeclared (first use in this function)
     BallPixelX = BallX + BallMovex;
                  ^~~~~
../src/helloworld.c:74:18: note: each undeclared identifier is reported only once for each function it appears in
../src/helloworld.c:75:18: error: 'BallY' undeclared (first use in this function)
     BallPixelY = BallY + BallMovey;
                  ^~~~~
../src/helloworld.c: In function 'initPongLevel':
../src/helloworld.c:92:12: error: 'BallX' undeclared (first use in this function)
  drawPixel(BallX,BallY);
            ^~~~~
../src/helloworld.c:92:18: error: 'BallY' undeclared (first use in this function)
  drawPixel(BallX,BallY);
                  ^~~~~
../src/helloworld.c: In function 'drawLine':
../src/helloworld.c:124:6: warning: implicit declaration of function 'abs' [-Wimplicit-function-declaration]
 dx = abs (x2-x1);
      ^~~
make: *** [src/subdir.mk:26: src/helloworld.o] Error 1
20:50:42 **** Incremental Build of configuration Debug for project PongFunctionTests ****
make pre-build main-build 
a9-linaro-pre-build-step
' '
'Building file: ../src/helloworld.c'
'Invoking: ARM v7 gcc compiler'
arm-none-eabi-gcc -Wall -O0 -g3 -c -fmessage-length=0 -MT"src/helloworld.o" -mcpu=cortex-a9 -mfpu=vfpv3 -mfloat-abi=hard -I../../PongFunctionTests_bsp/ps7_cortexa9_0/include -MMD -MP -MF"src/helloworld.d" -MT"src/helloworld.o" -o "src/helloworld.o" "../src/helloworld.c"
../src/helloworld.c:21:16: warning: 'packed' attribute ignored [-Wattributes]
 typedef struct uint24_t __attribute__((packed)) uint24_t;
                ^~~~~~~~
../src/helloworld.c: In function 'updateGame':
../src/helloworld.c:74:18: error: 'BallX' undeclared (first use in this function)
     BallPixelX = BallX + BallMovex;
                  ^~~~~
../src/helloworld.c:74:18: note: each undeclared identifier is reported only once for each function it appears in
../src/helloworld.c:75:18: error: 'BallY' undeclared (first use in this function)
     BallPixelY = BallY + BallMovey;
                  ^~~~~
../src/helloworld.c: In function 'drawLine':
../src/helloworld.c:124:6: warning: implicit declaration of function 'abs' [-Wimplicit-function-declaration]
 dx = abs (x2-x1);
      ^~~
make: *** [src/subdir.mk:26: src/helloworld.o] Error 1
20:50:54 **** Incremental Build of configuration Debug for project PongFunctionTests ****
make pre-build main-build 
a9-linaro-pre-build-step
' '
'Building file: ../src/helloworld.c'
'Invoking: ARM v7 gcc compiler'
arm-none-eabi-gcc -Wall -O0 -g3 -c -fmessage-length=0 -MT"src/helloworld.o" -mcpu=cortex-a9 -mfpu=vfpv3 -mfloat-abi=hard -I../../PongFunctionTests_bsp/ps7_cortexa9_0/include -MMD -MP -MF"src/helloworld.d" -MT"src/helloworld.o" -o "src/helloworld.o" "../src/helloworld.c"
../src/helloworld.c:21:16: warning: 'packed' attribute ignored [-Wattributes]
 typedef struct uint24_t __attribute__((packed)) uint24_t;
                ^~~~~~~~
../src/helloworld.c: In function 'drawLine':
../src/helloworld.c:124:6: warning: implicit declaration of function 'abs' [-Wimplicit-function-declaration]
 dx = abs (x2-x1);
      ^~~
'Finished building: ../src/helloworld.c'
' '
'Building target: PongFunctionTests.elf'
'Invoking: ARM v7 gcc linker'
arm-none-eabi-gcc -mcpu=cortex-a9 -mfpu=vfpv3 -mfloat-abi=hard -Wl,-build-id=none -specs=Xilinx.spec -Wl,-T -Wl,../src/lscript.ld -L../../PongFunctionTests_bsp/ps7_cortexa9_0/lib -o "PongFunctionTests.elf"  ./src/helloworld.o ./src/platform.o   -Wl,--start-group,-lxil,-lgcc,-lc,--end-group
'Finished building target: PongFunctionTests.elf'
' '
'Invoking: ARM v7 Print Size'
arm-none-eabi-size PongFunctionTests.elf  |tee "PongFunctionTests.elf.size"
   text	   data	    bss	    dec	    hex	filename
  59004	   2584	  23808	  85396	  14d94	PongFunctionTests.elf
'Finished building: PongFunctionTests.elf.size'
' '
20:52:00 **** Incremental Build of configuration Debug for project PongFunctionTests ****
make pre-build main-build 
a9-linaro-pre-build-step
' '
'Building file: ../src/helloworld.c'
'Invoking: ARM v7 gcc compiler'
arm-none-eabi-gcc -Wall -O0 -g3 -c -fmessage-length=0 -MT"src/helloworld.o" -mcpu=cortex-a9 -mfpu=vfpv3 -mfloat-abi=hard -I../../PongFunctionTests_bsp/ps7_cortexa9_0/include -MMD -MP -MF"src/helloworld.d" -MT"src/helloworld.o" -o "src/helloworld.o" "../src/helloworld.c"
../src/helloworld.c:21:16: warning: 'packed' attribute ignored [-Wattributes]
 typedef struct uint24_t __attribute__((packed)) uint24_t;
                ^~~~~~~~
../src/helloworld.c: In function 'drawLine':
../src/helloworld.c:124:6: warning: implicit declaration of function 'abs' [-Wimplicit-function-declaration]
 dx = abs (x2-x1);
      ^~~
'Finished building: ../src/helloworld.c'
' '
'Building target: PongFunctionTests.elf'
'Invoking: ARM v7 gcc linker'
arm-none-eabi-gcc -mcpu=cortex-a9 -mfpu=vfpv3 -mfloat-abi=hard -Wl,-build-id=none -specs=Xilinx.spec -Wl,-T -Wl,../src/lscript.ld -L../../PongFunctionTests_bsp/ps7_cortexa9_0/lib -o "PongFunctionTests.elf"  ./src/helloworld.o ./src/platform.o   -Wl,--start-group,-lxil,-lgcc,-lc,--end-group
'Finished building target: PongFunctionTests.elf'
' '
'Invoking: ARM v7 Print Size'
arm-none-eabi-size PongFunctionTests.elf  |tee "PongFunctionTests.elf.size"
   text	   data	    bss	    dec	    hex	filename
  59004	   2584	  23808	  85396	  14d94	PongFunctionTests.elf
'Finished building: PongFunctionTests.elf.size'
' '
20:53:31 **** Incremental Build of configuration Debug for project PongFunctionTests ****
make pre-build main-build 
a9-linaro-pre-build-step
' '
'Building file: ../src/helloworld.c'
'Invoking: ARM v7 gcc compiler'
arm-none-eabi-gcc -Wall -O0 -g3 -c -fmessage-length=0 -MT"src/helloworld.o" -mcpu=cortex-a9 -mfpu=vfpv3 -mfloat-abi=hard -I../../PongFunctionTests_bsp/ps7_cortexa9_0/include -MMD -MP -MF"src/helloworld.d" -MT"src/helloworld.o" -o "src/helloworld.o" "../src/helloworld.c"
../src/helloworld.c:21:16: warning: 'packed' attribute ignored [-Wattributes]
 typedef struct uint24_t __attribute__((packed)) uint24_t;
                ^~~~~~~~
../src/helloworld.c: In function 'drawLine':
../src/helloworld.c:124:6: warning: implicit declaration of function 'abs' [-Wimplicit-function-declaration]
 dx = abs (x2-x1);
      ^~~
'Finished building: ../src/helloworld.c'
' '
'Building target: PongFunctionTests.elf'
'Invoking: ARM v7 gcc linker'
arm-none-eabi-gcc -mcpu=cortex-a9 -mfpu=vfpv3 -mfloat-abi=hard -Wl,-build-id=none -specs=Xilinx.spec -Wl,-T -Wl,../src/lscript.ld -L../../PongFunctionTests_bsp/ps7_cortexa9_0/lib -o "PongFunctionTests.elf"  ./src/helloworld.o ./src/platform.o   -Wl,--start-group,-lxil,-lgcc,-lc,--end-group
'Finished building target: PongFunctionTests.elf'
' '
'Invoking: ARM v7 Print Size'
arm-none-eabi-size PongFunctionTests.elf  |tee "PongFunctionTests.elf.size"
   text	   data	    bss	    dec	    hex	filename
  59004	   2584	  23808	  85396	  14d94	PongFunctionTests.elf
'Finished building: PongFunctionTests.elf.size'
' '
20:54:29 **** Incremental Build of configuration Debug for project PongFunctionTests ****
make pre-build main-build 
a9-linaro-pre-build-step
' '
'Building file: ../src/helloworld.c'
'Invoking: ARM v7 gcc compiler'
arm-none-eabi-gcc -Wall -O0 -g3 -c -fmessage-length=0 -MT"src/helloworld.o" -mcpu=cortex-a9 -mfpu=vfpv3 -mfloat-abi=hard -I../../PongFunctionTests_bsp/ps7_cortexa9_0/include -MMD -MP -MF"src/helloworld.d" -MT"src/helloworld.o" -o "src/helloworld.o" "../src/helloworld.c"
../src/helloworld.c:21:16: warning: 'packed' attribute ignored [-Wattributes]
 typedef struct uint24_t __attribute__((packed)) uint24_t;
                ^~~~~~~~
../src/helloworld.c: In function 'drawLine':
../src/helloworld.c:124:6: warning: implicit declaration of function 'abs' [-Wimplicit-function-declaration]
 dx = abs (x2-x1);
      ^~~
'Finished building: ../src/helloworld.c'
' '
'Building target: PongFunctionTests.elf'
'Invoking: ARM v7 gcc linker'
arm-none-eabi-gcc -mcpu=cortex-a9 -mfpu=vfpv3 -mfloat-abi=hard -Wl,-build-id=none -specs=Xilinx.spec -Wl,-T -Wl,../src/lscript.ld -L../../PongFunctionTests_bsp/ps7_cortexa9_0/lib -o "PongFunctionTests.elf"  ./src/helloworld.o ./src/platform.o   -Wl,--start-group,-lxil,-lgcc,-lc,--end-group
'Finished building target: PongFunctionTests.elf'
' '
'Invoking: ARM v7 Print Size'
arm-none-eabi-size PongFunctionTests.elf  |tee "PongFunctionTests.elf.size"
   text	   data	    bss	    dec	    hex	filename
  58876	   2584	  23808	  85268	  14d14	PongFunctionTests.elf
'Finished building: PongFunctionTests.elf.size'
' '
20:55:21 **** Incremental Build of configuration Debug for project PongFunctionTests ****
make pre-build main-build 
a9-linaro-pre-build-step
' '
'Building file: ../src/helloworld.c'
'Invoking: ARM v7 gcc compiler'
arm-none-eabi-gcc -Wall -O0 -g3 -c -fmessage-length=0 -MT"src/helloworld.o" -mcpu=cortex-a9 -mfpu=vfpv3 -mfloat-abi=hard -I../../PongFunctionTests_bsp/ps7_cortexa9_0/include -MMD -MP -MF"src/helloworld.d" -MT"src/helloworld.o" -o "src/helloworld.o" "../src/helloworld.c"
../src/helloworld.c:21:16: warning: 'packed' attribute ignored [-Wattributes]
 typedef struct uint24_t __attribute__((packed)) uint24_t;
                ^~~~~~~~
../src/helloworld.c: In function 'drawLine':
../src/helloworld.c:124:6: warning: implicit declaration of function 'abs' [-Wimplicit-function-declaration]
 dx = abs (x2-x1);
      ^~~
'Finished building: ../src/helloworld.c'
' '
'Building target: PongFunctionTests.elf'
'Invoking: ARM v7 gcc linker'
arm-none-eabi-gcc -mcpu=cortex-a9 -mfpu=vfpv3 -mfloat-abi=hard -Wl,-build-id=none -specs=Xilinx.spec -Wl,-T -Wl,../src/lscript.ld -L../../PongFunctionTests_bsp/ps7_cortexa9_0/lib -o "PongFunctionTests.elf"  ./src/helloworld.o ./src/platform.o   -Wl,--start-group,-lxil,-lgcc,-lc,--end-group
'Finished building target: PongFunctionTests.elf'
' '
'Invoking: ARM v7 Print Size'
arm-none-eabi-size PongFunctionTests.elf  |tee "PongFunctionTests.elf.size"
   text	   data	    bss	    dec	    hex	filename
  59004	   2584	  23808	  85396	  14d94	PongFunctionTests.elf
'Finished building: PongFunctionTests.elf.size'
' '
20:55:51 **** Incremental Build of configuration Debug for project PongFunctionTests ****
make pre-build main-build 
a9-linaro-pre-build-step
' '
'Building file: ../src/helloworld.c'
'Invoking: ARM v7 gcc compiler'
arm-none-eabi-gcc -Wall -O0 -g3 -c -fmessage-length=0 -MT"src/helloworld.o" -mcpu=cortex-a9 -mfpu=vfpv3 -mfloat-abi=hard -I../../PongFunctionTests_bsp/ps7_cortexa9_0/include -MMD -MP -MF"src/helloworld.d" -MT"src/helloworld.o" -o "src/helloworld.o" "../src/helloworld.c"
../src/helloworld.c:21:16: warning: 'packed' attribute ignored [-Wattributes]
 typedef struct uint24_t __attribute__((packed)) uint24_t;
                ^~~~~~~~
../src/helloworld.c: In function 'drawLine':
../src/helloworld.c:124:6: warning: implicit declaration of function 'abs' [-Wimplicit-function-declaration]
 dx = abs (x2-x1);
      ^~~
'Finished building: ../src/helloworld.c'
' '
'Building target: PongFunctionTests.elf'
'Invoking: ARM v7 gcc linker'
arm-none-eabi-gcc -mcpu=cortex-a9 -mfpu=vfpv3 -mfloat-abi=hard -Wl,-build-id=none -specs=Xilinx.spec -Wl,-T -Wl,../src/lscript.ld -L../../PongFunctionTests_bsp/ps7_cortexa9_0/lib -o "PongFunctionTests.elf"  ./src/helloworld.o ./src/platform.o   -Wl,--start-group,-lxil,-lgcc,-lc,--end-group
'Finished building target: PongFunctionTests.elf'
' '
'Invoking: ARM v7 Print Size'
arm-none-eabi-size PongFunctionTests.elf  |tee "PongFunctionTests.elf.size"
   text	   data	    bss	    dec	    hex	filename
  59004	   2584	  23808	  85396	  14d94	PongFunctionTests.elf
'Finished building: PongFunctionTests.elf.size'
' '
20:56:08 **** Incremental Build of configuration Debug for project PongFunctionTests ****
make pre-build main-build 
a9-linaro-pre-build-step
' '
'Building file: ../src/helloworld.c'
'Invoking: ARM v7 gcc compiler'
arm-none-eabi-gcc -Wall -O0 -g3 -c -fmessage-length=0 -MT"src/helloworld.o" -mcpu=cortex-a9 -mfpu=vfpv3 -mfloat-abi=hard -I../../PongFunctionTests_bsp/ps7_cortexa9_0/include -MMD -MP -MF"src/helloworld.d" -MT"src/helloworld.o" -o "src/helloworld.o" "../src/helloworld.c"
../src/helloworld.c:21:16: warning: 'packed' attribute ignored [-Wattributes]
 typedef struct uint24_t __attribute__((packed)) uint24_t;
                ^~~~~~~~
../src/helloworld.c: In function 'drawLine':
../src/helloworld.c:124:6: warning: implicit declaration of function 'abs' [-Wimplicit-function-declaration]
 dx = abs (x2-x1);
      ^~~
'Finished building: ../src/helloworld.c'
' '
'Building target: PongFunctionTests.elf'
'Invoking: ARM v7 gcc linker'
arm-none-eabi-gcc -mcpu=cortex-a9 -mfpu=vfpv3 -mfloat-abi=hard -Wl,-build-id=none -specs=Xilinx.spec -Wl,-T -Wl,../src/lscript.ld -L../../PongFunctionTests_bsp/ps7_cortexa9_0/lib -o "PongFunctionTests.elf"  ./src/helloworld.o ./src/platform.o   -Wl,--start-group,-lxil,-lgcc,-lc,--end-group
'Finished building target: PongFunctionTests.elf'
' '
'Invoking: ARM v7 Print Size'
arm-none-eabi-size PongFunctionTests.elf  |tee "PongFunctionTests.elf.size"
   text	   data	    bss	    dec	    hex	filename
  59004	   2584	  23808	  85396	  14d94	PongFunctionTests.elf
'Finished building: PongFunctionTests.elf.size'
' '
20:56:32 **** Incremental Build of configuration Debug for project PongFunctionTests ****
make pre-build main-build 
a9-linaro-pre-build-step
' '
'Building file: ../src/helloworld.c'
'Invoking: ARM v7 gcc compiler'
arm-none-eabi-gcc -Wall -O0 -g3 -c -fmessage-length=0 -MT"src/helloworld.o" -mcpu=cortex-a9 -mfpu=vfpv3 -mfloat-abi=hard -I../../PongFunctionTests_bsp/ps7_cortexa9_0/include -MMD -MP -MF"src/helloworld.d" -MT"src/helloworld.o" -o "src/helloworld.o" "../src/helloworld.c"
../src/helloworld.c:21:16: warning: 'packed' attribute ignored [-Wattributes]
 typedef struct uint24_t __attribute__((packed)) uint24_t;
                ^~~~~~~~
../src/helloworld.c: In function 'drawLine':
../src/helloworld.c:124:6: warning: implicit declaration of function 'abs' [-Wimplicit-function-declaration]
 dx = abs (x2-x1);
      ^~~
'Finished building: ../src/helloworld.c'
' '
'Building target: PongFunctionTests.elf'
'Invoking: ARM v7 gcc linker'
arm-none-eabi-gcc -mcpu=cortex-a9 -mfpu=vfpv3 -mfloat-abi=hard -Wl,-build-id=none -specs=Xilinx.spec -Wl,-T -Wl,../src/lscript.ld -L../../PongFunctionTests_bsp/ps7_cortexa9_0/lib -o "PongFunctionTests.elf"  ./src/helloworld.o ./src/platform.o   -Wl,--start-group,-lxil,-lgcc,-lc,--end-group
'Finished building target: PongFunctionTests.elf'
' '
'Invoking: ARM v7 Print Size'
arm-none-eabi-size PongFunctionTests.elf  |tee "PongFunctionTests.elf.size"
   text	   data	    bss	    dec	    hex	filename
  59004	   2584	  23808	  85396	  14d94	PongFunctionTests.elf
'Finished building: PongFunctionTests.elf.size'
' '
20:57:00 **** Incremental Build of configuration Debug for project PongFunctionTests ****
make pre-build main-build 
a9-linaro-pre-build-step
' '
'Building file: ../src/helloworld.c'
'Invoking: ARM v7 gcc compiler'
arm-none-eabi-gcc -Wall -O0 -g3 -c -fmessage-length=0 -MT"src/helloworld.o" -mcpu=cortex-a9 -mfpu=vfpv3 -mfloat-abi=hard -I../../PongFunctionTests_bsp/ps7_cortexa9_0/include -MMD -MP -MF"src/helloworld.d" -MT"src/helloworld.o" -o "src/helloworld.o" "../src/helloworld.c"
../src/helloworld.c:21:16: warning: 'packed' attribute ignored [-Wattributes]
 typedef struct uint24_t __attribute__((packed)) uint24_t;
                ^~~~~~~~
../src/helloworld.c: In function 'drawLine':
../src/helloworld.c:124:6: warning: implicit declaration of function 'abs' [-Wimplicit-function-declaration]
 dx = abs (x2-x1);
      ^~~
'Finished building: ../src/helloworld.c'
' '
'Building target: PongFunctionTests.elf'
'Invoking: ARM v7 gcc linker'
arm-none-eabi-gcc -mcpu=cortex-a9 -mfpu=vfpv3 -mfloat-abi=hard -Wl,-build-id=none -specs=Xilinx.spec -Wl,-T -Wl,../src/lscript.ld -L../../PongFunctionTests_bsp/ps7_cortexa9_0/lib -o "PongFunctionTests.elf"  ./src/helloworld.o ./src/platform.o   -Wl,--start-group,-lxil,-lgcc,-lc,--end-group
'Finished building target: PongFunctionTests.elf'
' '
'Invoking: ARM v7 Print Size'
arm-none-eabi-size PongFunctionTests.elf  |tee "PongFunctionTests.elf.size"
   text	   data	    bss	    dec	    hex	filename
  59004	   2584	  23808	  85396	  14d94	PongFunctionTests.elf
'Finished building: PongFunctionTests.elf.size'
' '
20:57:20 **** Incremental Build of configuration Debug for project PongFunctionTests ****
make pre-build main-build 
a9-linaro-pre-build-step
' '
'Building file: ../src/helloworld.c'
'Invoking: ARM v7 gcc compiler'
arm-none-eabi-gcc -Wall -O0 -g3 -c -fmessage-length=0 -MT"src/helloworld.o" -mcpu=cortex-a9 -mfpu=vfpv3 -mfloat-abi=hard -I../../PongFunctionTests_bsp/ps7_cortexa9_0/include -MMD -MP -MF"src/helloworld.d" -MT"src/helloworld.o" -o "src/helloworld.o" "../src/helloworld.c"
../src/helloworld.c:21:16: warning: 'packed' attribute ignored [-Wattributes]
 typedef struct uint24_t __attribute__((packed)) uint24_t;
                ^~~~~~~~
../src/helloworld.c: In function 'drawLine':
../src/helloworld.c:124:6: warning: implicit declaration of function 'abs' [-Wimplicit-function-declaration]
 dx = abs (x2-x1);
      ^~~
'Finished building: ../src/helloworld.c'
' '
'Building target: PongFunctionTests.elf'
'Invoking: ARM v7 gcc linker'
arm-none-eabi-gcc -mcpu=cortex-a9 -mfpu=vfpv3 -mfloat-abi=hard -Wl,-build-id=none -specs=Xilinx.spec -Wl,-T -Wl,../src/lscript.ld -L../../PongFunctionTests_bsp/ps7_cortexa9_0/lib -o "PongFunctionTests.elf"  ./src/helloworld.o ./src/platform.o   -Wl,--start-group,-lxil,-lgcc,-lc,--end-group
'Finished building target: PongFunctionTests.elf'
' '
'Invoking: ARM v7 Print Size'
arm-none-eabi-size PongFunctionTests.elf  |tee "PongFunctionTests.elf.size"
   text	   data	    bss	    dec	    hex	filename
  59004	   2584	  23808	  85396	  14d94	PongFunctionTests.elf
'Finished building: PongFunctionTests.elf.size'
' '
20:57:42 **** Incremental Build of configuration Debug for project PongFunctionTests ****
make pre-build main-build 
a9-linaro-pre-build-step
' '
'Building file: ../src/helloworld.c'
'Invoking: ARM v7 gcc compiler'
arm-none-eabi-gcc -Wall -O0 -g3 -c -fmessage-length=0 -MT"src/helloworld.o" -mcpu=cortex-a9 -mfpu=vfpv3 -mfloat-abi=hard -I../../PongFunctionTests_bsp/ps7_cortexa9_0/include -MMD -MP -MF"src/helloworld.d" -MT"src/helloworld.o" -o "src/helloworld.o" "../src/helloworld.c"
../src/helloworld.c:21:16: warning: 'packed' attribute ignored [-Wattributes]
 typedef struct uint24_t __attribute__((packed)) uint24_t;
                ^~~~~~~~
../src/helloworld.c: In function 'drawLine':
../src/helloworld.c:124:6: warning: implicit declaration of function 'abs' [-Wimplicit-function-declaration]
 dx = abs (x2-x1);
      ^~~
'Finished building: ../src/helloworld.c'
' '
'Building target: PongFunctionTests.elf'
'Invoking: ARM v7 gcc linker'
arm-none-eabi-gcc -mcpu=cortex-a9 -mfpu=vfpv3 -mfloat-abi=hard -Wl,-build-id=none -specs=Xilinx.spec -Wl,-T -Wl,../src/lscript.ld -L../../PongFunctionTests_bsp/ps7_cortexa9_0/lib -o "PongFunctionTests.elf"  ./src/helloworld.o ./src/platform.o   -Wl,--start-group,-lxil,-lgcc,-lc,--end-group
'Finished building target: PongFunctionTests.elf'
' '
'Invoking: ARM v7 Print Size'
arm-none-eabi-size PongFunctionTests.elf  |tee "PongFunctionTests.elf.size"
   text	   data	    bss	    dec	    hex	filename
  59004	   2584	  23808	  85396	  14d94	PongFunctionTests.elf
'Finished building: PongFunctionTests.elf.size'
' '
20:57:55 **** Incremental Build of configuration Debug for project PongFunctionTests ****
make pre-build main-build 
a9-linaro-pre-build-step
' '
'Building file: ../src/helloworld.c'
'Invoking: ARM v7 gcc compiler'
arm-none-eabi-gcc -Wall -O0 -g3 -c -fmessage-length=0 -MT"src/helloworld.o" -mcpu=cortex-a9 -mfpu=vfpv3 -mfloat-abi=hard -I../../PongFunctionTests_bsp/ps7_cortexa9_0/include -MMD -MP -MF"src/helloworld.d" -MT"src/helloworld.o" -o "src/helloworld.o" "../src/helloworld.c"
../src/helloworld.c:21:16: warning: 'packed' attribute ignored [-Wattributes]
 typedef struct uint24_t __attribute__((packed)) uint24_t;
                ^~~~~~~~
../src/helloworld.c: In function 'drawLine':
../src/helloworld.c:124:6: warning: implicit declaration of function 'abs' [-Wimplicit-function-declaration]
 dx = abs (x2-x1);
      ^~~
'Finished building: ../src/helloworld.c'
' '
'Building target: PongFunctionTests.elf'
'Invoking: ARM v7 gcc linker'
arm-none-eabi-gcc -mcpu=cortex-a9 -mfpu=vfpv3 -mfloat-abi=hard -Wl,-build-id=none -specs=Xilinx.spec -Wl,-T -Wl,../src/lscript.ld -L../../PongFunctionTests_bsp/ps7_cortexa9_0/lib -o "PongFunctionTests.elf"  ./src/helloworld.o ./src/platform.o   -Wl,--start-group,-lxil,-lgcc,-lc,--end-group
'Finished building target: PongFunctionTests.elf'
' '
'Invoking: ARM v7 Print Size'
arm-none-eabi-size PongFunctionTests.elf  |tee "PongFunctionTests.elf.size"
   text	   data	    bss	    dec	    hex	filename
  59004	   2584	  23808	  85396	  14d94	PongFunctionTests.elf
'Finished building: PongFunctionTests.elf.size'
' '
20:58:12 **** Incremental Build of configuration Debug for project PongFunctionTests ****
make pre-build main-build 
a9-linaro-pre-build-step
' '
'Building file: ../src/helloworld.c'
'Invoking: ARM v7 gcc compiler'
arm-none-eabi-gcc -Wall -O0 -g3 -c -fmessage-length=0 -MT"src/helloworld.o" -mcpu=cortex-a9 -mfpu=vfpv3 -mfloat-abi=hard -I../../PongFunctionTests_bsp/ps7_cortexa9_0/include -MMD -MP -MF"src/helloworld.d" -MT"src/helloworld.o" -o "src/helloworld.o" "../src/helloworld.c"
../src/helloworld.c:21:16: warning: 'packed' attribute ignored [-Wattributes]
 typedef struct uint24_t __attribute__((packed)) uint24_t;
                ^~~~~~~~
../src/helloworld.c: In function 'drawLine':
../src/helloworld.c:124:6: warning: implicit declaration of function 'abs' [-Wimplicit-function-declaration]
 dx = abs (x2-x1);
      ^~~
'Finished building: ../src/helloworld.c'
' '
'Building target: PongFunctionTests.elf'
'Invoking: ARM v7 gcc linker'
arm-none-eabi-gcc -mcpu=cortex-a9 -mfpu=vfpv3 -mfloat-abi=hard -Wl,-build-id=none -specs=Xilinx.spec -Wl,-T -Wl,../src/lscript.ld -L../../PongFunctionTests_bsp/ps7_cortexa9_0/lib -o "PongFunctionTests.elf"  ./src/helloworld.o ./src/platform.o   -Wl,--start-group,-lxil,-lgcc,-lc,--end-group
'Finished building target: PongFunctionTests.elf'
' '
'Invoking: ARM v7 Print Size'
arm-none-eabi-size PongFunctionTests.elf  |tee "PongFunctionTests.elf.size"
   text	   data	    bss	    dec	    hex	filename
  59004	   2584	  23808	  85396	  14d94	PongFunctionTests.elf
'Finished building: PongFunctionTests.elf.size'
' '
20:58:23 **** Incremental Build of configuration Debug for project PongFunctionTests ****
make pre-build main-build 
a9-linaro-pre-build-step
' '
'Building file: ../src/helloworld.c'
'Invoking: ARM v7 gcc compiler'
arm-none-eabi-gcc -Wall -O0 -g3 -c -fmessage-length=0 -MT"src/helloworld.o" -mcpu=cortex-a9 -mfpu=vfpv3 -mfloat-abi=hard -I../../PongFunctionTests_bsp/ps7_cortexa9_0/include -MMD -MP -MF"src/helloworld.d" -MT"src/helloworld.o" -o "src/helloworld.o" "../src/helloworld.c"
../src/helloworld.c:21:16: warning: 'packed' attribute ignored [-Wattributes]
 typedef struct uint24_t __attribute__((packed)) uint24_t;
                ^~~~~~~~
../src/helloworld.c: In function 'drawLine':
../src/helloworld.c:124:6: warning: implicit declaration of function 'abs' [-Wimplicit-function-declaration]
 dx = abs (x2-x1);
      ^~~
'Finished building: ../src/helloworld.c'
' '
'Building target: PongFunctionTests.elf'
'Invoking: ARM v7 gcc linker'
arm-none-eabi-gcc -mcpu=cortex-a9 -mfpu=vfpv3 -mfloat-abi=hard -Wl,-build-id=none -specs=Xilinx.spec -Wl,-T -Wl,../src/lscript.ld -L../../PongFunctionTests_bsp/ps7_cortexa9_0/lib -o "PongFunctionTests.elf"  ./src/helloworld.o ./src/platform.o   -Wl,--start-group,-lxil,-lgcc,-lc,--end-group
'Finished building target: PongFunctionTests.elf'
' '
'Invoking: ARM v7 Print Size'
arm-none-eabi-size PongFunctionTests.elf  |tee "PongFunctionTests.elf.size"
   text	   data	    bss	    dec	    hex	filename
  59004	   2584	  23808	  85396	  14d94	PongFunctionTests.elf
'Finished building: PongFunctionTests.elf.size'
' '
20:59:01 **** Incremental Build of configuration Debug for project PongFunctionTests ****
make pre-build main-build 
a9-linaro-pre-build-step
' '
'Building file: ../src/helloworld.c'
'Invoking: ARM v7 gcc compiler'
arm-none-eabi-gcc -Wall -O0 -g3 -c -fmessage-length=0 -MT"src/helloworld.o" -mcpu=cortex-a9 -mfpu=vfpv3 -mfloat-abi=hard -I../../PongFunctionTests_bsp/ps7_cortexa9_0/include -MMD -MP -MF"src/helloworld.d" -MT"src/helloworld.o" -o "src/helloworld.o" "../src/helloworld.c"
../src/helloworld.c:21:16: warning: 'packed' attribute ignored [-Wattributes]
 typedef struct uint24_t __attribute__((packed)) uint24_t;
                ^~~~~~~~
../src/helloworld.c: In function 'drawLine':
../src/helloworld.c:124:6: warning: implicit declaration of function 'abs' [-Wimplicit-function-declaration]
 dx = abs (x2-x1);
      ^~~
'Finished building: ../src/helloworld.c'
' '
'Building target: PongFunctionTests.elf'
'Invoking: ARM v7 gcc linker'
arm-none-eabi-gcc -mcpu=cortex-a9 -mfpu=vfpv3 -mfloat-abi=hard -Wl,-build-id=none -specs=Xilinx.spec -Wl,-T -Wl,../src/lscript.ld -L../../PongFunctionTests_bsp/ps7_cortexa9_0/lib -o "PongFunctionTests.elf"  ./src/helloworld.o ./src/platform.o   -Wl,--start-group,-lxil,-lgcc,-lc,--end-group
'Finished building target: PongFunctionTests.elf'
' '
'Invoking: ARM v7 Print Size'
arm-none-eabi-size PongFunctionTests.elf  |tee "PongFunctionTests.elf.size"
   text	   data	    bss	    dec	    hex	filename
  59004	   2584	  23808	  85396	  14d94	PongFunctionTests.elf
'Finished building: PongFunctionTests.elf.size'
' '
20:59:15 **** Incremental Build of configuration Debug for project PongFunctionTests ****
make pre-build main-build 
a9-linaro-pre-build-step
' '
'Building file: ../src/helloworld.c'
'Invoking: ARM v7 gcc compiler'
arm-none-eabi-gcc -Wall -O0 -g3 -c -fmessage-length=0 -MT"src/helloworld.o" -mcpu=cortex-a9 -mfpu=vfpv3 -mfloat-abi=hard -I../../PongFunctionTests_bsp/ps7_cortexa9_0/include -MMD -MP -MF"src/helloworld.d" -MT"src/helloworld.o" -o "src/helloworld.o" "../src/helloworld.c"
../src/helloworld.c:21:16: warning: 'packed' attribute ignored [-Wattributes]
 typedef struct uint24_t __attribute__((packed)) uint24_t;
                ^~~~~~~~
../src/helloworld.c: In function 'drawLine':
../src/helloworld.c:124:6: warning: implicit declaration of function 'abs' [-Wimplicit-function-declaration]
 dx = abs (x2-x1);
      ^~~
'Finished building: ../src/helloworld.c'
' '
'Building target: PongFunctionTests.elf'
'Invoking: ARM v7 gcc linker'
arm-none-eabi-gcc -mcpu=cortex-a9 -mfpu=vfpv3 -mfloat-abi=hard -Wl,-build-id=none -specs=Xilinx.spec -Wl,-T -Wl,../src/lscript.ld -L../../PongFunctionTests_bsp/ps7_cortexa9_0/lib -o "PongFunctionTests.elf"  ./src/helloworld.o ./src/platform.o   -Wl,--start-group,-lxil,-lgcc,-lc,--end-group
'Finished building target: PongFunctionTests.elf'
' '
'Invoking: ARM v7 Print Size'
arm-none-eabi-size PongFunctionTests.elf  |tee "PongFunctionTests.elf.size"
   text	   data	    bss	    dec	    hex	filename
  59004	   2584	  23808	  85396	  14d94	PongFunctionTests.elf
'Finished building: PongFunctionTests.elf.size'
' '
20:59:33 **** Incremental Build of configuration Debug for project PongFunctionTests ****
make pre-build main-build 
a9-linaro-pre-build-step
' '
'Building file: ../src/helloworld.c'
'Invoking: ARM v7 gcc compiler'
arm-none-eabi-gcc -Wall -O0 -g3 -c -fmessage-length=0 -MT"src/helloworld.o" -mcpu=cortex-a9 -mfpu=vfpv3 -mfloat-abi=hard -I../../PongFunctionTests_bsp/ps7_cortexa9_0/include -MMD -MP -MF"src/helloworld.d" -MT"src/helloworld.o" -o "src/helloworld.o" "../src/helloworld.c"
../src/helloworld.c:21:16: warning: 'packed' attribute ignored [-Wattributes]
 typedef struct uint24_t __attribute__((packed)) uint24_t;
                ^~~~~~~~
../src/helloworld.c: In function 'drawLine':
../src/helloworld.c:124:6: warning: implicit declaration of function 'abs' [-Wimplicit-function-declaration]
 dx = abs (x2-x1);
      ^~~
'Finished building: ../src/helloworld.c'
' '
'Building target: PongFunctionTests.elf'
'Invoking: ARM v7 gcc linker'
arm-none-eabi-gcc -mcpu=cortex-a9 -mfpu=vfpv3 -mfloat-abi=hard -Wl,-build-id=none -specs=Xilinx.spec -Wl,-T -Wl,../src/lscript.ld -L../../PongFunctionTests_bsp/ps7_cortexa9_0/lib -o "PongFunctionTests.elf"  ./src/helloworld.o ./src/platform.o   -Wl,--start-group,-lxil,-lgcc,-lc,--end-group
'Finished building target: PongFunctionTests.elf'
' '
'Invoking: ARM v7 Print Size'
arm-none-eabi-size PongFunctionTests.elf  |tee "PongFunctionTests.elf.size"
   text	   data	    bss	    dec	    hex	filename
  59004	   2584	  23808	  85396	  14d94	PongFunctionTests.elf
'Finished building: PongFunctionTests.elf.size'
' '
20:59:49 **** Incremental Build of configuration Debug for project PongFunctionTests ****
make pre-build main-build 
a9-linaro-pre-build-step
' '
'Building file: ../src/helloworld.c'
'Invoking: ARM v7 gcc compiler'
arm-none-eabi-gcc -Wall -O0 -g3 -c -fmessage-length=0 -MT"src/helloworld.o" -mcpu=cortex-a9 -mfpu=vfpv3 -mfloat-abi=hard -I../../PongFunctionTests_bsp/ps7_cortexa9_0/include -MMD -MP -MF"src/helloworld.d" -MT"src/helloworld.o" -o "src/helloworld.o" "../src/helloworld.c"
../src/helloworld.c:21:16: warning: 'packed' attribute ignored [-Wattributes]
 typedef struct uint24_t __attribute__((packed)) uint24_t;
                ^~~~~~~~
../src/helloworld.c: In function 'updateGame':
../src/helloworld.c:71:5: error: too many arguments to function 'sleep'
     sleep(0,95);
     ^~~~~
In file included from ../src/helloworld.c:8:
../../PongFunctionTests_bsp/ps7_cortexa9_0/include/sleep.h:101:6: note: declared here
 void sleep(unsigned int seconds);
      ^~~~~
../src/helloworld.c: In function 'drawLine':
../src/helloworld.c:124:6: warning: implicit declaration of function 'abs' [-Wimplicit-function-declaration]
 dx = abs (x2-x1);
      ^~~
make: *** [src/subdir.mk:26: src/helloworld.o] Error 1
21:00:13 **** Incremental Build of configuration Debug for project PongFunctionTests ****
make pre-build main-build 
a9-linaro-pre-build-step
' '
'Building file: ../src/helloworld.c'
'Invoking: ARM v7 gcc compiler'
arm-none-eabi-gcc -Wall -O0 -g3 -c -fmessage-length=0 -MT"src/helloworld.o" -mcpu=cortex-a9 -mfpu=vfpv3 -mfloat-abi=hard -I../../PongFunctionTests_bsp/ps7_cortexa9_0/include -MMD -MP -MF"src/helloworld.d" -MT"src/helloworld.o" -o "src/helloworld.o" "../src/helloworld.c"
../src/helloworld.c:21:16: warning: 'packed' attribute ignored [-Wattributes]
 typedef struct uint24_t __attribute__((packed)) uint24_t;
                ^~~~~~~~
../src/helloworld.c: In function 'drawLine':
../src/helloworld.c:124:6: warning: implicit declaration of function 'abs' [-Wimplicit-function-declaration]
 dx = abs (x2-x1);
      ^~~
'Finished building: ../src/helloworld.c'
' '
'Building target: PongFunctionTests.elf'
'Invoking: ARM v7 gcc linker'
arm-none-eabi-gcc -mcpu=cortex-a9 -mfpu=vfpv3 -mfloat-abi=hard -Wl,-build-id=none -specs=Xilinx.spec -Wl,-T -Wl,../src/lscript.ld -L../../PongFunctionTests_bsp/ps7_cortexa9_0/lib -o "PongFunctionTests.elf"  ./src/helloworld.o ./src/platform.o   -Wl,--start-group,-lxil,-lgcc,-lc,--end-group
'Finished building target: PongFunctionTests.elf'
' '
'Invoking: ARM v7 Print Size'
arm-none-eabi-size PongFunctionTests.elf  |tee "PongFunctionTests.elf.size"
   text	   data	    bss	    dec	    hex	filename
  59004	   2584	  23808	  85396	  14d94	PongFunctionTests.elf
'Finished building: PongFunctionTests.elf.size'
' '
21:00:25 **** Incremental Build of configuration Debug for project PongFunctionTests ****
make pre-build main-build 
a9-linaro-pre-build-step
' '
'Building file: ../src/helloworld.c'
'Invoking: ARM v7 gcc compiler'
arm-none-eabi-gcc -Wall -O0 -g3 -c -fmessage-length=0 -MT"src/helloworld.o" -mcpu=cortex-a9 -mfpu=vfpv3 -mfloat-abi=hard -I../../PongFunctionTests_bsp/ps7_cortexa9_0/include -MMD -MP -MF"src/helloworld.d" -MT"src/helloworld.o" -o "src/helloworld.o" "../src/helloworld.c"
../src/helloworld.c:21:16: warning: 'packed' attribute ignored [-Wattributes]
 typedef struct uint24_t __attribute__((packed)) uint24_t;
                ^~~~~~~~
../src/helloworld.c: In function 'drawLine':
../src/helloworld.c:124:6: warning: implicit declaration of function 'abs' [-Wimplicit-function-declaration]
 dx = abs (x2-x1);
      ^~~
'Finished building: ../src/helloworld.c'
' '
'Building target: PongFunctionTests.elf'
'Invoking: ARM v7 gcc linker'
arm-none-eabi-gcc -mcpu=cortex-a9 -mfpu=vfpv3 -mfloat-abi=hard -Wl,-build-id=none -specs=Xilinx.spec -Wl,-T -Wl,../src/lscript.ld -L../../PongFunctionTests_bsp/ps7_cortexa9_0/lib -o "PongFunctionTests.elf"  ./src/helloworld.o ./src/platform.o   -Wl,--start-group,-lxil,-lgcc,-lc,--end-group
'Finished building target: PongFunctionTests.elf'
' '
'Invoking: ARM v7 Print Size'
arm-none-eabi-size PongFunctionTests.elf  |tee "PongFunctionTests.elf.size"
   text	   data	    bss	    dec	    hex	filename
  59004	   2584	  23808	  85396	  14d94	PongFunctionTests.elf
'Finished building: PongFunctionTests.elf.size'
' '
21:00:45 **** Incremental Build of configuration Debug for project PongFunctionTests ****
make pre-build main-build 
a9-linaro-pre-build-step
' '
'Building file: ../src/helloworld.c'
'Invoking: ARM v7 gcc compiler'
arm-none-eabi-gcc -Wall -O0 -g3 -c -fmessage-length=0 -MT"src/helloworld.o" -mcpu=cortex-a9 -mfpu=vfpv3 -mfloat-abi=hard -I../../PongFunctionTests_bsp/ps7_cortexa9_0/include -MMD -MP -MF"src/helloworld.d" -MT"src/helloworld.o" -o "src/helloworld.o" "../src/helloworld.c"
../src/helloworld.c:21:16: warning: 'packed' attribute ignored [-Wattributes]
 typedef struct uint24_t __attribute__((packed)) uint24_t;
                ^~~~~~~~
../src/helloworld.c: In function 'drawLine':
../src/helloworld.c:124:6: warning: implicit declaration of function 'abs' [-Wimplicit-function-declaration]
 dx = abs (x2-x1);
      ^~~
'Finished building: ../src/helloworld.c'
' '
'Building target: PongFunctionTests.elf'
'Invoking: ARM v7 gcc linker'
arm-none-eabi-gcc -mcpu=cortex-a9 -mfpu=vfpv3 -mfloat-abi=hard -Wl,-build-id=none -specs=Xilinx.spec -Wl,-T -Wl,../src/lscript.ld -L../../PongFunctionTests_bsp/ps7_cortexa9_0/lib -o "PongFunctionTests.elf"  ./src/helloworld.o ./src/platform.o   -Wl,--start-group,-lxil,-lgcc,-lc,--end-group
'Finished building target: PongFunctionTests.elf'
' '
'Invoking: ARM v7 Print Size'
arm-none-eabi-size PongFunctionTests.elf  |tee "PongFunctionTests.elf.size"
   text	   data	    bss	    dec	    hex	filename
  59004	   2584	  23808	  85396	  14d94	PongFunctionTests.elf
'Finished building: PongFunctionTests.elf.size'
' '
21:01:07 **** Incremental Build of configuration Debug for project PongFunctionTests ****
make pre-build main-build 
a9-linaro-pre-build-step
' '
'Building file: ../src/helloworld.c'
'Invoking: ARM v7 gcc compiler'
arm-none-eabi-gcc -Wall -O0 -g3 -c -fmessage-length=0 -MT"src/helloworld.o" -mcpu=cortex-a9 -mfpu=vfpv3 -mfloat-abi=hard -I../../PongFunctionTests_bsp/ps7_cortexa9_0/include -MMD -MP -MF"src/helloworld.d" -MT"src/helloworld.o" -o "src/helloworld.o" "../src/helloworld.c"
../src/helloworld.c:21:16: warning: 'packed' attribute ignored [-Wattributes]
 typedef struct uint24_t __attribute__((packed)) uint24_t;
                ^~~~~~~~
../src/helloworld.c: In function 'drawLine':
../src/helloworld.c:124:6: warning: implicit declaration of function 'abs' [-Wimplicit-function-declaration]
 dx = abs (x2-x1);
      ^~~
'Finished building: ../src/helloworld.c'
' '
'Building target: PongFunctionTests.elf'
'Invoking: ARM v7 gcc linker'
arm-none-eabi-gcc -mcpu=cortex-a9 -mfpu=vfpv3 -mfloat-abi=hard -Wl,-build-id=none -specs=Xilinx.spec -Wl,-T -Wl,../src/lscript.ld -L../../PongFunctionTests_bsp/ps7_cortexa9_0/lib -o "PongFunctionTests.elf"  ./src/helloworld.o ./src/platform.o   -Wl,--start-group,-lxil,-lgcc,-lc,--end-group
'Finished building target: PongFunctionTests.elf'
' '
'Invoking: ARM v7 Print Size'
arm-none-eabi-size PongFunctionTests.elf  |tee "PongFunctionTests.elf.size"
   text	   data	    bss	    dec	    hex	filename
  59004	   2584	  23808	  85396	  14d94	PongFunctionTests.elf
'Finished building: PongFunctionTests.elf.size'
' '
21:02:42 **** Incremental Build of configuration Debug for project PongFunctionTests ****
make pre-build main-build 
a9-linaro-pre-build-step
' '
'Building file: ../src/helloworld.c'
'Invoking: ARM v7 gcc compiler'
arm-none-eabi-gcc -Wall -O0 -g3 -c -fmessage-length=0 -MT"src/helloworld.o" -mcpu=cortex-a9 -mfpu=vfpv3 -mfloat-abi=hard -I../../PongFunctionTests_bsp/ps7_cortexa9_0/include -MMD -MP -MF"src/helloworld.d" -MT"src/helloworld.o" -o "src/helloworld.o" "../src/helloworld.c"
../src/helloworld.c:21:16: warning: 'packed' attribute ignored [-Wattributes]
 typedef struct uint24_t __attribute__((packed)) uint24_t;
                ^~~~~~~~
../src/helloworld.c: In function 'main':
../src/helloworld.c:59:27: error: expected ')' before ';' token
   for(int i =0;i<20000;i++;){
      ~                    ^
                           )
../src/helloworld.c: In function 'drawLine':
../src/helloworld.c:128:6: warning: implicit declaration of function 'abs' [-Wimplicit-function-declaration]
 dx = abs (x2-x1);
      ^~~
make: *** [src/subdir.mk:26: src/helloworld.o] Error 1
21:02:51 **** Incremental Build of configuration Debug for project PongFunctionTests ****
make pre-build main-build 
a9-linaro-pre-build-step
' '
'Building file: ../src/helloworld.c'
'Invoking: ARM v7 gcc compiler'
arm-none-eabi-gcc -Wall -O0 -g3 -c -fmessage-length=0 -MT"src/helloworld.o" -mcpu=cortex-a9 -mfpu=vfpv3 -mfloat-abi=hard -I../../PongFunctionTests_bsp/ps7_cortexa9_0/include -MMD -MP -MF"src/helloworld.d" -MT"src/helloworld.o" -o "src/helloworld.o" "../src/helloworld.c"
../src/helloworld.c:21:16: warning: 'packed' attribute ignored [-Wattributes]
 typedef struct uint24_t __attribute__((packed)) uint24_t;
                ^~~~~~~~
../src/helloworld.c: In function 'drawLine':
../src/helloworld.c:128:6: warning: implicit declaration of function 'abs' [-Wimplicit-function-declaration]
 dx = abs (x2-x1);
      ^~~
'Finished building: ../src/helloworld.c'
' '
'Building target: PongFunctionTests.elf'
'Invoking: ARM v7 gcc linker'
arm-none-eabi-gcc -mcpu=cortex-a9 -mfpu=vfpv3 -mfloat-abi=hard -Wl,-build-id=none -specs=Xilinx.spec -Wl,-T -Wl,../src/lscript.ld -L../../PongFunctionTests_bsp/ps7_cortexa9_0/lib -o "PongFunctionTests.elf"  ./src/helloworld.o ./src/platform.o   -Wl,--start-group,-lxil,-lgcc,-lc,--end-group
'Finished building target: PongFunctionTests.elf'
' '
'Invoking: ARM v7 Print Size'
arm-none-eabi-size PongFunctionTests.elf  |tee "PongFunctionTests.elf.size"
   text	   data	    bss	    dec	    hex	filename
  59068	   2584	  23808	  85460	  14dd4	PongFunctionTests.elf
'Finished building: PongFunctionTests.elf.size'
' '
21:03:34 **** Incremental Build of configuration Debug for project PongFunctionTests ****
make pre-build main-build 
a9-linaro-pre-build-step
' '
'Building file: ../src/helloworld.c'
'Invoking: ARM v7 gcc compiler'
arm-none-eabi-gcc -Wall -O0 -g3 -c -fmessage-length=0 -MT"src/helloworld.o" -mcpu=cortex-a9 -mfpu=vfpv3 -mfloat-abi=hard -I../../PongFunctionTests_bsp/ps7_cortexa9_0/include -MMD -MP -MF"src/helloworld.d" -MT"src/helloworld.o" -o "src/helloworld.o" "../src/helloworld.c"
../src/helloworld.c:21:16: warning: 'packed' attribute ignored [-Wattributes]
 typedef struct uint24_t __attribute__((packed)) uint24_t;
                ^~~~~~~~
../src/helloworld.c: In function 'drawLine':
../src/helloworld.c:128:6: warning: implicit declaration of function 'abs' [-Wimplicit-function-declaration]
 dx = abs (x2-x1);
      ^~~
'Finished building: ../src/helloworld.c'
' '
'Building target: PongFunctionTests.elf'
'Invoking: ARM v7 gcc linker'
arm-none-eabi-gcc -mcpu=cortex-a9 -mfpu=vfpv3 -mfloat-abi=hard -Wl,-build-id=none -specs=Xilinx.spec -Wl,-T -Wl,../src/lscript.ld -L../../PongFunctionTests_bsp/ps7_cortexa9_0/lib -o "PongFunctionTests.elf"  ./src/helloworld.o ./src/platform.o   -Wl,--start-group,-lxil,-lgcc,-lc,--end-group
'Finished building target: PongFunctionTests.elf'
' '
'Invoking: ARM v7 Print Size'
arm-none-eabi-size PongFunctionTests.elf  |tee "PongFunctionTests.elf.size"
   text	   data	    bss	    dec	    hex	filename
  59068	   2584	  23808	  85460	  14dd4	PongFunctionTests.elf
'Finished building: PongFunctionTests.elf.size'
' '
21:03:51 **** Incremental Build of configuration Debug for project PongFunctionTests ****
make pre-build main-build 
a9-linaro-pre-build-step
' '
make: Nothing to be done for 'main-build'.
21:05:17 **** Incremental Build of configuration Debug for project PongFunctionTests ****
make pre-build main-build 
a9-linaro-pre-build-step
' '
'Building file: ../src/helloworld.c'
'Invoking: ARM v7 gcc compiler'
arm-none-eabi-gcc -Wall -O0 -g3 -c -fmessage-length=0 -MT"src/helloworld.o" -mcpu=cortex-a9 -mfpu=vfpv3 -mfloat-abi=hard -I../../PongFunctionTests_bsp/ps7_cortexa9_0/include -MMD -MP -MF"src/helloworld.d" -MT"src/helloworld.o" -o "src/helloworld.o" "../src/helloworld.c"
../src/helloworld.c: In function 'drawLine':
../src/helloworld.c:124:6: warning: implicit declaration of function 'abs' [-Wimplicit-function-declaration]
 dx = abs (x2-x1);
      ^~~
'Finished building: ../src/helloworld.c'
' '
'Building target: PongFunctionTests.elf'
'Invoking: ARM v7 gcc linker'
arm-none-eabi-gcc -mcpu=cortex-a9 -mfpu=vfpv3 -mfloat-abi=hard -Wl,-build-id=none -specs=Xilinx.spec -Wl,-T -Wl,../src/lscript.ld -L../../PongFunctionTests_bsp/ps7_cortexa9_0/lib -o "PongFunctionTests.elf"  ./src/helloworld.o ./src/platform.o   -Wl,--start-group,-lxil,-lgcc,-lc,--end-group
'Finished building target: PongFunctionTests.elf'
' '
'Invoking: ARM v7 Print Size'
arm-none-eabi-size PongFunctionTests.elf  |tee "PongFunctionTests.elf.size"
   text	   data	    bss	    dec	    hex	filename
  59068	   2584	  23808	  85460	  14dd4	PongFunctionTests.elf
'Finished building: PongFunctionTests.elf.size'
' '
21:05:55 **** Incremental Build of configuration Debug for project PongFunctionTests ****
make pre-build main-build 
a9-linaro-pre-build-step
' '
'Building file: ../src/helloworld.c'
'Invoking: ARM v7 gcc compiler'
arm-none-eabi-gcc -Wall -O0 -g3 -c -fmessage-length=0 -MT"src/helloworld.o" -mcpu=cortex-a9 -mfpu=vfpv3 -mfloat-abi=hard -I../../PongFunctionTests_bsp/ps7_cortexa9_0/include -MMD -MP -MF"src/helloworld.d" -MT"src/helloworld.o" -o "src/helloworld.o" "../src/helloworld.c"
../src/helloworld.c: In function 'drawLine':
../src/helloworld.c:124:6: warning: implicit declaration of function 'abs' [-Wimplicit-function-declaration]
 dx = abs (x2-x1);
      ^~~
'Finished building: ../src/helloworld.c'
' '
'Building target: PongFunctionTests.elf'
'Invoking: ARM v7 gcc linker'
arm-none-eabi-gcc -mcpu=cortex-a9 -mfpu=vfpv3 -mfloat-abi=hard -Wl,-build-id=none -specs=Xilinx.spec -Wl,-T -Wl,../src/lscript.ld -L../../PongFunctionTests_bsp/ps7_cortexa9_0/lib -o "PongFunctionTests.elf"  ./src/helloworld.o ./src/platform.o   -Wl,--start-group,-lxil,-lgcc,-lc,--end-group
'Finished building target: PongFunctionTests.elf'
' '
'Invoking: ARM v7 Print Size'
arm-none-eabi-size PongFunctionTests.elf  |tee "PongFunctionTests.elf.size"
   text	   data	    bss	    dec	    hex	filename
  59068	   2584	  23808	  85460	  14dd4	PongFunctionTests.elf
'Finished building: PongFunctionTests.elf.size'
' '
21:06:24 **** Incremental Build of configuration Debug for project PongFunctionTests ****
make pre-build main-build 
a9-linaro-pre-build-step
' '
make: Nothing to be done for 'main-build'.
21:06:58 **** Incremental Build of configuration Debug for project PongFunctionTests ****
make pre-build main-build 
a9-linaro-pre-build-step
' '
make: Nothing to be done for 'main-build'.
21:08:17 **** Incremental Build of configuration Debug for project PongFunctionTests ****
make pre-build main-build 
a9-linaro-pre-build-step
' '
'Building file: ../src/helloworld.c'
'Invoking: ARM v7 gcc compiler'
arm-none-eabi-gcc -Wall -O0 -g3 -c -fmessage-length=0 -MT"src/helloworld.o" -mcpu=cortex-a9 -mfpu=vfpv3 -mfloat-abi=hard -I../../PongFunctionTests_bsp/ps7_cortexa9_0/include -MMD -MP -MF"src/helloworld.d" -MT"src/helloworld.o" -o "src/helloworld.o" "../src/helloworld.c"
../src/helloworld.c: In function 'drawLine':
../src/helloworld.c:124:6: warning: implicit declaration of function 'abs' [-Wimplicit-function-declaration]
 dx = abs (x2-x1);
      ^~~
'Finished building: ../src/helloworld.c'
' '
'Building target: PongFunctionTests.elf'
'Invoking: ARM v7 gcc linker'
arm-none-eabi-gcc -mcpu=cortex-a9 -mfpu=vfpv3 -mfloat-abi=hard -Wl,-build-id=none -specs=Xilinx.spec -Wl,-T -Wl,../src/lscript.ld -L../../PongFunctionTests_bsp/ps7_cortexa9_0/lib -o "PongFunctionTests.elf"  ./src/helloworld.o ./src/platform.o   -Wl,--start-group,-lxil,-lgcc,-lc,--end-group
'Finished building target: PongFunctionTests.elf'
' '
'Invoking: ARM v7 Print Size'
arm-none-eabi-size PongFunctionTests.elf  |tee "PongFunctionTests.elf.size"
   text	   data	    bss	    dec	    hex	filename
  59132	   2584	  23808	  85524	  14e14	PongFunctionTests.elf
'Finished building: PongFunctionTests.elf.size'
' '
21:08:45 **** Incremental Build of configuration Debug for project PongFunctionTests ****
make pre-build main-build 
a9-linaro-pre-build-step
' '
'Building file: ../src/helloworld.c'
'Invoking: ARM v7 gcc compiler'
arm-none-eabi-gcc -Wall -O0 -g3 -c -fmessage-length=0 -MT"src/helloworld.o" -mcpu=cortex-a9 -mfpu=vfpv3 -mfloat-abi=hard -I../../PongFunctionTests_bsp/ps7_cortexa9_0/include -MMD -MP -MF"src/helloworld.d" -MT"src/helloworld.o" -o "src/helloworld.o" "../src/helloworld.c"
../src/helloworld.c: In function 'main':
../src/helloworld.c:59:12: warning: statement with no effect [-Wunused-value]
   BalkLinks-2;  //-- is naar beneden
   ~~~~~~~~~^~
../src/helloworld.c: In function 'drawLine':
../src/helloworld.c:124:6: warning: implicit declaration of function 'abs' [-Wimplicit-function-declaration]
 dx = abs (x2-x1);
      ^~~
'Finished building: ../src/helloworld.c'
' '
'Building target: PongFunctionTests.elf'
'Invoking: ARM v7 gcc linker'
arm-none-eabi-gcc -mcpu=cortex-a9 -mfpu=vfpv3 -mfloat-abi=hard -Wl,-build-id=none -specs=Xilinx.spec -Wl,-T -Wl,../src/lscript.ld -L../../PongFunctionTests_bsp/ps7_cortexa9_0/lib -o "PongFunctionTests.elf"  ./src/helloworld.o ./src/platform.o   -Wl,--start-group,-lxil,-lgcc,-lc,--end-group
'Finished building target: PongFunctionTests.elf'
' '
'Invoking: ARM v7 Print Size'
arm-none-eabi-size PongFunctionTests.elf  |tee "PongFunctionTests.elf.size"
   text	   data	    bss	    dec	    hex	filename
  59068	   2584	  23808	  85460	  14dd4	PongFunctionTests.elf
'Finished building: PongFunctionTests.elf.size'
' '
21:08:57 **** Incremental Build of configuration Debug for project PongFunctionTests ****
make pre-build main-build 
a9-linaro-pre-build-step
' '
'Building file: ../src/helloworld.c'
'Invoking: ARM v7 gcc compiler'
arm-none-eabi-gcc -Wall -O0 -g3 -c -fmessage-length=0 -MT"src/helloworld.o" -mcpu=cortex-a9 -mfpu=vfpv3 -mfloat-abi=hard -I../../PongFunctionTests_bsp/ps7_cortexa9_0/include -MMD -MP -MF"src/helloworld.d" -MT"src/helloworld.o" -o "src/helloworld.o" "../src/helloworld.c"
../src/helloworld.c: In function 'drawLine':
../src/helloworld.c:124:6: warning: implicit declaration of function 'abs' [-Wimplicit-function-declaration]
 dx = abs (x2-x1);
      ^~~
'Finished building: ../src/helloworld.c'
' '
'Building target: PongFunctionTests.elf'
'Invoking: ARM v7 gcc linker'
arm-none-eabi-gcc -mcpu=cortex-a9 -mfpu=vfpv3 -mfloat-abi=hard -Wl,-build-id=none -specs=Xilinx.spec -Wl,-T -Wl,../src/lscript.ld -L../../PongFunctionTests_bsp/ps7_cortexa9_0/lib -o "PongFunctionTests.elf"  ./src/helloworld.o ./src/platform.o   -Wl,--start-group,-lxil,-lgcc,-lc,--end-group
'Finished building target: PongFunctionTests.elf'
' '
'Invoking: ARM v7 Print Size'
arm-none-eabi-size PongFunctionTests.elf  |tee "PongFunctionTests.elf.size"
   text	   data	    bss	    dec	    hex	filename
  59132	   2584	  23808	  85524	  14e14	PongFunctionTests.elf
'Finished building: PongFunctionTests.elf.size'
' '
21:09:53 **** Incremental Build of configuration Debug for project PongFunctionTests ****
make pre-build main-build 
a9-linaro-pre-build-step
' '
'Building file: ../src/helloworld.c'
'Invoking: ARM v7 gcc compiler'
arm-none-eabi-gcc -Wall -O0 -g3 -c -fmessage-length=0 -MT"src/helloworld.o" -mcpu=cortex-a9 -mfpu=vfpv3 -mfloat-abi=hard -I../../PongFunctionTests_bsp/ps7_cortexa9_0/include -MMD -MP -MF"src/helloworld.d" -MT"src/helloworld.o" -o "src/helloworld.o" "../src/helloworld.c"
../src/helloworld.c: In function 'drawLine':
../src/helloworld.c:125:6: warning: implicit declaration of function 'abs' [-Wimplicit-function-declaration]
 dx = abs (x2-x1);
      ^~~
'Finished building: ../src/helloworld.c'
' '
'Building target: PongFunctionTests.elf'
'Invoking: ARM v7 gcc linker'
arm-none-eabi-gcc -mcpu=cortex-a9 -mfpu=vfpv3 -mfloat-abi=hard -Wl,-build-id=none -specs=Xilinx.spec -Wl,-T -Wl,../src/lscript.ld -L../../PongFunctionTests_bsp/ps7_cortexa9_0/lib -o "PongFunctionTests.elf"  ./src/helloworld.o ./src/platform.o   -Wl,--start-group,-lxil,-lgcc,-lc,--end-group
'Finished building target: PongFunctionTests.elf'
' '
'Invoking: ARM v7 Print Size'
arm-none-eabi-size PongFunctionTests.elf  |tee "PongFunctionTests.elf.size"
   text	   data	    bss	    dec	    hex	filename
  59132	   2584	  23808	  85524	  14e14	PongFunctionTests.elf
'Finished building: PongFunctionTests.elf.size'
' '
21:10:36 **** Incremental Build of configuration Debug for project PongFunctionTests ****
make pre-build main-build 
a9-linaro-pre-build-step
' '
'Building file: ../src/helloworld.c'
'Invoking: ARM v7 gcc compiler'
arm-none-eabi-gcc -Wall -O0 -g3 -c -fmessage-length=0 -MT"src/helloworld.o" -mcpu=cortex-a9 -mfpu=vfpv3 -mfloat-abi=hard -I../../PongFunctionTests_bsp/ps7_cortexa9_0/include -MMD -MP -MF"src/helloworld.d" -MT"src/helloworld.o" -o "src/helloworld.o" "../src/helloworld.c"
../src/helloworld.c: In function 'drawLine':
../src/helloworld.c:125:6: warning: implicit declaration of function 'abs' [-Wimplicit-function-declaration]
 dx = abs (x2-x1);
      ^~~
'Finished building: ../src/helloworld.c'
' '
'Building target: PongFunctionTests.elf'
'Invoking: ARM v7 gcc linker'
arm-none-eabi-gcc -mcpu=cortex-a9 -mfpu=vfpv3 -mfloat-abi=hard -Wl,-build-id=none -specs=Xilinx.spec -Wl,-T -Wl,../src/lscript.ld -L../../PongFunctionTests_bsp/ps7_cortexa9_0/lib -o "PongFunctionTests.elf"  ./src/helloworld.o ./src/platform.o   -Wl,--start-group,-lxil,-lgcc,-lc,--end-group
'Finished building target: PongFunctionTests.elf'
' '
'Invoking: ARM v7 Print Size'
arm-none-eabi-size PongFunctionTests.elf  |tee "PongFunctionTests.elf.size"
   text	   data	    bss	    dec	    hex	filename
  59132	   2584	  23808	  85524	  14e14	PongFunctionTests.elf
'Finished building: PongFunctionTests.elf.size'
' '
21:11:54 **** Incremental Build of configuration Debug for project PongFunctionTests ****
make pre-build main-build 
a9-linaro-pre-build-step
' '
'Building file: ../src/helloworld.c'
'Invoking: ARM v7 gcc compiler'
arm-none-eabi-gcc -Wall -O0 -g3 -c -fmessage-length=0 -MT"src/helloworld.o" -mcpu=cortex-a9 -mfpu=vfpv3 -mfloat-abi=hard -I../../PongFunctionTests_bsp/ps7_cortexa9_0/include -MMD -MP -MF"src/helloworld.d" -MT"src/helloworld.o" -o "src/helloworld.o" "../src/helloworld.c"
../src/helloworld.c: In function 'drawLine':
../src/helloworld.c:125:6: warning: implicit declaration of function 'abs' [-Wimplicit-function-declaration]
 dx = abs (x2-x1);
      ^~~
'Finished building: ../src/helloworld.c'
' '
'Building target: PongFunctionTests.elf'
'Invoking: ARM v7 gcc linker'
arm-none-eabi-gcc -mcpu=cortex-a9 -mfpu=vfpv3 -mfloat-abi=hard -Wl,-build-id=none -specs=Xilinx.spec -Wl,-T -Wl,../src/lscript.ld -L../../PongFunctionTests_bsp/ps7_cortexa9_0/lib -o "PongFunctionTests.elf"  ./src/helloworld.o ./src/platform.o   -Wl,--start-group,-lxil,-lgcc,-lc,--end-group
'Finished building target: PongFunctionTests.elf'
' '
'Invoking: ARM v7 Print Size'
arm-none-eabi-size PongFunctionTests.elf  |tee "PongFunctionTests.elf.size"
   text	   data	    bss	    dec	    hex	filename
  59132	   2584	  23808	  85524	  14e14	PongFunctionTests.elf
'Finished building: PongFunctionTests.elf.size'
' '
