14:18:05 **** Incremental Build of configuration Debug for project firstTest ****
make pre-build main-build 
a9-linaro-pre-build-step
' '
'Building file: ../src/helloworld.c'
'Invoking: ARM v7 gcc compiler'
arm-none-eabi-gcc -Wall -O0 -g3 -c -fmessage-length=0 -MT"src/helloworld.o" -mcpu=cortex-a9 -mfpu=vfpv3 -mfloat-abi=hard -I../../firstTest_bsp/ps7_cortexa9_0/include -MMD -MP -MF"src/helloworld.d" -MT"src/helloworld.o" -o "src/helloworld.o" "../src/helloworld.c"
../src/helloworld.c:19:16: warning: 'packed' attribute ignored [-Wattributes]
 typedef struct uint24_t __attribute__((packed)) uint24_t;
                ^~~~~~~~
../src/helloworld.c: In function 'main':
../src/helloworld.c:40:9: warning: unused variable 'itel' [-Wunused-variable]
     int itel;
         ^~~~
../src/helloworld.c:39:18: warning: unused variable 'Status' [-Wunused-variable]
     int readreg, Status;
                  ^~~~~~
../src/helloworld.c:39:9: warning: unused variable 'readreg' [-Wunused-variable]
     int readreg, Status;
         ^~~~~~~
../src/helloworld.c: In function 'drawLine':
../src/helloworld.c:91:6: warning: implicit declaration of function 'abs' [-Wimplicit-function-declaration]
 dx = abs (x2-x1);
      ^~~
'Finished building: ../src/helloworld.c'
' '
'Building target: firstTest.elf'
'Invoking: ARM v7 gcc linker'
arm-none-eabi-gcc -mcpu=cortex-a9 -mfpu=vfpv3 -mfloat-abi=hard -Wl,-build-id=none -specs=Xilinx.spec -Wl,-T -Wl,../src/lscript.ld -L../../firstTest_bsp/ps7_cortexa9_0/lib -o "firstTest.elf"  ./src/helloworld.o ./src/platform.o   -Wl,--start-group,-lxil,-lgcc,-lc,--end-group
'Finished building target: firstTest.elf'
' '
'Invoking: ARM v7 Print Size'
arm-none-eabi-size firstTest.elf  |tee "firstTest.elf.size"
   text	   data	    bss	    dec	    hex	filename
  57340	   2584	  23776	  83700	  146f4	firstTest.elf
'Finished building: firstTest.elf.size'
' '
14:18:21 **** Incremental Build of configuration Debug for project firstTest ****
make pre-build main-build 
a9-linaro-pre-build-step
' '
make: Nothing to be done for 'main-build'.
14:18:46 **** Incremental Build of configuration Debug for project firstTest ****
make pre-build main-build 
a9-linaro-pre-build-step
' '
'Building file: ../src/helloworld.c'
'Invoking: ARM v7 gcc compiler'
arm-none-eabi-gcc -Wall -O0 -g3 -c -fmessage-length=0 -MT"src/helloworld.o" -mcpu=cortex-a9 -mfpu=vfpv3 -mfloat-abi=hard -I../../firstTest_bsp/ps7_cortexa9_0/include -MMD -MP -MF"src/helloworld.d" -MT"src/helloworld.o" -o "src/helloworld.o" "../src/helloworld.c"
../src/helloworld.c:19:16: warning: 'packed' attribute ignored [-Wattributes]
 typedef struct uint24_t __attribute__((packed)) uint24_t;
                ^~~~~~~~
../src/helloworld.c: In function 'main':
../src/helloworld.c:40:9: warning: unused variable 'itel' [-Wunused-variable]
     int itel;
         ^~~~
../src/helloworld.c:39:18: warning: unused variable 'Status' [-Wunused-variable]
     int readreg, Status;
                  ^~~~~~
../src/helloworld.c:39:9: warning: unused variable 'readreg' [-Wunused-variable]
     int readreg, Status;
         ^~~~~~~
../src/helloworld.c: In function 'drawLine':
../src/helloworld.c:91:6: warning: implicit declaration of function 'abs' [-Wimplicit-function-declaration]
 dx = abs (x2-x1);
      ^~~
'Finished building: ../src/helloworld.c'
' '
'Building target: firstTest.elf'
'Invoking: ARM v7 gcc linker'
arm-none-eabi-gcc -mcpu=cortex-a9 -mfpu=vfpv3 -mfloat-abi=hard -Wl,-build-id=none -specs=Xilinx.spec -Wl,-T -Wl,../src/lscript.ld -L../../firstTest_bsp/ps7_cortexa9_0/lib -o "firstTest.elf"  ./src/helloworld.o ./src/platform.o   -Wl,--start-group,-lxil,-lgcc,-lc,--end-group
'Finished building target: firstTest.elf'
' '
'Invoking: ARM v7 Print Size'
arm-none-eabi-size firstTest.elf  |tee "firstTest.elf.size"
   text	   data	    bss	    dec	    hex	filename
  57340	   2584	  23776	  83700	  146f4	firstTest.elf
'Finished building: firstTest.elf.size'
' '
14:18:47 **** Incremental Build of configuration Debug for project firstTest ****
make pre-build main-build 
a9-linaro-pre-build-step
' '
make: Nothing to be done for 'main-build'.
14:19:44 **** Incremental Build of configuration Debug for project firstTest ****
make pre-build main-build 
a9-linaro-pre-build-step
' '
'Building file: ../src/helloworld.c'
'Invoking: ARM v7 gcc compiler'
arm-none-eabi-gcc -Wall -O0 -g3 -c -fmessage-length=0 -MT"src/helloworld.o" -mcpu=cortex-a9 -mfpu=vfpv3 -mfloat-abi=hard -I../../firstTest_bsp/ps7_cortexa9_0/include -MMD -MP -MF"src/helloworld.d" -MT"src/helloworld.o" -o "src/helloworld.o" "../src/helloworld.c"
../src/helloworld.c:19:16: warning: 'packed' attribute ignored [-Wattributes]
 typedef struct uint24_t __attribute__((packed)) uint24_t;
                ^~~~~~~~
../src/helloworld.c: In function 'main':
../src/helloworld.c:40:9: warning: unused variable 'itel' [-Wunused-variable]
     int itel;
         ^~~~
../src/helloworld.c:39:18: warning: unused variable 'Status' [-Wunused-variable]
     int readreg, Status;
                  ^~~~~~
../src/helloworld.c:39:9: warning: unused variable 'readreg' [-Wunused-variable]
     int readreg, Status;
         ^~~~~~~
../src/helloworld.c: In function 'drawLine':
../src/helloworld.c:91:6: warning: implicit declaration of function 'abs' [-Wimplicit-function-declaration]
 dx = abs (x2-x1);
      ^~~
'Finished building: ../src/helloworld.c'
' '
'Building target: firstTest.elf'
'Invoking: ARM v7 gcc linker'
arm-none-eabi-gcc -mcpu=cortex-a9 -mfpu=vfpv3 -mfloat-abi=hard -Wl,-build-id=none -specs=Xilinx.spec -Wl,-T -Wl,../src/lscript.ld -L../../firstTest_bsp/ps7_cortexa9_0/lib -o "firstTest.elf"  ./src/helloworld.o ./src/platform.o   -Wl,--start-group,-lxil,-lgcc,-lc,--end-group
'Finished building target: firstTest.elf'
' '
'Invoking: ARM v7 Print Size'
arm-none-eabi-size firstTest.elf  |tee "firstTest.elf.size"
   text	   data	    bss	    dec	    hex	filename
  57340	   2584	  23776	  83700	  146f4	firstTest.elf
'Finished building: firstTest.elf.size'
' '
