14:48:44 **** Build of configuration Debug for project PongFunctionTests ****
make pre-build main-build 
a9-linaro-pre-build-step
' '
'Building file: ../src/PongFunc.c'
'Invoking: ARM v7 gcc compiler'
arm-none-eabi-gcc -Wall -O0 -g3 -c -fmessage-length=0 -MT"src/PongFunc.o" -mcpu=cortex-a9 -mfpu=vfpv3 -mfloat-abi=hard -I../../PongFunctionTests_bsp/ps7_cortexa9_0/include -MMD -MP -MF"src/PongFunc.d" -MT"src/PongFunc.o" -o "src/PongFunc.o" "../src/PongFunc.c"
'Finished building: ../src/PongFunc.c'
' '
'Building file: ../src/helloworld.c'
'Invoking: ARM v7 gcc compiler'
arm-none-eabi-gcc -Wall -O0 -g3 -c -fmessage-length=0 -MT"src/helloworld.o" -mcpu=cortex-a9 -mfpu=vfpv3 -mfloat-abi=hard -I../../PongFunctionTests_bsp/ps7_cortexa9_0/include -MMD -MP -MF"src/helloworld.d" -MT"src/helloworld.o" -o "src/helloworld.o" "../src/helloworld.c"
'Finished building: ../src/helloworld.c'
' '
'Building file: ../src/platform.c'
'Invoking: ARM v7 gcc compiler'
arm-none-eabi-gcc -Wall -O0 -g3 -c -fmessage-length=0 -MT"src/platform.o" -mcpu=cortex-a9 -mfpu=vfpv3 -mfloat-abi=hard -I../../PongFunctionTests_bsp/ps7_cortexa9_0/include -MMD -MP -MF"src/platform.d" -MT"src/platform.o" -o "src/platform.o" "../src/platform.c"
'Finished building: ../src/platform.c'
' '
'Building target: PongFunctionTests.elf'
'Invoking: ARM v7 gcc linker'
arm-none-eabi-gcc -mcpu=cortex-a9 -mfpu=vfpv3 -mfloat-abi=hard -Wl,-build-id=none -specs=Xilinx.spec -Wl,-T -Wl,../src/lscript.ld -L../../PongFunctionTests_bsp/ps7_cortexa9_0/lib -o "PongFunctionTests.elf"  ./src/PongFunc.o ./src/helloworld.o ./src/platform.o   -Wl,--start-group,-lxil,-lgcc,-lc,--end-group
'Finished building target: PongFunctionTests.elf'
' '
'Invoking: ARM v7 Print Size'
arm-none-eabi-size PongFunctionTests.elf  |tee "PongFunctionTests.elf.size"
   text	   data	    bss	    dec	    hex	filename
  59780	   2584	  23568	  85932	  14fac	PongFunctionTests.elf
'Finished building: PongFunctionTests.elf.size'
' '
14:48:47 **** Incremental Build of configuration Debug for project PongFunctionTests ****
make pre-build main-build 
a9-linaro-pre-build-step
' '
make: Nothing to be done for 'main-build'.
14:49:05 **** Incremental Build of configuration Debug for project PongFunctionTests ****
make pre-build main-build 
a9-linaro-pre-build-step
' '
'Building file: ../src/helloworld.c'
'Invoking: ARM v7 gcc compiler'
arm-none-eabi-gcc -Wall -O0 -g3 -c -fmessage-length=0 -MT"src/helloworld.o" -mcpu=cortex-a9 -mfpu=vfpv3 -mfloat-abi=hard -I../../PongFunctionTests_bsp/ps7_cortexa9_0/include -MMD -MP -MF"src/helloworld.d" -MT"src/helloworld.o" -o "src/helloworld.o" "../src/helloworld.c"
'Finished building: ../src/helloworld.c'
' '
'Building target: PongFunctionTests.elf'
'Invoking: ARM v7 gcc linker'
arm-none-eabi-gcc -mcpu=cortex-a9 -mfpu=vfpv3 -mfloat-abi=hard -Wl,-build-id=none -specs=Xilinx.spec -Wl,-T -Wl,../src/lscript.ld -L../../PongFunctionTests_bsp/ps7_cortexa9_0/lib -o "PongFunctionTests.elf"  ./src/PongFunc.o ./src/helloworld.o ./src/platform.o   -Wl,--start-group,-lxil,-lgcc,-lc,--end-group
'Finished building target: PongFunctionTests.elf'
' '
'Invoking: ARM v7 Print Size'
arm-none-eabi-size PongFunctionTests.elf  |tee "PongFunctionTests.elf.size"
   text	   data	    bss	    dec	    hex	filename
  59972	   2584	  23568	  86124	  1506c	PongFunctionTests.elf
'Finished building: PongFunctionTests.elf.size'
' '
14:49:19 **** Incremental Build of configuration Debug for project PongFunctionTests ****
make pre-build main-build 
a9-linaro-pre-build-step
' '
make: Nothing to be done for 'main-build'.
