15:17:57 **** Incremental Build of project PongFunctionTests_bsp ****
make -k all 
"Running Make include in ps7_cortexa9_0/libsrc/coresightps_dcc_v1_5/src"
make -C ps7_cortexa9_0/libsrc/coresightps_dcc_v1_5/src -s include  "SHELL=CMD" "COMPILER=arm-none-eabi-gcc" "ARCHIVER=arm-none-eabi-ar" "COMPILER_FLAGS=  -O2 -c" "EXTRA_COMPILER_FLAGS=-mcpu=cortex-a9 -mfpu=vfpv3 -mfloat-abi=hard -nostartfiles -g -Wall -Wextra"
"Running Make include in ps7_cortexa9_0/libsrc/cpu_cortexa9_v2_7/src"
make -C ps7_cortexa9_0/libsrc/cpu_cortexa9_v2_7/src -s include  "SHELL=CMD" "COMPILER=arm-none-eabi-gcc" "ARCHIVER=arm-none-eabi-ar" "COMPILER_FLAGS=  -O2 -c" "EXTRA_COMPILER_FLAGS=-mcpu=cortex-a9 -mfpu=vfpv3 -mfloat-abi=hard -nostartfiles -g -Wall -Wextra"
"Running Make include in ps7_cortexa9_0/libsrc/ddrps_v1_0/src"
make -C ps7_cortexa9_0/libsrc/ddrps_v1_0/src -s include  "SHELL=CMD" "COMPILER=arm-none-eabi-gcc" "ARCHIVER=arm-none-eabi-ar" "COMPILER_FLAGS=  -O2 -c" "EXTRA_COMPILER_FLAGS=-mcpu=cortex-a9 -mfpu=vfpv3 -mfloat-abi=hard -nostartfiles -g -Wall -Wextra"
"Running Make include in ps7_cortexa9_0/libsrc/devcfg_v3_5/src"
make -C ps7_cortexa9_0/libsrc/devcfg_v3_5/src -s include  "SHELL=CMD" "COMPILER=arm-none-eabi-gcc" "ARCHIVER=arm-none-eabi-ar" "COMPILER_FLAGS=  -O2 -c" "EXTRA_COMPILER_FLAGS=-mcpu=cortex-a9 -mfpu=vfpv3 -mfloat-abi=hard -nostartfiles -g -Wall -Wextra"
"Running Make include in ps7_cortexa9_0/libsrc/dmaps_v2_4/src"
make -C ps7_cortexa9_0/libsrc/dmaps_v2_4/src -s include  "SHELL=CMD" "COMPILER=arm-none-eabi-gcc" "ARCHIVER=arm-none-eabi-ar" "COMPILER_FLAGS=  -O2 -c" "EXTRA_COMPILER_FLAGS=-mcpu=cortex-a9 -mfpu=vfpv3 -mfloat-abi=hard -nostartfiles -g -Wall -Wextra"
"Running Make include in ps7_cortexa9_0/libsrc/gpiops_v3_5/src"
make -C ps7_cortexa9_0/libsrc/gpiops_v3_5/src -s include  "SHELL=CMD" "COMPILER=arm-none-eabi-gcc" "ARCHIVER=arm-none-eabi-ar" "COMPILER_FLAGS=  -O2 -c" "EXTRA_COMPILER_FLAGS=-mcpu=cortex-a9 -mfpu=vfpv3 -mfloat-abi=hard -nostartfiles -g -Wall -Wextra"
"Running Make include in ps7_cortexa9_0/libsrc/gpio_v4_4/src"
make -C ps7_cortexa9_0/libsrc/gpio_v4_4/src -s include  "SHELL=CMD" "COMPILER=arm-none-eabi-gcc" "ARCHIVER=arm-none-eabi-ar" "COMPILER_FLAGS=  -O2 -c" "EXTRA_COMPILER_FLAGS=-mcpu=cortex-a9 -mfpu=vfpv3 -mfloat-abi=hard -nostartfiles -g -Wall -Wextra"
"Running Make include in ps7_cortexa9_0/libsrc/Hcsr04_Sensor_v1_0/src"
make -C ps7_cortexa9_0/libsrc/Hcsr04_Sensor_v1_0/src -s include  "SHELL=CMD" "COMPILER=arm-none-eabi-gcc" "ARCHIVER=arm-none-eabi-ar" "COMPILER_FLAGS=  -O2 -c" "EXTRA_COMPILER_FLAGS=-mcpu=cortex-a9 -mfpu=vfpv3 -mfloat-abi=hard -nostartfiles -g -Wall -Wextra"
"Running Make include in ps7_cortexa9_0/libsrc/iicps_v3_9/src"
make -C ps7_cortexa9_0/libsrc/iicps_v3_9/src -s include  "SHELL=CMD" "COMPILER=arm-none-eabi-gcc" "ARCHIVER=arm-none-eabi-ar" "COMPILER_FLAGS=  -O2 -c" "EXTRA_COMPILER_FLAGS=-mcpu=cortex-a9 -mfpu=vfpv3 -mfloat-abi=hard -nostartfiles -g -Wall -Wextra"
"Running Make include in ps7_cortexa9_0/libsrc/qspips_v3_6/src"
make -C ps7_cortexa9_0/libsrc/qspips_v3_6/src -s include  "SHELL=CMD" "COMPILER=arm-none-eabi-gcc" "ARCHIVER=arm-none-eabi-ar" "COMPILER_FLAGS=  -O2 -c" "EXTRA_COMPILER_FLAGS=-mcpu=cortex-a9 -mfpu=vfpv3 -mfloat-abi=hard -nostartfiles -g -Wall -Wextra"
"Running Make include in ps7_cortexa9_0/libsrc/scugic_v4_0/src"
make -C ps7_cortexa9_0/libsrc/scugic_v4_0/src -s include  "SHELL=CMD" "COMPILER=arm-none-eabi-gcc" "ARCHIVER=arm-none-eabi-ar" "COMPILER_FLAGS=  -O2 -c" "EXTRA_COMPILER_FLAGS=-mcpu=cortex-a9 -mfpu=vfpv3 -mfloat-abi=hard -nostartfiles -g -Wall -Wextra"
"Running Make include in ps7_cortexa9_0/libsrc/scutimer_v2_1/src"
make -C ps7_cortexa9_0/libsrc/scutimer_v2_1/src -s include  "SHELL=CMD" "COMPILER=arm-none-eabi-gcc" "ARCHIVER=arm-none-eabi-ar" "COMPILER_FLAGS=  -O2 -c" "EXTRA_COMPILER_FLAGS=-mcpu=cortex-a9 -mfpu=vfpv3 -mfloat-abi=hard -nostartfiles -g -Wall -Wextra"
"Running Make include in ps7_cortexa9_0/libsrc/scuwdt_v2_1/src"
make -C ps7_cortexa9_0/libsrc/scuwdt_v2_1/src -s include  "SHELL=CMD" "COMPILER=arm-none-eabi-gcc" "ARCHIVER=arm-none-eabi-ar" "COMPILER_FLAGS=  -O2 -c" "EXTRA_COMPILER_FLAGS=-mcpu=cortex-a9 -mfpu=vfpv3 -mfloat-abi=hard -nostartfiles -g -Wall -Wextra"
"Running Make include in ps7_cortexa9_0/libsrc/sdps_v3_7/src"
make -C ps7_cortexa9_0/libsrc/sdps_v3_7/src -s include  "SHELL=CMD" "COMPILER=arm-none-eabi-gcc" "ARCHIVER=arm-none-eabi-ar" "COMPILER_FLAGS=  -O2 -c" "EXTRA_COMPILER_FLAGS=-mcpu=cortex-a9 -mfpu=vfpv3 -mfloat-abi=hard -nostartfiles -g -Wall -Wextra"
"Running Make include in ps7_cortexa9_0/libsrc/standalone_v7_0/src"
make -C ps7_cortexa9_0/libsrc/standalone_v7_0/src -s include  "SHELL=CMD" "COMPILER=arm-none-eabi-gcc" "ARCHIVER=arm-none-eabi-ar" "COMPILER_FLAGS=  -O2 -c" "EXTRA_COMPILER_FLAGS=-mcpu=cortex-a9 -mfpu=vfpv3 -mfloat-abi=hard -nostartfiles -g -Wall -Wextra"
"Running Make include in ps7_cortexa9_0/libsrc/uartps_v3_7/src"
make -C ps7_cortexa9_0/libsrc/uartps_v3_7/src -s include  "SHELL=CMD" "COMPILER=arm-none-eabi-gcc" "ARCHIVER=arm-none-eabi-ar" "COMPILER_FLAGS=  -O2 -c" "EXTRA_COMPILER_FLAGS=-mcpu=cortex-a9 -mfpu=vfpv3 -mfloat-abi=hard -nostartfiles -g -Wall -Wextra"
"Running Make include in ps7_cortexa9_0/libsrc/usbps_v2_4/src"
make -C ps7_cortexa9_0/libsrc/usbps_v2_4/src -s include  "SHELL=CMD" "COMPILER=arm-none-eabi-gcc" "ARCHIVER=arm-none-eabi-ar" "COMPILER_FLAGS=  -O2 -c" "EXTRA_COMPILER_FLAGS=-mcpu=cortex-a9 -mfpu=vfpv3 -mfloat-abi=hard -nostartfiles -g -Wall -Wextra"
"Running Make include in ps7_cortexa9_0/libsrc/WS2812_v1_0/src"
make -C ps7_cortexa9_0/libsrc/WS2812_v1_0/src -s include  "SHELL=CMD" "COMPILER=arm-none-eabi-gcc" "ARCHIVER=arm-none-eabi-ar" "COMPILER_FLAGS=  -O2 -c" "EXTRA_COMPILER_FLAGS=-mcpu=cortex-a9 -mfpu=vfpv3 -mfloat-abi=hard -nostartfiles -g -Wall -Wextra"
"Running Make include in ps7_cortexa9_0/libsrc/xadcps_v2_3/src"
make -C ps7_cortexa9_0/libsrc/xadcps_v2_3/src -s include  "SHELL=CMD" "COMPILER=arm-none-eabi-gcc" "ARCHIVER=arm-none-eabi-ar" "COMPILER_FLAGS=  -O2 -c" "EXTRA_COMPILER_FLAGS=-mcpu=cortex-a9 -mfpu=vfpv3 -mfloat-abi=hard -nostartfiles -g -Wall -Wextra"
"Running Make libs in ps7_cortexa9_0/libsrc/coresightps_dcc_v1_5/src"
make -C ps7_cortexa9_0/libsrc/coresightps_dcc_v1_5/src -s libs  "SHELL=CMD" "COMPILER=arm-none-eabi-gcc" "ARCHIVER=arm-none-eabi-ar" "COMPILER_FLAGS=  -O2 -c" "EXTRA_COMPILER_FLAGS=-mcpu=cortex-a9 -mfpu=vfpv3 -mfloat-abi=hard -nostartfiles -g -Wall -Wextra"
"Compiling coresightps_dcc"
arm-none-eabi-ar: creating ../../../lib/libxil.a
"Running Make libs in ps7_cortexa9_0/libsrc/cpu_cortexa9_v2_7/src"
make -C ps7_cortexa9_0/libsrc/cpu_cortexa9_v2_7/src -s libs  "SHELL=CMD" "COMPILER=arm-none-eabi-gcc" "ARCHIVER=arm-none-eabi-ar" "COMPILER_FLAGS=  -O2 -c" "EXTRA_COMPILER_FLAGS=-mcpu=cortex-a9 -mfpu=vfpv3 -mfloat-abi=hard -nostartfiles -g -Wall -Wextra"
"Compiling cpu_cortexa9"
"Running Make libs in ps7_cortexa9_0/libsrc/ddrps_v1_0/src"
make -C ps7_cortexa9_0/libsrc/ddrps_v1_0/src -s libs  "SHELL=CMD" "COMPILER=arm-none-eabi-gcc" "ARCHIVER=arm-none-eabi-ar" "COMPILER_FLAGS=  -O2 -c" "EXTRA_COMPILER_FLAGS=-mcpu=cortex-a9 -mfpu=vfpv3 -mfloat-abi=hard -nostartfiles -g -Wall -Wextra"
"Compiling ddrps"
"Running Make libs in ps7_cortexa9_0/libsrc/devcfg_v3_5/src"
make -C ps7_cortexa9_0/libsrc/devcfg_v3_5/src -s libs  "SHELL=CMD" "COMPILER=arm-none-eabi-gcc" "ARCHIVER=arm-none-eabi-ar" "COMPILER_FLAGS=  -O2 -c" "EXTRA_COMPILER_FLAGS=-mcpu=cortex-a9 -mfpu=vfpv3 -mfloat-abi=hard -nostartfiles -g -Wall -Wextra"
"Compiling devcfg"
"Running Make libs in ps7_cortexa9_0/libsrc/dmaps_v2_4/src"
make -C ps7_cortexa9_0/libsrc/dmaps_v2_4/src -s libs  "SHELL=CMD" "COMPILER=arm-none-eabi-gcc" "ARCHIVER=arm-none-eabi-ar" "COMPILER_FLAGS=  -O2 -c" "EXTRA_COMPILER_FLAGS=-mcpu=cortex-a9 -mfpu=vfpv3 -mfloat-abi=hard -nostartfiles -g -Wall -Wextra"
"Compiling dmaps"
"Running Make libs in ps7_cortexa9_0/libsrc/gpiops_v3_5/src"
make -C ps7_cortexa9_0/libsrc/gpiops_v3_5/src -s libs  "SHELL=CMD" "COMPILER=arm-none-eabi-gcc" "ARCHIVER=arm-none-eabi-ar" "COMPILER_FLAGS=  -O2 -c" "EXTRA_COMPILER_FLAGS=-mcpu=cortex-a9 -mfpu=vfpv3 -mfloat-abi=hard -nostartfiles -g -Wall -Wextra"
"Compiling gpiops"
"Running Make libs in ps7_cortexa9_0/libsrc/gpio_v4_4/src"
make -C ps7_cortexa9_0/libsrc/gpio_v4_4/src -s libs  "SHELL=CMD" "COMPILER=arm-none-eabi-gcc" "ARCHIVER=arm-none-eabi-ar" "COMPILER_FLAGS=  -O2 -c" "EXTRA_COMPILER_FLAGS=-mcpu=cortex-a9 -mfpu=vfpv3 -mfloat-abi=hard -nostartfiles -g -Wall -Wextra"
"Compiling gpio"
"Running Make libs in ps7_cortexa9_0/libsrc/Hcsr04_Sensor_v1_0/src"
make -C ps7_cortexa9_0/libsrc/Hcsr04_Sensor_v1_0/src -s libs  "SHELL=CMD" "COMPILER=arm-none-eabi-gcc" "ARCHIVER=arm-none-eabi-ar" "COMPILER_FLAGS=  -O2 -c" "EXTRA_COMPILER_FLAGS=-mcpu=cortex-a9 -mfpu=vfpv3 -mfloat-abi=hard -nostartfiles -g -Wall -Wextra"
"Compiling Hcsr04_Sensor..."
Hcsr04_Sensor_selftest.c: In function 'HCSR04_SENSOR_Reg_SelfTest':
Hcsr04_Sensor_selftest.c:52:62: warning: comparison of integer expressions of different signedness: 'u32' {aka 'long unsigned int'} and 'int' [-Wsign-compare]
    if ( HCSR04_SENSOR_mReadReg (baseaddr, read_loop_index*4) != (read_loop_index+1)*READ_WRITE_MUL_FACTOR){
                                                              ^~
Hcsr04_Sensor_selftest.c:36:6: warning: unused variable 'Index' [-Wunused-variable]
  int Index;
      ^~~~~
"Running Make libs in ps7_cortexa9_0/libsrc/iicps_v3_9/src"
make -C ps7_cortexa9_0/libsrc/iicps_v3_9/src -s libs  "SHELL=CMD" "COMPILER=arm-none-eabi-gcc" "ARCHIVER=arm-none-eabi-ar" "COMPILER_FLAGS=  -O2 -c" "EXTRA_COMPILER_FLAGS=-mcpu=cortex-a9 -mfpu=vfpv3 -mfloat-abi=hard -nostartfiles -g -Wall -Wextra"
"Compiling iicps"
"Running Make libs in ps7_cortexa9_0/libsrc/qspips_v3_6/src"
make -C ps7_cortexa9_0/libsrc/qspips_v3_6/src -s libs  "SHELL=CMD" "COMPILER=arm-none-eabi-gcc" "ARCHIVER=arm-none-eabi-ar" "COMPILER_FLAGS=  -O2 -c" "EXTRA_COMPILER_FLAGS=-mcpu=cortex-a9 -mfpu=vfpv3 -mfloat-abi=hard -nostartfiles -g -Wall -Wextra"
"Compiling qspips"
"Running Make libs in ps7_cortexa9_0/libsrc/scugic_v4_0/src"
make -C ps7_cortexa9_0/libsrc/scugic_v4_0/src -s libs  "SHELL=CMD" "COMPILER=arm-none-eabi-gcc" "ARCHIVER=arm-none-eabi-ar" "COMPILER_FLAGS=  -O2 -c" "EXTRA_COMPILER_FLAGS=-mcpu=cortex-a9 -mfpu=vfpv3 -mfloat-abi=hard -nostartfiles -g -Wall -Wextra"
"Compiling scugic"
"Running Make libs in ps7_cortexa9_0/libsrc/scutimer_v2_1/src"
make -C ps7_cortexa9_0/libsrc/scutimer_v2_1/src -s libs  "SHELL=CMD" "COMPILER=arm-none-eabi-gcc" "ARCHIVER=arm-none-eabi-ar" "COMPILER_FLAGS=  -O2 -c" "EXTRA_COMPILER_FLAGS=-mcpu=cortex-a9 -mfpu=vfpv3 -mfloat-abi=hard -nostartfiles -g -Wall -Wextra"
"Compiling scutimer"
"Running Make libs in ps7_cortexa9_0/libsrc/scuwdt_v2_1/src"
make -C ps7_cortexa9_0/libsrc/scuwdt_v2_1/src -s libs  "SHELL=CMD" "COMPILER=arm-none-eabi-gcc" "ARCHIVER=arm-none-eabi-ar" "COMPILER_FLAGS=  -O2 -c" "EXTRA_COMPILER_FLAGS=-mcpu=cortex-a9 -mfpu=vfpv3 -mfloat-abi=hard -nostartfiles -g -Wall -Wextra"
"Compiling scuwdt"
"Running Make libs in ps7_cortexa9_0/libsrc/sdps_v3_7/src"
make -C ps7_cortexa9_0/libsrc/sdps_v3_7/src -s libs  "SHELL=CMD" "COMPILER=arm-none-eabi-gcc" "ARCHIVER=arm-none-eabi-ar" "COMPILER_FLAGS=  -O2 -c" "EXTRA_COMPILER_FLAGS=-mcpu=cortex-a9 -mfpu=vfpv3 -mfloat-abi=hard -nostartfiles -g -Wall -Wextra"
"Compiling sdps"
"Running Make libs in ps7_cortexa9_0/libsrc/standalone_v7_0/src"
make -C ps7_cortexa9_0/libsrc/standalone_v7_0/src -s libs  "SHELL=CMD" "COMPILER=arm-none-eabi-gcc" "ARCHIVER=arm-none-eabi-ar" "COMPILER_FLAGS=  -O2 -c" "EXTRA_COMPILER_FLAGS=-mcpu=cortex-a9 -mfpu=vfpv3 -mfloat-abi=hard -nostartfiles -g -Wall -Wextra"
"Compiling standalone"
In file included from usleep.c:56:
xtime_l.h:87:9: note: #pragma message: For the sleep routines, Global timer is being used
 #pragma message ("For the sleep routines, Global timer is being used")
         ^~~~~~~
In file included from xil_sleeptimer.c:51:
xtime_l.h:87:9: note: #pragma message: For the sleep routines, Global timer is being used
 #pragma message ("For the sleep routines, Global timer is being used")
         ^~~~~~~
In file included from xtime_l.c:49:
xtime_l.h:87:9: note: #pragma message: For the sleep routines, Global timer is being used
 #pragma message ("For the sleep routines, Global timer is being used")
         ^~~~~~~
In file included from sleep.c:53:
xtime_l.h:87:9: note: #pragma message: For the sleep routines, Global timer is being used
 #pragma message ("For the sleep routines, Global timer is being used")
         ^~~~~~~
"Running Make libs in ps7_cortexa9_0/libsrc/uartps_v3_7/src"
make -C ps7_cortexa9_0/libsrc/uartps_v3_7/src -s libs  "SHELL=CMD" "COMPILER=arm-none-eabi-gcc" "ARCHIVER=arm-none-eabi-ar" "COMPILER_FLAGS=  -O2 -c" "EXTRA_COMPILER_FLAGS=-mcpu=cortex-a9 -mfpu=vfpv3 -mfloat-abi=hard -nostartfiles -g -Wall -Wextra"
"Compiling uartps"
"Running Make libs in ps7_cortexa9_0/libsrc/usbps_v2_4/src"
make -C ps7_cortexa9_0/libsrc/usbps_v2_4/src -s libs  "SHELL=CMD" "COMPILER=arm-none-eabi-gcc" "ARCHIVER=arm-none-eabi-ar" "COMPILER_FLAGS=  -O2 -c" "EXTRA_COMPILER_FLAGS=-mcpu=cortex-a9 -mfpu=vfpv3 -mfloat-abi=hard -nostartfiles -g -Wall -Wextra"
"Compiling usbps"
"Running Make libs in ps7_cortexa9_0/libsrc/WS2812_v1_0/src"
make -C ps7_cortexa9_0/libsrc/WS2812_v1_0/src -s libs  "SHELL=CMD" "COMPILER=arm-none-eabi-gcc" "ARCHIVER=arm-none-eabi-ar" "COMPILER_FLAGS=  -O2 -c" "EXTRA_COMPILER_FLAGS=-mcpu=cortex-a9 -mfpu=vfpv3 -mfloat-abi=hard -nostartfiles -g -Wall -Wextra"
"Compiling WS2812..."
WS2812_selftest.c: In function 'WS2812_Reg_SelfTest':
WS2812_selftest.c:52:55: warning: comparison of integer expressions of different signedness: 'u32' {aka 'long unsigned int'} and 'int' [-Wsign-compare]
    if ( WS2812_mReadReg (baseaddr, read_loop_index*4) != (read_loop_index+1)*READ_WRITE_MUL_FACTOR){
                                                       ^~
WS2812_selftest.c:36:6: warning: unused variable 'Index' [-Wunused-variable]
  int Index;
      ^~~~~
"Running Make libs in ps7_cortexa9_0/libsrc/xadcps_v2_3/src"
make -C ps7_cortexa9_0/libsrc/xadcps_v2_3/src -s libs  "SHELL=CMD" "COMPILER=arm-none-eabi-gcc" "ARCHIVER=arm-none-eabi-ar" "COMPILER_FLAGS=  -O2 -c" "EXTRA_COMPILER_FLAGS=-mcpu=cortex-a9 -mfpu=vfpv3 -mfloat-abi=hard -nostartfiles -g -Wall -Wextra"
"Compiling xadcps"
'Finished building libraries'
15:18:42 **** Incremental Build of configuration Debug for project PongFunctionTests ****
make pre-build main-build 
a9-linaro-pre-build-step
' '
'Building file: ../src/PongFunc.c'
'Invoking: ARM v7 gcc compiler'
arm-none-eabi-gcc -Wall -O0 -g3 -c -fmessage-length=0 -MT"src/PongFunc.o" -mcpu=cortex-a9 -mfpu=vfpv3 -mfloat-abi=hard -I../../PongFunctionTests_bsp/ps7_cortexa9_0/include -MMD -MP -MF"src/PongFunc.d" -MT"src/PongFunc.o" -o "src/PongFunc.o" "../src/PongFunc.c"
'Finished building: ../src/PongFunc.c'
' '
'Building file: ../src/helloworld.c'
'Invoking: ARM v7 gcc compiler'
arm-none-eabi-gcc -Wall -O0 -g3 -c -fmessage-length=0 -MT"src/helloworld.o" -mcpu=cortex-a9 -mfpu=vfpv3 -mfloat-abi=hard -I../../PongFunctionTests_bsp/ps7_cortexa9_0/include -MMD -MP -MF"src/helloworld.d" -MT"src/helloworld.o" -o "src/helloworld.o" "../src/helloworld.c"
'Finished building: ../src/helloworld.c'
' '
'Building file: ../src/platform.c'
'Invoking: ARM v7 gcc compiler'
arm-none-eabi-gcc -Wall -O0 -g3 -c -fmessage-length=0 -MT"src/platform.o" -mcpu=cortex-a9 -mfpu=vfpv3 -mfloat-abi=hard -I../../PongFunctionTests_bsp/ps7_cortexa9_0/include -MMD -MP -MF"src/platform.d" -MT"src/platform.o" -o "src/platform.o" "../src/platform.c"
'Finished building: ../src/platform.c'
' '
'Building target: PongFunctionTests.elf'
'Invoking: ARM v7 gcc linker'
arm-none-eabi-gcc -mcpu=cortex-a9 -mfpu=vfpv3 -mfloat-abi=hard -Wl,-build-id=none -specs=Xilinx.spec -Wl,-T -Wl,../src/lscript.ld -L../../PongFunctionTests_bsp/ps7_cortexa9_0/lib -o "PongFunctionTests.elf"  ./src/PongFunc.o ./src/helloworld.o ./src/platform.o   -Wl,--start-group,-lxil,-lgcc,-lc,--end-group
'Finished building target: PongFunctionTests.elf'
' '
'Invoking: ARM v7 Print Size'
arm-none-eabi-size PongFunctionTests.elf  |tee "PongFunctionTests.elf.size"
   text	   data	    bss	    dec	    hex	filename
  59972	   2584	  23568	  86124	  1506c	PongFunctionTests.elf
'Finished building: PongFunctionTests.elf.size'
' '
15:20:20 **** Incremental Build of configuration Debug for project PongFunctionTests ****
make pre-build main-build 
a9-linaro-pre-build-step
' '
'Building file: ../src/helloworld.c'
'Invoking: ARM v7 gcc compiler'
arm-none-eabi-gcc -Wall -O0 -g3 -c -fmessage-length=0 -MT"src/helloworld.o" -mcpu=cortex-a9 -mfpu=vfpv3 -mfloat-abi=hard -I../../PongFunctionTests_bsp/ps7_cortexa9_0/include -MMD -MP -MF"src/helloworld.d" -MT"src/helloworld.o" -o "src/helloworld.o" "../src/helloworld.c"
'Finished building: ../src/helloworld.c'
' '
'Building target: PongFunctionTests.elf'
'Invoking: ARM v7 gcc linker'
arm-none-eabi-gcc -mcpu=cortex-a9 -mfpu=vfpv3 -mfloat-abi=hard -Wl,-build-id=none -specs=Xilinx.spec -Wl,-T -Wl,../src/lscript.ld -L../../PongFunctionTests_bsp/ps7_cortexa9_0/lib -o "PongFunctionTests.elf"  ./src/PongFunc.o ./src/helloworld.o ./src/platform.o   -Wl,--start-group,-lxil,-lgcc,-lc,--end-group
'Finished building target: PongFunctionTests.elf'
' '
'Invoking: ARM v7 Print Size'
arm-none-eabi-size PongFunctionTests.elf  |tee "PongFunctionTests.elf.size"
   text	   data	    bss	    dec	    hex	filename
  59972	   2584	  23568	  86124	  1506c	PongFunctionTests.elf
'Finished building: PongFunctionTests.elf.size'
' '
15:24:03 **** Incremental Build of configuration Debug for project PongFunctionTests ****
make pre-build main-build 
a9-linaro-pre-build-step
' '
make: Nothing to be done for 'main-build'.
15:25:07 **** Incremental Build of configuration Debug for project PongFunctionTests ****
make pre-build main-build 
a9-linaro-pre-build-step
' '
make: Nothing to be done for 'main-build'.
15:26:59 **** Incremental Build of configuration Debug for project PongFunctionTests ****
make pre-build main-build 
a9-linaro-pre-build-step
' '
'Building file: ../src/PongFunc.c'
'Invoking: ARM v7 gcc compiler'
arm-none-eabi-gcc -Wall -O0 -g3 -c -fmessage-length=0 -MT"src/PongFunc.o" -mcpu=cortex-a9 -mfpu=vfpv3 -mfloat-abi=hard -I../../PongFunctionTests_bsp/ps7_cortexa9_0/include -MMD -MP -MF"src/PongFunc.d" -MT"src/PongFunc.o" -o "src/PongFunc.o" "../src/PongFunc.c"
'Finished building: ../src/PongFunc.c'
' '
'Building target: PongFunctionTests.elf'
'Invoking: ARM v7 gcc linker'
arm-none-eabi-gcc -mcpu=cortex-a9 -mfpu=vfpv3 -mfloat-abi=hard -Wl,-build-id=none -specs=Xilinx.spec -Wl,-T -Wl,../src/lscript.ld -L../../PongFunctionTests_bsp/ps7_cortexa9_0/lib -o "PongFunctionTests.elf"  ./src/PongFunc.o ./src/helloworld.o ./src/platform.o   -Wl,--start-group,-lxil,-lgcc,-lc,--end-group
'Finished building target: PongFunctionTests.elf'
' '
'Invoking: ARM v7 Print Size'
arm-none-eabi-size PongFunctionTests.elf  |tee "PongFunctionTests.elf.size"
   text	   data	    bss	    dec	    hex	filename
  59972	   2584	  23568	  86124	  1506c	PongFunctionTests.elf
'Finished building: PongFunctionTests.elf.size'
' '
15:28:37 **** Incremental Build of configuration Debug for project PongFunctionTests ****
make pre-build main-build 
a9-linaro-pre-build-step
' '
'Building file: ../src/helloworld.c'
'Invoking: ARM v7 gcc compiler'
arm-none-eabi-gcc -Wall -O0 -g3 -c -fmessage-length=0 -MT"src/helloworld.o" -mcpu=cortex-a9 -mfpu=vfpv3 -mfloat-abi=hard -I../../PongFunctionTests_bsp/ps7_cortexa9_0/include -MMD -MP -MF"src/helloworld.d" -MT"src/helloworld.o" -o "src/helloworld.o" "../src/helloworld.c"
'Finished building: ../src/helloworld.c'
' '
'Building target: PongFunctionTests.elf'
'Invoking: ARM v7 gcc linker'
arm-none-eabi-gcc -mcpu=cortex-a9 -mfpu=vfpv3 -mfloat-abi=hard -Wl,-build-id=none -specs=Xilinx.spec -Wl,-T -Wl,../src/lscript.ld -L../../PongFunctionTests_bsp/ps7_cortexa9_0/lib -o "PongFunctionTests.elf"  ./src/PongFunc.o ./src/helloworld.o ./src/platform.o   -Wl,--start-group,-lxil,-lgcc,-lc,--end-group
'Finished building target: PongFunctionTests.elf'
' '
'Invoking: ARM v7 Print Size'
arm-none-eabi-size PongFunctionTests.elf  |tee "PongFunctionTests.elf.size"
   text	   data	    bss	    dec	    hex	filename
  59972	   2584	  23568	  86124	  1506c	PongFunctionTests.elf
'Finished building: PongFunctionTests.elf.size'
' '
15:29:24 **** Incremental Build of configuration Debug for project PongFunctionTests ****
make pre-build main-build 
a9-linaro-pre-build-step
' '
'Building file: ../src/helloworld.c'
'Invoking: ARM v7 gcc compiler'
arm-none-eabi-gcc -Wall -O0 -g3 -c -fmessage-length=0 -MT"src/helloworld.o" -mcpu=cortex-a9 -mfpu=vfpv3 -mfloat-abi=hard -I../../PongFunctionTests_bsp/ps7_cortexa9_0/include -MMD -MP -MF"src/helloworld.d" -MT"src/helloworld.o" -o "src/helloworld.o" "../src/helloworld.c"
'Finished building: ../src/helloworld.c'
' '
'Building target: PongFunctionTests.elf'
'Invoking: ARM v7 gcc linker'
arm-none-eabi-gcc -mcpu=cortex-a9 -mfpu=vfpv3 -mfloat-abi=hard -Wl,-build-id=none -specs=Xilinx.spec -Wl,-T -Wl,../src/lscript.ld -L../../PongFunctionTests_bsp/ps7_cortexa9_0/lib -o "PongFunctionTests.elf"  ./src/PongFunc.o ./src/helloworld.o ./src/platform.o   -Wl,--start-group,-lxil,-lgcc,-lc,--end-group
'Finished building target: PongFunctionTests.elf'
' '
'Invoking: ARM v7 Print Size'
arm-none-eabi-size PongFunctionTests.elf  |tee "PongFunctionTests.elf.size"
   text	   data	    bss	    dec	    hex	filename
  59908	   2584	  23568	  86060	  1502c	PongFunctionTests.elf
'Finished building: PongFunctionTests.elf.size'
' '
15:30:10 **** Incremental Build of configuration Debug for project PongFunctionTests ****
make pre-build main-build 
a9-linaro-pre-build-step
' '
'Building file: ../src/PongFunc.c'
'Invoking: ARM v7 gcc compiler'
arm-none-eabi-gcc -Wall -O0 -g3 -c -fmessage-length=0 -MT"src/PongFunc.o" -mcpu=cortex-a9 -mfpu=vfpv3 -mfloat-abi=hard -I../../PongFunctionTests_bsp/ps7_cortexa9_0/include -MMD -MP -MF"src/PongFunc.d" -MT"src/PongFunc.o" -o "src/PongFunc.o" "../src/PongFunc.c"
'Finished building: ../src/PongFunc.c'
' '
'Building file: ../src/helloworld.c'
'Invoking: ARM v7 gcc compiler'
arm-none-eabi-gcc -Wall -O0 -g3 -c -fmessage-length=0 -MT"src/helloworld.o" -mcpu=cortex-a9 -mfpu=vfpv3 -mfloat-abi=hard -I../../PongFunctionTests_bsp/ps7_cortexa9_0/include -MMD -MP -MF"src/helloworld.d" -MT"src/helloworld.o" -o "src/helloworld.o" "../src/helloworld.c"
'Finished building: ../src/helloworld.c'
' '
'Building target: PongFunctionTests.elf'
'Invoking: ARM v7 gcc linker'
arm-none-eabi-gcc -mcpu=cortex-a9 -mfpu=vfpv3 -mfloat-abi=hard -Wl,-build-id=none -specs=Xilinx.spec -Wl,-T -Wl,../src/lscript.ld -L../../PongFunctionTests_bsp/ps7_cortexa9_0/lib -o "PongFunctionTests.elf"  ./src/PongFunc.o ./src/helloworld.o ./src/platform.o   -Wl,--start-group,-lxil,-lgcc,-lc,--end-group
'Finished building target: PongFunctionTests.elf'
' '
'Invoking: ARM v7 Print Size'
arm-none-eabi-size PongFunctionTests.elf  |tee "PongFunctionTests.elf.size"
   text	   data	    bss	    dec	    hex	filename
  59908	   2584	  23568	  86060	  1502c	PongFunctionTests.elf
'Finished building: PongFunctionTests.elf.size'
' '
15:31:19 **** Incremental Build of configuration Debug for project PongFunctionTests ****
make pre-build main-build 
a9-linaro-pre-build-step
' '
'Building file: ../src/PongFunc.c'
'Invoking: ARM v7 gcc compiler'
arm-none-eabi-gcc -Wall -O0 -g3 -c -fmessage-length=0 -MT"src/PongFunc.o" -mcpu=cortex-a9 -mfpu=vfpv3 -mfloat-abi=hard -I../../PongFunctionTests_bsp/ps7_cortexa9_0/include -MMD -MP -MF"src/PongFunc.d" -MT"src/PongFunc.o" -o "src/PongFunc.o" "../src/PongFunc.c"
'Finished building: ../src/PongFunc.c'
' '
'Building target: PongFunctionTests.elf'
'Invoking: ARM v7 gcc linker'
arm-none-eabi-gcc -mcpu=cortex-a9 -mfpu=vfpv3 -mfloat-abi=hard -Wl,-build-id=none -specs=Xilinx.spec -Wl,-T -Wl,../src/lscript.ld -L../../PongFunctionTests_bsp/ps7_cortexa9_0/lib -o "PongFunctionTests.elf"  ./src/PongFunc.o ./src/helloworld.o ./src/platform.o   -Wl,--start-group,-lxil,-lgcc,-lc,--end-group
'Finished building target: PongFunctionTests.elf'
' '
'Invoking: ARM v7 Print Size'
arm-none-eabi-size PongFunctionTests.elf  |tee "PongFunctionTests.elf.size"
   text	   data	    bss	    dec	    hex	filename
  59972	   2584	  23568	  86124	  1506c	PongFunctionTests.elf
'Finished building: PongFunctionTests.elf.size'
' '
15:31:56 **** Incremental Build of configuration Debug for project PongFunctionTests ****
make pre-build main-build 
a9-linaro-pre-build-step
' '
'Building file: ../src/PongFunc.c'
'Invoking: ARM v7 gcc compiler'
arm-none-eabi-gcc -Wall -O0 -g3 -c -fmessage-length=0 -MT"src/PongFunc.o" -mcpu=cortex-a9 -mfpu=vfpv3 -mfloat-abi=hard -I../../PongFunctionTests_bsp/ps7_cortexa9_0/include -MMD -MP -MF"src/PongFunc.d" -MT"src/PongFunc.o" -o "src/PongFunc.o" "../src/PongFunc.c"
'Finished building: ../src/PongFunc.c'
' '
'Building target: PongFunctionTests.elf'
'Invoking: ARM v7 gcc linker'
arm-none-eabi-gcc -mcpu=cortex-a9 -mfpu=vfpv3 -mfloat-abi=hard -Wl,-build-id=none -specs=Xilinx.spec -Wl,-T -Wl,../src/lscript.ld -L../../PongFunctionTests_bsp/ps7_cortexa9_0/lib -o "PongFunctionTests.elf"  ./src/PongFunc.o ./src/helloworld.o ./src/platform.o   -Wl,--start-group,-lxil,-lgcc,-lc,--end-group
'Finished building target: PongFunctionTests.elf'
' '
'Invoking: ARM v7 Print Size'
arm-none-eabi-size PongFunctionTests.elf  |tee "PongFunctionTests.elf.size"
   text	   data	    bss	    dec	    hex	filename
  59972	   2584	  23568	  86124	  1506c	PongFunctionTests.elf
'Finished building: PongFunctionTests.elf.size'
' '
15:33:27 **** Incremental Build of configuration Debug for project PongFunctionTests ****
make pre-build main-build 
a9-linaro-pre-build-step
' '
'Building file: ../src/PongFunc.c'
'Invoking: ARM v7 gcc compiler'
arm-none-eabi-gcc -Wall -O0 -g3 -c -fmessage-length=0 -MT"src/PongFunc.o" -mcpu=cortex-a9 -mfpu=vfpv3 -mfloat-abi=hard -I../../PongFunctionTests_bsp/ps7_cortexa9_0/include -MMD -MP -MF"src/PongFunc.d" -MT"src/PongFunc.o" -o "src/PongFunc.o" "../src/PongFunc.c"
'Finished building: ../src/PongFunc.c'
' '
'Building target: PongFunctionTests.elf'
'Invoking: ARM v7 gcc linker'
arm-none-eabi-gcc -mcpu=cortex-a9 -mfpu=vfpv3 -mfloat-abi=hard -Wl,-build-id=none -specs=Xilinx.spec -Wl,-T -Wl,../src/lscript.ld -L../../PongFunctionTests_bsp/ps7_cortexa9_0/lib -o "PongFunctionTests.elf"  ./src/PongFunc.o ./src/helloworld.o ./src/platform.o   -Wl,--start-group,-lxil,-lgcc,-lc,--end-group
'Finished building target: PongFunctionTests.elf'
' '
'Invoking: ARM v7 Print Size'
arm-none-eabi-size PongFunctionTests.elf  |tee "PongFunctionTests.elf.size"
   text	   data	    bss	    dec	    hex	filename
  59972	   2584	  23568	  86124	  1506c	PongFunctionTests.elf
'Finished building: PongFunctionTests.elf.size'
' '
15:34:00 **** Incremental Build of configuration Debug for project PongFunctionTests ****
make pre-build main-build 
a9-linaro-pre-build-step
' '
'Building file: ../src/PongFunc.c'
'Invoking: ARM v7 gcc compiler'
arm-none-eabi-gcc -Wall -O0 -g3 -c -fmessage-length=0 -MT"src/PongFunc.o" -mcpu=cortex-a9 -mfpu=vfpv3 -mfloat-abi=hard -I../../PongFunctionTests_bsp/ps7_cortexa9_0/include -MMD -MP -MF"src/PongFunc.d" -MT"src/PongFunc.o" -o "src/PongFunc.o" "../src/PongFunc.c"
'Finished building: ../src/PongFunc.c'
' '
'Building target: PongFunctionTests.elf'
'Invoking: ARM v7 gcc linker'
arm-none-eabi-gcc -mcpu=cortex-a9 -mfpu=vfpv3 -mfloat-abi=hard -Wl,-build-id=none -specs=Xilinx.spec -Wl,-T -Wl,../src/lscript.ld -L../../PongFunctionTests_bsp/ps7_cortexa9_0/lib -o "PongFunctionTests.elf"  ./src/PongFunc.o ./src/helloworld.o ./src/platform.o   -Wl,--start-group,-lxil,-lgcc,-lc,--end-group
'Finished building target: PongFunctionTests.elf'
' '
'Invoking: ARM v7 Print Size'
arm-none-eabi-size PongFunctionTests.elf  |tee "PongFunctionTests.elf.size"
   text	   data	    bss	    dec	    hex	filename
  59972	   2584	  23568	  86124	  1506c	PongFunctionTests.elf
'Finished building: PongFunctionTests.elf.size'
' '
15:34:37 **** Incremental Build of configuration Debug for project PongFunctionTests ****
make pre-build main-build 
a9-linaro-pre-build-step
' '
'Building file: ../src/PongFunc.c'
'Invoking: ARM v7 gcc compiler'
arm-none-eabi-gcc -Wall -O0 -g3 -c -fmessage-length=0 -MT"src/PongFunc.o" -mcpu=cortex-a9 -mfpu=vfpv3 -mfloat-abi=hard -I../../PongFunctionTests_bsp/ps7_cortexa9_0/include -MMD -MP -MF"src/PongFunc.d" -MT"src/PongFunc.o" -o "src/PongFunc.o" "../src/PongFunc.c"
'Finished building: ../src/PongFunc.c'
' '
'Building target: PongFunctionTests.elf'
'Invoking: ARM v7 gcc linker'
arm-none-eabi-gcc -mcpu=cortex-a9 -mfpu=vfpv3 -mfloat-abi=hard -Wl,-build-id=none -specs=Xilinx.spec -Wl,-T -Wl,../src/lscript.ld -L../../PongFunctionTests_bsp/ps7_cortexa9_0/lib -o "PongFunctionTests.elf"  ./src/PongFunc.o ./src/helloworld.o ./src/platform.o   -Wl,--start-group,-lxil,-lgcc,-lc,--end-group
'Finished building target: PongFunctionTests.elf'
' '
'Invoking: ARM v7 Print Size'
arm-none-eabi-size PongFunctionTests.elf  |tee "PongFunctionTests.elf.size"
   text	   data	    bss	    dec	    hex	filename
  59972	   2584	  23568	  86124	  1506c	PongFunctionTests.elf
'Finished building: PongFunctionTests.elf.size'
' '
15:38:34 **** Incremental Build of configuration Debug for project PongFunctionTests ****
make pre-build main-build 
a9-linaro-pre-build-step
' '
'Building file: ../src/PongFunc.c'
'Invoking: ARM v7 gcc compiler'
arm-none-eabi-gcc -Wall -O0 -g3 -c -fmessage-length=0 -MT"src/PongFunc.o" -mcpu=cortex-a9 -mfpu=vfpv3 -mfloat-abi=hard -I../../PongFunctionTests_bsp/ps7_cortexa9_0/include -MMD -MP -MF"src/PongFunc.d" -MT"src/PongFunc.o" -o "src/PongFunc.o" "../src/PongFunc.c"
../src/PongFunc.c: In function 'getPlayer1Move':
../src/PongFunc.c:27:13: warning: unused variable 'oldDistance' [-Wunused-variable]
  static int oldDistance = 0;
             ^~~~~~~~~~~
At top level:
../src/PongFunc.c:27:13: warning: 'oldDistance' defined but not used [-Wunused-variable]
'Finished building: ../src/PongFunc.c'
' '
'Building target: PongFunctionTests.elf'
'Invoking: ARM v7 gcc linker'
arm-none-eabi-gcc -mcpu=cortex-a9 -mfpu=vfpv3 -mfloat-abi=hard -Wl,-build-id=none -specs=Xilinx.spec -Wl,-T -Wl,../src/lscript.ld -L../../PongFunctionTests_bsp/ps7_cortexa9_0/lib -o "PongFunctionTests.elf"  ./src/PongFunc.o ./src/helloworld.o ./src/platform.o   -Wl,--start-group,-lxil,-lgcc,-lc,--end-group
'Finished building target: PongFunctionTests.elf'
' '
'Invoking: ARM v7 Print Size'
arm-none-eabi-size PongFunctionTests.elf  |tee "PongFunctionTests.elf.size"
   text	   data	    bss	    dec	    hex	filename
  59844	   2584	  23568	  85996	  14fec	PongFunctionTests.elf
'Finished building: PongFunctionTests.elf.size'
' '
15:39:22 **** Incremental Build of configuration Debug for project PongFunctionTests ****
make pre-build main-build 
a9-linaro-pre-build-step
' '
'Building file: ../src/PongFunc.c'
'Invoking: ARM v7 gcc compiler'
arm-none-eabi-gcc -Wall -O0 -g3 -c -fmessage-length=0 -MT"src/PongFunc.o" -mcpu=cortex-a9 -mfpu=vfpv3 -mfloat-abi=hard -I../../PongFunctionTests_bsp/ps7_cortexa9_0/include -MMD -MP -MF"src/PongFunc.d" -MT"src/PongFunc.o" -o "src/PongFunc.o" "../src/PongFunc.c"
../src/PongFunc.c: In function 'getPlayer1Move':
../src/PongFunc.c:27:13: warning: unused variable 'oldDistance' [-Wunused-variable]
  static int oldDistance = 0;
             ^~~~~~~~~~~
At top level:
../src/PongFunc.c:27:13: warning: 'oldDistance' defined but not used [-Wunused-variable]
'Finished building: ../src/PongFunc.c'
' '
'Building target: PongFunctionTests.elf'
'Invoking: ARM v7 gcc linker'
arm-none-eabi-gcc -mcpu=cortex-a9 -mfpu=vfpv3 -mfloat-abi=hard -Wl,-build-id=none -specs=Xilinx.spec -Wl,-T -Wl,../src/lscript.ld -L../../PongFunctionTests_bsp/ps7_cortexa9_0/lib -o "PongFunctionTests.elf"  ./src/PongFunc.o ./src/helloworld.o ./src/platform.o   -Wl,--start-group,-lxil,-lgcc,-lc,--end-group
'Finished building target: PongFunctionTests.elf'
' '
'Invoking: ARM v7 Print Size'
arm-none-eabi-size PongFunctionTests.elf  |tee "PongFunctionTests.elf.size"
   text	   data	    bss	    dec	    hex	filename
  59780	   2584	  23568	  85932	  14fac	PongFunctionTests.elf
'Finished building: PongFunctionTests.elf.size'
' '
15:39:34 **** Incremental Build of configuration Debug for project PongFunctionTests ****
make pre-build main-build 
a9-linaro-pre-build-step
' '
'Building file: ../src/PongFunc.c'
'Invoking: ARM v7 gcc compiler'
arm-none-eabi-gcc -Wall -O0 -g3 -c -fmessage-length=0 -MT"src/PongFunc.o" -mcpu=cortex-a9 -mfpu=vfpv3 -mfloat-abi=hard -I../../PongFunctionTests_bsp/ps7_cortexa9_0/include -MMD -MP -MF"src/PongFunc.d" -MT"src/PongFunc.o" -o "src/PongFunc.o" "../src/PongFunc.c"
../src/PongFunc.c: In function 'getPlayer1Move':
../src/PongFunc.c:27:13: warning: unused variable 'oldDistance' [-Wunused-variable]
  static int oldDistance = 0;
             ^~~~~~~~~~~
At top level:
../src/PongFunc.c:27:13: warning: 'oldDistance' defined but not used [-Wunused-variable]
'Finished building: ../src/PongFunc.c'
' '
'Building target: PongFunctionTests.elf'
'Invoking: ARM v7 gcc linker'
arm-none-eabi-gcc -mcpu=cortex-a9 -mfpu=vfpv3 -mfloat-abi=hard -Wl,-build-id=none -specs=Xilinx.spec -Wl,-T -Wl,../src/lscript.ld -L../../PongFunctionTests_bsp/ps7_cortexa9_0/lib -o "PongFunctionTests.elf"  ./src/PongFunc.o ./src/helloworld.o ./src/platform.o   -Wl,--start-group,-lxil,-lgcc,-lc,--end-group
'Finished building target: PongFunctionTests.elf'
' '
'Invoking: ARM v7 Print Size'
arm-none-eabi-size PongFunctionTests.elf  |tee "PongFunctionTests.elf.size"
   text	   data	    bss	    dec	    hex	filename
  59780	   2584	  23568	  85932	  14fac	PongFunctionTests.elf
'Finished building: PongFunctionTests.elf.size'
' '
15:40:15 **** Incremental Build of configuration Debug for project PongFunctionTests ****
make pre-build main-build 
a9-linaro-pre-build-step
' '
'Building file: ../src/PongFunc.c'
'Invoking: ARM v7 gcc compiler'
arm-none-eabi-gcc -Wall -O0 -g3 -c -fmessage-length=0 -MT"src/PongFunc.o" -mcpu=cortex-a9 -mfpu=vfpv3 -mfloat-abi=hard -I../../PongFunctionTests_bsp/ps7_cortexa9_0/include -MMD -MP -MF"src/PongFunc.d" -MT"src/PongFunc.o" -o "src/PongFunc.o" "../src/PongFunc.c"
../src/PongFunc.c: In function 'getPlayer1Move':
../src/PongFunc.c:27:13: warning: unused variable 'oldDistance' [-Wunused-variable]
  static int oldDistance = 0;
             ^~~~~~~~~~~
At top level:
../src/PongFunc.c:27:13: warning: 'oldDistance' defined but not used [-Wunused-variable]
'Finished building: ../src/PongFunc.c'
' '
'Building target: PongFunctionTests.elf'
'Invoking: ARM v7 gcc linker'
arm-none-eabi-gcc -mcpu=cortex-a9 -mfpu=vfpv3 -mfloat-abi=hard -Wl,-build-id=none -specs=Xilinx.spec -Wl,-T -Wl,../src/lscript.ld -L../../PongFunctionTests_bsp/ps7_cortexa9_0/lib -o "PongFunctionTests.elf"  ./src/PongFunc.o ./src/helloworld.o ./src/platform.o   -Wl,--start-group,-lxil,-lgcc,-lc,--end-group
'Finished building target: PongFunctionTests.elf'
' '
'Invoking: ARM v7 Print Size'
arm-none-eabi-size PongFunctionTests.elf  |tee "PongFunctionTests.elf.size"
   text	   data	    bss	    dec	    hex	filename
  59844	   2584	  23568	  85996	  14fec	PongFunctionTests.elf
'Finished building: PongFunctionTests.elf.size'
' '
15:43:07 **** Incremental Build of configuration Debug for project PongFunctionTests ****
make pre-build main-build 
a9-linaro-pre-build-step
' '
'Building file: ../src/PongFunc.c'
'Invoking: ARM v7 gcc compiler'
arm-none-eabi-gcc -Wall -O0 -g3 -c -fmessage-length=0 -MT"src/PongFunc.o" -mcpu=cortex-a9 -mfpu=vfpv3 -mfloat-abi=hard -I../../PongFunctionTests_bsp/ps7_cortexa9_0/include -MMD -MP -MF"src/PongFunc.d" -MT"src/PongFunc.o" -o "src/PongFunc.o" "../src/PongFunc.c"
../src/PongFunc.c: In function 'getPlayer1Move':
../src/PongFunc.c:27:13: warning: unused variable 'oldDistance' [-Wunused-variable]
  static int oldDistance = 0;
             ^~~~~~~~~~~
At top level:
../src/PongFunc.c:27:13: warning: 'oldDistance' defined but not used [-Wunused-variable]
'Finished building: ../src/PongFunc.c'
' '
'Building target: PongFunctionTests.elf'
'Invoking: ARM v7 gcc linker'
arm-none-eabi-gcc -mcpu=cortex-a9 -mfpu=vfpv3 -mfloat-abi=hard -Wl,-build-id=none -specs=Xilinx.spec -Wl,-T -Wl,../src/lscript.ld -L../../PongFunctionTests_bsp/ps7_cortexa9_0/lib -o "PongFunctionTests.elf"  ./src/PongFunc.o ./src/helloworld.o ./src/platform.o   -Wl,--start-group,-lxil,-lgcc,-lc,--end-group
'Finished building target: PongFunctionTests.elf'
' '
'Invoking: ARM v7 Print Size'
arm-none-eabi-size PongFunctionTests.elf  |tee "PongFunctionTests.elf.size"
   text	   data	    bss	    dec	    hex	filename
  59844	   2584	  23568	  85996	  14fec	PongFunctionTests.elf
'Finished building: PongFunctionTests.elf.size'
' '
15:43:45 **** Incremental Build of configuration Debug for project PongFunctionTests ****
make pre-build main-build 
a9-linaro-pre-build-step
' '
'Building file: ../src/PongFunc.c'
'Invoking: ARM v7 gcc compiler'
arm-none-eabi-gcc -Wall -O0 -g3 -c -fmessage-length=0 -MT"src/PongFunc.o" -mcpu=cortex-a9 -mfpu=vfpv3 -mfloat-abi=hard -I../../PongFunctionTests_bsp/ps7_cortexa9_0/include -MMD -MP -MF"src/PongFunc.d" -MT"src/PongFunc.o" -o "src/PongFunc.o" "../src/PongFunc.c"
../src/PongFunc.c: In function 'getPlayer1Move':
../src/PongFunc.c:27:13: warning: unused variable 'oldDistance' [-Wunused-variable]
  static int oldDistance = 0;
             ^~~~~~~~~~~
At top level:
../src/PongFunc.c:27:13: warning: 'oldDistance' defined but not used [-Wunused-variable]
'Finished building: ../src/PongFunc.c'
' '
'Building target: PongFunctionTests.elf'
'Invoking: ARM v7 gcc linker'
arm-none-eabi-gcc -mcpu=cortex-a9 -mfpu=vfpv3 -mfloat-abi=hard -Wl,-build-id=none -specs=Xilinx.spec -Wl,-T -Wl,../src/lscript.ld -L../../PongFunctionTests_bsp/ps7_cortexa9_0/lib -o "PongFunctionTests.elf"  ./src/PongFunc.o ./src/helloworld.o ./src/platform.o   -Wl,--start-group,-lxil,-lgcc,-lc,--end-group
'Finished building target: PongFunctionTests.elf'
' '
'Invoking: ARM v7 Print Size'
arm-none-eabi-size PongFunctionTests.elf  |tee "PongFunctionTests.elf.size"
   text	   data	    bss	    dec	    hex	filename
  59844	   2584	  23568	  85996	  14fec	PongFunctionTests.elf
'Finished building: PongFunctionTests.elf.size'
' '
15:46:00 **** Incremental Build of configuration Debug for project PongFunctionTests ****
make pre-build main-build 
a9-linaro-pre-build-step
' '
'Building file: ../src/PongFunc.c'
'Invoking: ARM v7 gcc compiler'
arm-none-eabi-gcc -Wall -O0 -g3 -c -fmessage-length=0 -MT"src/PongFunc.o" -mcpu=cortex-a9 -mfpu=vfpv3 -mfloat-abi=hard -I../../PongFunctionTests_bsp/ps7_cortexa9_0/include -MMD -MP -MF"src/PongFunc.d" -MT"src/PongFunc.o" -o "src/PongFunc.o" "../src/PongFunc.c"
../src/PongFunc.c: In function 'getPlayer1Move':
../src/PongFunc.c:27:13: warning: unused variable 'oldDistance' [-Wunused-variable]
  static int oldDistance = 0;
             ^~~~~~~~~~~
At top level:
../src/PongFunc.c:27:13: warning: 'oldDistance' defined but not used [-Wunused-variable]
'Finished building: ../src/PongFunc.c'
' '
'Building target: PongFunctionTests.elf'
'Invoking: ARM v7 gcc linker'
arm-none-eabi-gcc -mcpu=cortex-a9 -mfpu=vfpv3 -mfloat-abi=hard -Wl,-build-id=none -specs=Xilinx.spec -Wl,-T -Wl,../src/lscript.ld -L../../PongFunctionTests_bsp/ps7_cortexa9_0/lib -o "PongFunctionTests.elf"  ./src/PongFunc.o ./src/helloworld.o ./src/platform.o   -Wl,--start-group,-lxil,-lgcc,-lc,--end-group
'Finished building target: PongFunctionTests.elf'
' '
'Invoking: ARM v7 Print Size'
arm-none-eabi-size PongFunctionTests.elf  |tee "PongFunctionTests.elf.size"
   text	   data	    bss	    dec	    hex	filename
  59844	   2584	  23568	  85996	  14fec	PongFunctionTests.elf
'Finished building: PongFunctionTests.elf.size'
' '
15:46:15 **** Incremental Build of configuration Debug for project PongFunctionTests ****
make pre-build main-build 
a9-linaro-pre-build-step
' '
'Building file: ../src/PongFunc.c'
'Invoking: ARM v7 gcc compiler'
arm-none-eabi-gcc -Wall -O0 -g3 -c -fmessage-length=0 -MT"src/PongFunc.o" -mcpu=cortex-a9 -mfpu=vfpv3 -mfloat-abi=hard -I../../PongFunctionTests_bsp/ps7_cortexa9_0/include -MMD -MP -MF"src/PongFunc.d" -MT"src/PongFunc.o" -o "src/PongFunc.o" "../src/PongFunc.c"
../src/PongFunc.c: In function 'getPlayer1Move':
../src/PongFunc.c:27:13: warning: unused variable 'oldDistance' [-Wunused-variable]
  static int oldDistance = 0;
             ^~~~~~~~~~~
At top level:
../src/PongFunc.c:27:13: warning: 'oldDistance' defined but not used [-Wunused-variable]
'Finished building: ../src/PongFunc.c'
' '
'Building target: PongFunctionTests.elf'
'Invoking: ARM v7 gcc linker'
arm-none-eabi-gcc -mcpu=cortex-a9 -mfpu=vfpv3 -mfloat-abi=hard -Wl,-build-id=none -specs=Xilinx.spec -Wl,-T -Wl,../src/lscript.ld -L../../PongFunctionTests_bsp/ps7_cortexa9_0/lib -o "PongFunctionTests.elf"  ./src/PongFunc.o ./src/helloworld.o ./src/platform.o   -Wl,--start-group,-lxil,-lgcc,-lc,--end-group
'Finished building target: PongFunctionTests.elf'
' '
'Invoking: ARM v7 Print Size'
arm-none-eabi-size PongFunctionTests.elf  |tee "PongFunctionTests.elf.size"
   text	   data	    bss	    dec	    hex	filename
  59844	   2584	  23568	  85996	  14fec	PongFunctionTests.elf
'Finished building: PongFunctionTests.elf.size'
' '
15:46:29 **** Incremental Build of configuration Debug for project PongFunctionTests ****
make pre-build main-build 
a9-linaro-pre-build-step
' '
'Building file: ../src/PongFunc.c'
'Invoking: ARM v7 gcc compiler'
arm-none-eabi-gcc -Wall -O0 -g3 -c -fmessage-length=0 -MT"src/PongFunc.o" -mcpu=cortex-a9 -mfpu=vfpv3 -mfloat-abi=hard -I../../PongFunctionTests_bsp/ps7_cortexa9_0/include -MMD -MP -MF"src/PongFunc.d" -MT"src/PongFunc.o" -o "src/PongFunc.o" "../src/PongFunc.c"
../src/PongFunc.c: In function 'getPlayer1Move':
../src/PongFunc.c:27:13: warning: unused variable 'oldDistance' [-Wunused-variable]
  static int oldDistance = 0;
             ^~~~~~~~~~~
At top level:
../src/PongFunc.c:27:13: warning: 'oldDistance' defined but not used [-Wunused-variable]
'Finished building: ../src/PongFunc.c'
' '
'Building target: PongFunctionTests.elf'
'Invoking: ARM v7 gcc linker'
arm-none-eabi-gcc -mcpu=cortex-a9 -mfpu=vfpv3 -mfloat-abi=hard -Wl,-build-id=none -specs=Xilinx.spec -Wl,-T -Wl,../src/lscript.ld -L../../PongFunctionTests_bsp/ps7_cortexa9_0/lib -o "PongFunctionTests.elf"  ./src/PongFunc.o ./src/helloworld.o ./src/platform.o   -Wl,--start-group,-lxil,-lgcc,-lc,--end-group
'Finished building target: PongFunctionTests.elf'
' '
'Invoking: ARM v7 Print Size'
arm-none-eabi-size PongFunctionTests.elf  |tee "PongFunctionTests.elf.size"
   text	   data	    bss	    dec	    hex	filename
  59844	   2584	  23568	  85996	  14fec	PongFunctionTests.elf
'Finished building: PongFunctionTests.elf.size'
' '
15:48:37 **** Incremental Build of configuration Debug for project PongFunctionTests ****
make pre-build main-build 
a9-linaro-pre-build-step
' '
'Building file: ../src/PongFunc.c'
'Invoking: ARM v7 gcc compiler'
arm-none-eabi-gcc -Wall -O0 -g3 -c -fmessage-length=0 -MT"src/PongFunc.o" -mcpu=cortex-a9 -mfpu=vfpv3 -mfloat-abi=hard -I../../PongFunctionTests_bsp/ps7_cortexa9_0/include -MMD -MP -MF"src/PongFunc.d" -MT"src/PongFunc.o" -o "src/PongFunc.o" "../src/PongFunc.c"
../src/PongFunc.c: In function 'getPlayer1Move':
../src/PongFunc.c:27:13: warning: unused variable 'oldDistance' [-Wunused-variable]
  static int oldDistance = 0;
             ^~~~~~~~~~~
At top level:
../src/PongFunc.c:27:13: warning: 'oldDistance' defined but not used [-Wunused-variable]
'Finished building: ../src/PongFunc.c'
' '
'Building target: PongFunctionTests.elf'
'Invoking: ARM v7 gcc linker'
arm-none-eabi-gcc -mcpu=cortex-a9 -mfpu=vfpv3 -mfloat-abi=hard -Wl,-build-id=none -specs=Xilinx.spec -Wl,-T -Wl,../src/lscript.ld -L../../PongFunctionTests_bsp/ps7_cortexa9_0/lib -o "PongFunctionTests.elf"  ./src/PongFunc.o ./src/helloworld.o ./src/platform.o   -Wl,--start-group,-lxil,-lgcc,-lc,--end-group
'Finished building target: PongFunctionTests.elf'
' '
'Invoking: ARM v7 Print Size'
arm-none-eabi-size PongFunctionTests.elf  |tee "PongFunctionTests.elf.size"
   text	   data	    bss	    dec	    hex	filename
  59844	   2584	  23568	  85996	  14fec	PongFunctionTests.elf
'Finished building: PongFunctionTests.elf.size'
' '
15:50:39 **** Incremental Build of configuration Debug for project PongFunctionTests ****
make pre-build main-build 
a9-linaro-pre-build-step
' '
'Building file: ../src/PongFunc.c'
'Invoking: ARM v7 gcc compiler'
arm-none-eabi-gcc -Wall -O0 -g3 -c -fmessage-length=0 -MT"src/PongFunc.o" -mcpu=cortex-a9 -mfpu=vfpv3 -mfloat-abi=hard -I../../PongFunctionTests_bsp/ps7_cortexa9_0/include -MMD -MP -MF"src/PongFunc.d" -MT"src/PongFunc.o" -o "src/PongFunc.o" "../src/PongFunc.c"
../src/PongFunc.c: In function 'getPlayer1Move':
../src/PongFunc.c:27:13: warning: unused variable 'oldDistance' [-Wunused-variable]
  static int oldDistance = 0;
             ^~~~~~~~~~~
At top level:
../src/PongFunc.c:27:13: warning: 'oldDistance' defined but not used [-Wunused-variable]
'Finished building: ../src/PongFunc.c'
' '
'Building target: PongFunctionTests.elf'
'Invoking: ARM v7 gcc linker'
arm-none-eabi-gcc -mcpu=cortex-a9 -mfpu=vfpv3 -mfloat-abi=hard -Wl,-build-id=none -specs=Xilinx.spec -Wl,-T -Wl,../src/lscript.ld -L../../PongFunctionTests_bsp/ps7_cortexa9_0/lib -o "PongFunctionTests.elf"  ./src/PongFunc.o ./src/helloworld.o ./src/platform.o   -Wl,--start-group,-lxil,-lgcc,-lc,--end-group
'Finished building target: PongFunctionTests.elf'
' '
'Invoking: ARM v7 Print Size'
arm-none-eabi-size PongFunctionTests.elf  |tee "PongFunctionTests.elf.size"
   text	   data	    bss	    dec	    hex	filename
  59844	   2584	  23568	  85996	  14fec	PongFunctionTests.elf
'Finished building: PongFunctionTests.elf.size'
' '
15:50:50 **** Incremental Build of configuration Debug for project PongFunctionTests ****
make pre-build main-build 
a9-linaro-pre-build-step
' '
'Building file: ../src/PongFunc.c'
'Invoking: ARM v7 gcc compiler'
arm-none-eabi-gcc -Wall -O0 -g3 -c -fmessage-length=0 -MT"src/PongFunc.o" -mcpu=cortex-a9 -mfpu=vfpv3 -mfloat-abi=hard -I../../PongFunctionTests_bsp/ps7_cortexa9_0/include -MMD -MP -MF"src/PongFunc.d" -MT"src/PongFunc.o" -o "src/PongFunc.o" "../src/PongFunc.c"
../src/PongFunc.c: In function 'getPlayer1Move':
../src/PongFunc.c:27:13: warning: unused variable 'oldDistance' [-Wunused-variable]
  static int oldDistance = 0;
             ^~~~~~~~~~~
At top level:
../src/PongFunc.c:27:13: warning: 'oldDistance' defined but not used [-Wunused-variable]
'Finished building: ../src/PongFunc.c'
' '
'Building target: PongFunctionTests.elf'
'Invoking: ARM v7 gcc linker'
arm-none-eabi-gcc -mcpu=cortex-a9 -mfpu=vfpv3 -mfloat-abi=hard -Wl,-build-id=none -specs=Xilinx.spec -Wl,-T -Wl,../src/lscript.ld -L../../PongFunctionTests_bsp/ps7_cortexa9_0/lib -o "PongFunctionTests.elf"  ./src/PongFunc.o ./src/helloworld.o ./src/platform.o   -Wl,--start-group,-lxil,-lgcc,-lc,--end-group
'Finished building target: PongFunctionTests.elf'
' '
'Invoking: ARM v7 Print Size'
arm-none-eabi-size PongFunctionTests.elf  |tee "PongFunctionTests.elf.size"
   text	   data	    bss	    dec	    hex	filename
  59844	   2584	  23568	  85996	  14fec	PongFunctionTests.elf
'Finished building: PongFunctionTests.elf.size'
' '
15:51:05 **** Incremental Build of configuration Debug for project PongFunctionTests ****
make pre-build main-build 
a9-linaro-pre-build-step
' '
'Building file: ../src/PongFunc.c'
'Invoking: ARM v7 gcc compiler'
arm-none-eabi-gcc -Wall -O0 -g3 -c -fmessage-length=0 -MT"src/PongFunc.o" -mcpu=cortex-a9 -mfpu=vfpv3 -mfloat-abi=hard -I../../PongFunctionTests_bsp/ps7_cortexa9_0/include -MMD -MP -MF"src/PongFunc.d" -MT"src/PongFunc.o" -o "src/PongFunc.o" "../src/PongFunc.c"
../src/PongFunc.c: In function 'getPlayer1Move':
../src/PongFunc.c:27:13: warning: unused variable 'oldDistance' [-Wunused-variable]
  static int oldDistance = 0;
             ^~~~~~~~~~~
At top level:
../src/PongFunc.c:27:13: warning: 'oldDistance' defined but not used [-Wunused-variable]
'Finished building: ../src/PongFunc.c'
' '
'Building target: PongFunctionTests.elf'
'Invoking: ARM v7 gcc linker'
arm-none-eabi-gcc -mcpu=cortex-a9 -mfpu=vfpv3 -mfloat-abi=hard -Wl,-build-id=none -specs=Xilinx.spec -Wl,-T -Wl,../src/lscript.ld -L../../PongFunctionTests_bsp/ps7_cortexa9_0/lib -o "PongFunctionTests.elf"  ./src/PongFunc.o ./src/helloworld.o ./src/platform.o   -Wl,--start-group,-lxil,-lgcc,-lc,--end-group
'Finished building target: PongFunctionTests.elf'
' '
'Invoking: ARM v7 Print Size'
arm-none-eabi-size PongFunctionTests.elf  |tee "PongFunctionTests.elf.size"
   text	   data	    bss	    dec	    hex	filename
  59844	   2584	  23568	  85996	  14fec	PongFunctionTests.elf
'Finished building: PongFunctionTests.elf.size'
' '
15:52:41 **** Incremental Build of configuration Debug for project PongFunctionTests ****
make pre-build main-build 
a9-linaro-pre-build-step
' '
'Building file: ../src/PongFunc.c'
'Invoking: ARM v7 gcc compiler'
arm-none-eabi-gcc -Wall -O0 -g3 -c -fmessage-length=0 -MT"src/PongFunc.o" -mcpu=cortex-a9 -mfpu=vfpv3 -mfloat-abi=hard -I../../PongFunctionTests_bsp/ps7_cortexa9_0/include -MMD -MP -MF"src/PongFunc.d" -MT"src/PongFunc.o" -o "src/PongFunc.o" "../src/PongFunc.c"
../src/PongFunc.c: In function 'getPlayer1Move':
../src/PongFunc.c:42:29: error: expected ';' before '}' token
  BalkLinks = 6 - (distance )
                             ^
                             ;
../src/PongFunc.c:64:1:
 }
 ~                            
../src/PongFunc.c:27:13: warning: unused variable 'oldDistance' [-Wunused-variable]
  static int oldDistance = 0;
             ^~~~~~~~~~~
At top level:
../src/PongFunc.c:27:13: warning: 'oldDistance' defined but not used [-Wunused-variable]
make: *** [src/subdir.mk:29: src/PongFunc.o] Error 1
15:53:14 **** Incremental Build of configuration Debug for project PongFunctionTests ****
make pre-build main-build 
a9-linaro-pre-build-step
' '
'Building file: ../src/PongFunc.c'
'Invoking: ARM v7 gcc compiler'
arm-none-eabi-gcc -Wall -O0 -g3 -c -fmessage-length=0 -MT"src/PongFunc.o" -mcpu=cortex-a9 -mfpu=vfpv3 -mfloat-abi=hard -I../../PongFunctionTests_bsp/ps7_cortexa9_0/include -MMD -MP -MF"src/PongFunc.d" -MT"src/PongFunc.o" -o "src/PongFunc.o" "../src/PongFunc.c"
../src/PongFunc.c: In function 'getPlayer1Move':
../src/PongFunc.c:27:13: warning: unused variable 'oldDistance' [-Wunused-variable]
  static int oldDistance = 0;
             ^~~~~~~~~~~
At top level:
../src/PongFunc.c:27:13: warning: 'oldDistance' defined but not used [-Wunused-variable]
'Finished building: ../src/PongFunc.c'
' '
'Building target: PongFunctionTests.elf'
'Invoking: ARM v7 gcc linker'
arm-none-eabi-gcc -mcpu=cortex-a9 -mfpu=vfpv3 -mfloat-abi=hard -Wl,-build-id=none -specs=Xilinx.spec -Wl,-T -Wl,../src/lscript.ld -L../../PongFunctionTests_bsp/ps7_cortexa9_0/lib -o "PongFunctionTests.elf"  ./src/PongFunc.o ./src/helloworld.o ./src/platform.o   -Wl,--start-group,-lxil,-lgcc,-lc,--end-group
'Finished building target: PongFunctionTests.elf'
' '
'Invoking: ARM v7 Print Size'
arm-none-eabi-size PongFunctionTests.elf  |tee "PongFunctionTests.elf.size"
   text	   data	    bss	    dec	    hex	filename
  59780	   2584	  23568	  85932	  14fac	PongFunctionTests.elf
'Finished building: PongFunctionTests.elf.size'
' '
15:54:40 **** Incremental Build of configuration Debug for project PongFunctionTests ****
make pre-build main-build 
a9-linaro-pre-build-step
' '
'Building file: ../src/PongFunc.c'
'Invoking: ARM v7 gcc compiler'
arm-none-eabi-gcc -Wall -O0 -g3 -c -fmessage-length=0 -MT"src/PongFunc.o" -mcpu=cortex-a9 -mfpu=vfpv3 -mfloat-abi=hard -I../../PongFunctionTests_bsp/ps7_cortexa9_0/include -MMD -MP -MF"src/PongFunc.d" -MT"src/PongFunc.o" -o "src/PongFunc.o" "../src/PongFunc.c"
../src/PongFunc.c: In function 'getPlayer1Move':
../src/PongFunc.c:27:13: warning: unused variable 'oldDistance' [-Wunused-variable]
  static int oldDistance = 0;
             ^~~~~~~~~~~
At top level:
../src/PongFunc.c:27:13: warning: 'oldDistance' defined but not used [-Wunused-variable]
'Finished building: ../src/PongFunc.c'
' '
'Building target: PongFunctionTests.elf'
'Invoking: ARM v7 gcc linker'
arm-none-eabi-gcc -mcpu=cortex-a9 -mfpu=vfpv3 -mfloat-abi=hard -Wl,-build-id=none -specs=Xilinx.spec -Wl,-T -Wl,../src/lscript.ld -L../../PongFunctionTests_bsp/ps7_cortexa9_0/lib -o "PongFunctionTests.elf"  ./src/PongFunc.o ./src/helloworld.o ./src/platform.o   -Wl,--start-group,-lxil,-lgcc,-lc,--end-group
'Finished building target: PongFunctionTests.elf'
' '
'Invoking: ARM v7 Print Size'
arm-none-eabi-size PongFunctionTests.elf  |tee "PongFunctionTests.elf.size"
   text	   data	    bss	    dec	    hex	filename
  59844	   2584	  23568	  85996	  14fec	PongFunctionTests.elf
'Finished building: PongFunctionTests.elf.size'
' '
15:55:24 **** Incremental Build of configuration Debug for project PongFunctionTests ****
make pre-build main-build 
a9-linaro-pre-build-step
' '
'Building file: ../src/PongFunc.c'
'Invoking: ARM v7 gcc compiler'
arm-none-eabi-gcc -Wall -O0 -g3 -c -fmessage-length=0 -MT"src/PongFunc.o" -mcpu=cortex-a9 -mfpu=vfpv3 -mfloat-abi=hard -I../../PongFunctionTests_bsp/ps7_cortexa9_0/include -MMD -MP -MF"src/PongFunc.d" -MT"src/PongFunc.o" -o "src/PongFunc.o" "../src/PongFunc.c"
../src/PongFunc.c: In function 'getPlayer1Move':
../src/PongFunc.c:27:13: warning: unused variable 'oldDistance' [-Wunused-variable]
  static int oldDistance = 0;
             ^~~~~~~~~~~
At top level:
../src/PongFunc.c:27:13: warning: 'oldDistance' defined but not used [-Wunused-variable]
'Finished building: ../src/PongFunc.c'
' '
'Building target: PongFunctionTests.elf'
'Invoking: ARM v7 gcc linker'
arm-none-eabi-gcc -mcpu=cortex-a9 -mfpu=vfpv3 -mfloat-abi=hard -Wl,-build-id=none -specs=Xilinx.spec -Wl,-T -Wl,../src/lscript.ld -L../../PongFunctionTests_bsp/ps7_cortexa9_0/lib -o "PongFunctionTests.elf"  ./src/PongFunc.o ./src/helloworld.o ./src/platform.o   -Wl,--start-group,-lxil,-lgcc,-lc,--end-group
'Finished building target: PongFunctionTests.elf'
' '
'Invoking: ARM v7 Print Size'
arm-none-eabi-size PongFunctionTests.elf  |tee "PongFunctionTests.elf.size"
   text	   data	    bss	    dec	    hex	filename
  59844	   2584	  23568	  85996	  14fec	PongFunctionTests.elf
'Finished building: PongFunctionTests.elf.size'
' '
15:55:40 **** Incremental Build of configuration Debug for project PongFunctionTests ****
make pre-build main-build 
a9-linaro-pre-build-step
' '
'Building file: ../src/PongFunc.c'
'Invoking: ARM v7 gcc compiler'
arm-none-eabi-gcc -Wall -O0 -g3 -c -fmessage-length=0 -MT"src/PongFunc.o" -mcpu=cortex-a9 -mfpu=vfpv3 -mfloat-abi=hard -I../../PongFunctionTests_bsp/ps7_cortexa9_0/include -MMD -MP -MF"src/PongFunc.d" -MT"src/PongFunc.o" -o "src/PongFunc.o" "../src/PongFunc.c"
../src/PongFunc.c: In function 'getPlayer1Move':
../src/PongFunc.c:27:13: warning: unused variable 'oldDistance' [-Wunused-variable]
  static int oldDistance = 0;
             ^~~~~~~~~~~
At top level:
../src/PongFunc.c:27:13: warning: 'oldDistance' defined but not used [-Wunused-variable]
'Finished building: ../src/PongFunc.c'
' '
'Building target: PongFunctionTests.elf'
'Invoking: ARM v7 gcc linker'
arm-none-eabi-gcc -mcpu=cortex-a9 -mfpu=vfpv3 -mfloat-abi=hard -Wl,-build-id=none -specs=Xilinx.spec -Wl,-T -Wl,../src/lscript.ld -L../../PongFunctionTests_bsp/ps7_cortexa9_0/lib -o "PongFunctionTests.elf"  ./src/PongFunc.o ./src/helloworld.o ./src/platform.o   -Wl,--start-group,-lxil,-lgcc,-lc,--end-group
'Finished building target: PongFunctionTests.elf'
' '
'Invoking: ARM v7 Print Size'
arm-none-eabi-size PongFunctionTests.elf  |tee "PongFunctionTests.elf.size"
   text	   data	    bss	    dec	    hex	filename
  59844	   2584	  23568	  85996	  14fec	PongFunctionTests.elf
'Finished building: PongFunctionTests.elf.size'
' '
15:56:45 **** Incremental Build of configuration Debug for project PongFunctionTests ****
make pre-build main-build 
a9-linaro-pre-build-step
' '
'Building file: ../src/PongFunc.c'
'Invoking: ARM v7 gcc compiler'
arm-none-eabi-gcc -Wall -O0 -g3 -c -fmessage-length=0 -MT"src/PongFunc.o" -mcpu=cortex-a9 -mfpu=vfpv3 -mfloat-abi=hard -I../../PongFunctionTests_bsp/ps7_cortexa9_0/include -MMD -MP -MF"src/PongFunc.d" -MT"src/PongFunc.o" -o "src/PongFunc.o" "../src/PongFunc.c"
../src/PongFunc.c: In function 'getPlayer1Move':
../src/PongFunc.c:27:13: warning: unused variable 'oldDistance' [-Wunused-variable]
  static int oldDistance = 0;
             ^~~~~~~~~~~
At top level:
../src/PongFunc.c:27:13: warning: 'oldDistance' defined but not used [-Wunused-variable]
'Finished building: ../src/PongFunc.c'
' '
'Building target: PongFunctionTests.elf'
'Invoking: ARM v7 gcc linker'
arm-none-eabi-gcc -mcpu=cortex-a9 -mfpu=vfpv3 -mfloat-abi=hard -Wl,-build-id=none -specs=Xilinx.spec -Wl,-T -Wl,../src/lscript.ld -L../../PongFunctionTests_bsp/ps7_cortexa9_0/lib -o "PongFunctionTests.elf"  ./src/PongFunc.o ./src/helloworld.o ./src/platform.o   -Wl,--start-group,-lxil,-lgcc,-lc,--end-group
'Finished building target: PongFunctionTests.elf'
' '
'Invoking: ARM v7 Print Size'
arm-none-eabi-size PongFunctionTests.elf  |tee "PongFunctionTests.elf.size"
   text	   data	    bss	    dec	    hex	filename
  59908	   2584	  23568	  86060	  1502c	PongFunctionTests.elf
'Finished building: PongFunctionTests.elf.size'
' '
15:57:13 **** Incremental Build of configuration Debug for project PongFunctionTests ****
make pre-build main-build 
a9-linaro-pre-build-step
' '
'Building file: ../src/PongFunc.c'
'Invoking: ARM v7 gcc compiler'
arm-none-eabi-gcc -Wall -O0 -g3 -c -fmessage-length=0 -MT"src/PongFunc.o" -mcpu=cortex-a9 -mfpu=vfpv3 -mfloat-abi=hard -I../../PongFunctionTests_bsp/ps7_cortexa9_0/include -MMD -MP -MF"src/PongFunc.d" -MT"src/PongFunc.o" -o "src/PongFunc.o" "../src/PongFunc.c"
../src/PongFunc.c: In function 'getPlayer1Move':
../src/PongFunc.c:27:13: warning: unused variable 'oldDistance' [-Wunused-variable]
  static int oldDistance = 0;
             ^~~~~~~~~~~
At top level:
../src/PongFunc.c:27:13: warning: 'oldDistance' defined but not used [-Wunused-variable]
'Finished building: ../src/PongFunc.c'
' '
'Building target: PongFunctionTests.elf'
'Invoking: ARM v7 gcc linker'
arm-none-eabi-gcc -mcpu=cortex-a9 -mfpu=vfpv3 -mfloat-abi=hard -Wl,-build-id=none -specs=Xilinx.spec -Wl,-T -Wl,../src/lscript.ld -L../../PongFunctionTests_bsp/ps7_cortexa9_0/lib -o "PongFunctionTests.elf"  ./src/PongFunc.o ./src/helloworld.o ./src/platform.o   -Wl,--start-group,-lxil,-lgcc,-lc,--end-group
'Finished building target: PongFunctionTests.elf'
' '
'Invoking: ARM v7 Print Size'
arm-none-eabi-size PongFunctionTests.elf  |tee "PongFunctionTests.elf.size"
   text	   data	    bss	    dec	    hex	filename
  59844	   2584	  23568	  85996	  14fec	PongFunctionTests.elf
'Finished building: PongFunctionTests.elf.size'
' '
15:57:24 **** Incremental Build of configuration Debug for project PongFunctionTests ****
make pre-build main-build 
a9-linaro-pre-build-step
' '
'Building file: ../src/PongFunc.c'
'Invoking: ARM v7 gcc compiler'
arm-none-eabi-gcc -Wall -O0 -g3 -c -fmessage-length=0 -MT"src/PongFunc.o" -mcpu=cortex-a9 -mfpu=vfpv3 -mfloat-abi=hard -I../../PongFunctionTests_bsp/ps7_cortexa9_0/include -MMD -MP -MF"src/PongFunc.d" -MT"src/PongFunc.o" -o "src/PongFunc.o" "../src/PongFunc.c"
../src/PongFunc.c: In function 'getPlayer1Move':
../src/PongFunc.c:27:13: warning: unused variable 'oldDistance' [-Wunused-variable]
  static int oldDistance = 0;
             ^~~~~~~~~~~
At top level:
../src/PongFunc.c:27:13: warning: 'oldDistance' defined but not used [-Wunused-variable]
'Finished building: ../src/PongFunc.c'
' '
'Building target: PongFunctionTests.elf'
'Invoking: ARM v7 gcc linker'
arm-none-eabi-gcc -mcpu=cortex-a9 -mfpu=vfpv3 -mfloat-abi=hard -Wl,-build-id=none -specs=Xilinx.spec -Wl,-T -Wl,../src/lscript.ld -L../../PongFunctionTests_bsp/ps7_cortexa9_0/lib -o "PongFunctionTests.elf"  ./src/PongFunc.o ./src/helloworld.o ./src/platform.o   -Wl,--start-group,-lxil,-lgcc,-lc,--end-group
'Finished building target: PongFunctionTests.elf'
' '
'Invoking: ARM v7 Print Size'
arm-none-eabi-size PongFunctionTests.elf  |tee "PongFunctionTests.elf.size"
   text	   data	    bss	    dec	    hex	filename
  59908	   2584	  23568	  86060	  1502c	PongFunctionTests.elf
'Finished building: PongFunctionTests.elf.size'
' '
15:57:46 **** Incremental Build of configuration Debug for project PongFunctionTests ****
make pre-build main-build 
a9-linaro-pre-build-step
' '
'Building file: ../src/PongFunc.c'
'Invoking: ARM v7 gcc compiler'
arm-none-eabi-gcc -Wall -O0 -g3 -c -fmessage-length=0 -MT"src/PongFunc.o" -mcpu=cortex-a9 -mfpu=vfpv3 -mfloat-abi=hard -I../../PongFunctionTests_bsp/ps7_cortexa9_0/include -MMD -MP -MF"src/PongFunc.d" -MT"src/PongFunc.o" -o "src/PongFunc.o" "../src/PongFunc.c"
../src/PongFunc.c: In function 'getPlayer1Move':
../src/PongFunc.c:27:13: warning: unused variable 'oldDistance' [-Wunused-variable]
  static int oldDistance = 0;
             ^~~~~~~~~~~
At top level:
../src/PongFunc.c:27:13: warning: 'oldDistance' defined but not used [-Wunused-variable]
'Finished building: ../src/PongFunc.c'
' '
'Building target: PongFunctionTests.elf'
'Invoking: ARM v7 gcc linker'
arm-none-eabi-gcc -mcpu=cortex-a9 -mfpu=vfpv3 -mfloat-abi=hard -Wl,-build-id=none -specs=Xilinx.spec -Wl,-T -Wl,../src/lscript.ld -L../../PongFunctionTests_bsp/ps7_cortexa9_0/lib -o "PongFunctionTests.elf"  ./src/PongFunc.o ./src/helloworld.o ./src/platform.o   -Wl,--start-group,-lxil,-lgcc,-lc,--end-group
'Finished building target: PongFunctionTests.elf'
' '
'Invoking: ARM v7 Print Size'
arm-none-eabi-size PongFunctionTests.elf  |tee "PongFunctionTests.elf.size"
   text	   data	    bss	    dec	    hex	filename
  59844	   2584	  23568	  85996	  14fec	PongFunctionTests.elf
'Finished building: PongFunctionTests.elf.size'
' '
15:58:44 **** Incremental Build of configuration Debug for project PongFunctionTests ****
make pre-build main-build 
a9-linaro-pre-build-step
' '
'Building file: ../src/helloworld.c'
'Invoking: ARM v7 gcc compiler'
arm-none-eabi-gcc -Wall -O0 -g3 -c -fmessage-length=0 -MT"src/helloworld.o" -mcpu=cortex-a9 -mfpu=vfpv3 -mfloat-abi=hard -I../../PongFunctionTests_bsp/ps7_cortexa9_0/include -MMD -MP -MF"src/helloworld.d" -MT"src/helloworld.o" -o "src/helloworld.o" "../src/helloworld.c"
'Finished building: ../src/helloworld.c'
' '
'Building target: PongFunctionTests.elf'
'Invoking: ARM v7 gcc linker'
arm-none-eabi-gcc -mcpu=cortex-a9 -mfpu=vfpv3 -mfloat-abi=hard -Wl,-build-id=none -specs=Xilinx.spec -Wl,-T -Wl,../src/lscript.ld -L../../PongFunctionTests_bsp/ps7_cortexa9_0/lib -o "PongFunctionTests.elf"  ./src/PongFunc.o ./src/helloworld.o ./src/platform.o   -Wl,--start-group,-lxil,-lgcc,-lc,--end-group
'Finished building target: PongFunctionTests.elf'
' '
'Invoking: ARM v7 Print Size'
arm-none-eabi-size PongFunctionTests.elf  |tee "PongFunctionTests.elf.size"
   text	   data	    bss	    dec	    hex	filename
  59844	   2584	  23568	  85996	  14fec	PongFunctionTests.elf
'Finished building: PongFunctionTests.elf.size'
' '
16:01:17 **** Incremental Build of configuration Debug for project PongFunctionTests ****
make pre-build main-build 
a9-linaro-pre-build-step
' '
'Building file: ../src/PongFunc.c'
'Invoking: ARM v7 gcc compiler'
arm-none-eabi-gcc -Wall -O0 -g3 -c -fmessage-length=0 -MT"src/PongFunc.o" -mcpu=cortex-a9 -mfpu=vfpv3 -mfloat-abi=hard -I../../PongFunctionTests_bsp/ps7_cortexa9_0/include -MMD -MP -MF"src/PongFunc.d" -MT"src/PongFunc.o" -o "src/PongFunc.o" "../src/PongFunc.c"
../src/PongFunc.c: In function 'getPlayer1Move':
../src/PongFunc.c:27:13: warning: unused variable 'oldDistance' [-Wunused-variable]
  static int oldDistance = 0;
             ^~~~~~~~~~~
At top level:
../src/PongFunc.c:27:13: warning: 'oldDistance' defined but not used [-Wunused-variable]
'Finished building: ../src/PongFunc.c'
' '
'Building target: PongFunctionTests.elf'
'Invoking: ARM v7 gcc linker'
arm-none-eabi-gcc -mcpu=cortex-a9 -mfpu=vfpv3 -mfloat-abi=hard -Wl,-build-id=none -specs=Xilinx.spec -Wl,-T -Wl,../src/lscript.ld -L../../PongFunctionTests_bsp/ps7_cortexa9_0/lib -o "PongFunctionTests.elf"  ./src/PongFunc.o ./src/helloworld.o ./src/platform.o   -Wl,--start-group,-lxil,-lgcc,-lc,--end-group
'Finished building target: PongFunctionTests.elf'
' '
'Invoking: ARM v7 Print Size'
arm-none-eabi-size PongFunctionTests.elf  |tee "PongFunctionTests.elf.size"
   text	   data	    bss	    dec	    hex	filename
  59780	   2584	  23568	  85932	  14fac	PongFunctionTests.elf
'Finished building: PongFunctionTests.elf.size'
' '
16:02:43 **** Incremental Build of configuration Debug for project PongFunctionTests ****
make pre-build main-build 
a9-linaro-pre-build-step
' '
'Building file: ../src/PongFunc.c'
'Invoking: ARM v7 gcc compiler'
arm-none-eabi-gcc -Wall -O0 -g3 -c -fmessage-length=0 -MT"src/PongFunc.o" -mcpu=cortex-a9 -mfpu=vfpv3 -mfloat-abi=hard -I../../PongFunctionTests_bsp/ps7_cortexa9_0/include -MMD -MP -MF"src/PongFunc.d" -MT"src/PongFunc.o" -o "src/PongFunc.o" "../src/PongFunc.c"
../src/PongFunc.c: In function 'getPlayer1Move':
../src/PongFunc.c:27:13: warning: unused variable 'oldDistance' [-Wunused-variable]
  static int oldDistance = 0;
             ^~~~~~~~~~~
At top level:
../src/PongFunc.c:27:13: warning: 'oldDistance' defined but not used [-Wunused-variable]
'Finished building: ../src/PongFunc.c'
' '
'Building target: PongFunctionTests.elf'
'Invoking: ARM v7 gcc linker'
arm-none-eabi-gcc -mcpu=cortex-a9 -mfpu=vfpv3 -mfloat-abi=hard -Wl,-build-id=none -specs=Xilinx.spec -Wl,-T -Wl,../src/lscript.ld -L../../PongFunctionTests_bsp/ps7_cortexa9_0/lib -o "PongFunctionTests.elf"  ./src/PongFunc.o ./src/helloworld.o ./src/platform.o   -Wl,--start-group,-lxil,-lgcc,-lc,--end-group
'Finished building target: PongFunctionTests.elf'
' '
'Invoking: ARM v7 Print Size'
arm-none-eabi-size PongFunctionTests.elf  |tee "PongFunctionTests.elf.size"
   text	   data	    bss	    dec	    hex	filename
  59844	   2584	  23568	  85996	  14fec	PongFunctionTests.elf
'Finished building: PongFunctionTests.elf.size'
' '
16:03:22 **** Incremental Build of configuration Debug for project PongFunctionTests ****
make pre-build main-build 
a9-linaro-pre-build-step
' '
make: Nothing to be done for 'main-build'.
16:05:24 **** Incremental Build of configuration Debug for project PongFunctionTests ****
make pre-build main-build 
a9-linaro-pre-build-step
' '
'Building file: ../src/PongFunc.c'
'Invoking: ARM v7 gcc compiler'
arm-none-eabi-gcc -Wall -O0 -g3 -c -fmessage-length=0 -MT"src/PongFunc.o" -mcpu=cortex-a9 -mfpu=vfpv3 -mfloat-abi=hard -I../../PongFunctionTests_bsp/ps7_cortexa9_0/include -MMD -MP -MF"src/PongFunc.d" -MT"src/PongFunc.o" -o "src/PongFunc.o" "../src/PongFunc.c"
../src/PongFunc.c: In function 'getPlayer1Move':
../src/PongFunc.c:27:13: warning: unused variable 'oldDistance' [-Wunused-variable]
  static int oldDistance = 0;
             ^~~~~~~~~~~
At top level:
../src/PongFunc.c:27:13: warning: 'oldDistance' defined but not used [-Wunused-variable]
'Finished building: ../src/PongFunc.c'
' '
'Building target: PongFunctionTests.elf'
'Invoking: ARM v7 gcc linker'
arm-none-eabi-gcc -mcpu=cortex-a9 -mfpu=vfpv3 -mfloat-abi=hard -Wl,-build-id=none -specs=Xilinx.spec -Wl,-T -Wl,../src/lscript.ld -L../../PongFunctionTests_bsp/ps7_cortexa9_0/lib -o "PongFunctionTests.elf"  ./src/PongFunc.o ./src/helloworld.o ./src/platform.o   -Wl,--start-group,-lxil,-lgcc,-lc,--end-group
'Finished building target: PongFunctionTests.elf'
' '
'Invoking: ARM v7 Print Size'
arm-none-eabi-size PongFunctionTests.elf  |tee "PongFunctionTests.elf.size"
   text	   data	    bss	    dec	    hex	filename
  59860	   2584	  23568	  86012	  14ffc	PongFunctionTests.elf
'Finished building: PongFunctionTests.elf.size'
' '
16:07:35 **** Incremental Build of configuration Debug for project PongFunctionTests ****
make pre-build main-build 
a9-linaro-pre-build-step
' '
'Building file: ../src/PongFunc.c'
'Invoking: ARM v7 gcc compiler'
arm-none-eabi-gcc -Wall -O0 -g3 -c -fmessage-length=0 -MT"src/PongFunc.o" -mcpu=cortex-a9 -mfpu=vfpv3 -mfloat-abi=hard -I../../PongFunctionTests_bsp/ps7_cortexa9_0/include -MMD -MP -MF"src/PongFunc.d" -MT"src/PongFunc.o" -o "src/PongFunc.o" "../src/PongFunc.c"
../src/PongFunc.c: In function 'getPlayer1Move':
../src/PongFunc.c:27:13: warning: unused variable 'oldDistance' [-Wunused-variable]
  static int oldDistance = 0;
             ^~~~~~~~~~~
At top level:
../src/PongFunc.c:27:13: warning: 'oldDistance' defined but not used [-Wunused-variable]
'Finished building: ../src/PongFunc.c'
' '
'Building target: PongFunctionTests.elf'
'Invoking: ARM v7 gcc linker'
arm-none-eabi-gcc -mcpu=cortex-a9 -mfpu=vfpv3 -mfloat-abi=hard -Wl,-build-id=none -specs=Xilinx.spec -Wl,-T -Wl,../src/lscript.ld -L../../PongFunctionTests_bsp/ps7_cortexa9_0/lib -o "PongFunctionTests.elf"  ./src/PongFunc.o ./src/helloworld.o ./src/platform.o   -Wl,--start-group,-lxil,-lgcc,-lc,--end-group
'Finished building target: PongFunctionTests.elf'
' '
'Invoking: ARM v7 Print Size'
arm-none-eabi-size PongFunctionTests.elf  |tee "PongFunctionTests.elf.size"
   text	   data	    bss	    dec	    hex	filename
  59860	   2584	  23568	  86012	  14ffc	PongFunctionTests.elf
'Finished building: PongFunctionTests.elf.size'
' '
16:08:09 **** Incremental Build of configuration Debug for project PongFunctionTests ****
make pre-build main-build 
a9-linaro-pre-build-step
' '
'Building file: ../src/PongFunc.c'
'Invoking: ARM v7 gcc compiler'
arm-none-eabi-gcc -Wall -O0 -g3 -c -fmessage-length=0 -MT"src/PongFunc.o" -mcpu=cortex-a9 -mfpu=vfpv3 -mfloat-abi=hard -I../../PongFunctionTests_bsp/ps7_cortexa9_0/include -MMD -MP -MF"src/PongFunc.d" -MT"src/PongFunc.o" -o "src/PongFunc.o" "../src/PongFunc.c"
../src/PongFunc.c: In function 'getPlayer1Move':
../src/PongFunc.c:27:13: warning: unused variable 'oldDistance' [-Wunused-variable]
  static int oldDistance = 0;
             ^~~~~~~~~~~
At top level:
../src/PongFunc.c:27:13: warning: 'oldDistance' defined but not used [-Wunused-variable]
'Finished building: ../src/PongFunc.c'
' '
'Building target: PongFunctionTests.elf'
'Invoking: ARM v7 gcc linker'
arm-none-eabi-gcc -mcpu=cortex-a9 -mfpu=vfpv3 -mfloat-abi=hard -Wl,-build-id=none -specs=Xilinx.spec -Wl,-T -Wl,../src/lscript.ld -L../../PongFunctionTests_bsp/ps7_cortexa9_0/lib -o "PongFunctionTests.elf"  ./src/PongFunc.o ./src/helloworld.o ./src/platform.o   -Wl,--start-group,-lxil,-lgcc,-lc,--end-group
'Finished building target: PongFunctionTests.elf'
' '
'Invoking: ARM v7 Print Size'
arm-none-eabi-size PongFunctionTests.elf  |tee "PongFunctionTests.elf.size"
   text	   data	    bss	    dec	    hex	filename
  59860	   2584	  23568	  86012	  14ffc	PongFunctionTests.elf
'Finished building: PongFunctionTests.elf.size'
' '
16:15:30 **** Incremental Build of configuration Debug for project PongFunctionTests ****
make pre-build main-build 
a9-linaro-pre-build-step
' '
'Building file: ../src/PongFunc.c'
'Invoking: ARM v7 gcc compiler'
arm-none-eabi-gcc -Wall -O0 -g3 -c -fmessage-length=0 -MT"src/PongFunc.o" -mcpu=cortex-a9 -mfpu=vfpv3 -mfloat-abi=hard -I../../PongFunctionTests_bsp/ps7_cortexa9_0/include -MMD -MP -MF"src/PongFunc.d" -MT"src/PongFunc.o" -o "src/PongFunc.o" "../src/PongFunc.c"
'Finished building: ../src/PongFunc.c'
' '
'Building file: ../src/helloworld.c'
'Invoking: ARM v7 gcc compiler'
arm-none-eabi-gcc -Wall -O0 -g3 -c -fmessage-length=0 -MT"src/helloworld.o" -mcpu=cortex-a9 -mfpu=vfpv3 -mfloat-abi=hard -I../../PongFunctionTests_bsp/ps7_cortexa9_0/include -MMD -MP -MF"src/helloworld.d" -MT"src/helloworld.o" -o "src/helloworld.o" "../src/helloworld.c"
'Finished building: ../src/helloworld.c'
' '
'Building target: PongFunctionTests.elf'
'Invoking: ARM v7 gcc linker'
arm-none-eabi-gcc -mcpu=cortex-a9 -mfpu=vfpv3 -mfloat-abi=hard -Wl,-build-id=none -specs=Xilinx.spec -Wl,-T -Wl,../src/lscript.ld -L../../PongFunctionTests_bsp/ps7_cortexa9_0/lib -o "PongFunctionTests.elf"  ./src/PongFunc.o ./src/helloworld.o ./src/platform.o   -Wl,--start-group,-lxil,-lgcc,-lc,--end-group
'Finished building target: PongFunctionTests.elf'
' '
'Invoking: ARM v7 Print Size'
arm-none-eabi-size PongFunctionTests.elf  |tee "PongFunctionTests.elf.size"
   text	   data	    bss	    dec	    hex	filename
  59988	   2584	  23568	  86140	  1507c	PongFunctionTests.elf
'Finished building: PongFunctionTests.elf.size'
' '
