17:49:58 **** Incremental Build of configuration Debug for project FreeRTOS_PongGame ****
make pre-build main-build 
a9-linaro-pre-build-step
' '
make: Nothing to be done for 'main-build'.
17:50:05 **** Incremental Build of configuration Debug for project FreeRTOS_PongGame ****
make pre-build main-build 
a9-linaro-pre-build-step
' '
make: Nothing to be done for 'main-build'.
17:50:22 **** Incremental Build of configuration Debug for project FreeRTOS_PongGame ****
make pre-build main-build 
a9-linaro-pre-build-step
' '
'Building file: ../src/PongFunc.c'
'Invoking: ARM v7 gcc compiler'
arm-none-eabi-gcc -Wall -O0 -g3 -c -fmessage-length=0 -MT"src/PongFunc.o" -mcpu=cortex-a9 -mfpu=vfpv3 -mfloat-abi=hard -I../../FreeRTOS_PongGame_bsp/ps7_cortexa9_0/include -MMD -MP -MF"src/PongFunc.d" -MT"src/PongFunc.o" -o "src/PongFunc.o" "../src/PongFunc.c"
In file included from ../../FreeRTOS_PongGame_bsp/ps7_cortexa9_0/include/WS2812.h:8,
                 from ../src/PongHead.h:12,
                 from ../src/PongFunc.c:1:
../src/PongFunc.c: In function 'startGPIO':
../../FreeRTOS_PongGame_bsp/ps7_cortexa9_0/include/xstatus.h:61:41: warning: 'return' with a value, in function returning void
 #define XST_FAILURE                     1L
                                         ^~
../src/PongFunc.c:334:10: note: in expansion of macro 'XST_FAILURE'
   return XST_FAILURE;
          ^~~~~~~~~~~
../src/PongFunc.c:326:6: note: declared here
 void startGPIO()
      ^~~~~~~~~
In file included from ../../FreeRTOS_PongGame_bsp/ps7_cortexa9_0/include/WS2812.h:8,
                 from ../src/PongHead.h:12,
                 from ../src/PongFunc.c:1:
../../FreeRTOS_PongGame_bsp/ps7_cortexa9_0/include/xstatus.h:61:41: warning: 'return' with a value, in function returning void
 #define XST_FAILURE                     1L
                                         ^~
../src/PongFunc.c:345:10: note: in expansion of macro 'XST_FAILURE'
   return XST_FAILURE;
          ^~~~~~~~~~~
../src/PongFunc.c:326:6: note: declared here
 void startGPIO()
      ^~~~~~~~~
'Finished building: ../src/PongFunc.c'
' '
'Building target: FreeRTOS_PongGame.elf'
'Invoking: ARM v7 gcc linker'
arm-none-eabi-gcc -mcpu=cortex-a9 -mfpu=vfpv3 -mfloat-abi=hard -Wl,-build-id=none -specs=Xilinx.spec -Wl,-T -Wl,../src/lscript.ld -L../../FreeRTOS_PongGame_bsp/ps7_cortexa9_0/lib -o "FreeRTOS_PongGame.elf"  ./src/PongFunc.o ./src/freertos_hello_world.o   -Wl,--start-group,-lxil,-lfreertos,-lgcc,-lc,--end-group
'Finished building target: FreeRTOS_PongGame.elf'
' '
'Invoking: ARM v7 Print Size'
arm-none-eabi-size FreeRTOS_PongGame.elf  |tee "FreeRTOS_PongGame.elf.size"
   text	   data	    bss	    dec	    hex	filename
 107172	   3392	  89760	 200324	  30e84	FreeRTOS_PongGame.elf
'Finished building: FreeRTOS_PongGame.elf.size'
' '
18:12:06 **** Build of project FreeRTOS_PongGame_bsp ****
make -k all 
"Running Make include in ps7_cortexa9_0/libsrc/coresightps_dcc_v1_5/src"
make -C ps7_cortexa9_0/libsrc/coresightps_dcc_v1_5/src -s include  "SHELL=CMD" "COMPILER=arm-none-eabi-gcc" "ARCHIVER=arm-none-eabi-ar" "COMPILER_FLAGS=  -O2 -c" "EXTRA_COMPILER_FLAGS=-mcpu=cortex-a9 -mfpu=vfpv3 -mfloat-abi=hard -nostartfiles -g -Wall -Wextra"
"Running Make include in ps7_cortexa9_0/libsrc/cpu_cortexa9_v2_7/src"
make -C ps7_cortexa9_0/libsrc/cpu_cortexa9_v2_7/src -s include  "SHELL=CMD" "COMPILER=arm-none-eabi-gcc" "ARCHIVER=arm-none-eabi-ar" "COMPILER_FLAGS=  -O2 -c" "EXTRA_COMPILER_FLAGS=-mcpu=cortex-a9 -mfpu=vfpv3 -mfloat-abi=hard -nostartfiles -g -Wall -Wextra"
"Running Make include in ps7_cortexa9_0/libsrc/ddrps_v1_0/src"
make -C ps7_cortexa9_0/libsrc/ddrps_v1_0/src -s include  "SHELL=CMD" "COMPILER=arm-none-eabi-gcc" "ARCHIVER=arm-none-eabi-ar" "COMPILER_FLAGS=  -O2 -c" "EXTRA_COMPILER_FLAGS=-mcpu=cortex-a9 -mfpu=vfpv3 -mfloat-abi=hard -nostartfiles -g -Wall -Wextra"
"Running Make include in ps7_cortexa9_0/libsrc/devcfg_v3_5/src"
make -C ps7_cortexa9_0/libsrc/devcfg_v3_5/src -s include  "SHELL=CMD" "COMPILER=arm-none-eabi-gcc" "ARCHIVER=arm-none-eabi-ar" "COMPILER_FLAGS=  -O2 -c" "EXTRA_COMPILER_FLAGS=-mcpu=cortex-a9 -mfpu=vfpv3 -mfloat-abi=hard -nostartfiles -g -Wall -Wextra"
"Running Make include in ps7_cortexa9_0/libsrc/dmaps_v2_4/src"
make -C ps7_cortexa9_0/libsrc/dmaps_v2_4/src -s include  "SHELL=CMD" "COMPILER=arm-none-eabi-gcc" "ARCHIVER=arm-none-eabi-ar" "COMPILER_FLAGS=  -O2 -c" "EXTRA_COMPILER_FLAGS=-mcpu=cortex-a9 -mfpu=vfpv3 -mfloat-abi=hard -nostartfiles -g -Wall -Wextra"
"Running Make include in ps7_cortexa9_0/libsrc/freertos10_xilinx_v1_3/src"
make -C ps7_cortexa9_0/libsrc/freertos10_xilinx_v1_3/src -s include  "SHELL=CMD" "COMPILER=arm-none-eabi-gcc" "ARCHIVER=arm-none-eabi-ar" "COMPILER_FLAGS=  -O2 -c" "EXTRA_COMPILER_FLAGS=-mcpu=cortex-a9 -mfpu=vfpv3 -mfloat-abi=hard -nostartfiles -g -Wall -Wextra"
"include"
"Running Make include in ps7_cortexa9_0/libsrc/gpiops_v3_5/src"
make -C ps7_cortexa9_0/libsrc/gpiops_v3_5/src -s include  "SHELL=CMD" "COMPILER=arm-none-eabi-gcc" "ARCHIVER=arm-none-eabi-ar" "COMPILER_FLAGS=  -O2 -c" "EXTRA_COMPILER_FLAGS=-mcpu=cortex-a9 -mfpu=vfpv3 -mfloat-abi=hard -nostartfiles -g -Wall -Wextra"
"Running Make include in ps7_cortexa9_0/libsrc/gpio_v4_4/src"
make -C ps7_cortexa9_0/libsrc/gpio_v4_4/src -s include  "SHELL=CMD" "COMPILER=arm-none-eabi-gcc" "ARCHIVER=arm-none-eabi-ar" "COMPILER_FLAGS=  -O2 -c" "EXTRA_COMPILER_FLAGS=-mcpu=cortex-a9 -mfpu=vfpv3 -mfloat-abi=hard -nostartfiles -g -Wall -Wextra"
"Running Make include in ps7_cortexa9_0/libsrc/Hcsr04_Sensor_v1_0/src"
make -C ps7_cortexa9_0/libsrc/Hcsr04_Sensor_v1_0/src -s include  "SHELL=CMD" "COMPILER=arm-none-eabi-gcc" "ARCHIVER=arm-none-eabi-ar" "COMPILER_FLAGS=  -O2 -c" "EXTRA_COMPILER_FLAGS=-mcpu=cortex-a9 -mfpu=vfpv3 -mfloat-abi=hard -nostartfiles -g -Wall -Wextra"
"Running Make include in ps7_cortexa9_0/libsrc/iicps_v3_9/src"
make -C ps7_cortexa9_0/libsrc/iicps_v3_9/src -s include  "SHELL=CMD" "COMPILER=arm-none-eabi-gcc" "ARCHIVER=arm-none-eabi-ar" "COMPILER_FLAGS=  -O2 -c" "EXTRA_COMPILER_FLAGS=-mcpu=cortex-a9 -mfpu=vfpv3 -mfloat-abi=hard -nostartfiles -g -Wall -Wextra"
"Running Make include in ps7_cortexa9_0/libsrc/qspips_v3_6/src"
make -C ps7_cortexa9_0/libsrc/qspips_v3_6/src -s include  "SHELL=CMD" "COMPILER=arm-none-eabi-gcc" "ARCHIVER=arm-none-eabi-ar" "COMPILER_FLAGS=  -O2 -c" "EXTRA_COMPILER_FLAGS=-mcpu=cortex-a9 -mfpu=vfpv3 -mfloat-abi=hard -nostartfiles -g -Wall -Wextra"
"Running Make include in ps7_cortexa9_0/libsrc/scugic_v4_0/src"
make -C ps7_cortexa9_0/libsrc/scugic_v4_0/src -s include  "SHELL=CMD" "COMPILER=arm-none-eabi-gcc" "ARCHIVER=arm-none-eabi-ar" "COMPILER_FLAGS=  -O2 -c" "EXTRA_COMPILER_FLAGS=-mcpu=cortex-a9 -mfpu=vfpv3 -mfloat-abi=hard -nostartfiles -g -Wall -Wextra"
"Running Make include in ps7_cortexa9_0/libsrc/scutimer_v2_1/src"
make -C ps7_cortexa9_0/libsrc/scutimer_v2_1/src -s include  "SHELL=CMD" "COMPILER=arm-none-eabi-gcc" "ARCHIVER=arm-none-eabi-ar" "COMPILER_FLAGS=  -O2 -c" "EXTRA_COMPILER_FLAGS=-mcpu=cortex-a9 -mfpu=vfpv3 -mfloat-abi=hard -nostartfiles -g -Wall -Wextra"
"Running Make include in ps7_cortexa9_0/libsrc/scuwdt_v2_1/src"
make -C ps7_cortexa9_0/libsrc/scuwdt_v2_1/src -s include  "SHELL=CMD" "COMPILER=arm-none-eabi-gcc" "ARCHIVER=arm-none-eabi-ar" "COMPILER_FLAGS=  -O2 -c" "EXTRA_COMPILER_FLAGS=-mcpu=cortex-a9 -mfpu=vfpv3 -mfloat-abi=hard -nostartfiles -g -Wall -Wextra"
"Running Make include in ps7_cortexa9_0/libsrc/sdps_v3_7/src"
make -C ps7_cortexa9_0/libsrc/sdps_v3_7/src -s include  "SHELL=CMD" "COMPILER=arm-none-eabi-gcc" "ARCHIVER=arm-none-eabi-ar" "COMPILER_FLAGS=  -O2 -c" "EXTRA_COMPILER_FLAGS=-mcpu=cortex-a9 -mfpu=vfpv3 -mfloat-abi=hard -nostartfiles -g -Wall -Wextra"
"Running Make include in ps7_cortexa9_0/libsrc/uartps_v3_7/src"
make -C ps7_cortexa9_0/libsrc/uartps_v3_7/src -s include  "SHELL=CMD" "COMPILER=arm-none-eabi-gcc" "ARCHIVER=arm-none-eabi-ar" "COMPILER_FLAGS=  -O2 -c" "EXTRA_COMPILER_FLAGS=-mcpu=cortex-a9 -mfpu=vfpv3 -mfloat-abi=hard -nostartfiles -g -Wall -Wextra"
"Running Make include in ps7_cortexa9_0/libsrc/usbps_v2_4/src"
make -C ps7_cortexa9_0/libsrc/usbps_v2_4/src -s include  "SHELL=CMD" "COMPILER=arm-none-eabi-gcc" "ARCHIVER=arm-none-eabi-ar" "COMPILER_FLAGS=  -O2 -c" "EXTRA_COMPILER_FLAGS=-mcpu=cortex-a9 -mfpu=vfpv3 -mfloat-abi=hard -nostartfiles -g -Wall -Wextra"
"Running Make include in ps7_cortexa9_0/libsrc/WS2812_v1_0/src"
make -C ps7_cortexa9_0/libsrc/WS2812_v1_0/src -s include  "SHELL=CMD" "COMPILER=arm-none-eabi-gcc" "ARCHIVER=arm-none-eabi-ar" "COMPILER_FLAGS=  -O2 -c" "EXTRA_COMPILER_FLAGS=-mcpu=cortex-a9 -mfpu=vfpv3 -mfloat-abi=hard -nostartfiles -g -Wall -Wextra"
"Running Make include in ps7_cortexa9_0/libsrc/xadcps_v2_3/src"
make -C ps7_cortexa9_0/libsrc/xadcps_v2_3/src -s include  "SHELL=CMD" "COMPILER=arm-none-eabi-gcc" "ARCHIVER=arm-none-eabi-ar" "COMPILER_FLAGS=  -O2 -c" "EXTRA_COMPILER_FLAGS=-mcpu=cortex-a9 -mfpu=vfpv3 -mfloat-abi=hard -nostartfiles -g -Wall -Wextra"
"Running Make libs in ps7_cortexa9_0/libsrc/coresightps_dcc_v1_5/src"
make -C ps7_cortexa9_0/libsrc/coresightps_dcc_v1_5/src -s libs  "SHELL=CMD" "COMPILER=arm-none-eabi-gcc" "ARCHIVER=arm-none-eabi-ar" "COMPILER_FLAGS=  -O2 -c" "EXTRA_COMPILER_FLAGS=-mcpu=cortex-a9 -mfpu=vfpv3 -mfloat-abi=hard -nostartfiles -g -Wall -Wextra"
"Compiling coresightps_dcc"
"Running Make libs in ps7_cortexa9_0/libsrc/cpu_cortexa9_v2_7/src"
make -C ps7_cortexa9_0/libsrc/cpu_cortexa9_v2_7/src -s libs  "SHELL=CMD" "COMPILER=arm-none-eabi-gcc" "ARCHIVER=arm-none-eabi-ar" "COMPILER_FLAGS=  -O2 -c" "EXTRA_COMPILER_FLAGS=-mcpu=cortex-a9 -mfpu=vfpv3 -mfloat-abi=hard -nostartfiles -g -Wall -Wextra"
"Compiling cpu_cortexa9"
"Running Make libs in ps7_cortexa9_0/libsrc/ddrps_v1_0/src"
make -C ps7_cortexa9_0/libsrc/ddrps_v1_0/src -s libs  "SHELL=CMD" "COMPILER=arm-none-eabi-gcc" "ARCHIVER=arm-none-eabi-ar" "COMPILER_FLAGS=  -O2 -c" "EXTRA_COMPILER_FLAGS=-mcpu=cortex-a9 -mfpu=vfpv3 -mfloat-abi=hard -nostartfiles -g -Wall -Wextra"
"Compiling ddrps"
"Running Make libs in ps7_cortexa9_0/libsrc/devcfg_v3_5/src"
make -C ps7_cortexa9_0/libsrc/devcfg_v3_5/src -s libs  "SHELL=CMD" "COMPILER=arm-none-eabi-gcc" "ARCHIVER=arm-none-eabi-ar" "COMPILER_FLAGS=  -O2 -c" "EXTRA_COMPILER_FLAGS=-mcpu=cortex-a9 -mfpu=vfpv3 -mfloat-abi=hard -nostartfiles -g -Wall -Wextra"
"Compiling devcfg"
"Running Make libs in ps7_cortexa9_0/libsrc/dmaps_v2_4/src"
make -C ps7_cortexa9_0/libsrc/dmaps_v2_4/src -s libs  "SHELL=CMD" "COMPILER=arm-none-eabi-gcc" "ARCHIVER=arm-none-eabi-ar" "COMPILER_FLAGS=  -O2 -c" "EXTRA_COMPILER_FLAGS=-mcpu=cortex-a9 -mfpu=vfpv3 -mfloat-abi=hard -nostartfiles -g -Wall -Wextra"
"Compiling dmaps"
"Running Make libs in ps7_cortexa9_0/libsrc/freertos10_xilinx_v1_3/src"
make -C ps7_cortexa9_0/libsrc/freertos10_xilinx_v1_3/src -s libs  "SHELL=CMD" "COMPILER=arm-none-eabi-gcc" "ARCHIVER=arm-none-eabi-ar" "COMPILER_FLAGS=  -O2 -c" "EXTRA_COMPILER_FLAGS=-mcpu=cortex-a9 -mfpu=vfpv3 -mfloat-abi=hard -nostartfiles -g -Wall -Wextra"
"Compiling standalone"
"Compiling FreeRTOS"
"Running Make libs in ps7_cortexa9_0/libsrc/gpiops_v3_5/src"
make -C ps7_cortexa9_0/libsrc/gpiops_v3_5/src -s libs  "SHELL=CMD" "COMPILER=arm-none-eabi-gcc" "ARCHIVER=arm-none-eabi-ar" "COMPILER_FLAGS=  -O2 -c" "EXTRA_COMPILER_FLAGS=-mcpu=cortex-a9 -mfpu=vfpv3 -mfloat-abi=hard -nostartfiles -g -Wall -Wextra"
"Compiling gpiops"
"Running Make libs in ps7_cortexa9_0/libsrc/gpio_v4_4/src"
make -C ps7_cortexa9_0/libsrc/gpio_v4_4/src -s libs  "SHELL=CMD" "COMPILER=arm-none-eabi-gcc" "ARCHIVER=arm-none-eabi-ar" "COMPILER_FLAGS=  -O2 -c" "EXTRA_COMPILER_FLAGS=-mcpu=cortex-a9 -mfpu=vfpv3 -mfloat-abi=hard -nostartfiles -g -Wall -Wextra"
"Compiling gpio"
"Running Make libs in ps7_cortexa9_0/libsrc/Hcsr04_Sensor_v1_0/src"
make -C ps7_cortexa9_0/libsrc/Hcsr04_Sensor_v1_0/src -s libs  "SHELL=CMD" "COMPILER=arm-none-eabi-gcc" "ARCHIVER=arm-none-eabi-ar" "COMPILER_FLAGS=  -O2 -c" "EXTRA_COMPILER_FLAGS=-mcpu=cortex-a9 -mfpu=vfpv3 -mfloat-abi=hard -nostartfiles -g -Wall -Wextra"
"Compiling Hcsr04_Sensor..."
Hcsr04_Sensor_selftest.c: In function 'HCSR04_SENSOR_Reg_SelfTest':
Hcsr04_Sensor_selftest.c:52:62: warning: comparison of integer expressions of different signedness: 'u32' {aka 'long unsigned int'} and 'int' [-Wsign-compare]
    if ( HCSR04_SENSOR_mReadReg (baseaddr, read_loop_index*4) != (read_loop_index+1)*READ_WRITE_MUL_FACTOR){
                                                              ^~
Hcsr04_Sensor_selftest.c:36:6: warning: unused variable 'Index' [-Wunused-variable]
  int Index;
      ^~~~~
"Running Make libs in ps7_cortexa9_0/libsrc/iicps_v3_9/src"
make -C ps7_cortexa9_0/libsrc/iicps_v3_9/src -s libs  "SHELL=CMD" "COMPILER=arm-none-eabi-gcc" "ARCHIVER=arm-none-eabi-ar" "COMPILER_FLAGS=  -O2 -c" "EXTRA_COMPILER_FLAGS=-mcpu=cortex-a9 -mfpu=vfpv3 -mfloat-abi=hard -nostartfiles -g -Wall -Wextra"
"Compiling iicps"
"Running Make libs in ps7_cortexa9_0/libsrc/qspips_v3_6/src"
make -C ps7_cortexa9_0/libsrc/qspips_v3_6/src -s libs  "SHELL=CMD" "COMPILER=arm-none-eabi-gcc" "ARCHIVER=arm-none-eabi-ar" "COMPILER_FLAGS=  -O2 -c" "EXTRA_COMPILER_FLAGS=-mcpu=cortex-a9 -mfpu=vfpv3 -mfloat-abi=hard -nostartfiles -g -Wall -Wextra"
"Compiling qspips"
"Running Make libs in ps7_cortexa9_0/libsrc/scugic_v4_0/src"
make -C ps7_cortexa9_0/libsrc/scugic_v4_0/src -s libs  "SHELL=CMD" "COMPILER=arm-none-eabi-gcc" "ARCHIVER=arm-none-eabi-ar" "COMPILER_FLAGS=  -O2 -c" "EXTRA_COMPILER_FLAGS=-mcpu=cortex-a9 -mfpu=vfpv3 -mfloat-abi=hard -nostartfiles -g -Wall -Wextra"
"Compiling scugic"
"Running Make libs in ps7_cortexa9_0/libsrc/scutimer_v2_1/src"
make -C ps7_cortexa9_0/libsrc/scutimer_v2_1/src -s libs  "SHELL=CMD" "COMPILER=arm-none-eabi-gcc" "ARCHIVER=arm-none-eabi-ar" "COMPILER_FLAGS=  -O2 -c" "EXTRA_COMPILER_FLAGS=-mcpu=cortex-a9 -mfpu=vfpv3 -mfloat-abi=hard -nostartfiles -g -Wall -Wextra"
"Compiling scutimer"
"Running Make libs in ps7_cortexa9_0/libsrc/scuwdt_v2_1/src"
make -C ps7_cortexa9_0/libsrc/scuwdt_v2_1/src -s libs  "SHELL=CMD" "COMPILER=arm-none-eabi-gcc" "ARCHIVER=arm-none-eabi-ar" "COMPILER_FLAGS=  -O2 -c" "EXTRA_COMPILER_FLAGS=-mcpu=cortex-a9 -mfpu=vfpv3 -mfloat-abi=hard -nostartfiles -g -Wall -Wextra"
"Compiling scuwdt"
"Running Make libs in ps7_cortexa9_0/libsrc/sdps_v3_7/src"
make -C ps7_cortexa9_0/libsrc/sdps_v3_7/src -s libs  "SHELL=CMD" "COMPILER=arm-none-eabi-gcc" "ARCHIVER=arm-none-eabi-ar" "COMPILER_FLAGS=  -O2 -c" "EXTRA_COMPILER_FLAGS=-mcpu=cortex-a9 -mfpu=vfpv3 -mfloat-abi=hard -nostartfiles -g -Wall -Wextra"
"Compiling sdps"
"Running Make libs in ps7_cortexa9_0/libsrc/uartps_v3_7/src"
make -C ps7_cortexa9_0/libsrc/uartps_v3_7/src -s libs  "SHELL=CMD" "COMPILER=arm-none-eabi-gcc" "ARCHIVER=arm-none-eabi-ar" "COMPILER_FLAGS=  -O2 -c" "EXTRA_COMPILER_FLAGS=-mcpu=cortex-a9 -mfpu=vfpv3 -mfloat-abi=hard -nostartfiles -g -Wall -Wextra"
"Compiling uartps"
"Running Make libs in ps7_cortexa9_0/libsrc/usbps_v2_4/src"
make -C ps7_cortexa9_0/libsrc/usbps_v2_4/src -s libs  "SHELL=CMD" "COMPILER=arm-none-eabi-gcc" "ARCHIVER=arm-none-eabi-ar" "COMPILER_FLAGS=  -O2 -c" "EXTRA_COMPILER_FLAGS=-mcpu=cortex-a9 -mfpu=vfpv3 -mfloat-abi=hard -nostartfiles -g -Wall -Wextra"
"Compiling usbps"
"Running Make libs in ps7_cortexa9_0/libsrc/WS2812_v1_0/src"
make -C ps7_cortexa9_0/libsrc/WS2812_v1_0/src -s libs  "SHELL=CMD" "COMPILER=arm-none-eabi-gcc" "ARCHIVER=arm-none-eabi-ar" "COMPILER_FLAGS=  -O2 -c" "EXTRA_COMPILER_FLAGS=-mcpu=cortex-a9 -mfpu=vfpv3 -mfloat-abi=hard -nostartfiles -g -Wall -Wextra"
"Compiling WS2812..."
WS2812_selftest.c: In function 'WS2812_Reg_SelfTest':
WS2812_selftest.c:52:55: warning: comparison of integer expressions of different signedness: 'u32' {aka 'long unsigned int'} and 'int' [-Wsign-compare]
    if ( WS2812_mReadReg (baseaddr, read_loop_index*4) != (read_loop_index+1)*READ_WRITE_MUL_FACTOR){
                                                       ^~
WS2812_selftest.c:36:6: warning: unused variable 'Index' [-Wunused-variable]
  int Index;
      ^~~~~
"Running Make libs in ps7_cortexa9_0/libsrc/xadcps_v2_3/src"
make -C ps7_cortexa9_0/libsrc/xadcps_v2_3/src -s libs  "SHELL=CMD" "COMPILER=arm-none-eabi-gcc" "ARCHIVER=arm-none-eabi-ar" "COMPILER_FLAGS=  -O2 -c" "EXTRA_COMPILER_FLAGS=-mcpu=cortex-a9 -mfpu=vfpv3 -mfloat-abi=hard -nostartfiles -g -Wall -Wextra"
"Compiling xadcps"
'Finished building libraries'
18:12:32 **** Build of configuration Debug for project FreeRTOS_PongGame ****
make pre-build main-build 
a9-linaro-pre-build-step
' '
'Building file: ../src/PongFunc.c'
'Invoking: ARM v7 gcc compiler'
arm-none-eabi-gcc -Wall -O0 -g3 -c -fmessage-length=0 -MT"src/PongFunc.o" -mcpu=cortex-a9 -mfpu=vfpv3 -mfloat-abi=hard -I../../FreeRTOS_PongGame_bsp/ps7_cortexa9_0/include -MMD -MP -MF"src/PongFunc.d" -MT"src/PongFunc.o" -o "src/PongFunc.o" "../src/PongFunc.c"
In file included from ../../FreeRTOS_PongGame_bsp/ps7_cortexa9_0/include/WS2812.h:8,
                 from ../src/PongHead.h:12,
                 from ../src/PongFunc.c:1:
../src/PongFunc.c: In function 'startGPIO':
../../FreeRTOS_PongGame_bsp/ps7_cortexa9_0/include/xstatus.h:61:41: warning: 'return' with a value, in function returning void
 #define XST_FAILURE                     1L
                                         ^~
../src/PongFunc.c:334:10: note: in expansion of macro 'XST_FAILURE'
   return XST_FAILURE;
          ^~~~~~~~~~~
../src/PongFunc.c:326:6: note: declared here
 void startGPIO()
      ^~~~~~~~~
In file included from ../../FreeRTOS_PongGame_bsp/ps7_cortexa9_0/include/WS2812.h:8,
                 from ../src/PongHead.h:12,
                 from ../src/PongFunc.c:1:
../../FreeRTOS_PongGame_bsp/ps7_cortexa9_0/include/xstatus.h:61:41: warning: 'return' with a value, in function returning void
 #define XST_FAILURE                     1L
                                         ^~
../src/PongFunc.c:345:10: note: in expansion of macro 'XST_FAILURE'
   return XST_FAILURE;
          ^~~~~~~~~~~
../src/PongFunc.c:326:6: note: declared here
 void startGPIO()
      ^~~~~~~~~
'Finished building: ../src/PongFunc.c'
' '
'Building file: ../src/freertos_hello_world.c'
'Invoking: ARM v7 gcc compiler'
arm-none-eabi-gcc -Wall -O0 -g3 -c -fmessage-length=0 -MT"src/freertos_hello_world.o" -mcpu=cortex-a9 -mfpu=vfpv3 -mfloat-abi=hard -I../../FreeRTOS_PongGame_bsp/ps7_cortexa9_0/include -MMD -MP -MF"src/freertos_hello_world.d" -MT"src/freertos_hello_world.o" -o "src/freertos_hello_world.o" "../src/freertos_hello_world.c"
../src/freertos_hello_world.c: In function 'vTimerCallback':
../src/freertos_hello_world.c:70:7: warning: variable 'lTimerId' set but not used [-Wunused-but-set-variable]
  long lTimerId;
       ^~~~~~~~
../src/freertos_hello_world.c: In function 'main':
../src/freertos_hello_world.c:80:14: warning: unused variable 'colourArray' [-Wunused-variable]
  pixelColour colourArray[8][8];
              ^~~~~~~~~~~
../src/freertos_hello_world.c: In function 'gamePongTask':
../src/freertos_hello_world.c:221:18: warning: passing argument 1 of 'getPlayer1Move' from incompatible pointer type [-Wincompatible-pointer-types]
   getPlayer1Move(&movePlayer1);
                  ^~~~~~~~~~~~
In file included from ../src/freertos_hello_world.c:37:
../src/PongHead.h:100:26: note: expected 'u32 *' {aka 'long unsigned int *'} but argument is of type 'int *'
 void getPlayer1Move(u32* Data);
                     ~~~~~^~~~
'Finished building: ../src/freertos_hello_world.c'
' '
'Building target: FreeRTOS_PongGame.elf'
'Invoking: ARM v7 gcc linker'
arm-none-eabi-gcc -mcpu=cortex-a9 -mfpu=vfpv3 -mfloat-abi=hard -Wl,-build-id=none -specs=Xilinx.spec -Wl,-T -Wl,../src/lscript.ld -L../../FreeRTOS_PongGame_bsp/ps7_cortexa9_0/lib -o "FreeRTOS_PongGame.elf"  ./src/PongFunc.o ./src/freertos_hello_world.o   -Wl,--start-group,-lxil,-lfreertos,-lgcc,-lc,--end-group
'Finished building target: FreeRTOS_PongGame.elf'
' '
'Invoking: ARM v7 Print Size'
arm-none-eabi-size FreeRTOS_PongGame.elf  |tee "FreeRTOS_PongGame.elf.size"
   text	   data	    bss	    dec	    hex	filename
 107172	   3392	  89760	 200324	  30e84	FreeRTOS_PongGame.elf
'Finished building: FreeRTOS_PongGame.elf.size'
' '
18:13:47 **** Incremental Build of configuration Debug for project FreeRTOS_PongGame ****
make pre-build main-build 
a9-linaro-pre-build-step
' '
make: Nothing to be done for 'main-build'.
18:15:00 **** Incremental Build of configuration Debug for project FreeRTOS_PongGame ****
make pre-build main-build 
a9-linaro-pre-build-step
' '
'Building file: ../src/PongFunc.c'
'Invoking: ARM v7 gcc compiler'
arm-none-eabi-gcc -Wall -O0 -g3 -c -fmessage-length=0 -MT"src/PongFunc.o" -mcpu=cortex-a9 -mfpu=vfpv3 -mfloat-abi=hard -I../../FreeRTOS_PongGame_bsp/ps7_cortexa9_0/include -MMD -MP -MF"src/PongFunc.d" -MT"src/PongFunc.o" -o "src/PongFunc.o" "../src/PongFunc.c"
In file included from ../../FreeRTOS_PongGame_bsp/ps7_cortexa9_0/include/WS2812.h:8,
                 from ../src/PongHead.h:12,
                 from ../src/PongFunc.c:1:
../src/PongFunc.c: In function 'startGPIO':
../../FreeRTOS_PongGame_bsp/ps7_cortexa9_0/include/xstatus.h:61:41: warning: 'return' with a value, in function returning void
 #define XST_FAILURE                     1L
                                         ^~
../src/PongFunc.c:334:10: note: in expansion of macro 'XST_FAILURE'
   return XST_FAILURE;
          ^~~~~~~~~~~
../src/PongFunc.c:326:6: note: declared here
 void startGPIO()
      ^~~~~~~~~
In file included from ../../FreeRTOS_PongGame_bsp/ps7_cortexa9_0/include/WS2812.h:8,
                 from ../src/PongHead.h:12,
                 from ../src/PongFunc.c:1:
../../FreeRTOS_PongGame_bsp/ps7_cortexa9_0/include/xstatus.h:61:41: warning: 'return' with a value, in function returning void
 #define XST_FAILURE                     1L
                                         ^~
../src/PongFunc.c:345:10: note: in expansion of macro 'XST_FAILURE'
   return XST_FAILURE;
          ^~~~~~~~~~~
../src/PongFunc.c:326:6: note: declared here
 void startGPIO()
      ^~~~~~~~~
'Finished building: ../src/PongFunc.c'
' '
'Building target: FreeRTOS_PongGame.elf'
'Invoking: ARM v7 gcc linker'
arm-none-eabi-gcc -mcpu=cortex-a9 -mfpu=vfpv3 -mfloat-abi=hard -Wl,-build-id=none -specs=Xilinx.spec -Wl,-T -Wl,../src/lscript.ld -L../../FreeRTOS_PongGame_bsp/ps7_cortexa9_0/lib -o "FreeRTOS_PongGame.elf"  ./src/PongFunc.o ./src/freertos_hello_world.o   -Wl,--start-group,-lxil,-lfreertos,-lgcc,-lc,--end-group
'Finished building target: FreeRTOS_PongGame.elf'
' '
'Invoking: ARM v7 Print Size'
arm-none-eabi-size FreeRTOS_PongGame.elf  |tee "FreeRTOS_PongGame.elf.size"
   text	   data	    bss	    dec	    hex	filename
 107112	   3392	  89760	 200264	  30e48	FreeRTOS_PongGame.elf
'Finished building: FreeRTOS_PongGame.elf.size'
' '
18:18:20 **** Incremental Build of configuration Debug for project FreeRTOS_PongGame ****
make pre-build main-build 
a9-linaro-pre-build-step
' '
'Building file: ../src/PongFunc.c'
'Invoking: ARM v7 gcc compiler'
arm-none-eabi-gcc -Wall -O0 -g3 -c -fmessage-length=0 -MT"src/PongFunc.o" -mcpu=cortex-a9 -mfpu=vfpv3 -mfloat-abi=hard -I../../FreeRTOS_PongGame_bsp/ps7_cortexa9_0/include -MMD -MP -MF"src/PongFunc.d" -MT"src/PongFunc.o" -o "src/PongFunc.o" "../src/PongFunc.c"
In file included from ../../FreeRTOS_PongGame_bsp/ps7_cortexa9_0/include/WS2812.h:8,
                 from ../src/PongHead.h:12,
                 from ../src/PongFunc.c:1:
../src/PongFunc.c: In function 'startGPIO':
../../FreeRTOS_PongGame_bsp/ps7_cortexa9_0/include/xstatus.h:61:41: warning: 'return' with a value, in function returning void
 #define XST_FAILURE                     1L
                                         ^~
../src/PongFunc.c:334:10: note: in expansion of macro 'XST_FAILURE'
   return XST_FAILURE;
          ^~~~~~~~~~~
../src/PongFunc.c:326:6: note: declared here
 void startGPIO()
      ^~~~~~~~~
In file included from ../../FreeRTOS_PongGame_bsp/ps7_cortexa9_0/include/WS2812.h:8,
                 from ../src/PongHead.h:12,
                 from ../src/PongFunc.c:1:
../../FreeRTOS_PongGame_bsp/ps7_cortexa9_0/include/xstatus.h:61:41: warning: 'return' with a value, in function returning void
 #define XST_FAILURE                     1L
                                         ^~
../src/PongFunc.c:345:10: note: in expansion of macro 'XST_FAILURE'
   return XST_FAILURE;
          ^~~~~~~~~~~
../src/PongFunc.c:326:6: note: declared here
 void startGPIO()
      ^~~~~~~~~
'Finished building: ../src/PongFunc.c'
' '
'Building target: FreeRTOS_PongGame.elf'
'Invoking: ARM v7 gcc linker'
arm-none-eabi-gcc -mcpu=cortex-a9 -mfpu=vfpv3 -mfloat-abi=hard -Wl,-build-id=none -specs=Xilinx.spec -Wl,-T -Wl,../src/lscript.ld -L../../FreeRTOS_PongGame_bsp/ps7_cortexa9_0/lib -o "FreeRTOS_PongGame.elf"  ./src/PongFunc.o ./src/freertos_hello_world.o   -Wl,--start-group,-lxil,-lfreertos,-lgcc,-lc,--end-group
'Finished building target: FreeRTOS_PongGame.elf'
' '
'Invoking: ARM v7 Print Size'
arm-none-eabi-size FreeRTOS_PongGame.elf  |tee "FreeRTOS_PongGame.elf.size"
   text	   data	    bss	    dec	    hex	filename
 107236	   3392	  89760	 200388	  30ec4	FreeRTOS_PongGame.elf
'Finished building: FreeRTOS_PongGame.elf.size'
' '
18:19:03 **** Incremental Build of configuration Debug for project FreeRTOS_PongGame ****
make pre-build main-build 
a9-linaro-pre-build-step
' '
make: Nothing to be done for 'main-build'.
18:20:32 **** Incremental Build of configuration Debug for project FreeRTOS_PongGame ****
make pre-build main-build 
a9-linaro-pre-build-step
' '
make: Nothing to be done for 'main-build'.
18:23:56 **** Incremental Build of configuration Debug for project FreeRTOS_PongGame ****
make pre-build main-build 
a9-linaro-pre-build-step
' '
'Building file: ../src/PongFunc.c'
'Invoking: ARM v7 gcc compiler'
arm-none-eabi-gcc -Wall -O0 -g3 -c -fmessage-length=0 -MT"src/PongFunc.o" -mcpu=cortex-a9 -mfpu=vfpv3 -mfloat-abi=hard -I../../FreeRTOS_PongGame_bsp/ps7_cortexa9_0/include -MMD -MP -MF"src/PongFunc.d" -MT"src/PongFunc.o" -o "src/PongFunc.o" "../src/PongFunc.c"
In file included from ../../FreeRTOS_PongGame_bsp/ps7_cortexa9_0/include/WS2812.h:8,
                 from ../src/PongHead.h:12,
                 from ../src/PongFunc.c:1:
../src/PongFunc.c: In function 'startGPIO':
../../FreeRTOS_PongGame_bsp/ps7_cortexa9_0/include/xstatus.h:61:41: warning: 'return' with a value, in function returning void
 #define XST_FAILURE                     1L
                                         ^~
../src/PongFunc.c:334:10: note: in expansion of macro 'XST_FAILURE'
   return XST_FAILURE;
          ^~~~~~~~~~~
../src/PongFunc.c:326:6: note: declared here
 void startGPIO()
      ^~~~~~~~~
In file included from ../../FreeRTOS_PongGame_bsp/ps7_cortexa9_0/include/WS2812.h:8,
                 from ../src/PongHead.h:12,
                 from ../src/PongFunc.c:1:
../../FreeRTOS_PongGame_bsp/ps7_cortexa9_0/include/xstatus.h:61:41: warning: 'return' with a value, in function returning void
 #define XST_FAILURE                     1L
                                         ^~
../src/PongFunc.c:345:10: note: in expansion of macro 'XST_FAILURE'
   return XST_FAILURE;
          ^~~~~~~~~~~
../src/PongFunc.c:326:6: note: declared here
 void startGPIO()
      ^~~~~~~~~
'Finished building: ../src/PongFunc.c'
' '
'Building target: FreeRTOS_PongGame.elf'
'Invoking: ARM v7 gcc linker'
arm-none-eabi-gcc -mcpu=cortex-a9 -mfpu=vfpv3 -mfloat-abi=hard -Wl,-build-id=none -specs=Xilinx.spec -Wl,-T -Wl,../src/lscript.ld -L../../FreeRTOS_PongGame_bsp/ps7_cortexa9_0/lib -o "FreeRTOS_PongGame.elf"  ./src/PongFunc.o ./src/freertos_hello_world.o   -Wl,--start-group,-lxil,-lfreertos,-lgcc,-lc,--end-group
'Finished building target: FreeRTOS_PongGame.elf'
' '
'Invoking: ARM v7 Print Size'
arm-none-eabi-size FreeRTOS_PongGame.elf  |tee "FreeRTOS_PongGame.elf.size"
   text	   data	    bss	    dec	    hex	filename
 107112	   3392	  89760	 200264	  30e48	FreeRTOS_PongGame.elf
'Finished building: FreeRTOS_PongGame.elf.size'
' '
18:50:54 **** Incremental Build of configuration Debug for project FreeRTOS_PongGame ****
make pre-build main-build 
a9-linaro-pre-build-step
' '
'Building file: ../src/PongFunc.c'
'Invoking: ARM v7 gcc compiler'
arm-none-eabi-gcc -Wall -O0 -g3 -c -fmessage-length=0 -MT"src/PongFunc.o" -mcpu=cortex-a9 -mfpu=vfpv3 -mfloat-abi=hard -I../../FreeRTOS_PongGame_bsp/ps7_cortexa9_0/include -MMD -MP -MF"src/PongFunc.d" -MT"src/PongFunc.o" -o "src/PongFunc.o" "../src/PongFunc.c"
In file included from ../../FreeRTOS_PongGame_bsp/ps7_cortexa9_0/include/WS2812.h:8,
                 from ../src/PongHead.h:12,
                 from ../src/PongFunc.c:1:
../src/PongFunc.c: In function 'startGPIO':
../../FreeRTOS_PongGame_bsp/ps7_cortexa9_0/include/xstatus.h:61:41: warning: 'return' with a value, in function returning void
 #define XST_FAILURE                     1L
                                         ^~
../src/PongFunc.c:337:10: note: in expansion of macro 'XST_FAILURE'
   return XST_FAILURE;
          ^~~~~~~~~~~
../src/PongFunc.c:329:6: note: declared here
 void startGPIO()
      ^~~~~~~~~
In file included from ../../FreeRTOS_PongGame_bsp/ps7_cortexa9_0/include/WS2812.h:8,
                 from ../src/PongHead.h:12,
                 from ../src/PongFunc.c:1:
../../FreeRTOS_PongGame_bsp/ps7_cortexa9_0/include/xstatus.h:61:41: warning: 'return' with a value, in function returning void
 #define XST_FAILURE                     1L
                                         ^~
../src/PongFunc.c:348:10: note: in expansion of macro 'XST_FAILURE'
   return XST_FAILURE;
          ^~~~~~~~~~~
../src/PongFunc.c:329:6: note: declared here
 void startGPIO()
      ^~~~~~~~~
'Finished building: ../src/PongFunc.c'
' '
'Building target: FreeRTOS_PongGame.elf'
'Invoking: ARM v7 gcc linker'
arm-none-eabi-gcc -mcpu=cortex-a9 -mfpu=vfpv3 -mfloat-abi=hard -Wl,-build-id=none -specs=Xilinx.spec -Wl,-T -Wl,../src/lscript.ld -L../../FreeRTOS_PongGame_bsp/ps7_cortexa9_0/lib -o "FreeRTOS_PongGame.elf"  ./src/PongFunc.o ./src/freertos_hello_world.o   -Wl,--start-group,-lxil,-lfreertos,-lgcc,-lc,--end-group
'Finished building target: FreeRTOS_PongGame.elf'
' '
'Invoking: ARM v7 Print Size'
arm-none-eabi-size FreeRTOS_PongGame.elf  |tee "FreeRTOS_PongGame.elf.size"
   text	   data	    bss	    dec	    hex	filename
 107172	   3392	  89760	 200324	  30e84	FreeRTOS_PongGame.elf
'Finished building: FreeRTOS_PongGame.elf.size'
' '
18:54:30 **** Incremental Build of configuration Debug for project FreeRTOS_PongGame ****
make pre-build main-build 
a9-linaro-pre-build-step
' '
'Building file: ../src/PongFunc.c'
'Invoking: ARM v7 gcc compiler'
arm-none-eabi-gcc -Wall -O0 -g3 -c -fmessage-length=0 -MT"src/PongFunc.o" -mcpu=cortex-a9 -mfpu=vfpv3 -mfloat-abi=hard -I../../FreeRTOS_PongGame_bsp/ps7_cortexa9_0/include -MMD -MP -MF"src/PongFunc.d" -MT"src/PongFunc.o" -o "src/PongFunc.o" "../src/PongFunc.c"
In file included from ../../FreeRTOS_PongGame_bsp/ps7_cortexa9_0/include/WS2812.h:8,
                 from ../src/PongHead.h:12,
                 from ../src/PongFunc.c:1:
../src/PongFunc.c: In function 'startGPIO':
../../FreeRTOS_PongGame_bsp/ps7_cortexa9_0/include/xstatus.h:61:41: warning: 'return' with a value, in function returning void
 #define XST_FAILURE                     1L
                                         ^~
../src/PongFunc.c:345:10: note: in expansion of macro 'XST_FAILURE'
   return XST_FAILURE;
          ^~~~~~~~~~~
../src/PongFunc.c:337:6: note: declared here
 void startGPIO()
      ^~~~~~~~~
In file included from ../../FreeRTOS_PongGame_bsp/ps7_cortexa9_0/include/WS2812.h:8,
                 from ../src/PongHead.h:12,
                 from ../src/PongFunc.c:1:
../../FreeRTOS_PongGame_bsp/ps7_cortexa9_0/include/xstatus.h:61:41: warning: 'return' with a value, in function returning void
 #define XST_FAILURE                     1L
                                         ^~
../src/PongFunc.c:356:10: note: in expansion of macro 'XST_FAILURE'
   return XST_FAILURE;
          ^~~~~~~~~~~
../src/PongFunc.c:337:6: note: declared here
 void startGPIO()
      ^~~~~~~~~
'Finished building: ../src/PongFunc.c'
' '
'Building target: FreeRTOS_PongGame.elf'
'Invoking: ARM v7 gcc linker'
arm-none-eabi-gcc -mcpu=cortex-a9 -mfpu=vfpv3 -mfloat-abi=hard -Wl,-build-id=none -specs=Xilinx.spec -Wl,-T -Wl,../src/lscript.ld -L../../FreeRTOS_PongGame_bsp/ps7_cortexa9_0/lib -o "FreeRTOS_PongGame.elf"  ./src/PongFunc.o ./src/freertos_hello_world.o   -Wl,--start-group,-lxil,-lfreertos,-lgcc,-lc,--end-group
'Finished building target: FreeRTOS_PongGame.elf'
' '
'Invoking: ARM v7 Print Size'
arm-none-eabi-size FreeRTOS_PongGame.elf  |tee "FreeRTOS_PongGame.elf.size"
   text	   data	    bss	    dec	    hex	filename
 107244	   3392	  89760	 200396	  30ecc	FreeRTOS_PongGame.elf
'Finished building: FreeRTOS_PongGame.elf.size'
' '
20:01:26 **** Build of project FreeRTOS_PongGame_bsp ****
make -k all 
"Running Make include in ps7_cortexa9_0/libsrc/coresightps_dcc_v1_5/src"
make -C ps7_cortexa9_0/libsrc/coresightps_dcc_v1_5/src -s include  "SHELL=CMD" "COMPILER=arm-none-eabi-gcc" "ARCHIVER=arm-none-eabi-ar" "COMPILER_FLAGS=  -O2 -c" "EXTRA_COMPILER_FLAGS=-mcpu=cortex-a9 -mfpu=vfpv3 -mfloat-abi=hard -nostartfiles -g -Wall -Wextra"
"Running Make include in ps7_cortexa9_0/libsrc/cpu_cortexa9_v2_7/src"
make -C ps7_cortexa9_0/libsrc/cpu_cortexa9_v2_7/src -s include  "SHELL=CMD" "COMPILER=arm-none-eabi-gcc" "ARCHIVER=arm-none-eabi-ar" "COMPILER_FLAGS=  -O2 -c" "EXTRA_COMPILER_FLAGS=-mcpu=cortex-a9 -mfpu=vfpv3 -mfloat-abi=hard -nostartfiles -g -Wall -Wextra"
"Running Make include in ps7_cortexa9_0/libsrc/ddrps_v1_0/src"
make -C ps7_cortexa9_0/libsrc/ddrps_v1_0/src -s include  "SHELL=CMD" "COMPILER=arm-none-eabi-gcc" "ARCHIVER=arm-none-eabi-ar" "COMPILER_FLAGS=  -O2 -c" "EXTRA_COMPILER_FLAGS=-mcpu=cortex-a9 -mfpu=vfpv3 -mfloat-abi=hard -nostartfiles -g -Wall -Wextra"
"Running Make include in ps7_cortexa9_0/libsrc/devcfg_v3_5/src"
make -C ps7_cortexa9_0/libsrc/devcfg_v3_5/src -s include  "SHELL=CMD" "COMPILER=arm-none-eabi-gcc" "ARCHIVER=arm-none-eabi-ar" "COMPILER_FLAGS=  -O2 -c" "EXTRA_COMPILER_FLAGS=-mcpu=cortex-a9 -mfpu=vfpv3 -mfloat-abi=hard -nostartfiles -g -Wall -Wextra"
"Running Make include in ps7_cortexa9_0/libsrc/dmaps_v2_4/src"
make -C ps7_cortexa9_0/libsrc/dmaps_v2_4/src -s include  "SHELL=CMD" "COMPILER=arm-none-eabi-gcc" "ARCHIVER=arm-none-eabi-ar" "COMPILER_FLAGS=  -O2 -c" "EXTRA_COMPILER_FLAGS=-mcpu=cortex-a9 -mfpu=vfpv3 -mfloat-abi=hard -nostartfiles -g -Wall -Wextra"
"Running Make include in ps7_cortexa9_0/libsrc/freertos10_xilinx_v1_3/src"
make -C ps7_cortexa9_0/libsrc/freertos10_xilinx_v1_3/src -s include  "SHELL=CMD" "COMPILER=arm-none-eabi-gcc" "ARCHIVER=arm-none-eabi-ar" "COMPILER_FLAGS=  -O2 -c" "EXTRA_COMPILER_FLAGS=-mcpu=cortex-a9 -mfpu=vfpv3 -mfloat-abi=hard -nostartfiles -g -Wall -Wextra"
"include"
"Running Make include in ps7_cortexa9_0/libsrc/gpiops_v3_5/src"
make -C ps7_cortexa9_0/libsrc/gpiops_v3_5/src -s include  "SHELL=CMD" "COMPILER=arm-none-eabi-gcc" "ARCHIVER=arm-none-eabi-ar" "COMPILER_FLAGS=  -O2 -c" "EXTRA_COMPILER_FLAGS=-mcpu=cortex-a9 -mfpu=vfpv3 -mfloat-abi=hard -nostartfiles -g -Wall -Wextra"
"Running Make include in ps7_cortexa9_0/libsrc/gpio_v4_4/src"
make -C ps7_cortexa9_0/libsrc/gpio_v4_4/src -s include  "SHELL=CMD" "COMPILER=arm-none-eabi-gcc" "ARCHIVER=arm-none-eabi-ar" "COMPILER_FLAGS=  -O2 -c" "EXTRA_COMPILER_FLAGS=-mcpu=cortex-a9 -mfpu=vfpv3 -mfloat-abi=hard -nostartfiles -g -Wall -Wextra"
"Running Make include in ps7_cortexa9_0/libsrc/Hcsr04_Sensor_v1_0/src"
make -C ps7_cortexa9_0/libsrc/Hcsr04_Sensor_v1_0/src -s include  "SHELL=CMD" "COMPILER=arm-none-eabi-gcc" "ARCHIVER=arm-none-eabi-ar" "COMPILER_FLAGS=  -O2 -c" "EXTRA_COMPILER_FLAGS=-mcpu=cortex-a9 -mfpu=vfpv3 -mfloat-abi=hard -nostartfiles -g -Wall -Wextra"
"Running Make include in ps7_cortexa9_0/libsrc/iicps_v3_9/src"
make -C ps7_cortexa9_0/libsrc/iicps_v3_9/src -s include  "SHELL=CMD" "COMPILER=arm-none-eabi-gcc" "ARCHIVER=arm-none-eabi-ar" "COMPILER_FLAGS=  -O2 -c" "EXTRA_COMPILER_FLAGS=-mcpu=cortex-a9 -mfpu=vfpv3 -mfloat-abi=hard -nostartfiles -g -Wall -Wextra"
"Running Make include in ps7_cortexa9_0/libsrc/qspips_v3_6/src"
make -C ps7_cortexa9_0/libsrc/qspips_v3_6/src -s include  "SHELL=CMD" "COMPILER=arm-none-eabi-gcc" "ARCHIVER=arm-none-eabi-ar" "COMPILER_FLAGS=  -O2 -c" "EXTRA_COMPILER_FLAGS=-mcpu=cortex-a9 -mfpu=vfpv3 -mfloat-abi=hard -nostartfiles -g -Wall -Wextra"
"Running Make include in ps7_cortexa9_0/libsrc/scugic_v4_0/src"
make -C ps7_cortexa9_0/libsrc/scugic_v4_0/src -s include  "SHELL=CMD" "COMPILER=arm-none-eabi-gcc" "ARCHIVER=arm-none-eabi-ar" "COMPILER_FLAGS=  -O2 -c" "EXTRA_COMPILER_FLAGS=-mcpu=cortex-a9 -mfpu=vfpv3 -mfloat-abi=hard -nostartfiles -g -Wall -Wextra"
"Running Make include in ps7_cortexa9_0/libsrc/scutimer_v2_1/src"
make -C ps7_cortexa9_0/libsrc/scutimer_v2_1/src -s include  "SHELL=CMD" "COMPILER=arm-none-eabi-gcc" "ARCHIVER=arm-none-eabi-ar" "COMPILER_FLAGS=  -O2 -c" "EXTRA_COMPILER_FLAGS=-mcpu=cortex-a9 -mfpu=vfpv3 -mfloat-abi=hard -nostartfiles -g -Wall -Wextra"
"Running Make include in ps7_cortexa9_0/libsrc/scuwdt_v2_1/src"
make -C ps7_cortexa9_0/libsrc/scuwdt_v2_1/src -s include  "SHELL=CMD" "COMPILER=arm-none-eabi-gcc" "ARCHIVER=arm-none-eabi-ar" "COMPILER_FLAGS=  -O2 -c" "EXTRA_COMPILER_FLAGS=-mcpu=cortex-a9 -mfpu=vfpv3 -mfloat-abi=hard -nostartfiles -g -Wall -Wextra"
"Running Make include in ps7_cortexa9_0/libsrc/sdps_v3_7/src"
make -C ps7_cortexa9_0/libsrc/sdps_v3_7/src -s include  "SHELL=CMD" "COMPILER=arm-none-eabi-gcc" "ARCHIVER=arm-none-eabi-ar" "COMPILER_FLAGS=  -O2 -c" "EXTRA_COMPILER_FLAGS=-mcpu=cortex-a9 -mfpu=vfpv3 -mfloat-abi=hard -nostartfiles -g -Wall -Wextra"
"Running Make include in ps7_cortexa9_0/libsrc/uartps_v3_7/src"
make -C ps7_cortexa9_0/libsrc/uartps_v3_7/src -s include  "SHELL=CMD" "COMPILER=arm-none-eabi-gcc" "ARCHIVER=arm-none-eabi-ar" "COMPILER_FLAGS=  -O2 -c" "EXTRA_COMPILER_FLAGS=-mcpu=cortex-a9 -mfpu=vfpv3 -mfloat-abi=hard -nostartfiles -g -Wall -Wextra"
"Running Make include in ps7_cortexa9_0/libsrc/usbps_v2_4/src"
make -C ps7_cortexa9_0/libsrc/usbps_v2_4/src -s include  "SHELL=CMD" "COMPILER=arm-none-eabi-gcc" "ARCHIVER=arm-none-eabi-ar" "COMPILER_FLAGS=  -O2 -c" "EXTRA_COMPILER_FLAGS=-mcpu=cortex-a9 -mfpu=vfpv3 -mfloat-abi=hard -nostartfiles -g -Wall -Wextra"
"Running Make include in ps7_cortexa9_0/libsrc/WS2812_v1_0/src"
make -C ps7_cortexa9_0/libsrc/WS2812_v1_0/src -s include  "SHELL=CMD" "COMPILER=arm-none-eabi-gcc" "ARCHIVER=arm-none-eabi-ar" "COMPILER_FLAGS=  -O2 -c" "EXTRA_COMPILER_FLAGS=-mcpu=cortex-a9 -mfpu=vfpv3 -mfloat-abi=hard -nostartfiles -g -Wall -Wextra"
"Running Make include in ps7_cortexa9_0/libsrc/xadcps_v2_3/src"
make -C ps7_cortexa9_0/libsrc/xadcps_v2_3/src -s include  "SHELL=CMD" "COMPILER=arm-none-eabi-gcc" "ARCHIVER=arm-none-eabi-ar" "COMPILER_FLAGS=  -O2 -c" "EXTRA_COMPILER_FLAGS=-mcpu=cortex-a9 -mfpu=vfpv3 -mfloat-abi=hard -nostartfiles -g -Wall -Wextra"
"Running Make libs in ps7_cortexa9_0/libsrc/coresightps_dcc_v1_5/src"
make -C ps7_cortexa9_0/libsrc/coresightps_dcc_v1_5/src -s libs  "SHELL=CMD" "COMPILER=arm-none-eabi-gcc" "ARCHIVER=arm-none-eabi-ar" "COMPILER_FLAGS=  -O2 -c" "EXTRA_COMPILER_FLAGS=-mcpu=cortex-a9 -mfpu=vfpv3 -mfloat-abi=hard -nostartfiles -g -Wall -Wextra"
"Compiling coresightps_dcc"
arm-none-eabi-ar: creating ../../../lib/libxil.a
"Running Make libs in ps7_cortexa9_0/libsrc/cpu_cortexa9_v2_7/src"
make -C ps7_cortexa9_0/libsrc/cpu_cortexa9_v2_7/src -s libs  "SHELL=CMD" "COMPILER=arm-none-eabi-gcc" "ARCHIVER=arm-none-eabi-ar" "COMPILER_FLAGS=  -O2 -c" "EXTRA_COMPILER_FLAGS=-mcpu=cortex-a9 -mfpu=vfpv3 -mfloat-abi=hard -nostartfiles -g -Wall -Wextra"
"Compiling cpu_cortexa9"
"Running Make libs in ps7_cortexa9_0/libsrc/ddrps_v1_0/src"
make -C ps7_cortexa9_0/libsrc/ddrps_v1_0/src -s libs  "SHELL=CMD" "COMPILER=arm-none-eabi-gcc" "ARCHIVER=arm-none-eabi-ar" "COMPILER_FLAGS=  -O2 -c" "EXTRA_COMPILER_FLAGS=-mcpu=cortex-a9 -mfpu=vfpv3 -mfloat-abi=hard -nostartfiles -g -Wall -Wextra"
"Compiling ddrps"
"Running Make libs in ps7_cortexa9_0/libsrc/devcfg_v3_5/src"
make -C ps7_cortexa9_0/libsrc/devcfg_v3_5/src -s libs  "SHELL=CMD" "COMPILER=arm-none-eabi-gcc" "ARCHIVER=arm-none-eabi-ar" "COMPILER_FLAGS=  -O2 -c" "EXTRA_COMPILER_FLAGS=-mcpu=cortex-a9 -mfpu=vfpv3 -mfloat-abi=hard -nostartfiles -g -Wall -Wextra"
"Compiling devcfg"
"Running Make libs in ps7_cortexa9_0/libsrc/dmaps_v2_4/src"
make -C ps7_cortexa9_0/libsrc/dmaps_v2_4/src -s libs  "SHELL=CMD" "COMPILER=arm-none-eabi-gcc" "ARCHIVER=arm-none-eabi-ar" "COMPILER_FLAGS=  -O2 -c" "EXTRA_COMPILER_FLAGS=-mcpu=cortex-a9 -mfpu=vfpv3 -mfloat-abi=hard -nostartfiles -g -Wall -Wextra"
"Compiling dmaps"
"Running Make libs in ps7_cortexa9_0/libsrc/freertos10_xilinx_v1_3/src"
make -C ps7_cortexa9_0/libsrc/freertos10_xilinx_v1_3/src -s libs  "SHELL=CMD" "COMPILER=arm-none-eabi-gcc" "ARCHIVER=arm-none-eabi-ar" "COMPILER_FLAGS=  -O2 -c" "EXTRA_COMPILER_FLAGS=-mcpu=cortex-a9 -mfpu=vfpv3 -mfloat-abi=hard -nostartfiles -g -Wall -Wextra"
"Compiling standalone"
"Compiling FreeRTOS"
arm-none-eabi-ar: creating ../../../lib/libfreertos.a
"Running Make libs in ps7_cortexa9_0/libsrc/gpiops_v3_5/src"
make -C ps7_cortexa9_0/libsrc/gpiops_v3_5/src -s libs  "SHELL=CMD" "COMPILER=arm-none-eabi-gcc" "ARCHIVER=arm-none-eabi-ar" "COMPILER_FLAGS=  -O2 -c" "EXTRA_COMPILER_FLAGS=-mcpu=cortex-a9 -mfpu=vfpv3 -mfloat-abi=hard -nostartfiles -g -Wall -Wextra"
"Compiling gpiops"
"Running Make libs in ps7_cortexa9_0/libsrc/gpio_v4_4/src"
make -C ps7_cortexa9_0/libsrc/gpio_v4_4/src -s libs  "SHELL=CMD" "COMPILER=arm-none-eabi-gcc" "ARCHIVER=arm-none-eabi-ar" "COMPILER_FLAGS=  -O2 -c" "EXTRA_COMPILER_FLAGS=-mcpu=cortex-a9 -mfpu=vfpv3 -mfloat-abi=hard -nostartfiles -g -Wall -Wextra"
"Compiling gpio"
"Running Make libs in ps7_cortexa9_0/libsrc/Hcsr04_Sensor_v1_0/src"
make -C ps7_cortexa9_0/libsrc/Hcsr04_Sensor_v1_0/src -s libs  "SHELL=CMD" "COMPILER=arm-none-eabi-gcc" "ARCHIVER=arm-none-eabi-ar" "COMPILER_FLAGS=  -O2 -c" "EXTRA_COMPILER_FLAGS=-mcpu=cortex-a9 -mfpu=vfpv3 -mfloat-abi=hard -nostartfiles -g -Wall -Wextra"
"Compiling Hcsr04_Sensor..."
Hcsr04_Sensor_selftest.c: In function 'HCSR04_SENSOR_Reg_SelfTest':
Hcsr04_Sensor_selftest.c:52:62: warning: comparison of integer expressions of different signedness: 'u32' {aka 'long unsigned int'} and 'int' [-Wsign-compare]
    if ( HCSR04_SENSOR_mReadReg (baseaddr, read_loop_index*4) != (read_loop_index+1)*READ_WRITE_MUL_FACTOR){
                                                              ^~
Hcsr04_Sensor_selftest.c:36:6: warning: unused variable 'Index' [-Wunused-variable]
  int Index;
      ^~~~~
"Running Make libs in ps7_cortexa9_0/libsrc/iicps_v3_9/src"
make -C ps7_cortexa9_0/libsrc/iicps_v3_9/src -s libs  "SHELL=CMD" "COMPILER=arm-none-eabi-gcc" "ARCHIVER=arm-none-eabi-ar" "COMPILER_FLAGS=  -O2 -c" "EXTRA_COMPILER_FLAGS=-mcpu=cortex-a9 -mfpu=vfpv3 -mfloat-abi=hard -nostartfiles -g -Wall -Wextra"
"Compiling iicps"
"Running Make libs in ps7_cortexa9_0/libsrc/qspips_v3_6/src"
make -C ps7_cortexa9_0/libsrc/qspips_v3_6/src -s libs  "SHELL=CMD" "COMPILER=arm-none-eabi-gcc" "ARCHIVER=arm-none-eabi-ar" "COMPILER_FLAGS=  -O2 -c" "EXTRA_COMPILER_FLAGS=-mcpu=cortex-a9 -mfpu=vfpv3 -mfloat-abi=hard -nostartfiles -g -Wall -Wextra"
"Compiling qspips"
"Running Make libs in ps7_cortexa9_0/libsrc/scugic_v4_0/src"
make -C ps7_cortexa9_0/libsrc/scugic_v4_0/src -s libs  "SHELL=CMD" "COMPILER=arm-none-eabi-gcc" "ARCHIVER=arm-none-eabi-ar" "COMPILER_FLAGS=  -O2 -c" "EXTRA_COMPILER_FLAGS=-mcpu=cortex-a9 -mfpu=vfpv3 -mfloat-abi=hard -nostartfiles -g -Wall -Wextra"
"Compiling scugic"
"Running Make libs in ps7_cortexa9_0/libsrc/scutimer_v2_1/src"
make -C ps7_cortexa9_0/libsrc/scutimer_v2_1/src -s libs  "SHELL=CMD" "COMPILER=arm-none-eabi-gcc" "ARCHIVER=arm-none-eabi-ar" "COMPILER_FLAGS=  -O2 -c" "EXTRA_COMPILER_FLAGS=-mcpu=cortex-a9 -mfpu=vfpv3 -mfloat-abi=hard -nostartfiles -g -Wall -Wextra"
"Compiling scutimer"
"Running Make libs in ps7_cortexa9_0/libsrc/scuwdt_v2_1/src"
make -C ps7_cortexa9_0/libsrc/scuwdt_v2_1/src -s libs  "SHELL=CMD" "COMPILER=arm-none-eabi-gcc" "ARCHIVER=arm-none-eabi-ar" "COMPILER_FLAGS=  -O2 -c" "EXTRA_COMPILER_FLAGS=-mcpu=cortex-a9 -mfpu=vfpv3 -mfloat-abi=hard -nostartfiles -g -Wall -Wextra"
"Compiling scuwdt"
"Running Make libs in ps7_cortexa9_0/libsrc/sdps_v3_7/src"
make -C ps7_cortexa9_0/libsrc/sdps_v3_7/src -s libs  "SHELL=CMD" "COMPILER=arm-none-eabi-gcc" "ARCHIVER=arm-none-eabi-ar" "COMPILER_FLAGS=  -O2 -c" "EXTRA_COMPILER_FLAGS=-mcpu=cortex-a9 -mfpu=vfpv3 -mfloat-abi=hard -nostartfiles -g -Wall -Wextra"
"Compiling sdps"
"Running Make libs in ps7_cortexa9_0/libsrc/uartps_v3_7/src"
make -C ps7_cortexa9_0/libsrc/uartps_v3_7/src -s libs  "SHELL=CMD" "COMPILER=arm-none-eabi-gcc" "ARCHIVER=arm-none-eabi-ar" "COMPILER_FLAGS=  -O2 -c" "EXTRA_COMPILER_FLAGS=-mcpu=cortex-a9 -mfpu=vfpv3 -mfloat-abi=hard -nostartfiles -g -Wall -Wextra"
"Compiling uartps"
"Running Make libs in ps7_cortexa9_0/libsrc/usbps_v2_4/src"
make -C ps7_cortexa9_0/libsrc/usbps_v2_4/src -s libs  "SHELL=CMD" "COMPILER=arm-none-eabi-gcc" "ARCHIVER=arm-none-eabi-ar" "COMPILER_FLAGS=  -O2 -c" "EXTRA_COMPILER_FLAGS=-mcpu=cortex-a9 -mfpu=vfpv3 -mfloat-abi=hard -nostartfiles -g -Wall -Wextra"
"Compiling usbps"
"Running Make libs in ps7_cortexa9_0/libsrc/WS2812_v1_0/src"
make -C ps7_cortexa9_0/libsrc/WS2812_v1_0/src -s libs  "SHELL=CMD" "COMPILER=arm-none-eabi-gcc" "ARCHIVER=arm-none-eabi-ar" "COMPILER_FLAGS=  -O2 -c" "EXTRA_COMPILER_FLAGS=-mcpu=cortex-a9 -mfpu=vfpv3 -mfloat-abi=hard -nostartfiles -g -Wall -Wextra"
"Compiling WS2812..."
WS2812_selftest.c: In function 'WS2812_Reg_SelfTest':
WS2812_selftest.c:52:55: warning: comparison of integer expressions of different signedness: 'u32' {aka 'long unsigned int'} and 'int' [-Wsign-compare]
    if ( WS2812_mReadReg (baseaddr, read_loop_index*4) != (read_loop_index+1)*READ_WRITE_MUL_FACTOR){
                                                       ^~
WS2812_selftest.c:36:6: warning: unused variable 'Index' [-Wunused-variable]
  int Index;
      ^~~~~
"Running Make libs in ps7_cortexa9_0/libsrc/xadcps_v2_3/src"
make -C ps7_cortexa9_0/libsrc/xadcps_v2_3/src -s libs  "SHELL=CMD" "COMPILER=arm-none-eabi-gcc" "ARCHIVER=arm-none-eabi-ar" "COMPILER_FLAGS=  -O2 -c" "EXTRA_COMPILER_FLAGS=-mcpu=cortex-a9 -mfpu=vfpv3 -mfloat-abi=hard -nostartfiles -g -Wall -Wextra"
"Compiling xadcps"
'Finished building libraries'
20:01:51 **** Build of configuration Debug for project FreeRTOS_PongGame ****
make pre-build main-build 
a9-linaro-pre-build-step
' '
'Building file: ../src/PongFunc.c'
'Invoking: ARM v7 gcc compiler'
arm-none-eabi-gcc -Wall -O0 -g3 -c -fmessage-length=0 -MT"src/PongFunc.o" -mcpu=cortex-a9 -mfpu=vfpv3 -mfloat-abi=hard -I../../FreeRTOS_PongGame_bsp/ps7_cortexa9_0/include -MMD -MP -MF"src/PongFunc.d" -MT"src/PongFunc.o" -o "src/PongFunc.o" "../src/PongFunc.c"
In file included from ../../FreeRTOS_PongGame_bsp/ps7_cortexa9_0/include/WS2812.h:8,
                 from ../src/PongHead.h:12,
                 from ../src/PongFunc.c:1:
../src/PongFunc.c: In function 'startGPIO':
../../FreeRTOS_PongGame_bsp/ps7_cortexa9_0/include/xstatus.h:61:41: warning: 'return' with a value, in function returning void
 #define XST_FAILURE                     1L
                                         ^~
../src/PongFunc.c:345:10: note: in expansion of macro 'XST_FAILURE'
   return XST_FAILURE;
          ^~~~~~~~~~~
../src/PongFunc.c:337:6: note: declared here
 void startGPIO()
      ^~~~~~~~~
In file included from ../../FreeRTOS_PongGame_bsp/ps7_cortexa9_0/include/WS2812.h:8,
                 from ../src/PongHead.h:12,
                 from ../src/PongFunc.c:1:
../../FreeRTOS_PongGame_bsp/ps7_cortexa9_0/include/xstatus.h:61:41: warning: 'return' with a value, in function returning void
 #define XST_FAILURE                     1L
                                         ^~
../src/PongFunc.c:356:10: note: in expansion of macro 'XST_FAILURE'
   return XST_FAILURE;
          ^~~~~~~~~~~
../src/PongFunc.c:337:6: note: declared here
 void startGPIO()
      ^~~~~~~~~
'Finished building: ../src/PongFunc.c'
' '
'Building file: ../src/freertos_hello_world.c'
'Invoking: ARM v7 gcc compiler'
arm-none-eabi-gcc -Wall -O0 -g3 -c -fmessage-length=0 -MT"src/freertos_hello_world.o" -mcpu=cortex-a9 -mfpu=vfpv3 -mfloat-abi=hard -I../../FreeRTOS_PongGame_bsp/ps7_cortexa9_0/include -MMD -MP -MF"src/freertos_hello_world.d" -MT"src/freertos_hello_world.o" -o "src/freertos_hello_world.o" "../src/freertos_hello_world.c"
../src/freertos_hello_world.c: In function 'vTimerCallback':
../src/freertos_hello_world.c:70:7: warning: variable 'lTimerId' set but not used [-Wunused-but-set-variable]
  long lTimerId;
       ^~~~~~~~
../src/freertos_hello_world.c: In function 'main':
../src/freertos_hello_world.c:80:14: warning: unused variable 'colourArray' [-Wunused-variable]
  pixelColour colourArray[8][8];
              ^~~~~~~~~~~
../src/freertos_hello_world.c: In function 'gamePongTask':
../src/freertos_hello_world.c:221:18: warning: passing argument 1 of 'getPlayer1Move' from incompatible pointer type [-Wincompatible-pointer-types]
   getPlayer1Move(&movePlayer1);
                  ^~~~~~~~~~~~
In file included from ../src/freertos_hello_world.c:37:
../src/PongHead.h:100:26: note: expected 'u32 *' {aka 'long unsigned int *'} but argument is of type 'int *'
 void getPlayer1Move(u32* Data);
                     ~~~~~^~~~
'Finished building: ../src/freertos_hello_world.c'
' '
'Building target: FreeRTOS_PongGame.elf'
'Invoking: ARM v7 gcc linker'
arm-none-eabi-gcc -mcpu=cortex-a9 -mfpu=vfpv3 -mfloat-abi=hard -Wl,-build-id=none -specs=Xilinx.spec -Wl,-T -Wl,../src/lscript.ld -L../../FreeRTOS_PongGame_bsp/ps7_cortexa9_0/lib -o "FreeRTOS_PongGame.elf"  ./src/PongFunc.o ./src/freertos_hello_world.o   -Wl,--start-group,-lxil,-lfreertos,-lgcc,-lc,--end-group
'Finished building target: FreeRTOS_PongGame.elf'
' '
'Invoking: ARM v7 Print Size'
arm-none-eabi-size FreeRTOS_PongGame.elf  |tee "FreeRTOS_PongGame.elf.size"
   text	   data	    bss	    dec	    hex	filename
 107244	   3392	  89760	 200396	  30ecc	FreeRTOS_PongGame.elf
'Finished building: FreeRTOS_PongGame.elf.size'
' '
20:04:09 **** Incremental Build of configuration Debug for project FreeRTOS_PongGame ****
make pre-build main-build 
a9-linaro-pre-build-step
' '
'Building file: ../src/PongFunc.c'
'Invoking: ARM v7 gcc compiler'
arm-none-eabi-gcc -Wall -O0 -g3 -c -fmessage-length=0 -MT"src/PongFunc.o" -mcpu=cortex-a9 -mfpu=vfpv3 -mfloat-abi=hard -I../../FreeRTOS_PongGame_bsp/ps7_cortexa9_0/include -MMD -MP -MF"src/PongFunc.d" -MT"src/PongFunc.o" -o "src/PongFunc.o" "../src/PongFunc.c"
In file included from ../../FreeRTOS_PongGame_bsp/ps7_cortexa9_0/include/WS2812.h:8,
                 from ../src/PongHead.h:12,
                 from ../src/PongFunc.c:1:
../src/PongFunc.c: In function 'startGPIO':
../../FreeRTOS_PongGame_bsp/ps7_cortexa9_0/include/xstatus.h:61:41: warning: 'return' with a value, in function returning void
 #define XST_FAILURE                     1L
                                         ^~
../src/PongFunc.c:344:10: note: in expansion of macro 'XST_FAILURE'
   return XST_FAILURE;
          ^~~~~~~~~~~
../src/PongFunc.c:336:6: note: declared here
 void startGPIO()
      ^~~~~~~~~
In file included from ../../FreeRTOS_PongGame_bsp/ps7_cortexa9_0/include/WS2812.h:8,
                 from ../src/PongHead.h:12,
                 from ../src/PongFunc.c:1:
../../FreeRTOS_PongGame_bsp/ps7_cortexa9_0/include/xstatus.h:61:41: warning: 'return' with a value, in function returning void
 #define XST_FAILURE                     1L
                                         ^~
../src/PongFunc.c:355:10: note: in expansion of macro 'XST_FAILURE'
   return XST_FAILURE;
          ^~~~~~~~~~~
../src/PongFunc.c:336:6: note: declared here
 void startGPIO()
      ^~~~~~~~~
'Finished building: ../src/PongFunc.c'
' '
'Building target: FreeRTOS_PongGame.elf'
'Invoking: ARM v7 gcc linker'
arm-none-eabi-gcc -mcpu=cortex-a9 -mfpu=vfpv3 -mfloat-abi=hard -Wl,-build-id=none -specs=Xilinx.spec -Wl,-T -Wl,../src/lscript.ld -L../../FreeRTOS_PongGame_bsp/ps7_cortexa9_0/lib -o "FreeRTOS_PongGame.elf"  ./src/PongFunc.o ./src/freertos_hello_world.o   -Wl,--start-group,-lxil,-lfreertos,-lgcc,-lc,--end-group
'Finished building target: FreeRTOS_PongGame.elf'
' '
'Invoking: ARM v7 Print Size'
arm-none-eabi-size FreeRTOS_PongGame.elf  |tee "FreeRTOS_PongGame.elf.size"
   text	   data	    bss	    dec	    hex	filename
 107244	   3392	  89760	 200396	  30ecc	FreeRTOS_PongGame.elf
'Finished building: FreeRTOS_PongGame.elf.size'
' '
20:04:23 **** Incremental Build of configuration Debug for project FreeRTOS_PongGame ****
make pre-build main-build 
a9-linaro-pre-build-step
' '
make: Nothing to be done for 'main-build'.
20:12:43 **** Incremental Build of configuration Debug for project FreeRTOS_PongGame ****
make pre-build main-build 
a9-linaro-pre-build-step
' '
'Building file: ../src/freertos_hello_world.c'
'Invoking: ARM v7 gcc compiler'
arm-none-eabi-gcc -Wall -O0 -g3 -c -fmessage-length=0 -MT"src/freertos_hello_world.o" -mcpu=cortex-a9 -mfpu=vfpv3 -mfloat-abi=hard -I../../FreeRTOS_PongGame_bsp/ps7_cortexa9_0/include -MMD -MP -MF"src/freertos_hello_world.d" -MT"src/freertos_hello_world.o" -o "src/freertos_hello_world.o" "../src/freertos_hello_world.c"
../src/freertos_hello_world.c: In function 'vTimerCallback':
../src/freertos_hello_world.c:70:7: warning: variable 'lTimerId' set but not used [-Wunused-but-set-variable]
  long lTimerId;
       ^~~~~~~~
../src/freertos_hello_world.c: In function 'main':
../src/freertos_hello_world.c:80:14: warning: unused variable 'colourArray' [-Wunused-variable]
  pixelColour colourArray[8][8];
              ^~~~~~~~~~~
../src/freertos_hello_world.c: In function 'gamePongTask':
../src/freertos_hello_world.c:221:18: warning: passing argument 1 of 'getPlayer1Move' from incompatible pointer type [-Wincompatible-pointer-types]
   getPlayer1Move(&movePlayer1);
                  ^~~~~~~~~~~~
In file included from ../src/freertos_hello_world.c:37:
../src/PongHead.h:100:26: note: expected 'u32 *' {aka 'long unsigned int *'} but argument is of type 'int *'
 void getPlayer1Move(u32* Data);
                     ~~~~~^~~~
'Finished building: ../src/freertos_hello_world.c'
' '
'Building target: FreeRTOS_PongGame.elf'
'Invoking: ARM v7 gcc linker'
arm-none-eabi-gcc -mcpu=cortex-a9 -mfpu=vfpv3 -mfloat-abi=hard -Wl,-build-id=none -specs=Xilinx.spec -Wl,-T -Wl,../src/lscript.ld -L../../FreeRTOS_PongGame_bsp/ps7_cortexa9_0/lib -o "FreeRTOS_PongGame.elf"  ./src/PongFunc.o ./src/freertos_hello_world.o   -Wl,--start-group,-lxil,-lfreertos,-lgcc,-lc,--end-group
'Finished building target: FreeRTOS_PongGame.elf'
' '
'Invoking: ARM v7 Print Size'
arm-none-eabi-size FreeRTOS_PongGame.elf  |tee "FreeRTOS_PongGame.elf.size"
   text	   data	    bss	    dec	    hex	filename
 107244	   3392	  89760	 200396	  30ecc	FreeRTOS_PongGame.elf
'Finished building: FreeRTOS_PongGame.elf.size'
' '
20:13:21 **** Incremental Build of configuration Debug for project FreeRTOS_PongGame ****
make pre-build main-build 
a9-linaro-pre-build-step
' '
'Building file: ../src/freertos_hello_world.c'
'Invoking: ARM v7 gcc compiler'
arm-none-eabi-gcc -Wall -O0 -g3 -c -fmessage-length=0 -MT"src/freertos_hello_world.o" -mcpu=cortex-a9 -mfpu=vfpv3 -mfloat-abi=hard -I../../FreeRTOS_PongGame_bsp/ps7_cortexa9_0/include -MMD -MP -MF"src/freertos_hello_world.d" -MT"src/freertos_hello_world.o" -o "src/freertos_hello_world.o" "../src/freertos_hello_world.c"
../src/freertos_hello_world.c: In function 'vTimerCallback':
../src/freertos_hello_world.c:70:7: warning: variable 'lTimerId' set but not used [-Wunused-but-set-variable]
  long lTimerId;
       ^~~~~~~~
../src/freertos_hello_world.c: In function 'main':
../src/freertos_hello_world.c:80:14: warning: unused variable 'colourArray' [-Wunused-variable]
  pixelColour colourArray[8][8];
              ^~~~~~~~~~~
../src/freertos_hello_world.c: In function 'gamePongTask':
../src/freertos_hello_world.c:221:18: warning: passing argument 1 of 'getPlayer1Move' from incompatible pointer type [-Wincompatible-pointer-types]
   getPlayer1Move(&movePlayer1);
                  ^~~~~~~~~~~~
In file included from ../src/freertos_hello_world.c:37:
../src/PongHead.h:100:26: note: expected 'u32 *' {aka 'long unsigned int *'} but argument is of type 'int *'
 void getPlayer1Move(u32* Data);
                     ~~~~~^~~~
'Finished building: ../src/freertos_hello_world.c'
' '
'Building target: FreeRTOS_PongGame.elf'
'Invoking: ARM v7 gcc linker'
arm-none-eabi-gcc -mcpu=cortex-a9 -mfpu=vfpv3 -mfloat-abi=hard -Wl,-build-id=none -specs=Xilinx.spec -Wl,-T -Wl,../src/lscript.ld -L../../FreeRTOS_PongGame_bsp/ps7_cortexa9_0/lib -o "FreeRTOS_PongGame.elf"  ./src/PongFunc.o ./src/freertos_hello_world.o   -Wl,--start-group,-lxil,-lfreertos,-lgcc,-lc,--end-group
'Finished building target: FreeRTOS_PongGame.elf'
' '
'Invoking: ARM v7 Print Size'
arm-none-eabi-size FreeRTOS_PongGame.elf  |tee "FreeRTOS_PongGame.elf.size"
   text	   data	    bss	    dec	    hex	filename
 107244	   3392	  89760	 200396	  30ecc	FreeRTOS_PongGame.elf
'Finished building: FreeRTOS_PongGame.elf.size'
' '
20:14:11 **** Incremental Build of configuration Debug for project FreeRTOS_PongGame ****
make pre-build main-build 
a9-linaro-pre-build-step
' '
'Building file: ../src/freertos_hello_world.c'
'Invoking: ARM v7 gcc compiler'
arm-none-eabi-gcc -Wall -O0 -g3 -c -fmessage-length=0 -MT"src/freertos_hello_world.o" -mcpu=cortex-a9 -mfpu=vfpv3 -mfloat-abi=hard -I../../FreeRTOS_PongGame_bsp/ps7_cortexa9_0/include -MMD -MP -MF"src/freertos_hello_world.d" -MT"src/freertos_hello_world.o" -o "src/freertos_hello_world.o" "../src/freertos_hello_world.c"
../src/freertos_hello_world.c: In function 'vTimerCallback':
../src/freertos_hello_world.c:70:7: warning: variable 'lTimerId' set but not used [-Wunused-but-set-variable]
  long lTimerId;
       ^~~~~~~~
../src/freertos_hello_world.c: In function 'main':
../src/freertos_hello_world.c:80:14: warning: unused variable 'colourArray' [-Wunused-variable]
  pixelColour colourArray[8][8];
              ^~~~~~~~~~~
../src/freertos_hello_world.c: In function 'gamePongTask':
../src/freertos_hello_world.c:221:18: warning: passing argument 1 of 'getPlayer1Move' from incompatible pointer type [-Wincompatible-pointer-types]
   getPlayer1Move(&movePlayer1);
                  ^~~~~~~~~~~~
In file included from ../src/freertos_hello_world.c:37:
../src/PongHead.h:100:26: note: expected 'u32 *' {aka 'long unsigned int *'} but argument is of type 'int *'
 void getPlayer1Move(u32* Data);
                     ~~~~~^~~~
'Finished building: ../src/freertos_hello_world.c'
' '
'Building target: FreeRTOS_PongGame.elf'
'Invoking: ARM v7 gcc linker'
arm-none-eabi-gcc -mcpu=cortex-a9 -mfpu=vfpv3 -mfloat-abi=hard -Wl,-build-id=none -specs=Xilinx.spec -Wl,-T -Wl,../src/lscript.ld -L../../FreeRTOS_PongGame_bsp/ps7_cortexa9_0/lib -o "FreeRTOS_PongGame.elf"  ./src/PongFunc.o ./src/freertos_hello_world.o   -Wl,--start-group,-lxil,-lfreertos,-lgcc,-lc,--end-group
'Finished building target: FreeRTOS_PongGame.elf'
' '
'Invoking: ARM v7 Print Size'
arm-none-eabi-size FreeRTOS_PongGame.elf  |tee "FreeRTOS_PongGame.elf.size"
   text	   data	    bss	    dec	    hex	filename
 107244	   3392	  89760	 200396	  30ecc	FreeRTOS_PongGame.elf
'Finished building: FreeRTOS_PongGame.elf.size'
' '
20:14:53 **** Incremental Build of configuration Debug for project FreeRTOS_PongGame ****
make pre-build main-build 
a9-linaro-pre-build-step
' '
'Building file: ../src/freertos_hello_world.c'
'Invoking: ARM v7 gcc compiler'
arm-none-eabi-gcc -Wall -O0 -g3 -c -fmessage-length=0 -MT"src/freertos_hello_world.o" -mcpu=cortex-a9 -mfpu=vfpv3 -mfloat-abi=hard -I../../FreeRTOS_PongGame_bsp/ps7_cortexa9_0/include -MMD -MP -MF"src/freertos_hello_world.d" -MT"src/freertos_hello_world.o" -o "src/freertos_hello_world.o" "../src/freertos_hello_world.c"
../src/freertos_hello_world.c: In function 'vTimerCallback':
../src/freertos_hello_world.c:70:7: warning: variable 'lTimerId' set but not used [-Wunused-but-set-variable]
  long lTimerId;
       ^~~~~~~~
../src/freertos_hello_world.c: In function 'main':
../src/freertos_hello_world.c:80:14: warning: unused variable 'colourArray' [-Wunused-variable]
  pixelColour colourArray[8][8];
              ^~~~~~~~~~~
../src/freertos_hello_world.c: In function 'gamePongTask':
../src/freertos_hello_world.c:221:18: warning: passing argument 1 of 'getPlayer1Move' from incompatible pointer type [-Wincompatible-pointer-types]
   getPlayer1Move(&movePlayer1);
                  ^~~~~~~~~~~~
In file included from ../src/freertos_hello_world.c:37:
../src/PongHead.h:100:26: note: expected 'u32 *' {aka 'long unsigned int *'} but argument is of type 'int *'
 void getPlayer1Move(u32* Data);
                     ~~~~~^~~~
'Finished building: ../src/freertos_hello_world.c'
' '
'Building target: FreeRTOS_PongGame.elf'
'Invoking: ARM v7 gcc linker'
arm-none-eabi-gcc -mcpu=cortex-a9 -mfpu=vfpv3 -mfloat-abi=hard -Wl,-build-id=none -specs=Xilinx.spec -Wl,-T -Wl,../src/lscript.ld -L../../FreeRTOS_PongGame_bsp/ps7_cortexa9_0/lib -o "FreeRTOS_PongGame.elf"  ./src/PongFunc.o ./src/freertos_hello_world.o   -Wl,--start-group,-lxil,-lfreertos,-lgcc,-lc,--end-group
'Finished building target: FreeRTOS_PongGame.elf'
' '
'Invoking: ARM v7 Print Size'
arm-none-eabi-size FreeRTOS_PongGame.elf  |tee "FreeRTOS_PongGame.elf.size"
   text	   data	    bss	    dec	    hex	filename
 107244	   3392	  89760	 200396	  30ecc	FreeRTOS_PongGame.elf
'Finished building: FreeRTOS_PongGame.elf.size'
' '
20:15:06 **** Incremental Build of configuration Debug for project FreeRTOS_PongGame ****
make pre-build main-build 
a9-linaro-pre-build-step
' '
make: Nothing to be done for 'main-build'.
20:15:15 **** Incremental Build of configuration Debug for project FreeRTOS_PongGame ****
make pre-build main-build 
a9-linaro-pre-build-step
' '
'Building file: ../src/freertos_hello_world.c'
'Invoking: ARM v7 gcc compiler'
arm-none-eabi-gcc -Wall -O0 -g3 -c -fmessage-length=0 -MT"src/freertos_hello_world.o" -mcpu=cortex-a9 -mfpu=vfpv3 -mfloat-abi=hard -I../../FreeRTOS_PongGame_bsp/ps7_cortexa9_0/include -MMD -MP -MF"src/freertos_hello_world.d" -MT"src/freertos_hello_world.o" -o "src/freertos_hello_world.o" "../src/freertos_hello_world.c"
../src/freertos_hello_world.c: In function 'vTimerCallback':
../src/freertos_hello_world.c:70:7: warning: variable 'lTimerId' set but not used [-Wunused-but-set-variable]
  long lTimerId;
       ^~~~~~~~
../src/freertos_hello_world.c: In function 'main':
../src/freertos_hello_world.c:80:14: warning: unused variable 'colourArray' [-Wunused-variable]
  pixelColour colourArray[8][8];
              ^~~~~~~~~~~
../src/freertos_hello_world.c: In function 'gamePongTask':
../src/freertos_hello_world.c:221:18: warning: passing argument 1 of 'getPlayer1Move' from incompatible pointer type [-Wincompatible-pointer-types]
   getPlayer1Move(&movePlayer1);
                  ^~~~~~~~~~~~
In file included from ../src/freertos_hello_world.c:37:
../src/PongHead.h:100:26: note: expected 'u32 *' {aka 'long unsigned int *'} but argument is of type 'int *'
 void getPlayer1Move(u32* Data);
                     ~~~~~^~~~
'Finished building: ../src/freertos_hello_world.c'
' '
'Building target: FreeRTOS_PongGame.elf'
'Invoking: ARM v7 gcc linker'
arm-none-eabi-gcc -mcpu=cortex-a9 -mfpu=vfpv3 -mfloat-abi=hard -Wl,-build-id=none -specs=Xilinx.spec -Wl,-T -Wl,../src/lscript.ld -L../../FreeRTOS_PongGame_bsp/ps7_cortexa9_0/lib -o "FreeRTOS_PongGame.elf"  ./src/PongFunc.o ./src/freertos_hello_world.o   -Wl,--start-group,-lxil,-lfreertos,-lgcc,-lc,--end-group
'Finished building target: FreeRTOS_PongGame.elf'
' '
'Invoking: ARM v7 Print Size'
arm-none-eabi-size FreeRTOS_PongGame.elf  |tee "FreeRTOS_PongGame.elf.size"
   text	   data	    bss	    dec	    hex	filename
 107244	   3392	  89760	 200396	  30ecc	FreeRTOS_PongGame.elf
'Finished building: FreeRTOS_PongGame.elf.size'
' '
20:17:18 **** Incremental Build of configuration Debug for project FreeRTOS_PongGame ****
make pre-build main-build 
a9-linaro-pre-build-step
' '
'Building file: ../src/freertos_hello_world.c'
'Invoking: ARM v7 gcc compiler'
arm-none-eabi-gcc -Wall -O0 -g3 -c -fmessage-length=0 -MT"src/freertos_hello_world.o" -mcpu=cortex-a9 -mfpu=vfpv3 -mfloat-abi=hard -I../../FreeRTOS_PongGame_bsp/ps7_cortexa9_0/include -MMD -MP -MF"src/freertos_hello_world.d" -MT"src/freertos_hello_world.o" -o "src/freertos_hello_world.o" "../src/freertos_hello_world.c"
../src/freertos_hello_world.c: In function 'vTimerCallback':
../src/freertos_hello_world.c:68:7: warning: variable 'lTimerId' set but not used [-Wunused-but-set-variable]
  long lTimerId;
       ^~~~~~~~
In file included from ../../FreeRTOS_PongGame_bsp/ps7_cortexa9_0/include/FreeRTOS.h:59,
                 from ../src/freertos_hello_world.c:32:
../src/freertos_hello_world.c: In function 'main':
../src/freertos_hello_world.c:122:50: error: 'DELAY_500_MILISECOND' undeclared (first use in this function); did you mean 'DELAY_50_MILISECOND'?
  const TickType_t x5miliseconds = pdMS_TO_TICKS( DELAY_500_MILISECOND );
                                                  ^~~~~~~~~~~~~~~~~~~~
../../FreeRTOS_PongGame_bsp/ps7_cortexa9_0/include/projdefs.h:41:75: note: in definition of macro 'pdMS_TO_TICKS'
  #define pdMS_TO_TICKS( xTimeInMs ) ( ( TickType_t ) ( ( ( TickType_t ) ( xTimeInMs ) * ( TickType_t ) configTICK_RATE_HZ ) / ( TickType_t ) 1000 ) )
                                                                           ^~~~~~~~~
../src/freertos_hello_world.c:122:50: note: each undeclared identifier is reported only once for each function it appears in
  const TickType_t x5miliseconds = pdMS_TO_TICKS( DELAY_500_MILISECOND );
                                                  ^~~~~~~~~~~~~~~~~~~~
../../FreeRTOS_PongGame_bsp/ps7_cortexa9_0/include/projdefs.h:41:75: note: in definition of macro 'pdMS_TO_TICKS'
  #define pdMS_TO_TICKS( xTimeInMs ) ( ( TickType_t ) ( ( ( TickType_t ) ( xTimeInMs ) * ( TickType_t ) configTICK_RATE_HZ ) / ( TickType_t ) 1000 ) )
                                                                           ^~~~~~~~~
../src/freertos_hello_world.c:122:19: warning: unused variable 'x5miliseconds' [-Wunused-variable]
  const TickType_t x5miliseconds = pdMS_TO_TICKS( DELAY_500_MILISECOND );
                   ^~~~~~~~~~~~~
../src/freertos_hello_world.c:78:14: warning: unused variable 'colourArray' [-Wunused-variable]
  pixelColour colourArray[8][8];
              ^~~~~~~~~~~
../src/freertos_hello_world.c: In function 'gamePongTask':
../src/freertos_hello_world.c:217:18: warning: passing argument 1 of 'getPlayer1Move' from incompatible pointer type [-Wincompatible-pointer-types]
   getPlayer1Move(&movePlayer1);
                  ^~~~~~~~~~~~
In file included from ../src/freertos_hello_world.c:37:
../src/PongHead.h:100:26: note: expected 'u32 *' {aka 'long unsigned int *'} but argument is of type 'int *'
 void getPlayer1Move(u32* Data);
                     ~~~~~^~~~
make: *** [src/subdir.mk:26: src/freertos_hello_world.o] Error 1
20:17:38 **** Incremental Build of configuration Debug for project FreeRTOS_PongGame ****
make pre-build main-build 
a9-linaro-pre-build-step
' '
'Building file: ../src/freertos_hello_world.c'
'Invoking: ARM v7 gcc compiler'
arm-none-eabi-gcc -Wall -O0 -g3 -c -fmessage-length=0 -MT"src/freertos_hello_world.o" -mcpu=cortex-a9 -mfpu=vfpv3 -mfloat-abi=hard -I../../FreeRTOS_PongGame_bsp/ps7_cortexa9_0/include -MMD -MP -MF"src/freertos_hello_world.d" -MT"src/freertos_hello_world.o" -o "src/freertos_hello_world.o" "../src/freertos_hello_world.c"
../src/freertos_hello_world.c: In function 'vTimerCallback':
../src/freertos_hello_world.c:68:7: warning: variable 'lTimerId' set but not used [-Wunused-but-set-variable]
  long lTimerId;
       ^~~~~~~~
../src/freertos_hello_world.c: In function 'main':
../src/freertos_hello_world.c:78:14: warning: unused variable 'colourArray' [-Wunused-variable]
  pixelColour colourArray[8][8];
              ^~~~~~~~~~~
../src/freertos_hello_world.c: In function 'gamePongTask':
../src/freertos_hello_world.c:215:18: warning: passing argument 1 of 'getPlayer1Move' from incompatible pointer type [-Wincompatible-pointer-types]
   getPlayer1Move(&movePlayer1);
                  ^~~~~~~~~~~~
In file included from ../src/freertos_hello_world.c:37:
../src/PongHead.h:100:26: note: expected 'u32 *' {aka 'long unsigned int *'} but argument is of type 'int *'
 void getPlayer1Move(u32* Data);
                     ~~~~~^~~~
'Finished building: ../src/freertos_hello_world.c'
' '
'Building target: FreeRTOS_PongGame.elf'
'Invoking: ARM v7 gcc linker'
arm-none-eabi-gcc -mcpu=cortex-a9 -mfpu=vfpv3 -mfloat-abi=hard -Wl,-build-id=none -specs=Xilinx.spec -Wl,-T -Wl,../src/lscript.ld -L../../FreeRTOS_PongGame_bsp/ps7_cortexa9_0/lib -o "FreeRTOS_PongGame.elf"  ./src/PongFunc.o ./src/freertos_hello_world.o   -Wl,--start-group,-lxil,-lfreertos,-lgcc,-lc,--end-group
'Finished building target: FreeRTOS_PongGame.elf'
' '
'Invoking: ARM v7 Print Size'
arm-none-eabi-size FreeRTOS_PongGame.elf  |tee "FreeRTOS_PongGame.elf.size"
   text	   data	    bss	    dec	    hex	filename
 107180	   3392	  89760	 200332	  30e8c	FreeRTOS_PongGame.elf
'Finished building: FreeRTOS_PongGame.elf.size'
' '
20:29:59 **** Incremental Build of configuration Debug for project FreeRTOS_PongGame ****
make pre-build main-build 
a9-linaro-pre-build-step
' '
'Building file: ../src/PongFunc.c'
'Invoking: ARM v7 gcc compiler'
arm-none-eabi-gcc -Wall -O0 -g3 -c -fmessage-length=0 -MT"src/PongFunc.o" -mcpu=cortex-a9 -mfpu=vfpv3 -mfloat-abi=hard -I../../FreeRTOS_PongGame_bsp/ps7_cortexa9_0/include -MMD -MP -MF"src/PongFunc.d" -MT"src/PongFunc.o" -o "src/PongFunc.o" "../src/PongFunc.c"
In file included from ../../FreeRTOS_PongGame_bsp/ps7_cortexa9_0/include/WS2812.h:8,
                 from ../src/PongHead.h:12,
                 from ../src/PongFunc.c:1:
../src/PongFunc.c: In function 'startGPIO':
../../FreeRTOS_PongGame_bsp/ps7_cortexa9_0/include/xstatus.h:61:41: warning: 'return' with a value, in function returning void
 #define XST_FAILURE                     1L
                                         ^~
../src/PongFunc.c:344:10: note: in expansion of macro 'XST_FAILURE'
   return XST_FAILURE;
          ^~~~~~~~~~~
../src/PongFunc.c:336:6: note: declared here
 void startGPIO()
      ^~~~~~~~~
In file included from ../../FreeRTOS_PongGame_bsp/ps7_cortexa9_0/include/WS2812.h:8,
                 from ../src/PongHead.h:12,
                 from ../src/PongFunc.c:1:
../../FreeRTOS_PongGame_bsp/ps7_cortexa9_0/include/xstatus.h:61:41: warning: 'return' with a value, in function returning void
 #define XST_FAILURE                     1L
                                         ^~
../src/PongFunc.c:355:10: note: in expansion of macro 'XST_FAILURE'
   return XST_FAILURE;
          ^~~~~~~~~~~
../src/PongFunc.c:336:6: note: declared here
 void startGPIO()
      ^~~~~~~~~
'Finished building: ../src/PongFunc.c'
' '
'Building file: ../src/freertos_hello_world.c'
'Invoking: ARM v7 gcc compiler'
arm-none-eabi-gcc -Wall -O0 -g3 -c -fmessage-length=0 -MT"src/freertos_hello_world.o" -mcpu=cortex-a9 -mfpu=vfpv3 -mfloat-abi=hard -I../../FreeRTOS_PongGame_bsp/ps7_cortexa9_0/include -MMD -MP -MF"src/freertos_hello_world.d" -MT"src/freertos_hello_world.o" -o "src/freertos_hello_world.o" "../src/freertos_hello_world.c"
../src/freertos_hello_world.c: In function 'main':
../src/freertos_hello_world.c:78:14: warning: unused variable 'colourArray' [-Wunused-variable]
  pixelColour colourArray[8][8];
              ^~~~~~~~~~~
../src/freertos_hello_world.c: In function 'gamePongTask':
../src/freertos_hello_world.c:214:18: warning: passing argument 1 of 'getPlayer1Move' from incompatible pointer type [-Wincompatible-pointer-types]
   getPlayer1Move(&movePlayer1);
                  ^~~~~~~~~~~~
In file included from ../src/freertos_hello_world.c:37:
../src/PongHead.h:101:26: note: expected 'u32 *' {aka 'long unsigned int *'} but argument is of type 'int *'
 void getPlayer1Move(u32* Data);
                     ~~~~~^~~~
../src/freertos_hello_world.c:219:6: error: 'tickFlag' undeclared (first use in this function); did you mean 'tickFlagGame'?
   if(tickFlag)
      ^~~~~~~~
      tickFlagGame
../src/freertos_hello_world.c:219:6: note: each undeclared identifier is reported only once for each function it appears in
make: *** [src/subdir.mk:26: src/freertos_hello_world.o] Error 1
20:37:55 **** Incremental Build of configuration Debug for project FreeRTOS_PongGame ****
make pre-build main-build 
a9-linaro-pre-build-step
' '
'Building file: ../src/freertos_hello_world.c'
'Invoking: ARM v7 gcc compiler'
arm-none-eabi-gcc -Wall -O0 -g3 -c -fmessage-length=0 -MT"src/freertos_hello_world.o" -mcpu=cortex-a9 -mfpu=vfpv3 -mfloat-abi=hard -I../../FreeRTOS_PongGame_bsp/ps7_cortexa9_0/include -MMD -MP -MF"src/freertos_hello_world.d" -MT"src/freertos_hello_world.o" -o "src/freertos_hello_world.o" "../src/freertos_hello_world.c"
../src/freertos_hello_world.c: In function 'main':
../src/freertos_hello_world.c:89:14: warning: unused variable 'colourArray' [-Wunused-variable]
  pixelColour colourArray[8][8];
              ^~~~~~~~~~~
../src/freertos_hello_world.c: In function 'gamePongTask':
../src/freertos_hello_world.c:225:18: warning: passing argument 1 of 'getPlayer1Move' from incompatible pointer type [-Wincompatible-pointer-types]
   getPlayer1Move(&movePlayer1);
                  ^~~~~~~~~~~~
In file included from ../src/freertos_hello_world.c:37:
../src/PongHead.h:101:26: note: expected 'u32 *' {aka 'long unsigned int *'} but argument is of type 'int *'
 void getPlayer1Move(u32* Data);
                     ~~~~~^~~~
../src/freertos_hello_world.c:235:3: error: 'tickFlag' undeclared (first use in this function); did you mean 'tickFlagGame'?
   tickFlag = 0;
   ^~~~~~~~
   tickFlagGame
../src/freertos_hello_world.c:235:3: note: each undeclared identifier is reported only once for each function it appears in
make: *** [src/subdir.mk:26: src/freertos_hello_world.o] Error 1
20:38:04 **** Incremental Build of configuration Debug for project FreeRTOS_PongGame ****
make pre-build main-build 
a9-linaro-pre-build-step
' '
'Building file: ../src/freertos_hello_world.c'
'Invoking: ARM v7 gcc compiler'
arm-none-eabi-gcc -Wall -O0 -g3 -c -fmessage-length=0 -MT"src/freertos_hello_world.o" -mcpu=cortex-a9 -mfpu=vfpv3 -mfloat-abi=hard -I../../FreeRTOS_PongGame_bsp/ps7_cortexa9_0/include -MMD -MP -MF"src/freertos_hello_world.d" -MT"src/freertos_hello_world.o" -o "src/freertos_hello_world.o" "../src/freertos_hello_world.c"
../src/freertos_hello_world.c: In function 'main':
../src/freertos_hello_world.c:89:14: warning: unused variable 'colourArray' [-Wunused-variable]
  pixelColour colourArray[8][8];
              ^~~~~~~~~~~
../src/freertos_hello_world.c: In function 'gamePongTask':
../src/freertos_hello_world.c:225:18: warning: passing argument 1 of 'getPlayer1Move' from incompatible pointer type [-Wincompatible-pointer-types]
   getPlayer1Move(&movePlayer1);
                  ^~~~~~~~~~~~
In file included from ../src/freertos_hello_world.c:37:
../src/PongHead.h:101:26: note: expected 'u32 *' {aka 'long unsigned int *'} but argument is of type 'int *'
 void getPlayer1Move(u32* Data);
                     ~~~~~^~~~
'Finished building: ../src/freertos_hello_world.c'
' '
'Building target: FreeRTOS_PongGame.elf'
'Invoking: ARM v7 gcc linker'
arm-none-eabi-gcc -mcpu=cortex-a9 -mfpu=vfpv3 -mfloat-abi=hard -Wl,-build-id=none -specs=Xilinx.spec -Wl,-T -Wl,../src/lscript.ld -L../../FreeRTOS_PongGame_bsp/ps7_cortexa9_0/lib -o "FreeRTOS_PongGame.elf"  ./src/PongFunc.o ./src/freertos_hello_world.o   -Wl,--start-group,-lxil,-lfreertos,-lgcc,-lc,--end-group
'Finished building target: FreeRTOS_PongGame.elf'
' '
'Invoking: ARM v7 Print Size'
arm-none-eabi-size FreeRTOS_PongGame.elf  |tee "FreeRTOS_PongGame.elf.size"
   text	   data	    bss	    dec	    hex	filename
 107308	   3392	  89776	 200476	  30f1c	FreeRTOS_PongGame.elf
'Finished building: FreeRTOS_PongGame.elf.size'
' '
20:38:08 **** Incremental Build of configuration Debug for project FreeRTOS_PongGame ****
make pre-build main-build 
a9-linaro-pre-build-step
' '
make: Nothing to be done for 'main-build'.
20:39:16 **** Incremental Build of configuration Debug for project FreeRTOS_PongGame ****
make pre-build main-build 
a9-linaro-pre-build-step
' '
'Building file: ../src/freertos_hello_world.c'
'Invoking: ARM v7 gcc compiler'
arm-none-eabi-gcc -Wall -O0 -g3 -c -fmessage-length=0 -MT"src/freertos_hello_world.o" -mcpu=cortex-a9 -mfpu=vfpv3 -mfloat-abi=hard -I../../FreeRTOS_PongGame_bsp/ps7_cortexa9_0/include -MMD -MP -MF"src/freertos_hello_world.d" -MT"src/freertos_hello_world.o" -o "src/freertos_hello_world.o" "../src/freertos_hello_world.c"
../src/freertos_hello_world.c: In function 'main':
../src/freertos_hello_world.c:89:14: warning: unused variable 'colourArray' [-Wunused-variable]
  pixelColour colourArray[8][8];
              ^~~~~~~~~~~
../src/freertos_hello_world.c: In function 'gamePongTask':
../src/freertos_hello_world.c:230:18: warning: passing argument 1 of 'getPlayer1Move' from incompatible pointer type [-Wincompatible-pointer-types]
   getPlayer1Move(&movePlayer1);
                  ^~~~~~~~~~~~
In file included from ../src/freertos_hello_world.c:37:
../src/PongHead.h:101:26: note: expected 'u32 *' {aka 'long unsigned int *'} but argument is of type 'int *'
 void getPlayer1Move(u32* Data);
                     ~~~~~^~~~
'Finished building: ../src/freertos_hello_world.c'
' '
'Building target: FreeRTOS_PongGame.elf'
'Invoking: ARM v7 gcc linker'
arm-none-eabi-gcc -mcpu=cortex-a9 -mfpu=vfpv3 -mfloat-abi=hard -Wl,-build-id=none -specs=Xilinx.spec -Wl,-T -Wl,../src/lscript.ld -L../../FreeRTOS_PongGame_bsp/ps7_cortexa9_0/lib -o "FreeRTOS_PongGame.elf"  ./src/PongFunc.o ./src/freertos_hello_world.o   -Wl,--start-group,-lxil,-lfreertos,-lgcc,-lc,--end-group
'Finished building target: FreeRTOS_PongGame.elf'
' '
'Invoking: ARM v7 Print Size'
arm-none-eabi-size FreeRTOS_PongGame.elf  |tee "FreeRTOS_PongGame.elf.size"
   text	   data	    bss	    dec	    hex	filename
 107308	   3392	  89776	 200476	  30f1c	FreeRTOS_PongGame.elf
'Finished building: FreeRTOS_PongGame.elf.size'
' '
20:39:42 **** Incremental Build of configuration Debug for project FreeRTOS_PongGame ****
make pre-build main-build 
a9-linaro-pre-build-step
' '
'Building file: ../src/freertos_hello_world.c'
'Invoking: ARM v7 gcc compiler'
arm-none-eabi-gcc -Wall -O0 -g3 -c -fmessage-length=0 -MT"src/freertos_hello_world.o" -mcpu=cortex-a9 -mfpu=vfpv3 -mfloat-abi=hard -I../../FreeRTOS_PongGame_bsp/ps7_cortexa9_0/include -MMD -MP -MF"src/freertos_hello_world.d" -MT"src/freertos_hello_world.o" -o "src/freertos_hello_world.o" "../src/freertos_hello_world.c"
../src/freertos_hello_world.c: In function 'main':
../src/freertos_hello_world.c:89:14: warning: unused variable 'colourArray' [-Wunused-variable]
  pixelColour colourArray[8][8];
              ^~~~~~~~~~~
../src/freertos_hello_world.c: In function 'gamePongTask':
../src/freertos_hello_world.c:229:18: warning: passing argument 1 of 'getPlayer1Move' from incompatible pointer type [-Wincompatible-pointer-types]
   getPlayer1Move(&movePlayer1);
                  ^~~~~~~~~~~~
In file included from ../src/freertos_hello_world.c:37:
../src/PongHead.h:101:26: note: expected 'u32 *' {aka 'long unsigned int *'} but argument is of type 'int *'
 void getPlayer1Move(u32* Data);
                     ~~~~~^~~~
'Finished building: ../src/freertos_hello_world.c'
' '
'Building target: FreeRTOS_PongGame.elf'
'Invoking: ARM v7 gcc linker'
[...]
' '
'Building file: ../src/freertos_hello_world.c'
'Invoking: ARM v7 gcc compiler'
arm-none-eabi-gcc -Wall -O0 -g3 -c -fmessage-length=0 -MT"src/freertos_hello_world.o" -mcpu=cortex-a9 -mfpu=vfpv3 -mfloat-abi=hard -I../../FreeRTOS_PongGame_bsp/ps7_cortexa9_0/include -MMD -MP -MF"src/freertos_hello_world.d" -MT"src/freertos_hello_world.o" -o "src/freertos_hello_world.o" "../src/freertos_hello_world.c"
../src/freertos_hello_world.c: In function 'gamePongTask':
../src/freertos_hello_world.c:220:19: warning: passing argument 1 of 'getPlayer1Move' from incompatible pointer type [-Wincompatible-pointer-types]
    getPlayer1Move(&movePlayer1, &game);
                   ^~~~~~~~~~~~
In file included from ../src/freertos_hello_world.c:37:
../src/PongHead.h:108:26: note: expected 'u32 *' {aka 'long unsigned int *'} but argument is of type 'int *'
 void getPlayer1Move(u32* Data, gameData* game);
                     ~~~~~^~~~
../src/freertos_hello_world.c:221:19: warning: passing argument 1 of 'getPlayer2Move' from incompatible pointer type [-Wincompatible-pointer-types]
    getPlayer2Move(&movePlayer2, &game);
                   ^~~~~~~~~~~~
In file included from ../src/freertos_hello_world.c:37:
../src/PongHead.h:117:27: note: expected 'char *' but argument is of type 'int *'
 void getPlayer2Move(char* Button, gameData* game);
                     ~~~~~~^~~~~~
'Finished building: ../src/freertos_hello_world.c'
' '
'Building target: FreeRTOS_PongGame.elf'
'Invoking: ARM v7 gcc linker'
arm-none-eabi-gcc -mcpu=cortex-a9 -mfpu=vfpv3 -mfloat-abi=hard -Wl,-build-id=none -specs=Xilinx.spec -Wl,-T -Wl,../src/lscript.ld -L../../FreeRTOS_PongGame_bsp/ps7_cortexa9_0/lib -o "FreeRTOS_PongGame.elf"  ./src/PongFunc.o ./src/freertos_hello_world.o   -Wl,--start-group,-lxil,-lfreertos,-lgcc,-lc,--end-group
'Finished building target: FreeRTOS_PongGame.elf'
' '
'Invoking: ARM v7 Print Size'
arm-none-eabi-size FreeRTOS_PongGame.elf  |tee "FreeRTOS_PongGame.elf.size"
   text	   data	    bss	    dec	    hex	filename
 107404	   3392	  89712	 200508	  30f3c	FreeRTOS_PongGame.elf
'Finished building: FreeRTOS_PongGame.elf.size'
' '
22:39:09 **** Incremental Build of configuration Debug for project FreeRTOS_PongGame ****
make pre-build main-build 
a9-linaro-pre-build-step
' '
make: Nothing to be done for 'main-build'.
22:42:26 **** Incremental Build of configuration Debug for project FreeRTOS_PongGame ****
make pre-build main-build 
a9-linaro-pre-build-step
' '
'Building file: ../src/freertos_hello_world.c'
'Invoking: ARM v7 gcc compiler'
arm-none-eabi-gcc -Wall -O0 -g3 -c -fmessage-length=0 -MT"src/freertos_hello_world.o" -mcpu=cortex-a9 -mfpu=vfpv3 -mfloat-abi=hard -I../../FreeRTOS_PongGame_bsp/ps7_cortexa9_0/include -MMD -MP -MF"src/freertos_hello_world.d" -MT"src/freertos_hello_world.o" -o "src/freertos_hello_world.o" "../src/freertos_hello_world.c"
../src/freertos_hello_world.c: In function 'gamePongTask':
../src/freertos_hello_world.c:208:17: warning: passing argument 1 of 'startPositions' from incompatible pointer type [-Wincompatible-pointer-types]
  startPositions(&game);
                 ^~~~~
In file included from ../src/freertos_hello_world.c:37:
../src/PongHead.h:88:31: note: expected 'gameData *' {aka 'struct gameData *'} but argument is of type 'gameData **' {aka 'struct gameData **'}
 void startPositions(gameData* game);
                     ~~~~~~~~~~^~~~
../src/freertos_hello_world.c:209:13: warning: passing argument 1 of 'updateGame' from incompatible pointer type [-Wincompatible-pointer-types]
  updateGame(&game);
             ^~~~~
In file included from ../src/freertos_hello_world.c:37:
../src/PongHead.h:98:27: note: expected 'gameData *' {aka 'struct gameData *'} but argument is of type 'gameData **' {aka 'struct gameData **'}
 void updateGame(gameData* game);
                 ~~~~~~~~~~^~~~
../src/freertos_hello_world.c:220:19: warning: passing argument 1 of 'getPlayer1Move' from incompatible pointer type [-Wincompatible-pointer-types]
    getPlayer1Move(&movePlayer1, &game);
                   ^~~~~~~~~~~~
In file included from ../src/freertos_hello_world.c:37:
../src/PongHead.h:108:26: note: expected 'u32 *' {aka 'long unsigned int *'} but argument is of type 'int *'
 void getPlayer1Move(u32* Data, gameData* game);
                     ~~~~~^~~~
../src/freertos_hello_world.c:220:33: warning: passing argument 2 of 'getPlayer1Move' from incompatible pointer type [-Wincompatible-pointer-types]
    getPlayer1Move(&movePlayer1, &game);
                                 ^~~~~
In file included from ../src/freertos_hello_world.c:37:
../src/PongHead.h:108:42: note: expected 'gameData *' {aka 'struct gameData *'} but argument is of type 'gameData **' {aka 'struct gameData **'}
 void getPlayer1Move(u32* Data, gameData* game);
                                ~~~~~~~~~~^~~~
../src/freertos_hello_world.c:221:19: warning: passing argument 1 of 'getPlayer2Move' from incompatible pointer type [-Wincompatible-pointer-types]
    getPlayer2Move(&movePlayer2, &game);
                   ^~~~~~~~~~~~
In file included from ../src/freertos_hello_world.c:37:
../src/PongHead.h:117:27: note: expected 'char *' but argument is of type 'int *'
 void getPlayer2Move(char* Button, gameData* game);
                     ~~~~~~^~~~~~
../src/freertos_hello_world.c:221:33: warning: passing argument 2 of 'getPlayer2Move' from incompatible pointer type [-Wincompatible-pointer-types]
    getPlayer2Move(&movePlayer2, &game);
                                 ^~~~~
In file included from ../src/freertos_hello_world.c:37:
../src/PongHead.h:117:45: note: expected 'gameData *' {aka 'struct gameData *'} but argument is of type 'gameData **' {aka 'struct gameData **'}
 void getPlayer2Move(char* Button, gameData* game);
                                   ~~~~~~~~~~^~~~
../src/freertos_hello_world.c:224:12: warning: passing argument 1 of 'drawGame' from incompatible pointer type [-Wincompatible-pointer-types]
   drawGame(&game);
            ^~~~~
In file included from ../src/freertos_hello_world.c:37:
../src/PongHead.h:138:25: note: expected 'gameData *' {aka 'struct gameData *'} but argument is of type 'gameData **' {aka 'struct gameData **'}
 void drawGame(gameData* game);
               ~~~~~~~~~~^~~~
In file included from ../src/freertos_hello_world.c:34:
../src/freertos_hello_world.c:225:36: error: 'game' is a pointer; did you mean to use '->'?
   xQueueSend( xQueueDebugInfo, game.colourArray, portMAX_DELAY);
                                    ^
../../FreeRTOS_PongGame_bsp/ps7_cortexa9_0/include/queue.h:479:92: note: in definition of macro 'xQueueSend'
 #define xQueueSend( xQueue, pvItemToQueue, xTicksToWait ) xQueueGenericSend( ( xQueue ), ( pvItemToQueue ), ( xTicksToWait ), queueSEND_TO_BACK )
                                                                                            ^~~~~~~~~~~~~
../src/freertos_hello_world.c:226:14: warning: passing argument 1 of 'clearArray' from incompatible pointer type [-Wincompatible-pointer-types]
   clearArray(&game);
              ^~~~~
In file included from ../src/freertos_hello_world.c:37:
../src/PongHead.h:147:27: note: expected 'gameData *' {aka 'struct gameData *'} but argument is of type 'gameData **' {aka 'struct gameData **'}
 void clearArray(gameData* game);
                 ~~~~~~~~~~^~~~
../src/freertos_hello_world.c:229:15: warning: passing argument 1 of 'updateGame' from incompatible pointer type [-Wincompatible-pointer-types]
    updateGame(&game);
               ^~~~~
In file included from ../src/freertos_hello_world.c:37:
../src/PongHead.h:98:27: note: expected 'gameData *' {aka 'struct gameData *'} but argument is of type 'gameData **' {aka 'struct gameData **'}
 void updateGame(gameData* game);
                 ~~~~~~~~~~^~~~
make: *** [src/subdir.mk:26: src/freertos_hello_world.o] Error 1
22:42:48 **** Incremental Build of configuration Debug for project FreeRTOS_PongGame ****
make pre-build main-build 
a9-linaro-pre-build-step
' '
'Building file: ../src/freertos_hello_world.c'
'Invoking: ARM v7 gcc compiler'
arm-none-eabi-gcc -Wall -O0 -g3 -c -fmessage-length=0 -MT"src/freertos_hello_world.o" -mcpu=cortex-a9 -mfpu=vfpv3 -mfloat-abi=hard -I../../FreeRTOS_PongGame_bsp/ps7_cortexa9_0/include -MMD -MP -MF"src/freertos_hello_world.d" -MT"src/freertos_hello_world.o" -o "src/freertos_hello_world.o" "../src/freertos_hello_world.c"
../src/freertos_hello_world.c: In function 'gamePongTask':
../src/freertos_hello_world.c:220:19: warning: passing argument 1 of 'getPlayer1Move' from incompatible pointer type [-Wincompatible-pointer-types]
    getPlayer1Move(&movePlayer1, game);
                   ^~~~~~~~~~~~
In file included from ../src/freertos_hello_world.c:37:
../src/PongHead.h:108:26: note: expected 'u32 *' {aka 'long unsigned int *'} but argument is of type 'int *'
 void getPlayer1Move(u32* Data, gameData* game);
                     ~~~~~^~~~
../src/freertos_hello_world.c:221:19: warning: passing argument 1 of 'getPlayer2Move' from incompatible pointer type [-Wincompatible-pointer-types]
    getPlayer2Move(&movePlayer2, game);
                   ^~~~~~~~~~~~
In file included from ../src/freertos_hello_world.c:37:
../src/PongHead.h:117:27: note: expected 'char *' but argument is of type 'int *'
 void getPlayer2Move(char* Button, gameData* game);
                     ~~~~~~^~~~~~
../src/freertos_hello_world.c:208:2: warning: 'game' is used uninitialized in this function [-Wuninitialized]
  startPositions(game);
  ^~~~~~~~~~~~~~~~~~~~
'Finished building: ../src/freertos_hello_world.c'
' '
'Building target: FreeRTOS_PongGame.elf'
'Invoking: ARM v7 gcc linker'
arm-none-eabi-gcc -mcpu=cortex-a9 -mfpu=vfpv3 -mfloat-abi=hard -Wl,-build-id=none -specs=Xilinx.spec -Wl,-T -Wl,../src/lscript.ld -L../../FreeRTOS_PongGame_bsp/ps7_cortexa9_0/lib -o "FreeRTOS_PongGame.elf"  ./src/PongFunc.o ./src/freertos_hello_world.o   -Wl,--start-group,-lxil,-lfreertos,-lgcc,-lc,--end-group
'Finished building target: FreeRTOS_PongGame.elf'
' '
'Invoking: ARM v7 Print Size'
arm-none-eabi-size FreeRTOS_PongGame.elf  |tee "FreeRTOS_PongGame.elf.size"
   text	   data	    bss	    dec	    hex	filename
 107404	   3392	  89712	 200508	  30f3c	FreeRTOS_PongGame.elf
'Finished building: FreeRTOS_PongGame.elf.size'
' '
22:42:53 **** Incremental Build of configuration Debug for project FreeRTOS_PongGame ****
make pre-build main-build 
a9-linaro-pre-build-step
' '
make: Nothing to be done for 'main-build'.
22:43:11 **** Incremental Build of configuration Debug for project FreeRTOS_PongGame ****
make pre-build main-build 
a9-linaro-pre-build-step
' '
make: Nothing to be done for 'main-build'.
22:56:31 **** Incremental Build of configuration Debug for project FreeRTOS_PongGame ****
make pre-build main-build 
a9-linaro-pre-build-step
' '
make: Nothing to be done for 'main-build'.
23:02:37 **** Incremental Build of configuration Debug for project FreeRTOS_PongGame ****
make pre-build main-build 
a9-linaro-pre-build-step
' '
'Building file: ../src/freertos_hello_world.c'
'Invoking: ARM v7 gcc compiler'
arm-none-eabi-gcc -Wall -O0 -g3 -c -fmessage-length=0 -MT"src/freertos_hello_world.o" -mcpu=cortex-a9 -mfpu=vfpv3 -mfloat-abi=hard -I../../FreeRTOS_PongGame_bsp/ps7_cortexa9_0/include -MMD -MP -MF"src/freertos_hello_world.d" -MT"src/freertos_hello_world.o" -o "src/freertos_hello_world.o" "../src/freertos_hello_world.c"
../src/freertos_hello_world.c: In function 'gamePongTask':
../src/freertos_hello_world.c:220:19: warning: passing argument 1 of 'getPlayer1Move' from incompatible pointer type [-Wincompatible-pointer-types]
    getPlayer1Move(&movePlayer1, game);
                   ^~~~~~~~~~~~
In file included from ../src/freertos_hello_world.c:37:
../src/PongHead.h:108:26: note: expected 'u32 *' {aka 'long unsigned int *'} but argument is of type 'int *'
 void getPlayer1Move(u32* Data, gameData* game);
                     ~~~~~^~~~
../src/freertos_hello_world.c:221:19: warning: passing argument 1 of 'getPlayer2Move' from incompatible pointer type [-Wincompatible-pointer-types]
    getPlayer2Move(&movePlayer2, game);
                   ^~~~~~~~~~~~
In file included from ../src/freertos_hello_world.c:37:
../src/PongHead.h:117:27: note: expected 'char *' but argument is of type 'int *'
 void getPlayer2Move(char* Button, gameData* game);
                     ~~~~~~^~~~~~
'Finished building: ../src/freertos_hello_world.c'
' '
'Building target: FreeRTOS_PongGame.elf'
'Invoking: ARM v7 gcc linker'
arm-none-eabi-gcc -mcpu=cortex-a9 -mfpu=vfpv3 -mfloat-abi=hard -Wl,-build-id=none -specs=Xilinx.spec -Wl,-T -Wl,../src/lscript.ld -L../../FreeRTOS_PongGame_bsp/ps7_cortexa9_0/lib -o "FreeRTOS_PongGame.elf"  ./src/PongFunc.o ./src/freertos_hello_world.o   -Wl,--start-group,-lxil,-lfreertos,-lgcc,-lc,--end-group
'Finished building target: FreeRTOS_PongGame.elf'
' '
'Invoking: ARM v7 Print Size'
arm-none-eabi-size FreeRTOS_PongGame.elf  |tee "FreeRTOS_PongGame.elf.size"
   text	   data	    bss	    dec	    hex	filename
 107404	   3392	  89712	 200508	  30f3c	FreeRTOS_PongGame.elf
'Finished building: FreeRTOS_PongGame.elf.size'
' '
23:07:00 **** Incremental Build of configuration Debug for project FreeRTOS_PongGame ****
make pre-build main-build 
a9-linaro-pre-build-step
' '
'Building file: ../src/freertos_hello_world.c'
'Invoking: ARM v7 gcc compiler'
arm-none-eabi-gcc -Wall -O0 -g3 -c -fmessage-length=0 -MT"src/freertos_hello_world.o" -mcpu=cortex-a9 -mfpu=vfpv3 -mfloat-abi=hard -I../../FreeRTOS_PongGame_bsp/ps7_cortexa9_0/include -MMD -MP -MF"src/freertos_hello_world.d" -MT"src/freertos_hello_world.o" -o "src/freertos_hello_world.o" "../src/freertos_hello_world.c"
../src/freertos_hello_world.c: In function 'gamePongTask':
../src/freertos_hello_world.c:227:19: warning: passing argument 1 of 'getPlayer1Move' from incompatible pointer type [-Wincompatible-pointer-types]
    getPlayer1Move(&movePlayer1, game);
                   ^~~~~~~~~~~~
In file included from ../src/freertos_hello_world.c:37:
../src/PongHead.h:108:26: note: expected 'u32 *' {aka 'long unsigned int *'} but argument is of type 'int *'
 void getPlayer1Move(u32* Data, gameData* game);
                     ~~~~~^~~~
../src/freertos_hello_world.c:228:19: warning: passing argument 1 of 'getPlayer2Move' from incompatible pointer type [-Wincompatible-pointer-types]
    getPlayer2Move(&movePlayer2, game);
                   ^~~~~~~~~~~~
In file included from ../src/freertos_hello_world.c:37:
../src/PongHead.h:117:27: note: expected 'char *' but argument is of type 'int *'
 void getPlayer2Move(char* Button, gameData* game);
                     ~~~~~~^~~~~~
'Finished building: ../src/freertos_hello_world.c'
' '
'Building target: FreeRTOS_PongGame.elf'
'Invoking: ARM v7 gcc linker'
arm-none-eabi-gcc -mcpu=cortex-a9 -mfpu=vfpv3 -mfloat-abi=hard -Wl,-build-id=none -specs=Xilinx.spec -Wl,-T -Wl,../src/lscript.ld -L../../FreeRTOS_PongGame_bsp/ps7_cortexa9_0/lib -o "FreeRTOS_PongGame.elf"  ./src/PongFunc.o ./src/freertos_hello_world.o   -Wl,--start-group,-lxil,-lfreertos,-lgcc,-lc,--end-group
'Finished building target: FreeRTOS_PongGame.elf'
' '
'Invoking: ARM v7 Print Size'
arm-none-eabi-size FreeRTOS_PongGame.elf  |tee "FreeRTOS_PongGame.elf.size"
   text	   data	    bss	    dec	    hex	filename
 107556	   3392	  89712	 200660	  30fd4	FreeRTOS_PongGame.elf
'Finished building: FreeRTOS_PongGame.elf.size'
' '
23:07:07 **** Incremental Build of configuration Debug for project FreeRTOS_PongGame ****
make pre-build main-build 
a9-linaro-pre-build-step
' '
make: Nothing to be done for 'main-build'.
23:08:09 **** Incremental Build of configuration Debug for project FreeRTOS_PongGame ****
make pre-build main-build 
a9-linaro-pre-build-step
' '
make: Nothing to be done for 'main-build'.
23:08:13 **** Incremental Build of configuration Debug for project FreeRTOS_PongGame ****
make pre-build main-build 
a9-linaro-pre-build-step
' '
make: Nothing to be done for 'main-build'.
23:21:46 **** Incremental Build of configuration Debug for project FreeRTOS_PongGame ****
make pre-build main-build 
a9-linaro-pre-build-step
' '
'Building file: ../src/PongFunc.c'
'Invoking: ARM v7 gcc compiler'
arm-none-eabi-gcc -Wall -O0 -g3 -c -fmessage-length=0 -MT"src/PongFunc.o" -mcpu=cortex-a9 -mfpu=vfpv3 -mfloat-abi=hard -I../../FreeRTOS_PongGame_bsp/ps7_cortexa9_0/include -MMD -MP -MF"src/PongFunc.d" -MT"src/PongFunc.o" -o "src/PongFunc.o" "../src/PongFunc.c"
In file included from ../../FreeRTOS_PongGame_bsp/ps7_cortexa9_0/include/WS2812.h:8,
                 from ../src/PongHead.h:12,
                 from ../src/PongFunc.c:1:
../src/PongFunc.c: In function 'startGPIO':
../../FreeRTOS_PongGame_bsp/ps7_cortexa9_0/include/xstatus.h:61:41: warning: 'return' with a value, in function returning void
 #define XST_FAILURE                     1L
                                         ^~
../src/PongFunc.c:355:10: note: in expansion of macro 'XST_FAILURE'
   return XST_FAILURE;
          ^~~~~~~~~~~
../src/PongFunc.c:347:6: note: declared here
 void startGPIO()
      ^~~~~~~~~
In file included from ../../FreeRTOS_PongGame_bsp/ps7_cortexa9_0/include/WS2812.h:8,
                 from ../src/PongHead.h:12,
                 from ../src/PongFunc.c:1:
../../FreeRTOS_PongGame_bsp/ps7_cortexa9_0/include/xstatus.h:61:41: warning: 'return' with a value, in function returning void
 #define XST_FAILURE                     1L
                                         ^~
../src/PongFunc.c:366:10: note: in expansion of macro 'XST_FAILURE'
   return XST_FAILURE;
          ^~~~~~~~~~~
../src/PongFunc.c:347:6: note: declared here
 void startGPIO()
      ^~~~~~~~~
'Finished building: ../src/PongFunc.c'
' '
'Building file: ../src/freertos_hello_world.c'
'Invoking: ARM v7 gcc compiler'
arm-none-eabi-gcc -Wall -O0 -g3 -c -fmessage-length=0 -MT"src/freertos_hello_world.o" -mcpu=cortex-a9 -mfpu=vfpv3 -mfloat-abi=hard -I../../FreeRTOS_PongGame_bsp/ps7_cortexa9_0/include -MMD -MP -MF"src/freertos_hello_world.d" -MT"src/freertos_hello_world.o" -o "src/freertos_hello_world.o" "../src/freertos_hello_world.c"
../src/freertos_hello_world.c: In function 'gamePongTask':
../src/freertos_hello_world.c:227:19: warning: passing argument 1 of 'getPlayer1Move' from incompatible pointer type [-Wincompatible-pointer-types]
    getPlayer1Move(&movePlayer1, game);
                   ^~~~~~~~~~~~
In file included from ../src/freertos_hello_world.c:37:
../src/PongHead.h:108:26: note: expected 'u32 *' {aka 'long unsigned int *'} but argument is of type 'int *'
 void getPlayer1Move(u32* Data, gameData* game);
                     ~~~~~^~~~
../src/freertos_hello_world.c:228:19: warning: passing argument 1 of 'getPlayer2Move' from incompatible pointer type [-Wincompatible-pointer-types]
    getPlayer2Move(&movePlayer2, game);
                   ^~~~~~~~~~~~
In file included from ../src/freertos_hello_world.c:37:
../src/PongHead.h:117:27: note: expected 'char *' but argument is of type 'int *'
 void getPlayer2Move(char* Button, gameData* game);
                     ~~~~~~^~~~~~
'Finished building: ../src/freertos_hello_world.c'
' '
'Building target: FreeRTOS_PongGame.elf'
'Invoking: ARM v7 gcc linker'
arm-none-eabi-gcc -mcpu=cortex-a9 -mfpu=vfpv3 -mfloat-abi=hard -Wl,-build-id=none -specs=Xilinx.spec -Wl,-T -Wl,../src/lscript.ld -L../../FreeRTOS_PongGame_bsp/ps7_cortexa9_0/lib -o "FreeRTOS_PongGame.elf"  ./src/PongFunc.o ./src/freertos_hello_world.o   -Wl,--start-group,-lxil,-lfreertos,-lgcc,-lc,--end-group
'Finished building target: FreeRTOS_PongGame.elf'
' '
'Invoking: ARM v7 Print Size'
arm-none-eabi-size FreeRTOS_PongGame.elf  |tee "FreeRTOS_PongGame.elf.size"
   text	   data	    bss	    dec	    hex	filename
 107492	   3392	  89696	 200580	  30f84	FreeRTOS_PongGame.elf
'Finished building: FreeRTOS_PongGame.elf.size'
' '
23:21:54 **** Incremental Build of configuration Debug for project FreeRTOS_PongGame ****
make pre-build main-build 
a9-linaro-pre-build-step
' '
make: Nothing to be done for 'main-build'.
