16:28:00 **** Incremental Build of configuration Debug for project FreeRTOS_PongGame ****
make pre-build main-build 
a9-linaro-pre-build-step
' '
'Building file: ../src/PongFunc.c'
'Invoking: ARM v7 gcc compiler'
arm-none-eabi-gcc -Wall -O0 -g3 -c -fmessage-length=0 -MT"src/PongFunc.o" -mcpu=cortex-a9 -mfpu=vfpv3 -mfloat-abi=hard -I../../FreeRTOS_PongGame_bsp/ps7_cortexa9_0/include -MMD -MP -MF"src/PongFunc.d" -MT"src/PongFunc.o" -o "src/PongFunc.o" "../src/PongFunc.c"
In file included from ../../FreeRTOS_PongGame_bsp/ps7_cortexa9_0/include/WS2812.h:8,
                 from ../src/PongHead.h:12,
                 from ../src/PongFunc.c:1:
../src/PongFunc.c: In function 'startGPIO':
../../FreeRTOS_PongGame_bsp/ps7_cortexa9_0/include/xstatus.h:61:41: warning: 'return' with a value, in function returning void
 #define XST_FAILURE                     1L
                                         ^~
../src/PongFunc.c:332:10: note: in expansion of macro 'XST_FAILURE'
   return XST_FAILURE;
          ^~~~~~~~~~~
../src/PongFunc.c:324:6: note: declared here
 void startGPIO()
      ^~~~~~~~~
In file included from ../../FreeRTOS_PongGame_bsp/ps7_cortexa9_0/include/WS2812.h:8,
                 from ../src/PongHead.h:12,
                 from ../src/PongFunc.c:1:
../../FreeRTOS_PongGame_bsp/ps7_cortexa9_0/include/xstatus.h:61:41: warning: 'return' with a value, in function returning void
 #define XST_FAILURE                     1L
                                         ^~
../src/PongFunc.c:343:10: note: in expansion of macro 'XST_FAILURE'
   return XST_FAILURE;
          ^~~~~~~~~~~
../src/PongFunc.c:324:6: note: declared here
 void startGPIO()
      ^~~~~~~~~
'Finished building: ../src/PongFunc.c'
' '
'Building target: FreeRTOS_PongGame.elf'
'Invoking: ARM v7 gcc linker'
arm-none-eabi-gcc -mcpu=cortex-a9 -mfpu=vfpv3 -mfloat-abi=hard -Wl,-build-id=none -specs=Xilinx.spec -Wl,-T -Wl,../src/lscript.ld -L../../FreeRTOS_PongGame_bsp/ps7_cortexa9_0/lib -o "FreeRTOS_PongGame.elf"  ./src/PongFunc.o ./src/freertos_hello_world.o   -Wl,--start-group,-lxil,-lfreertos,-lgcc,-lc,--end-group
'Finished building target: FreeRTOS_PongGame.elf'
' '
'Invoking: ARM v7 Print Size'
arm-none-eabi-size FreeRTOS_PongGame.elf  |tee "FreeRTOS_PongGame.elf.size"
   text	   data	    bss	    dec	    hex	filename
 107148	   3392	  89760	 200300	  30e6c	FreeRTOS_PongGame.elf
'Finished building: FreeRTOS_PongGame.elf.size'
' '
16:28:16 **** Incremental Build of configuration Debug for project FreeRTOS_PongGame ****
make pre-build main-build 
a9-linaro-pre-build-step
' '
make: Nothing to be done for 'main-build'.
16:28:54 **** Incremental Build of configuration Debug for project FreeRTOS_PongGame ****
make pre-build main-build 
a9-linaro-pre-build-step
' '
make: Nothing to be done for 'main-build'.
16:29:15 **** Incremental Build of configuration Debug for project FreeRTOS_PongGame ****
make pre-build main-build 
a9-linaro-pre-build-step
' '
make: Nothing to be done for 'main-build'.
16:29:32 **** Incremental Build of configuration Debug for project FreeRTOS_PongGame ****
make pre-build main-build 
a9-linaro-pre-build-step
' '
make: Nothing to be done for 'main-build'.
16:37:54 **** Incremental Build of configuration Debug for project FreeRTOS_PongGame ****
make pre-build main-build 
a9-linaro-pre-build-step
' '
'Building file: ../src/PongFunc.c'
'Invoking: ARM v7 gcc compiler'
arm-none-eabi-gcc -Wall -O0 -g3 -c -fmessage-length=0 -MT"src/PongFunc.o" -mcpu=cortex-a9 -mfpu=vfpv3 -mfloat-abi=hard -I../../FreeRTOS_PongGame_bsp/ps7_cortexa9_0/include -MMD -MP -MF"src/PongFunc.d" -MT"src/PongFunc.o" -o "src/PongFunc.o" "../src/PongFunc.c"
In file included from ../../FreeRTOS_PongGame_bsp/ps7_cortexa9_0/include/WS2812.h:8,
                 from ../src/PongHead.h:12,
                 from ../src/PongFunc.c:1:
../src/PongFunc.c: In function 'startGPIO':
../../FreeRTOS_PongGame_bsp/ps7_cortexa9_0/include/xstatus.h:61:41: warning: 'return' with a value, in function returning void
 #define XST_FAILURE                     1L
                                         ^~
../src/PongFunc.c:333:10: note: in expansion of macro 'XST_FAILURE'
   return XST_FAILURE;
          ^~~~~~~~~~~
../src/PongFunc.c:325:6: note: declared here
 void startGPIO()
      ^~~~~~~~~
In file included from ../../FreeRTOS_PongGame_bsp/ps7_cortexa9_0/include/WS2812.h:8,
                 from ../src/PongHead.h:12,
                 from ../src/PongFunc.c:1:
../../FreeRTOS_PongGame_bsp/ps7_cortexa9_0/include/xstatus.h:61:41: warning: 'return' with a value, in function returning void
 #define XST_FAILURE                     1L
                                         ^~
../src/PongFunc.c:344:10: note: in expansion of macro 'XST_FAILURE'
   return XST_FAILURE;
          ^~~~~~~~~~~
../src/PongFunc.c:325:6: note: declared here
 void startGPIO()
      ^~~~~~~~~
'Finished building: ../src/PongFunc.c'
' '
'Building target: FreeRTOS_PongGame.elf'
'Invoking: ARM v7 gcc linker'
arm-none-eabi-gcc -mcpu=cortex-a9 -mfpu=vfpv3 -mfloat-abi=hard -Wl,-build-id=none -specs=Xilinx.spec -Wl,-T -Wl,../src/lscript.ld -L../../FreeRTOS_PongGame_bsp/ps7_cortexa9_0/lib -o "FreeRTOS_PongGame.elf"  ./src/PongFunc.o ./src/freertos_hello_world.o   -Wl,--start-group,-lxil,-lfreertos,-lgcc,-lc,--end-group
'Finished building target: FreeRTOS_PongGame.elf'
' '
'Invoking: ARM v7 Print Size'
arm-none-eabi-size FreeRTOS_PongGame.elf  |tee "FreeRTOS_PongGame.elf.size"
   text	   data	    bss	    dec	    hex	filename
 107172	   3392	  89760	 200324	  30e84	FreeRTOS_PongGame.elf
'Finished building: FreeRTOS_PongGame.elf.size'
' '
16:38:07 **** Incremental Build of configuration Debug for project FreeRTOS_PongGame ****
make pre-build main-build 
a9-linaro-pre-build-step
' '
make: Nothing to be done for 'main-build'.
