23:04:05 **** Incremental Build of configuration Debug for project FreeRTOS_PongGame ****
make pre-build main-build 
a9-linaro-pre-build-step
' '
'Building file: ../src/freertos_hello_world.c'
'Invoking: ARM v7 gcc compiler'
arm-none-eabi-gcc -Wall -O0 -g3 -c -fmessage-length=0 -MT"src/freertos_hello_world.o" -mcpu=cortex-a9 -mfpu=vfpv3 -mfloat-abi=hard -I../../FreeRTOS_PongGame_bsp/ps7_cortexa9_0/include -MMD -MP -MF"src/freertos_hello_world.d" -MT"src/freertos_hello_world.o" -o "src/freertos_hello_world.o" "../src/freertos_hello_world.c"
../src/freertos_hello_world.c: In function 'vTimerCallback':
../src/freertos_hello_world.c:69:7: warning: variable 'lTimerId' set but not used [-Wunused-but-set-variable]
  long lTimerId;
       ^~~~~~~~
../src/freertos_hello_world.c: In function 'getPlayer1Input':
../src/freertos_hello_world.c:170:18: warning: unused variable 'x1second' [-Wunused-variable]
 const TickType_t x1second = pdMS_TO_TICKS( DELAY_1_SECOND );
                  ^~~~~~~~
../src/freertos_hello_world.c: In function 'gamePongTask':
../src/freertos_hello_world.c:218:18: warning: passing argument 1 of 'getPlayer1Move' from incompatible pointer type [-Wincompatible-pointer-types]
   getPlayer1Move(&movePlayer1);
                  ^~~~~~~~~~~~
In file included from ../src/freertos_hello_world.c:36:
../src/PongHead.h:99:26: note: expected 'u32 *' {aka 'long unsigned int *'} but argument is of type 'int *'
 void getPlayer1Move(u32* Data);
                     ~~~~~^~~~
../src/freertos_hello_world.c:219:18: warning: passing argument 1 of 'getPlayer1Move' from incompatible pointer type [-Wincompatible-pointer-types]
   getPlayer1Move(&movePlayer2);
                  ^~~~~~~~~~~~
In file included from ../src/freertos_hello_world.c:36:
../src/PongHead.h:99:26: note: expected 'u32 *' {aka 'long unsigned int *'} but argument is of type 'int *'
 void getPlayer1Move(u32* Data);
                     ~~~~~^~~~
'Finished building: ../src/freertos_hello_world.c'
' '
'Building target: FreeRTOS_PongGame.elf'
'Invoking: ARM v7 gcc linker'
arm-none-eabi-gcc -mcpu=cortex-a9 -mfpu=vfpv3 -mfloat-abi=hard -Wl,-build-id=none -specs=Xilinx.spec -Wl,-T -Wl,../src/lscript.ld -L../../FreeRTOS_PongGame_bsp/ps7_cortexa9_0/lib -o "FreeRTOS_PongGame.elf"  ./src/PongFunc.o ./src/freertos_hello_world.o   -Wl,--start-group,-lxil,-lfreertos,-lgcc,-lc,--end-group
'Finished building target: FreeRTOS_PongGame.elf'
' '
'Invoking: ARM v7 Print Size'
arm-none-eabi-size FreeRTOS_PongGame.elf  |tee "FreeRTOS_PongGame.elf.size"
   text	   data	    bss	    dec	    hex	filename
 107284	   3392	  89760	 200436	  30ef4	FreeRTOS_PongGame.elf
'Finished building: FreeRTOS_PongGame.elf.size'
' '
23:04:20 **** Incremental Build of configuration Debug for project FreeRTOS_PongGame ****
make pre-build main-build 
a9-linaro-pre-build-step
' '
make: Nothing to be done for 'main-build'.
23:04:41 **** Incremental Build of configuration Debug for project FreeRTOS_PongGame ****
make pre-build main-build 
a9-linaro-pre-build-step
' '
make: Nothing to be done for 'main-build'.
23:05:24 **** Incremental Build of project FreeRTOS_PongGame_bsp ****
make -k all 
"Running Make include in ps7_cortexa9_0/libsrc/coresightps_dcc_v1_5/src"
make -C ps7_cortexa9_0/libsrc/coresightps_dcc_v1_5/src -s include  "SHELL=CMD" "COMPILER=arm-none-eabi-gcc" "ARCHIVER=arm-none-eabi-ar" "COMPILER_FLAGS=  -O2 -c" "EXTRA_COMPILER_FLAGS=-mcpu=cortex-a9 -mfpu=vfpv3 -mfloat-abi=hard -nostartfiles -g -Wall -Wextra"
"Running Make include in ps7_cortexa9_0/libsrc/cpu_cortexa9_v2_7/src"
make -C ps7_cortexa9_0/libsrc/cpu_cortexa9_v2_7/src -s include  "SHELL=CMD" "COMPILER=arm-none-eabi-gcc" "ARCHIVER=arm-none-eabi-ar" "COMPILER_FLAGS=  -O2 -c" "EXTRA_COMPILER_FLAGS=-mcpu=cortex-a9 -mfpu=vfpv3 -mfloat-abi=hard -nostartfiles -g -Wall -Wextra"
"Running Make include in ps7_cortexa9_0/libsrc/ddrps_v1_0/src"
make -C ps7_cortexa9_0/libsrc/ddrps_v1_0/src -s include  "SHELL=CMD" "COMPILER=arm-none-eabi-gcc" "ARCHIVER=arm-none-eabi-ar" "COMPILER_FLAGS=  -O2 -c" "EXTRA_COMPILER_FLAGS=-mcpu=cortex-a9 -mfpu=vfpv3 -mfloat-abi=hard -nostartfiles -g -Wall -Wextra"
"Running Make include in ps7_cortexa9_0/libsrc/devcfg_v3_5/src"
make -C ps7_cortexa9_0/libsrc/devcfg_v3_5/src -s include  "SHELL=CMD" "COMPILER=arm-none-eabi-gcc" "ARCHIVER=arm-none-eabi-ar" "COMPILER_FLAGS=  -O2 -c" "EXTRA_COMPILER_FLAGS=-mcpu=cortex-a9 -mfpu=vfpv3 -mfloat-abi=hard -nostartfiles -g -Wall -Wextra"
"Running Make include in ps7_cortexa9_0/libsrc/dmaps_v2_4/src"
make -C ps7_cortexa9_0/libsrc/dmaps_v2_4/src -s include  "SHELL=CMD" "COMPILER=arm-none-eabi-gcc" "ARCHIVER=arm-none-eabi-ar" "COMPILER_FLAGS=  -O2 -c" "EXTRA_COMPILER_FLAGS=-mcpu=cortex-a9 -mfpu=vfpv3 -mfloat-abi=hard -nostartfiles -g -Wall -Wextra"
"Running Make include in ps7_cortexa9_0/libsrc/freertos10_xilinx_v1_3/src"
make -C ps7_cortexa9_0/libsrc/freertos10_xilinx_v1_3/src -s include  "SHELL=CMD" "COMPILER=arm-none-eabi-gcc" "ARCHIVER=arm-none-eabi-ar" "COMPILER_FLAGS=  -O2 -c" "EXTRA_COMPILER_FLAGS=-mcpu=cortex-a9 -mfpu=vfpv3 -mfloat-abi=hard -nostartfiles -g -Wall -Wextra"
"include"
"Running Make include in ps7_cortexa9_0/libsrc/gpiops_v3_5/src"
make -C ps7_cortexa9_0/libsrc/gpiops_v3_5/src -s include  "SHELL=CMD" "COMPILER=arm-none-eabi-gcc" "ARCHIVER=arm-none-eabi-ar" "COMPILER_FLAGS=  -O2 -c" "EXTRA_COMPILER_FLAGS=-mcpu=cortex-a9 -mfpu=vfpv3 -mfloat-abi=hard -nostartfiles -g -Wall -Wextra"
"Running Make include in ps7_cortexa9_0/libsrc/gpio_v4_4/src"
make -C ps7_cortexa9_0/libsrc/gpio_v4_4/src -s include  "SHELL=CMD" "COMPILER=arm-none-eabi-gcc" "ARCHIVER=arm-none-eabi-ar" "COMPILER_FLAGS=  -O2 -c" "EXTRA_COMPILER_FLAGS=-mcpu=cortex-a9 -mfpu=vfpv3 -mfloat-abi=hard -nostartfiles -g -Wall -Wextra"
"Running Make include in ps7_cortexa9_0/libsrc/Hcsr04_Sensor_v1_0/src"
make -C ps7_cortexa9_0/libsrc/Hcsr04_Sensor_v1_0/src -s include  "SHELL=CMD" "COMPILER=arm-none-eabi-gcc" "ARCHIVER=arm-none-eabi-ar" "COMPILER_FLAGS=  -O2 -c" "EXTRA_COMPILER_FLAGS=-mcpu=cortex-a9 -mfpu=vfpv3 -mfloat-abi=hard -nostartfiles -g -Wall -Wextra"
"Running Make include in ps7_cortexa9_0/libsrc/iicps_v3_9/src"
make -C ps7_cortexa9_0/libsrc/iicps_v3_9/src -s include  "SHELL=CMD" "COMPILER=arm-none-eabi-gcc" "ARCHIVER=arm-none-eabi-ar" "COMPILER_FLAGS=  -O2 -c" "EXTRA_COMPILER_FLAGS=-mcpu=cortex-a9 -mfpu=vfpv3 -mfloat-abi=hard -nostartfiles -g -Wall -Wextra"
"Running Make include in ps7_cortexa9_0/libsrc/qspips_v3_6/src"
make -C ps7_cortexa9_0/libsrc/qspips_v3_6/src -s include  "SHELL=CMD" "COMPILER=arm-none-eabi-gcc" "ARCHIVER=arm-none-eabi-ar" "COMPILER_FLAGS=  -O2 -c" "EXTRA_COMPILER_FLAGS=-mcpu=cortex-a9 -mfpu=vfpv3 -mfloat-abi=hard -nostartfiles -g -Wall -Wextra"
"Running Make include in ps7_cortexa9_0/libsrc/scugic_v4_0/src"
make -C ps7_cortexa9_0/libsrc/scugic_v4_0/src -s include  "SHELL=CMD" "COMPILER=arm-none-eabi-gcc" "ARCHIVER=arm-none-eabi-ar" "COMPILER_FLAGS=  -O2 -c" "EXTRA_COMPILER_FLAGS=-mcpu=cortex-a9 -mfpu=vfpv3 -mfloat-abi=hard -nostartfiles -g -Wall -Wextra"
"Running Make include in ps7_cortexa9_0/libsrc/scutimer_v2_1/src"
make -C ps7_cortexa9_0/libsrc/scutimer_v2_1/src -s include  "SHELL=CMD" "COMPILER=arm-none-eabi-gcc" "ARCHIVER=arm-none-eabi-ar" "COMPILER_FLAGS=  -O2 -c" "EXTRA_COMPILER_FLAGS=-mcpu=cortex-a9 -mfpu=vfpv3 -mfloat-abi=hard -nostartfiles -g -Wall -Wextra"
"Running Make include in ps7_cortexa9_0/libsrc/scuwdt_v2_1/src"
make -C ps7_cortexa9_0/libsrc/scuwdt_v2_1/src -s include  "SHELL=CMD" "COMPILER=arm-none-eabi-gcc" "ARCHIVER=arm-none-eabi-ar" "COMPILER_FLAGS=  -O2 -c" "EXTRA_COMPILER_FLAGS=-mcpu=cortex-a9 -mfpu=vfpv3 -mfloat-abi=hard -nostartfiles -g -Wall -Wextra"
"Running Make include in ps7_cortexa9_0/libsrc/sdps_v3_7/src"
make -C ps7_cortexa9_0/libsrc/sdps_v3_7/src -s include  "SHELL=CMD" "COMPILER=arm-none-eabi-gcc" "ARCHIVER=arm-none-eabi-ar" "COMPILER_FLAGS=  -O2 -c" "EXTRA_COMPILER_FLAGS=-mcpu=cortex-a9 -mfpu=vfpv3 -mfloat-abi=hard -nostartfiles -g -Wall -Wextra"
"Running Make include in ps7_cortexa9_0/libsrc/uartps_v3_7/src"
make -C ps7_cortexa9_0/libsrc/uartps_v3_7/src -s include  "SHELL=CMD" "COMPILER=arm-none-eabi-gcc" "ARCHIVER=arm-none-eabi-ar" "COMPILER_FLAGS=  -O2 -c" "EXTRA_COMPILER_FLAGS=-mcpu=cortex-a9 -mfpu=vfpv3 -mfloat-abi=hard -nostartfiles -g -Wall -Wextra"
"Running Make include in ps7_cortexa9_0/libsrc/usbps_v2_4/src"
make -C ps7_cortexa9_0/libsrc/usbps_v2_4/src -s include  "SHELL=CMD" "COMPILER=arm-none-eabi-gcc" "ARCHIVER=arm-none-eabi-ar" "COMPILER_FLAGS=  -O2 -c" "EXTRA_COMPILER_FLAGS=-mcpu=cortex-a9 -mfpu=vfpv3 -mfloat-abi=hard -nostartfiles -g -Wall -Wextra"
"Running Make include in ps7_cortexa9_0/libsrc/WS2812_v1_0/src"
make -C ps7_cortexa9_0/libsrc/WS2812_v1_0/src -s include  "SHELL=CMD" "COMPILER=arm-none-eabi-gcc" "ARCHIVER=arm-none-eabi-ar" "COMPILER_FLAGS=  -O2 -c" "EXTRA_COMPILER_FLAGS=-mcpu=cortex-a9 -mfpu=vfpv3 -mfloat-abi=hard -nostartfiles -g -Wall -Wextra"
"Running Make include in ps7_cortexa9_0/libsrc/xadcps_v2_3/src"
make -C ps7_cortexa9_0/libsrc/xadcps_v2_3/src -s include  "SHELL=CMD" "COMPILER=arm-none-eabi-gcc" "ARCHIVER=arm-none-eabi-ar" "COMPILER_FLAGS=  -O2 -c" "EXTRA_COMPILER_FLAGS=-mcpu=cortex-a9 -mfpu=vfpv3 -mfloat-abi=hard -nostartfiles -g -Wall -Wextra"
"Running Make libs in ps7_cortexa9_0/libsrc/coresightps_dcc_v1_5/src"
make -C ps7_cortexa9_0/libsrc/coresightps_dcc_v1_5/src -s libs  "SHELL=CMD" "COMPILER=arm-none-eabi-gcc" "ARCHIVER=arm-none-eabi-ar" "COMPILER_FLAGS=  -O2 -c" "EXTRA_COMPILER_FLAGS=-mcpu=cortex-a9 -mfpu=vfpv3 -mfloat-abi=hard -nostartfiles -g -Wall -Wextra"
"Compiling coresightps_dcc"
arm-none-eabi-ar: creating ../../../lib/libxil.a
"Running Make libs in ps7_cortexa9_0/libsrc/cpu_cortexa9_v2_7/src"
make -C ps7_cortexa9_0/libsrc/cpu_cortexa9_v2_7/src -s libs  "SHELL=CMD" "COMPILER=arm-none-eabi-gcc" "ARCHIVER=arm-none-eabi-ar" "COMPILER_FLAGS=  -O2 -c" "EXTRA_COMPILER_FLAGS=-mcpu=cortex-a9 -mfpu=vfpv3 -mfloat-abi=hard -nostartfiles -g -Wall -Wextra"
"Compiling cpu_cortexa9"
"Running Make libs in ps7_cortexa9_0/libsrc/ddrps_v1_0/src"
make -C ps7_cortexa9_0/libsrc/ddrps_v1_0/src -s libs  "SHELL=CMD" "COMPILER=arm-none-eabi-gcc" "ARCHIVER=arm-none-eabi-ar" "COMPILER_FLAGS=  -O2 -c" "EXTRA_COMPILER_FLAGS=-mcpu=cortex-a9 -mfpu=vfpv3 -mfloat-abi=hard -nostartfiles -g -Wall -Wextra"
"Compiling ddrps"
"Running Make libs in ps7_cortexa9_0/libsrc/devcfg_v3_5/src"
make -C ps7_cortexa9_0/libsrc/devcfg_v3_5/src -s libs  "SHELL=CMD" "COMPILER=arm-none-eabi-gcc" "ARCHIVER=arm-none-eabi-ar" "COMPILER_FLAGS=  -O2 -c" "EXTRA_COMPILER_FLAGS=-mcpu=cortex-a9 -mfpu=vfpv3 -mfloat-abi=hard -nostartfiles -g -Wall -Wextra"
"Compiling devcfg"
"Running Make libs in ps7_cortexa9_0/libsrc/dmaps_v2_4/src"
make -C ps7_cortexa9_0/libsrc/dmaps_v2_4/src -s libs  "SHELL=CMD" "COMPILER=arm-none-eabi-gcc" "ARCHIVER=arm-none-eabi-ar" "COMPILER_FLAGS=  -O2 -c" "EXTRA_COMPILER_FLAGS=-mcpu=cortex-a9 -mfpu=vfpv3 -mfloat-abi=hard -nostartfiles -g -Wall -Wextra"
"Compiling dmaps"
"Running Make libs in ps7_cortexa9_0/libsrc/freertos10_xilinx_v1_3/src"
make -C ps7_cortexa9_0/libsrc/freertos10_xilinx_v1_3/src -s libs  "SHELL=CMD" "COMPILER=arm-none-eabi-gcc" "ARCHIVER=arm-none-eabi-ar" "COMPILER_FLAGS=  -O2 -c" "EXTRA_COMPILER_FLAGS=-mcpu=cortex-a9 -mfpu=vfpv3 -mfloat-abi=hard -nostartfiles -g -Wall -Wextra"
"Compiling standalone"
"Compiling FreeRTOS"
arm-none-eabi-ar: creating ../../../lib/libfreertos.a
"Running Make libs in ps7_cortexa9_0/libsrc/gpiops_v3_5/src"
make -C ps7_cortexa9_0/libsrc/gpiops_v3_5/src -s libs  "SHELL=CMD" "COMPILER=arm-none-eabi-gcc" "ARCHIVER=arm-none-eabi-ar" "COMPILER_FLAGS=  -O2 -c" "EXTRA_COMPILER_FLAGS=-mcpu=cortex-a9 -mfpu=vfpv3 -mfloat-abi=hard -nostartfiles -g -Wall -Wextra"
"Compiling gpiops"
"Running Make libs in ps7_cortexa9_0/libsrc/gpio_v4_4/src"
make -C ps7_cortexa9_0/libsrc/gpio_v4_4/src -s libs  "SHELL=CMD" "COMPILER=arm-none-eabi-gcc" "ARCHIVER=arm-none-eabi-ar" "COMPILER_FLAGS=  -O2 -c" "EXTRA_COMPILER_FLAGS=-mcpu=cortex-a9 -mfpu=vfpv3 -mfloat-abi=hard -nostartfiles -g -Wall -Wextra"
"Compiling gpio"
"Running Make libs in ps7_cortexa9_0/libsrc/Hcsr04_Sensor_v1_0/src"
make -C ps7_cortexa9_0/libsrc/Hcsr04_Sensor_v1_0/src -s libs  "SHELL=CMD" "COMPILER=arm-none-eabi-gcc" "ARCHIVER=arm-none-eabi-ar" "COMPILER_FLAGS=  -O2 -c" "EXTRA_COMPILER_FLAGS=-mcpu=cortex-a9 -mfpu=vfpv3 -mfloat-abi=hard -nostartfiles -g -Wall -Wextra"
"Compiling Hcsr04_Sensor..."
Hcsr04_Sensor_selftest.c: In function 'HCSR04_SENSOR_Reg_SelfTest':
Hcsr04_Sensor_selftest.c:52:62: warning: comparison of integer expressions of different signedness: 'u32' {aka 'long unsigned int'} and 'int' [-Wsign-compare]
    if ( HCSR04_SENSOR_mReadReg (baseaddr, read_loop_index*4) != (read_loop_index+1)*READ_WRITE_MUL_FACTOR){
                                                              ^~
Hcsr04_Sensor_selftest.c:36:6: warning: unused variable 'Index' [-Wunused-variable]
  int Index;
      ^~~~~
"Running Make libs in ps7_cortexa9_0/libsrc/iicps_v3_9/src"
make -C ps7_cortexa9_0/libsrc/iicps_v3_9/src -s libs  "SHELL=CMD" "COMPILER=arm-none-eabi-gcc" "ARCHIVER=arm-none-eabi-ar" "COMPILER_FLAGS=  -O2 -c" "EXTRA_COMPILER_FLAGS=-mcpu=cortex-a9 -mfpu=vfpv3 -mfloat-abi=hard -nostartfiles -g -Wall -Wextra"
"Compiling iicps"
"Running Make libs in ps7_cortexa9_0/libsrc/qspips_v3_6/src"
make -C ps7_cortexa9_0/libsrc/qspips_v3_6/src -s libs  "SHELL=CMD" "COMPILER=arm-none-eabi-gcc" "ARCHIVER=arm-none-eabi-ar" "COMPILER_FLAGS=  -O2 -c" "EXTRA_COMPILER_FLAGS=-mcpu=cortex-a9 -mfpu=vfpv3 -mfloat-abi=hard -nostartfiles -g -Wall -Wextra"
"Compiling qspips"
"Running Make libs in ps7_cortexa9_0/libsrc/scugic_v4_0/src"
make -C ps7_cortexa9_0/libsrc/scugic_v4_0/src -s libs  "SHELL=CMD" "COMPILER=arm-none-eabi-gcc" "ARCHIVER=arm-none-eabi-ar" "COMPILER_FLAGS=  -O2 -c" "EXTRA_COMPILER_FLAGS=-mcpu=cortex-a9 -mfpu=vfpv3 -mfloat-abi=hard -nostartfiles -g -Wall -Wextra"
"Compiling scugic"
"Running Make libs in ps7_cortexa9_0/libsrc/scutimer_v2_1/src"
make -C ps7_cortexa9_0/libsrc/scutimer_v2_1/src -s libs  "SHELL=CMD" "COMPILER=arm-none-eabi-gcc" "ARCHIVER=arm-none-eabi-ar" "COMPILER_FLAGS=  -O2 -c" "EXTRA_COMPILER_FLAGS=-mcpu=cortex-a9 -mfpu=vfpv3 -mfloat-abi=hard -nostartfiles -g -Wall -Wextra"
"Compiling scutimer"
"Running Make libs in ps7_cortexa9_0/libsrc/scuwdt_v2_1/src"
make -C ps7_cortexa9_0/libsrc/scuwdt_v2_1/src -s libs  "SHELL=CMD" "COMPILER=arm-none-eabi-gcc" "ARCHIVER=arm-none-eabi-ar" "COMPILER_FLAGS=  -O2 -c" "EXTRA_COMPILER_FLAGS=-mcpu=cortex-a9 -mfpu=vfpv3 -mfloat-abi=hard -nostartfiles -g -Wall -Wextra"
"Compiling scuwdt"
"Running Make libs in ps7_cortexa9_0/libsrc/sdps_v3_7/src"
make -C ps7_cortexa9_0/libsrc/sdps_v3_7/src -s libs  "SHELL=CMD" "COMPILER=arm-none-eabi-gcc" "ARCHIVER=arm-none-eabi-ar" "COMPILER_FLAGS=  -O2 -c" "EXTRA_COMPILER_FLAGS=-mcpu=cortex-a9 -mfpu=vfpv3 -mfloat-abi=hard -nostartfiles -g -Wall -Wextra"
"Compiling sdps"
"Running Make libs in ps7_cortexa9_0/libsrc/uartps_v3_7/src"
make -C ps7_cortexa9_0/libsrc/uartps_v3_7/src -s libs  "SHELL=CMD" "COMPILER=arm-none-eabi-gcc" "ARCHIVER=arm-none-eabi-ar" "COMPILER_FLAGS=  -O2 -c" "EXTRA_COMPILER_FLAGS=-mcpu=cortex-a9 -mfpu=vfpv3 -mfloat-abi=hard -nostartfiles -g -Wall -Wextra"
"Compiling uartps"
"Running Make libs in ps7_cortexa9_0/libsrc/usbps_v2_4/src"
make -C ps7_cortexa9_0/libsrc/usbps_v2_4/src -s libs  "SHELL=CMD" "COMPILER=arm-none-eabi-gcc" "ARCHIVER=arm-none-eabi-ar" "COMPILER_FLAGS=  -O2 -c" "EXTRA_COMPILER_FLAGS=-mcpu=cortex-a9 -mfpu=vfpv3 -mfloat-abi=hard -nostartfiles -g -Wall -Wextra"
"Compiling usbps"
"Running Make libs in ps7_cortexa9_0/libsrc/WS2812_v1_0/src"
make -C ps7_cortexa9_0/libsrc/WS2812_v1_0/src -s libs  "SHELL=CMD" "COMPILER=arm-none-eabi-gcc" "ARCHIVER=arm-none-eabi-ar" "COMPILER_FLAGS=  -O2 -c" "EXTRA_COMPILER_FLAGS=-mcpu=cortex-a9 -mfpu=vfpv3 -mfloat-abi=hard -nostartfiles -g -Wall -Wextra"
"Compiling WS2812..."
WS2812_selftest.c: In function 'WS2812_Reg_SelfTest':
WS2812_selftest.c:52:55: warning: comparison of integer expressions of different signedness: 'u32' {aka 'long unsigned int'} and 'int' [-Wsign-compare]
    if ( WS2812_mReadReg (baseaddr, read_loop_index*4) != (read_loop_index+1)*READ_WRITE_MUL_FACTOR){
                                                       ^~
WS2812_selftest.c:36:6: warning: unused variable 'Index' [-Wunused-variable]
  int Index;
      ^~~~~
"Running Make libs in ps7_cortexa9_0/libsrc/xadcps_v2_3/src"
make -C ps7_cortexa9_0/libsrc/xadcps_v2_3/src -s libs  "SHELL=CMD" "COMPILER=arm-none-eabi-gcc" "ARCHIVER=arm-none-eabi-ar" "COMPILER_FLAGS=  -O2 -c" "EXTRA_COMPILER_FLAGS=-mcpu=cortex-a9 -mfpu=vfpv3 -mfloat-abi=hard -nostartfiles -g -Wall -Wextra"
"Compiling xadcps"
'Finished building libraries'
23:05:47 **** Incremental Build of configuration Debug for project FreeRTOS_PongGame ****
make pre-build main-build 
a9-linaro-pre-build-step
' '
'Building file: ../src/PongFunc.c'
'Invoking: ARM v7 gcc compiler'
arm-none-eabi-gcc -Wall -O0 -g3 -c -fmessage-length=0 -MT"src/PongFunc.o" -mcpu=cortex-a9 -mfpu=vfpv3 -mfloat-abi=hard -I../../FreeRTOS_PongGame_bsp/ps7_cortexa9_0/include -MMD -MP -MF"src/PongFunc.d" -MT"src/PongFunc.o" -o "src/PongFunc.o" "../src/PongFunc.c"
In file included from ../../FreeRTOS_PongGame_bsp/ps7_cortexa9_0/include/WS2812.h:8,
                 from ../src/PongHead.h:11,
                 from ../src/PongFunc.c:1:
../src/PongFunc.c: In function 'startGPIO':
../../FreeRTOS_PongGame_bsp/ps7_cortexa9_0/include/xstatus.h:61:41: warning: 'return' with a value, in function returning void
 #define XST_FAILURE                     1L
                                         ^~
../src/PongFunc.c:293:10: note: in expansion of macro 'XST_FAILURE'
   return XST_FAILURE;
          ^~~~~~~~~~~
../src/PongFunc.c:285:6: note: declared here
 void startGPIO()
      ^~~~~~~~~
In file included from ../../FreeRTOS_PongGame_bsp/ps7_cortexa9_0/include/WS2812.h:8,
                 from ../src/PongHead.h:11,
                 from ../src/PongFunc.c:1:
../../FreeRTOS_PongGame_bsp/ps7_cortexa9_0/include/xstatus.h:61:41: warning: 'return' with a value, in function returning void
 #define XST_FAILURE                     1L
                                         ^~
../src/PongFunc.c:304:10: note: in expansion of macro 'XST_FAILURE'
   return XST_FAILURE;
          ^~~~~~~~~~~
../src/PongFunc.c:285:6: note: declared here
 void startGPIO()
      ^~~~~~~~~
'Finished building: ../src/PongFunc.c'
' '
'Building file: ../src/freertos_hello_world.c'
'Invoking: ARM v7 gcc compiler'
arm-none-eabi-gcc -Wall -O0 -g3 -c -fmessage-length=0 -MT"src/freertos_hello_world.o" -mcpu=cortex-a9 -mfpu=vfpv3 -mfloat-abi=hard -I../../FreeRTOS_PongGame_bsp/ps7_cortexa9_0/include -MMD -MP -MF"src/freertos_hello_world.d" -MT"src/freertos_hello_world.o" -o "src/freertos_hello_world.o" "../src/freertos_hello_world.c"
../src/freertos_hello_world.c: In function 'vTimerCallback':
../src/freertos_hello_world.c:69:7: warning: variable 'lTimerId' set but not used [-Wunused-but-set-variable]
  long lTimerId;
       ^~~~~~~~
../src/freertos_hello_world.c: In function 'getPlayer1Input':
../src/freertos_hello_world.c:170:18: warning: unused variable 'x1second' [-Wunused-variable]
 const TickType_t x1second = pdMS_TO_TICKS( DELAY_1_SECOND );
                  ^~~~~~~~
../src/freertos_hello_world.c: In function 'gamePongTask':
../src/freertos_hello_world.c:218:18: warning: passing argument 1 of 'getPlayer1Move' from incompatible pointer type [-Wincompatible-pointer-types]
   getPlayer1Move(&movePlayer1);
                  ^~~~~~~~~~~~
In file included from ../src/freertos_hello_world.c:36:
../src/PongHead.h:99:26: note: expected 'u32 *' {aka 'long unsigned int *'} but argument is of type 'int *'
 void getPlayer1Move(u32* Data);
                     ~~~~~^~~~
../src/freertos_hello_world.c:219:18: warning: passing argument 1 of 'getPlayer1Move' from incompatible pointer type [-Wincompatible-pointer-types]
   getPlayer1Move(&movePlayer2);
                  ^~~~~~~~~~~~
In file included from ../src/freertos_hello_world.c:36:
../src/PongHead.h:99:26: note: expected 'u32 *' {aka 'long unsigned int *'} but argument is of type 'int *'
 void getPlayer1Move(u32* Data);
                     ~~~~~^~~~
'Finished building: ../src/freertos_hello_world.c'
' '
'Building target: FreeRTOS_PongGame.elf'
'Invoking: ARM v7 gcc linker'
arm-none-eabi-gcc -mcpu=cortex-a9 -mfpu=vfpv3 -mfloat-abi=hard -Wl,-build-id=none -specs=Xilinx.spec -Wl,-T -Wl,../src/lscript.ld -L../../FreeRTOS_PongGame_bsp/ps7_cortexa9_0/lib -o "FreeRTOS_PongGame.elf"  ./src/PongFunc.o ./src/freertos_hello_world.o   -Wl,--start-group,-lxil,-lfreertos,-lgcc,-lc,--end-group
'Finished building target: FreeRTOS_PongGame.elf'
' '
'Invoking: ARM v7 Print Size'
arm-none-eabi-size FreeRTOS_PongGame.elf  |tee "FreeRTOS_PongGame.elf.size"
   text	   data	    bss	    dec	    hex	filename
 107284	   3392	  89760	 200436	  30ef4	FreeRTOS_PongGame.elf
'Finished building: FreeRTOS_PongGame.elf.size'
' '
23:06:19 **** Incremental Build of configuration Debug for project FreeRTOS_PongGame ****
make pre-build main-build 
a9-linaro-pre-build-step
' '
make: Nothing to be done for 'main-build'.
23:07:21 **** Incremental Build of configuration Debug for project FreeRTOS_PongGame ****
make pre-build main-build 
a9-linaro-pre-build-step
' '
'Building file: ../src/freertos_hello_world.c'
'Invoking: ARM v7 gcc compiler'
arm-none-eabi-gcc -Wall -O0 -g3 -c -fmessage-length=0 -MT"src/freertos_hello_world.o" -mcpu=cortex-a9 -mfpu=vfpv3 -mfloat-abi=hard -I../../FreeRTOS_PongGame_bsp/ps7_cortexa9_0/include -MMD -MP -MF"src/freertos_hello_world.d" -MT"src/freertos_hello_world.o" -o "src/freertos_hello_world.o" "../src/freertos_hello_world.c"
../src/freertos_hello_world.c: In function 'vTimerCallback':
../src/freertos_hello_world.c:69:7: warning: variable 'lTimerId' set but not used [-Wunused-but-set-variable]
  long lTimerId;
       ^~~~~~~~
../src/freertos_hello_world.c: In function 'main':
../src/freertos_hello_world.c:79:14: warning: unused variable 'colourArray' [-Wunused-variable]
  pixelColour colourArray[8][8];
              ^~~~~~~~~~~
../src/freertos_hello_world.c: In function 'getPlayer1Input':
../src/freertos_hello_world.c:170:18: warning: unused variable 'x1second' [-Wunused-variable]
 const TickType_t x1second = pdMS_TO_TICKS( DELAY_1_SECOND );
                  ^~~~~~~~
../src/freertos_hello_world.c: In function 'gamePongTask':
../src/freertos_hello_world.c:218:18: warning: passing argument 1 of 'getPlayer1Move' from incompatible pointer type [-Wincompatible-pointer-types]
   getPlayer1Move(&movePlayer1);
                  ^~~~~~~~~~~~
In file included from ../src/freertos_hello_world.c:36:
../src/PongHead.h:99:26: note: expected 'u32 *' {aka 'long unsigned int *'} but argument is of type 'int *'
 void getPlayer1Move(u32* Data);
                     ~~~~~^~~~
../src/freertos_hello_world.c:219:18: warning: passing argument 1 of 'getPlayer1Move' from incompatible pointer type [-Wincompatible-pointer-types]
   getPlayer1Move(&movePlayer2);
                  ^~~~~~~~~~~~
In file included from ../src/freertos_hello_world.c:36:
../src/PongHead.h:99:26: note: expected 'u32 *' {aka 'long unsigned int *'} but argument is of type 'int *'
 void getPlayer1Move(u32* Data);
                     ~~~~~^~~~
'Finished building: ../src/freertos_hello_world.c'
' '
'Building target: FreeRTOS_PongGame.elf'
'Invoking: ARM v7 gcc linker'
arm-none-eabi-gcc -mcpu=cortex-a9 -mfpu=vfpv3 -mfloat-abi=hard -Wl,-build-id=none -specs=Xilinx.spec -Wl,-T -Wl,../src/lscript.ld -L../../FreeRTOS_PongGame_bsp/ps7_cortexa9_0/lib -o "FreeRTOS_PongGame.elf"  ./src/PongFunc.o ./src/freertos_hello_world.o   -Wl,--start-group,-lxil,-lfreertos,-lgcc,-lc,--end-group
'Finished building target: FreeRTOS_PongGame.elf'
' '
'Invoking: ARM v7 Print Size'
arm-none-eabi-size FreeRTOS_PongGame.elf  |tee "FreeRTOS_PongGame.elf.size"
   text	   data	    bss	    dec	    hex	filename
 107284	   3392	  89760	 200436	  30ef4	FreeRTOS_PongGame.elf
'Finished building: FreeRTOS_PongGame.elf.size'
' '
23:08:02 **** Incremental Build of configuration Debug for project FreeRTOS_PongGame ****
make pre-build main-build 
a9-linaro-pre-build-step
' '
make: Nothing to be done for 'main-build'.
23:08:32 **** Incremental Build of configuration Debug for project FreeRTOS_PongGame ****
make pre-build main-build 
a9-linaro-pre-build-step
' '
'Building file: ../src/freertos_hello_world.c'
'Invoking: ARM v7 gcc compiler'
arm-none-eabi-gcc -Wall -O0 -g3 -c -fmessage-length=0 -MT"src/freertos_hello_world.o" -mcpu=cortex-a9 -mfpu=vfpv3 -mfloat-abi=hard -I../../FreeRTOS_PongGame_bsp/ps7_cortexa9_0/include -MMD -MP -MF"src/freertos_hello_world.d" -MT"src/freertos_hello_world.o" -o "src/freertos_hello_world.o" "../src/freertos_hello_world.c"
../src/freertos_hello_world.c: In function 'vTimerCallback':
../src/freertos_hello_world.c:69:7: warning: variable 'lTimerId' set but not used [-Wunused-but-set-variable]
  long lTimerId;
       ^~~~~~~~
../src/freertos_hello_world.c: In function 'main':
../src/freertos_hello_world.c:79:14: warning: unused variable 'colourArray' [-Wunused-variable]
  pixelColour colourArray[8][8];
              ^~~~~~~~~~~
../src/freertos_hello_world.c: In function 'getPlayer1Input':
../src/freertos_hello_world.c:171:18: warning: unused variable 'x1second' [-Wunused-variable]
 const TickType_t x1second = pdMS_TO_TICKS( DELAY_1_SECOND );
                  ^~~~~~~~
../src/freertos_hello_world.c: In function 'gamePongTask':
../src/freertos_hello_world.c:219:18: warning: passing argument 1 of 'getPlayer1Move' from incompatible pointer type [-Wincompatible-pointer-types]
   getPlayer1Move(&movePlayer1);
                  ^~~~~~~~~~~~
In file included from ../src/freertos_hello_world.c:36:
../src/PongHead.h:99:26: note: expected 'u32 *' {aka 'long unsigned int *'} but argument is of type 'int *'
 void getPlayer1Move(u32* Data);
                     ~~~~~^~~~
../src/freertos_hello_world.c:220:18: warning: passing argument 1 of 'getPlayer1Move' from incompatible pointer type [-Wincompatible-pointer-types]
   getPlayer1Move(&movePlayer2);
                  ^~~~~~~~~~~~
In file included from ../src/freertos_hello_world.c:36:
../src/PongHead.h:99:26: note: expected 'u32 *' {aka 'long unsigned int *'} but argument is of type 'int *'
 void getPlayer1Move(u32* Data);
                     ~~~~~^~~~
'Finished building: ../src/freertos_hello_world.c'
' '
'Building target: FreeRTOS_PongGame.elf'
'Invoking: ARM v7 gcc linker'
arm-none-eabi-gcc -mcpu=cortex-a9 -mfpu=vfpv3 -mfloat-abi=hard -Wl,-build-id=none -specs=Xilinx.spec -Wl,-T -Wl,../src/lscript.ld -L../../FreeRTOS_PongGame_bsp/ps7_cortexa9_0/lib -o "FreeRTOS_PongGame.elf"  ./src/PongFunc.o ./src/freertos_hello_world.o   -Wl,--start-group,-lxil,-lfreertos,-lgcc,-lc,--end-group
'Finished building target: FreeRTOS_PongGame.elf'
' '
'Invoking: ARM v7 Print Size'
arm-none-eabi-size FreeRTOS_PongGame.elf  |tee "FreeRTOS_PongGame.elf.size"
   text	   data	    bss	    dec	    hex	filename
 107284	   3392	  89760	 200436	  30ef4	FreeRTOS_PongGame.elf
'Finished building: FreeRTOS_PongGame.elf.size'
' '
23:08:58 **** Incremental Build of configuration Debug for project FreeRTOS_PongGame ****
make pre-build main-build 
a9-linaro-pre-build-step
' '
make: Nothing to be done for 'main-build'.
23:16:31 **** Incremental Build of configuration Debug for project FreeRTOS_PongGame ****
make pre-build main-build 
a9-linaro-pre-build-step
' '
'Building file: ../src/freertos_hello_world.c'
'Invoking: ARM v7 gcc compiler'
arm-none-eabi-gcc -Wall -O0 -g3 -c -fmessage-length=0 -MT"src/freertos_hello_world.o" -mcpu=cortex-a9 -mfpu=vfpv3 -mfloat-abi=hard -I../../FreeRTOS_PongGame_bsp/ps7_cortexa9_0/include -MMD -MP -MF"src/freertos_hello_world.d" -MT"src/freertos_hello_world.o" -o "src/freertos_hello_world.o" "../src/freertos_hello_world.c"
../src/freertos_hello_world.c: In function 'vTimerCallback':
../src/freertos_hello_world.c:69:7: warning: variable 'lTimerId' set but not used [-Wunused-but-set-variable]
  long lTimerId;
       ^~~~~~~~
../src/freertos_hello_world.c: In function 'main':
../src/freertos_hello_world.c:79:14: warning: unused variable 'colourArray' [-Wunused-variable]
  pixelColour colourArray[8][8];
              ^~~~~~~~~~~
../src/freertos_hello_world.c: In function 'getPlayer1Input':
../src/freertos_hello_world.c:171:18: warning: unused variable 'x1second' [-Wunused-variable]
 const TickType_t x1second = pdMS_TO_TICKS( DELAY_1_SECOND );
                  ^~~~~~~~
../src/freertos_hello_world.c: In function 'gamePongTask':
../src/freertos_hello_world.c:219:18: warning: passing argument 1 of 'getPlayer1Move' from incompatible pointer type [-Wincompatible-pointer-types]
   getPlayer1Move(&movePlayer1);
                  ^~~~~~~~~~~~
In file included from ../src/freertos_hello_world.c:36:
../src/PongHead.h:99:26: note: expected 'u32 *' {aka 'long unsigned int *'} but argument is of type 'int *'
 void getPlayer1Move(u32* Data);
                     ~~~~~^~~~
../src/freertos_hello_world.c:220:18: warning: passing argument 1 of 'getPlayer1Move' from incompatible pointer type [-Wincompatible-pointer-types]
   getPlayer1Move(&movePlayer2);
                  ^~~~~~~~~~~~
In file included from ../src/freertos_hello_world.c:36:
../src/PongHead.h:99:26: note: expected 'u32 *' {aka 'long unsigned int *'} but argument is of type 'int *'
 void getPlayer1Move(u32* Data);
                     ~~~~~^~~~
'Finished building: ../src/freertos_hello_world.c'
' '
'Building target: FreeRTOS_PongGame.elf'
'Invoking: ARM v7 gcc linker'
arm-none-eabi-gcc -mcpu=cortex-a9 -mfpu=vfpv3 -mfloat-abi=hard -Wl,-build-id=none -specs=Xilinx.spec -Wl,-T -Wl,../src/lscript.ld -L../../FreeRTOS_PongGame_bsp/ps7_cortexa9_0/lib -o "FreeRTOS_PongGame.elf"  ./src/PongFunc.o ./src/freertos_hello_world.o   -Wl,--start-group,-lxil,-lfreertos,-lgcc,-lc,--end-group
'Finished building target: FreeRTOS_PongGame.elf'
' '
'Invoking: ARM v7 Print Size'
arm-none-eabi-size FreeRTOS_PongGame.elf  |tee "FreeRTOS_PongGame.elf.size"
   text	   data	    bss	    dec	    hex	filename
 107292	   3392	  89760	 200444	  30efc	FreeRTOS_PongGame.elf
'Finished building: FreeRTOS_PongGame.elf.size'
' '
23:18:06 **** Incremental Build of configuration Debug for project FreeRTOS_PongGame ****
make pre-build main-build 
a9-linaro-pre-build-step
' '
'Building file: ../src/freertos_hello_world.c'
'Invoking: ARM v7 gcc compiler'
arm-none-eabi-gcc -Wall -O0 -g3 -c -fmessage-length=0 -MT"src/freertos_hello_world.o" -mcpu=cortex-a9 -mfpu=vfpv3 -mfloat-abi=hard -I../../FreeRTOS_PongGame_bsp/ps7_cortexa9_0/include -MMD -MP -MF"src/freertos_hello_world.d" -MT"src/freertos_hello_world.o" -o "src/freertos_hello_world.o" "../src/freertos_hello_world.c"
../src/freertos_hello_world.c: In function 'vTimerCallback':
../src/freertos_hello_world.c:69:7: warning: variable 'lTimerId' set but not used [-Wunused-but-set-variable]
  long lTimerId;
       ^~~~~~~~
../src/freertos_hello_world.c: In function 'main':
../src/freertos_hello_world.c:79:14: warning: unused variable 'colourArray' [-Wunused-variable]
  pixelColour colourArray[8][8];
              ^~~~~~~~~~~
../src/freertos_hello_world.c: In function 'getPlayer1Input':
../src/freertos_hello_world.c:171:18: warning: unused variable 'x1second' [-Wunused-variable]
 const TickType_t x1second = pdMS_TO_TICKS( DELAY_1_SECOND );
                  ^~~~~~~~
../src/freertos_hello_world.c: In function 'gamePongTask':
../src/freertos_hello_world.c:219:18: warning: passing argument 1 of 'getPlayer1Move' from incompatible pointer type [-Wincompatible-pointer-types]
   getPlayer1Move(&movePlayer1);
                  ^~~~~~~~~~~~
In file included from ../src/freertos_hello_world.c:36:
../src/PongHead.h:99:26: note: expected 'u32 *' {aka 'long unsigned int *'} but argument is of type 'int *'
 void getPlayer1Move(u32* Data);
                     ~~~~~^~~~
../src/freertos_hello_world.c:220:18: warning: passing argument 1 of 'getPlayer1Move' from incompatible pointer type [-Wincompatible-pointer-types]
   getPlayer1Move(&movePlayer2);
                  ^~~~~~~~~~~~
In file included from ../src/freertos_hello_world.c:36:
../src/PongHead.h:99:26: note: expected 'u32 *' {aka 'long unsigned int *'} but argument is of type 'int *'
 void getPlayer1Move(u32* Data);
                     ~~~~~^~~~
'Finished building: ../src/freertos_hello_world.c'
' '
'Building target: FreeRTOS_PongGame.elf'
'Invoking: ARM v7 gcc linker'
arm-none-eabi-gcc -mcpu=cortex-a9 -mfpu=vfpv3 -mfloat-abi=hard -Wl,-build-id=none -specs=Xilinx.spec -Wl,-T -Wl,../src/lscript.ld -L../../FreeRTOS_PongGame_bsp/ps7_cortexa9_0/lib -o "FreeRTOS_PongGame.elf"  ./src/PongFunc.o ./src/freertos_hello_world.o   -Wl,--start-group,-lxil,-lfreertos,-lgcc,-lc,--end-group
'Finished building target: FreeRTOS_PongGame.elf'
' '
'Invoking: ARM v7 Print Size'
arm-none-eabi-size FreeRTOS_PongGame.elf  |tee "FreeRTOS_PongGame.elf.size"
   text	   data	    bss	    dec	    hex	filename
 107292	   3392	  89760	 200444	  30efc	FreeRTOS_PongGame.elf
'Finished building: FreeRTOS_PongGame.elf.size'
' '
23:18:25 **** Incremental Build of configuration Debug for project FreeRTOS_PongGame ****
make pre-build main-build 
a9-linaro-pre-build-step
' '
make: Nothing to be done for 'main-build'.
23:22:50 **** Incremental Build of configuration Debug for project FreeRTOS_PongGame ****
make pre-build main-build 
a9-linaro-pre-build-step
' '
'Building file: ../src/freertos_hello_world.c'
'Invoking: ARM v7 gcc compiler'
arm-none-eabi-gcc -Wall -O0 -g3 -c -fmessage-length=0 -MT"src/freertos_hello_world.o" -mcpu=cortex-a9 -mfpu=vfpv3 -mfloat-abi=hard -I../../FreeRTOS_PongGame_bsp/ps7_cortexa9_0/include -MMD -MP -MF"src/freertos_hello_world.d" -MT"src/freertos_hello_world.o" -o "src/freertos_hello_world.o" "../src/freertos_hello_world.c"
../src/freertos_hello_world.c: In function 'vTimerCallback':
../src/freertos_hello_world.c:69:7: warning: variable 'lTimerId' set but not used [-Wunused-but-set-variable]
  long lTimerId;
       ^~~~~~~~
../src/freertos_hello_world.c: In function 'main':
../src/freertos_hello_world.c:79:14: warning: unused variable 'colourArray' [-Wunused-variable]
  pixelColour colourArray[8][8];
              ^~~~~~~~~~~
../src/freertos_hello_world.c: In function 'getPlayer1Input':
../src/freertos_hello_world.c:171:18: warning: unused variable 'x1second' [-Wunused-variable]
 const TickType_t x1second = pdMS_TO_TICKS( DELAY_1_SECOND );
                  ^~~~~~~~
../src/freertos_hello_world.c: In function 'gamePongTask':
../src/freertos_hello_world.c:219:18: warning: passing argument 1 of 'getPlayer1Move' from incompatible pointer type [-Wincompatible-pointer-types]
   getPlayer1Move(&movePlayer1);
                  ^~~~~~~~~~~~
In file included from ../src/freertos_hello_world.c:36:
../src/PongHead.h:99:26: note: expected 'u32 *' {aka 'long unsigned int *'} but argument is of type 'int *'
 void getPlayer1Move(u32* Data);
                     ~~~~~^~~~
../src/freertos_hello_world.c:220:18: warning: passing argument 1 of 'getPlayer1Move' from incompatible pointer type [-Wincompatible-pointer-types]
   getPlayer1Move(&movePlayer2);
                  ^~~~~~~~~~~~
In file included from ../src/freertos_hello_world.c:36:
../src/PongHead.h:99:26: note: expected 'u32 *' {aka 'long unsigned int *'} but argument is of type 'int *'
 void getPlayer1Move(u32* Data);
                     ~~~~~^~~~
'Finished building: ../src/freertos_hello_world.c'
' '
'Building target: FreeRTOS_PongGame.elf'
'Invoking: ARM v7 gcc linker'
arm-none-eabi-gcc -mcpu=cortex-a9 -mfpu=vfpv3 -mfloat-abi=hard -Wl,-build-id=none -specs=Xilinx.spec -Wl,-T -Wl,../src/lscript.ld -L../../FreeRTOS_PongGame_bsp/ps7_cortexa9_0/lib -o "FreeRTOS_PongGame.elf"  ./src/PongFunc.o ./src/freertos_hello_world.o   -Wl,--start-group,-lxil,-lfreertos,-lgcc,-lc,--end-group
'Finished building target: FreeRTOS_PongGame.elf'
' '
'Invoking: ARM v7 Print Size'
arm-none-eabi-size FreeRTOS_PongGame.elf  |tee "FreeRTOS_PongGame.elf.size"
   text	   data	    bss	    dec	    hex	filename
 107372	   3392	  89760	 200524	  30f4c	FreeRTOS_PongGame.elf
'Finished building: FreeRTOS_PongGame.elf.size'
' '
23:25:03 **** Incremental Build of configuration Debug for project FreeRTOS_PongGame ****
make pre-build main-build 
a9-linaro-pre-build-step
' '
'Building file: ../src/freertos_hello_world.c'
'Invoking: ARM v7 gcc compiler'
arm-none-eabi-gcc -Wall -O0 -g3 -c -fmessage-length=0 -MT"src/freertos_hello_world.o" -mcpu=cortex-a9 -mfpu=vfpv3 -mfloat-abi=hard -I../../FreeRTOS_PongGame_bsp/ps7_cortexa9_0/include -MMD -MP -MF"src/freertos_hello_world.d" -MT"src/freertos_hello_world.o" -o "src/freertos_hello_world.o" "../src/freertos_hello_world.c"
../src/freertos_hello_world.c: In function 'vTimerCallback':
../src/freertos_hello_world.c:69:7: warning: variable 'lTimerId' set but not used [-Wunused-but-set-variable]
  long lTimerId;
       ^~~~~~~~
../src/freertos_hello_world.c: In function 'main':
../src/freertos_hello_world.c:79:14: warning: unused variable 'colourArray' [-Wunused-variable]
  pixelColour colourArray[8][8];
              ^~~~~~~~~~~
../src/freertos_hello_world.c: In function 'gamePongTask':
../src/freertos_hello_world.c:220:18: warning: passing argument 1 of 'getPlayer1Move' from incompatible pointer type [-Wincompatible-pointer-types]
   getPlayer1Move(&movePlayer1);
                  ^~~~~~~~~~~~
In file included from ../src/freertos_hello_world.c:36:
../src/PongHead.h:99:26: note: expected 'u32 *' {aka 'long unsigned int *'} but argument is of type 'int *'
 void getPlayer1Move(u32* Data);
                     ~~~~~^~~~
../src/freertos_hello_world.c:221:18: warning: passing argument 1 of 'getPlayer1Move' from incompatible pointer type [-Wincompatible-pointer-types]
   getPlayer1Move(&movePlayer2);
                  ^~~~~~~~~~~~
In file included from ../src/freertos_hello_world.c:36:
../src/PongHead.h:99:26: note: expected 'u32 *' {aka 'long unsigned int *'} but argument is of type 'int *'
 void getPlayer1Move(u32* Data);
                     ~~~~~^~~~
'Finished building: ../src/freertos_hello_world.c'
' '
'Building target: FreeRTOS_PongGame.elf'
'Invoking: ARM v7 gcc linker'
arm-none-eabi-gcc -mcpu=cortex-a9 -mfpu=vfpv3 -mfloat-abi=hard -Wl,-build-id=none -specs=Xilinx.spec -Wl,-T -Wl,../src/lscript.ld -L../../FreeRTOS_PongGame_bsp/ps7_cortexa9_0/lib -o "FreeRTOS_PongGame.elf"  ./src/PongFunc.o ./src/freertos_hello_world.o   -Wl,--start-group,-lxil,-lfreertos,-lgcc,-lc,--end-group
'Finished building target: FreeRTOS_PongGame.elf'
' '
'Invoking: ARM v7 Print Size'
arm-none-eabi-size FreeRTOS_PongGame.elf  |tee "FreeRTOS_PongGame.elf.size"
   text	   data	    bss	    dec	    hex	filename
 107372	   3392	  89760	 200524	  30f4c	FreeRTOS_PongGame.elf
'Finished building: FreeRTOS_PongGame.elf.size'
' '
23:25:31 **** Incremental Build of configuration Debug for project FreeRTOS_PongGame ****
make pre-build main-build 
a9-linaro-pre-build-step
' '
'Building file: ../src/freertos_hello_world.c'
'Invoking: ARM v7 gcc compiler'
arm-none-eabi-gcc -Wall -O0 -g3 -c -fmessage-length=0 -MT"src/freertos_hello_world.o" -mcpu=cortex-a9 -mfpu=vfpv3 -mfloat-abi=hard -I../../FreeRTOS_PongGame_bsp/ps7_cortexa9_0/include -MMD -MP -MF"src/freertos_hello_world.d" -MT"src/freertos_hello_world.o" -o "src/freertos_hello_world.o" "../src/freertos_hello_world.c"
../src/freertos_hello_world.c: In function 'vTimerCallback':
../src/freertos_hello_world.c:69:7: warning: variable 'lTimerId' set but not used [-Wunused-but-set-variable]
  long lTimerId;
       ^~~~~~~~
../src/freertos_hello_world.c: In function 'main':
../src/freertos_hello_world.c:79:14: warning: unused variable 'colourArray' [-Wunused-variable]
  pixelColour colourArray[8][8];
              ^~~~~~~~~~~
../src/freertos_hello_world.c: In function 'gamePongTask':
../src/freertos_hello_world.c:221:18: warning: passing argument 1 of 'getPlayer1Move' from incompatible pointer type [-Wincompatible-pointer-types]
   getPlayer1Move(&movePlayer1);
                  ^~~~~~~~~~~~
In file included from ../src/freertos_hello_world.c:36:
../src/PongHead.h:99:26: note: expected 'u32 *' {aka 'long unsigned int *'} but argument is of type 'int *'
 void getPlayer1Move(u32* Data);
                     ~~~~~^~~~
../src/freertos_hello_world.c:222:18: warning: passing argument 1 of 'getPlayer1Move' from incompatible pointer type [-Wincompatible-pointer-types]
   getPlayer1Move(&movePlayer2);
                  ^~~~~~~~~~~~
In file included from ../src/freertos_hello_world.c:36:
../src/PongHead.h:99:26: note: expected 'u32 *' {aka 'long unsigned int *'} but argument is of type 'int *'
 void getPlayer1Move(u32* Data);
                     ~~~~~^~~~
'Finished building: ../src/freertos_hello_world.c'
' '
'Building target: FreeRTOS_PongGame.elf'
'Invoking: ARM v7 gcc linker'
arm-none-eabi-gcc -mcpu=cortex-a9 -mfpu=vfpv3 -mfloat-abi=hard -Wl,-build-id=none -specs=Xilinx.spec -Wl,-T -Wl,../src/lscript.ld -L../../FreeRTOS_PongGame_bsp/ps7_cortexa9_0/lib -o "FreeRTOS_PongGame.elf"  ./src/PongFunc.o ./src/freertos_hello_world.o   -Wl,--start-group,-lxil,-lfreertos,-lgcc,-lc,--end-group
'Finished building target: FreeRTOS_PongGame.elf'
' '
'Invoking: ARM v7 Print Size'
arm-none-eabi-size FreeRTOS_PongGame.elf  |tee "FreeRTOS_PongGame.elf.size"
   text	   data	    bss	    dec	    hex	filename
 107372	   3392	  89760	 200524	  30f4c	FreeRTOS_PongGame.elf
'Finished building: FreeRTOS_PongGame.elf.size'
' '
23:25:46 **** Incremental Build of configuration Debug for project FreeRTOS_PongGame ****
make pre-build main-build 
a9-linaro-pre-build-step
' '
make: Nothing to be done for 'main-build'.
23:26:35 **** Incremental Build of configuration Debug for project FreeRTOS_PongGame ****
make pre-build main-build 
a9-linaro-pre-build-step
' '
'Building file: ../src/freertos_hello_world.c'
'Invoking: ARM v7 gcc compiler'
arm-none-eabi-gcc -Wall -O0 -g3 -c -fmessage-length=0 -MT"src/freertos_hello_world.o" -mcpu=cortex-a9 -mfpu=vfpv3 -mfloat-abi=hard -I../../FreeRTOS_PongGame_bsp/ps7_cortexa9_0/include -MMD -MP -MF"src/freertos_hello_world.d" -MT"src/freertos_hello_world.o" -o "src/freertos_hello_world.o" "../src/freertos_hello_world.c"
../src/freertos_hello_world.c: In function 'vTimerCallback':
../src/freertos_hello_world.c:69:7: warning: variable 'lTimerId' set but not used [-Wunused-but-set-variable]
  long lTimerId;
       ^~~~~~~~
../src/freertos_hello_world.c: In function 'main':
../src/freertos_hello_world.c:79:14: warning: unused variable 'colourArray' [-Wunused-variable]
  pixelColour colourArray[8][8];
              ^~~~~~~~~~~
../src/freertos_hello_world.c: In function 'gamePongTask':
../src/freertos_hello_world.c:223:18: warning: passing argument 1 of 'getPlayer1Move' from incompatible pointer type [-Wincompatible-pointer-types]
   getPlayer1Move(&movePlayer1);
                  ^~~~~~~~~~~~
In file included from ../src/freertos_hello_world.c:36:
../src/PongHead.h:99:26: note: expected 'u32 *' {aka 'long unsigned int *'} but argument is of type 'int *'
 void getPlayer1Move(u32* Data);
                     ~~~~~^~~~
../src/freertos_hello_world.c:224:18: warning: passing argument 1 of 'getPlayer1Move' from incompatible pointer type [-Wincompatible-pointer-types]
   getPlayer1Move(&movePlayer2);
                  ^~~~~~~~~~~~
In file included from ../src/freertos_hello_world.c:36:
../src/PongHead.h:99:26: note: expected 'u32 *' {aka 'long unsigned int *'} but argument is of type 'int *'
 void getPlayer1Move(u32* Data);
                     ~~~~~^~~~
'Finished building: ../src/freertos_hello_world.c'
' '
'Building target: FreeRTOS_PongGame.elf'
'Invoking: ARM v7 gcc linker'
arm-none-eabi-gcc -mcpu=cortex-a9 -mfpu=vfpv3 -mfloat-abi=hard -Wl,-build-id=none -specs=Xilinx.spec -Wl,-T -Wl,../src/lscript.ld -L../../FreeRTOS_PongGame_bsp/ps7_cortexa9_0/lib -o "FreeRTOS_PongGame.elf"  ./src/PongFunc.o ./src/freertos_hello_world.o   -Wl,--start-group,-lxil,-lfreertos,-lgcc,-lc,--end-group
'Finished building target: FreeRTOS_PongGame.elf'
' '
'Invoking: ARM v7 Print Size'
arm-none-eabi-size FreeRTOS_PongGame.elf  |tee "FreeRTOS_PongGame.elf.size"
   text	   data	    bss	    dec	    hex	filename
 107436	   3392	  89760	 200588	  30f8c	FreeRTOS_PongGame.elf
'Finished building: FreeRTOS_PongGame.elf.size'
' '
23:33:05 **** Incremental Build of configuration Debug for project FreeRTOS_PongGame ****
make pre-build main-build 
a9-linaro-pre-build-step
' '
'Building file: ../src/freertos_hello_world.c'
'Invoking: ARM v7 gcc compiler'
arm-none-eabi-gcc -Wall -O0 -g3 -c -fmessage-length=0 -MT"src/freertos_hello_world.o" -mcpu=cortex-a9 -mfpu=vfpv3 -mfloat-abi=hard -I../../FreeRTOS_PongGame_bsp/ps7_cortexa9_0/include -MMD -MP -MF"src/freertos_hello_world.d" -MT"src/freertos_hello_world.o" -o "src/freertos_hello_world.o" "../src/freertos_hello_world.c"
../src/freertos_hello_world.c: In function 'vTimerCallback':
../src/freertos_hello_world.c:69:7: warning: variable 'lTimerId' set but not used [-Wunused-but-set-variable]
  long lTimerId;
       ^~~~~~~~
../src/freertos_hello_world.c: In function 'main':
../src/freertos_hello_world.c:79:14: warning: unused variable 'colourArray' [-Wunused-variable]
  pixelColour colourArray[8][8];
              ^~~~~~~~~~~
../src/freertos_hello_world.c: In function 'gamePongTask':
../src/freertos_hello_world.c:223:18: warning: passing argument 1 of 'getPlayer1Move' from incompatible pointer type [-Wincompatible-pointer-types]
   getPlayer1Move(&movePlayer1);
                  ^~~~~~~~~~~~
In file included from ../src/freertos_hello_world.c:36:
../src/PongHead.h:99:26: note: expected 'u32 *' {aka 'long unsigned int *'} but argument is of type 'int *'
 void getPlayer1Move(u32* Data);
                     ~~~~~^~~~
../src/freertos_hello_world.c:224:18: warning: passing argument 1 of 'getPlayer1Move' from incompatible pointer type [-Wincompatible-pointer-types]
   getPlayer1Move(&movePlayer2);
                  ^~~~~~~~~~~~
In file included from ../src/freertos_hello_world.c:36:
../src/PongHead.h:99:26: note: expected 'u32 *' {aka 'long unsigned int *'} but argument is of type 'int *'
 void getPlayer1Move(u32* Data);
                     ~~~~~^~~~
'Finished building: ../src/freertos_hello_world.c'
' '
'Building target: FreeRTOS_PongGame.elf'
'Invoking: ARM v7 gcc linker'
arm-none-eabi-gcc -mcpu=cortex-a9 -mfpu=vfpv3 -mfloat-abi=hard -Wl,-build-id=none -specs=Xilinx.spec -Wl,-T -Wl,../src/lscript.ld -L../../FreeRTOS_PongGame_bsp/ps7_cortexa9_0/lib -o "FreeRTOS_PongGame.elf"  ./src/PongFunc.o ./src/freertos_hello_world.o   -Wl,--start-group,-lxil,-lfreertos,-lgcc,-lc,--end-group
'Finished building target: FreeRTOS_PongGame.elf'
' '
'Invoking: ARM v7 Print Size'
arm-none-eabi-size FreeRTOS_PongGame.elf  |tee "FreeRTOS_PongGame.elf.size"
   text	   data	    bss	    dec	    hex	filename
 107436	   3392	  89760	 200588	  30f8c	FreeRTOS_PongGame.elf
'Finished building: FreeRTOS_PongGame.elf.size'
' '
23:33:35 **** Incremental Build of configuration Debug for project FreeRTOS_PongGame ****
make pre-build main-build 
a9-linaro-pre-build-step
' '
'Building file: ../src/freertos_hello_world.c'
'Invoking: ARM v7 gcc compiler'
arm-none-eabi-gcc -Wall -O0 -g3 -c -fmessage-length=0 -MT"src/freertos_hello_world.o" -mcpu=cortex-a9 -mfpu=vfpv3 -mfloat-abi=hard -I../../FreeRTOS_PongGame_bsp/ps7_cortexa9_0/include -MMD -MP -MF"src/freertos_hello_world.d" -MT"src/freertos_hello_world.o" -o "src/freertos_hello_world.o" "../src/freertos_hello_world.c"
../src/freertos_hello_world.c: In function 'vTimerCallback':
../src/freertos_hello_world.c:69:7: warning: variable 'lTimerId' set but not used [-Wunused-but-set-variable]
  long lTimerId;
       ^~~~~~~~
../src/freertos_hello_world.c: In function 'main':
../src/freertos_hello_world.c:79:14: warning: unused variable 'colourArray' [-Wunused-variable]
  pixelColour colourArray[8][8];
              ^~~~~~~~~~~
../src/freertos_hello_world.c: In function 'gamePongTask':
../src/freertos_hello_world.c:223:18: warning: passing argument 1 of 'getPlayer1Move' from incompatible pointer type [-Wincompatible-pointer-types]
   getPlayer1Move(&movePlayer1);
                  ^~~~~~~~~~~~
In file included from ../src/freertos_hello_world.c:36:
../src/PongHead.h:99:26: note: expected 'u32 *' {aka 'long unsigned int *'} but argument is of type 'int *'
 void getPlayer1Move(u32* Data);
                     ~~~~~^~~~
../src/freertos_hello_world.c:224:18: warning: passing argument 1 of 'getPlayer1Move' from incompatible pointer type [-Wincompatible-pointer-types]
   getPlayer1Move(&movePlayer2);
                  ^~~~~~~~~~~~
In file included from ../src/freertos_hello_world.c:36:
../src/PongHead.h:99:26: note: expected 'u32 *' {aka 'long unsigned int *'} but argument is of type 'int *'
 void getPlayer1Move(u32* Data);
                     ~~~~~^~~~
'Finished building: ../src/freertos_hello_world.c'
' '
'Building target: FreeRTOS_PongGame.elf'
'Invoking: ARM v7 gcc linker'
arm-none-eabi-gcc -mcpu=cortex-a9 -mfpu=vfpv3 -mfloat-abi=hard -Wl,-build-id=none -specs=Xilinx.spec -Wl,-T -Wl,../src/lscript.ld -L../../FreeRTOS_PongGame_bsp/ps7_cortexa9_0/lib -o "FreeRTOS_PongGame.elf"  ./src/PongFunc.o ./src/freertos_hello_world.o   -Wl,--start-group,-lxil,-lfreertos,-lgcc,-lc,--end-group
'Finished building target: FreeRTOS_PongGame.elf'
' '
'Invoking: ARM v7 Print Size'
arm-none-eabi-size FreeRTOS_PongGame.elf  |tee "FreeRTOS_PongGame.elf.size"
   text	   data	    bss	    dec	    hex	filename
 107436	   3392	  89760	 200588	  30f8c	FreeRTOS_PongGame.elf
'Finished building: FreeRTOS_PongGame.elf.size'
' '
23:34:51 **** Incremental Build of configuration Debug for project FreeRTOS_PongGame ****
make pre-build main-build 
a9-linaro-pre-build-step
' '
make: Nothing to be done for 'main-build'.
23:35:55 **** Incremental Build of configuration Debug for project FreeRTOS_PongGame ****
make pre-build main-build 
a9-linaro-pre-build-step
' '
'Building file: ../src/freertos_hello_world.c'
'Invoking: ARM v7 gcc compiler'
arm-none-eabi-gcc -Wall -O0 -g3 -c -fmessage-length=0 -MT"src/freertos_hello_world.o" -mcpu=cortex-a9 -mfpu=vfpv3 -mfloat-abi=hard -I../../FreeRTOS_PongGame_bsp/ps7_cortexa9_0/include -MMD -MP -MF"src/freertos_hello_world.d" -MT"src/freertos_hello_world.o" -o "src/freertos_hello_world.o" "../src/freertos_hello_world.c"
../src/freertos_hello_world.c: In function 'vTimerCallback':
../src/freertos_hello_world.c:69:7: warning: variable 'lTimerId' set but not used [-Wunused-but-set-variable]
  long lTimerId;
       ^~~~~~~~
../src/freertos_hello_world.c: In function 'main':
../src/freertos_hello_world.c:79:14: warning: unused variable 'colourArray' [-Wunused-variable]
  pixelColour colourArray[8][8];
              ^~~~~~~~~~~
../src/freertos_hello_world.c: In function 'gamePongTask':
../src/freertos_hello_world.c:223:18: warning: passing argument 1 of 'getPlayer1Move' from incompatible pointer type [-Wincompatible-pointer-types]
   getPlayer1Move(&movePlayer1);
                  ^~~~~~~~~~~~
In file included from ../src/freertos_hello_world.c:36:
../src/PongHead.h:99:26: note: expected 'u32 *' {aka 'long unsigned int *'} but argument is of type 'int *'
 void getPlayer1Move(u32* Data);
                     ~~~~~^~~~
../src/freertos_hello_world.c:224:18: warning: passing argument 1 of 'getPlayer1Move' from incompatible pointer type [-Wincompatible-pointer-types]
   getPlayer1Move(&movePlayer2);
                  ^~~~~~~~~~~~
In file included from ../src/freertos_hello_world.c:36:
../src/PongHead.h:99:26: note: expected 'u32 *' {aka 'long unsigned int *'} but argument is of type 'int *'
 void getPlayer1Move(u32* Data);
                     ~~~~~^~~~
'Finished building: ../src/freertos_hello_world.c'
' '
'Building target: FreeRTOS_PongGame.elf'
'Invoking: ARM v7 gcc linker'
arm-none-eabi-gcc -mcpu=cortex-a9 -mfpu=vfpv3 -mfloat-abi=hard -Wl,-build-id=none -specs=Xilinx.spec -Wl,-T -Wl,../src/lscript.ld -L../../FreeRTOS_PongGame_bsp/ps7_cortexa9_0/lib -o "FreeRTOS_PongGame.elf"  ./src/PongFunc.o ./src/freertos_hello_world.o   -Wl,--start-group,-lxil,-lfreertos,-lgcc,-lc,--end-group
'Finished building target: FreeRTOS_PongGame.elf'
' '
'Invoking: ARM v7 Print Size'
arm-none-eabi-size FreeRTOS_PongGame.elf  |tee "FreeRTOS_PongGame.elf.size"
   text	   data	    bss	    dec	    hex	filename
 107436	   3392	  89760	 200588	  30f8c	FreeRTOS_PongGame.elf
'Finished building: FreeRTOS_PongGame.elf.size'
' '
23:37:08 **** Incremental Build of configuration Debug for project FreeRTOS_PongGame ****
make pre-build main-build 
a9-linaro-pre-build-step
' '
'Building file: ../src/freertos_hello_world.c'
'Invoking: ARM v7 gcc compiler'
arm-none-eabi-gcc -Wall -O0 -g3 -c -fmessage-length=0 -MT"src/freertos_hello_world.o" -mcpu=cortex-a9 -mfpu=vfpv3 -mfloat-abi=hard -I../../FreeRTOS_PongGame_bsp/ps7_cortexa9_0/include -MMD -MP -MF"src/freertos_hello_world.d" -MT"src/freertos_hello_world.o" -o "src/freertos_hello_world.o" "../src/freertos_hello_world.c"
../src/freertos_hello_world.c: In function 'vTimerCallback':
../src/freertos_hello_world.c:69:7: warning: variable 'lTimerId' set but not used [-Wunused-but-set-variable]
  long lTimerId;
       ^~~~~~~~
../src/freertos_hello_world.c: In function 'main':
../src/freertos_hello_world.c:79:14: warning: unused variable 'colourArray' [-Wunused-variable]
  pixelColour colourArray[8][8];
              ^~~~~~~~~~~
../src/freertos_hello_world.c: In function 'gamePongTask':
../src/freertos_hello_world.c:223:18: warning: passing argument 1 of 'getPlayer1Move' from incompatible pointer type [-Wincompatible-pointer-types]
   getPlayer1Move(&movePlayer1);
                  ^~~~~~~~~~~~
In file included from ../src/freertos_hello_world.c:36:
../src/PongHead.h:99:26: note: expected 'u32 *' {aka 'long unsigned int *'} but argument is of type 'int *'
 void getPlayer1Move(u32* Data);
                     ~~~~~^~~~
../src/freertos_hello_world.c:224:18: warning: passing argument 1 of 'getPlayer1Move' from incompatible pointer type [-Wincompatible-pointer-types]
   getPlayer1Move(&movePlayer2);
                  ^~~~~~~~~~~~
In file included from ../src/freertos_hello_world.c:36:
../src/PongHead.h:99:26: note: expected 'u32 *' {aka 'long unsigned int *'} but argument is of type 'int *'
 void getPlayer1Move(u32* Data);
                     ~~~~~^~~~
'Finished building: ../src/freertos_hello_world.c'
' '
'Building target: FreeRTOS_PongGame.elf'
'Invoking: ARM v7 gcc linker'
arm-none-eabi-gcc -mcpu=cortex-a9 -mfpu=vfpv3 -mfloat-abi=hard -Wl,-build-id=none -specs=Xilinx.spec -Wl,-T -Wl,../src/lscript.ld -L../../FreeRTOS_PongGame_bsp/ps7_cortexa9_0/lib -o "FreeRTOS_PongGame.elf"  ./src/PongFunc.o ./src/freertos_hello_world.o   -Wl,--start-group,-lxil,-lfreertos,-lgcc,-lc,--end-group
'Finished building target: FreeRTOS_PongGame.elf'
' '
'Invoking: ARM v7 Print Size'
arm-none-eabi-size FreeRTOS_PongGame.elf  |tee "FreeRTOS_PongGame.elf.size"
   text	   data	    bss	    dec	    hex	filename
 107436	   3392	  89760	 200588	  30f8c	FreeRTOS_PongGame.elf
'Finished building: FreeRTOS_PongGame.elf.size'
' '
23:37:29 **** Incremental Build of configuration Debug for project FreeRTOS_PongGame ****
make pre-build main-build 
a9-linaro-pre-build-step
' '
'Building file: ../src/freertos_hello_world.c'
'Invoking: ARM v7 gcc compiler'
arm-none-eabi-gcc -Wall -O0 -g3 -c -fmessage-length=0 -MT"src/freertos_hello_world.o" -mcpu=cortex-a9 -mfpu=vfpv3 -mfloat-abi=hard -I../../FreeRTOS_PongGame_bsp/ps7_cortexa9_0/include -MMD -MP -MF"src/freertos_hello_world.d" -MT"src/freertos_hello_world.o" -o "src/freertos_hello_world.o" "../src/freertos_hello_world.c"
../src/freertos_hello_world.c: In function 'vTimerCallback':
../src/freertos_hello_world.c:69:7: warning: variable 'lTimerId' set but not used [-Wunused-but-set-variable]
  long lTimerId;
       ^~~~~~~~
../src/freertos_hello_world.c: In function 'main':
../src/freertos_hello_world.c:79:14: warning: unused variable 'colourArray' [-Wunused-variable]
  pixelColour colourArray[8][8];
              ^~~~~~~~~~~
../src/freertos_hello_world.c: In function 'gamePongTask':
../src/freertos_hello_world.c:223:18: warning: passing argument 1 of 'getPlayer1Move' from incompatible pointer type [-Wincompatible-pointer-types]
   getPlayer1Move(&movePlayer1);
                  ^~~~~~~~~~~~
In file included from ../src/freertos_hello_world.c:36:
../src/PongHead.h:99:26: note: expected 'u32 *' {aka 'long unsigned int *'} but argument is of type 'int *'
 void getPlayer1Move(u32* Data);
                     ~~~~~^~~~
../src/freertos_hello_world.c:224:18: warning: passing argument 1 of 'getPlayer1Move' from incompatible pointer type [-Wincompatible-pointer-types]
   getPlayer1Move(&movePlayer2);
                  ^~~~~~~~~~~~
In file included from ../src/freertos_hello_world.c:36:
../src/PongHead.h:99:26: note: expected 'u32 *' {aka 'long unsigned int *'} but argument is of type 'int *'
 void getPlayer1Move(u32* Data);
                     ~~~~~^~~~
'Finished building: ../src/freertos_hello_world.c'
' '
'Building target: FreeRTOS_PongGame.elf'
'Invoking: ARM v7 gcc linker'
arm-none-eabi-gcc -mcpu=cortex-a9 -mfpu=vfpv3 -mfloat-abi=hard -Wl,-build-id=none -specs=Xilinx.spec -Wl,-T -Wl,../src/lscript.ld -L../../FreeRTOS_PongGame_bsp/ps7_cortexa9_0/lib -o "FreeRTOS_PongGame.elf"  ./src/PongFunc.o ./src/freertos_hello_world.o   -Wl,--start-group,-lxil,-lfreertos,-lgcc,-lc,--end-group
'Finished building target: FreeRTOS_PongGame.elf'
' '
'Invoking: ARM v7 Print Size'
arm-none-eabi-size FreeRTOS_PongGame.elf  |tee "FreeRTOS_PongGame.elf.size"
   text	   data	    bss	    dec	    hex	filename
 107436	   3392	  89760	 200588	  30f8c	FreeRTOS_PongGame.elf
'Finished building: FreeRTOS_PongGame.elf.size'
' '
23:39:45 **** Incremental Build of configuration Debug for project FreeRTOS_PongGame ****
make pre-build main-build 
a9-linaro-pre-build-step
' '
'Building file: ../src/freertos_hello_world.c'
'Invoking: ARM v7 gcc compiler'
arm-none-eabi-gcc -Wall -O0 -g3 -c -fmessage-length=0 -MT"src/freertos_hello_world.o" -mcpu=cortex-a9 -mfpu=vfpv3 -mfloat-abi=hard -I../../FreeRTOS_PongGame_bsp/ps7_cortexa9_0/include -MMD -MP -MF"src/freertos_hello_world.d" -MT"src/freertos_hello_world.o" -o "src/freertos_hello_world.o" "../src/freertos_hello_world.c"
../src/freertos_hello_world.c: In function 'vTimerCallback':
../src/freertos_hello_world.c:69:7: warning: variable 'lTimerId' set but not used [-Wunused-but-set-variable]
  long lTimerId;
       ^~~~~~~~
../src/freertos_hello_world.c: In function 'main':
../src/freertos_hello_world.c:79:14: warning: unused variable 'colourArray' [-Wunused-variable]
  pixelColour colourArray[8][8];
              ^~~~~~~~~~~
../src/freertos_hello_world.c: In function 'getPlayer1Input':
../src/freertos_hello_world.c:171:18: warning: unused variable 'x100msecond' [-Wunused-variable]
 const TickType_t x100msecond = pdMS_TO_TICKS( 100 ); //100ms
                  ^~~~~~~~~~~
../src/freertos_hello_world.c: In function 'gamePongTask':
../src/freertos_hello_world.c:222:18: warning: passing argument 1 of 'getPlayer1Move' from incompatible pointer type [-Wincompatible-pointer-types]
   getPlayer1Move(&movePlayer1);
                  ^~~~~~~~~~~~
In file included from ../src/freertos_hello_world.c:36:
../src/PongHead.h:99:26: note: expected 'u32 *' {aka 'long unsigned int *'} but argument is of type 'int *'
 void getPlayer1Move(u32* Data);
                     ~~~~~^~~~
../src/freertos_hello_world.c:223:18: warning: passing argument 1 of 'getPlayer1Move' from incompatible pointer type [-Wincompatible-pointer-types]
   getPlayer1Move(&movePlayer2);
                  ^~~~~~~~~~~~
In file included from ../src/freertos_hello_world.c:36:
../src/PongHead.h:99:26: note: expected 'u32 *' {aka 'long unsigned int *'} but argument is of type 'int *'
 void getPlayer1Move(u32* Data);
                     ~~~~~^~~~
'Finished building: ../src/freertos_hello_world.c'
' '
'Building target: FreeRTOS_PongGame.elf'
'Invoking: ARM v7 gcc linker'
arm-none-eabi-gcc -mcpu=cortex-a9 -mfpu=vfpv3 -mfloat-abi=hard -Wl,-build-id=none -specs=Xilinx.spec -Wl,-T -Wl,../src/lscript.ld -L../../FreeRTOS_PongGame_bsp/ps7_cortexa9_0/lib -o "FreeRTOS_PongGame.elf"  ./src/PongFunc.o ./src/freertos_hello_world.o   -Wl,--start-group,-lxil,-lfreertos,-lgcc,-lc,--end-group
'Finished building target: FreeRTOS_PongGame.elf'
' '
'Invoking: ARM v7 Print Size'
arm-none-eabi-size FreeRTOS_PongGame.elf  |tee "FreeRTOS_PongGame.elf.size"
   text	   data	    bss	    dec	    hex	filename
 107436	   3392	  89760	 200588	  30f8c	FreeRTOS_PongGame.elf
'Finished building: FreeRTOS_PongGame.elf.size'
' '
23:43:23 **** Incremental Build of configuration Debug for project FreeRTOS_PongGame ****
make pre-build main-build 
a9-linaro-pre-build-step
' '
'Building file: ../src/freertos_hello_world.c'
'Invoking: ARM v7 gcc compiler'
arm-none-eabi-gcc -Wall -O0 -g3 -c -fmessage-length=0 -MT"src/freertos_hello_world.o" -mcpu=cortex-a9 -mfpu=vfpv3 -mfloat-abi=hard -I../../FreeRTOS_PongGame_bsp/ps7_cortexa9_0/include -MMD -MP -MF"src/freertos_hello_world.d" -MT"src/freertos_hello_world.o" -o "src/freertos_hello_world.o" "../src/freertos_hello_world.c"
../src/freertos_hello_world.c: In function 'vTimerCallback':
../src/freertos_hello_world.c:70:7: warning: variable 'lTimerId' set but not used [-Wunused-but-set-variable]
  long lTimerId;
       ^~~~~~~~
../src/freertos_hello_world.c: In function 'main':
../src/freertos_hello_world.c:80:14: warning: unused variable 'colourArray' [-Wunused-variable]
  pixelColour colourArray[8][8];
              ^~~~~~~~~~~
../src/freertos_hello_world.c: In function 'gamePongTask':
../src/freertos_hello_world.c:221:18: warning: passing argument 1 of 'getPlayer1Move' from incompatible pointer type [-Wincompatible-pointer-types]
   getPlayer1Move(&movePlayer1);
                  ^~~~~~~~~~~~
In file included from ../src/freertos_hello_world.c:37:
../src/PongHead.h:99:26: note: expected 'u32 *' {aka 'long unsigned int *'} but argument is of type 'int *'
 void getPlayer1Move(u32* Data);
                     ~~~~~^~~~
../src/freertos_hello_world.c:222:18: warning: passing argument 1 of 'getPlayer1Move' from incompatible pointer type [-Wincompatible-pointer-types]
   getPlayer1Move(&movePlayer2);
                  ^~~~~~~~~~~~
In file included from ../src/freertos_hello_world.c:37:
../src/PongHead.h:99:26: note: expected 'u32 *' {aka 'long unsigned int *'} but argument is of type 'int *'
 void getPlayer1Move(u32* Data);
                     ~~~~~^~~~
'Finished building: ../src/freertos_hello_world.c'
' '
'Building target: FreeRTOS_PongGame.elf'
'Invoking: ARM v7 gcc linker'
arm-none-eabi-gcc -mcpu=cortex-a9 -mfpu=vfpv3 -mfloat-abi=hard -Wl,-build-id=none -specs=Xilinx.spec -Wl,-T -Wl,../src/lscript.ld -L../../FreeRTOS_PongGame_bsp/ps7_cortexa9_0/lib -o "FreeRTOS_PongGame.elf"  ./src/PongFunc.o ./src/freertos_hello_world.o   -Wl,--start-group,-lxil,-lfreertos,-lgcc,-lc,--end-group
'Finished building target: FreeRTOS_PongGame.elf'
' '
'Invoking: ARM v7 Print Size'
arm-none-eabi-size FreeRTOS_PongGame.elf  |tee "FreeRTOS_PongGame.elf.size"
   text	   data	    bss	    dec	    hex	filename
 107284	   3392	  89760	 200436	  30ef4	FreeRTOS_PongGame.elf
'Finished building: FreeRTOS_PongGame.elf.size'
' '
23:45:44 **** Incremental Build of configuration Debug for project FreeRTOS_PongGame ****
make pre-build main-build 
a9-linaro-pre-build-step
' '
'Building file: ../src/freertos_hello_world.c'
'Invoking: ARM v7 gcc compiler'
arm-none-eabi-gcc -Wall -O0 -g3 -c -fmessage-length=0 -MT"src/freertos_hello_world.o" -mcpu=cortex-a9 -mfpu=vfpv3 -mfloat-abi=hard -I../../FreeRTOS_PongGame_bsp/ps7_cortexa9_0/include -MMD -MP -MF"src/freertos_hello_world.d" -MT"src/freertos_hello_world.o" -o "src/freertos_hello_world.o" "../src/freertos_hello_world.c"
../src/freertos_hello_world.c: In function 'vTimerCallback':
../src/freertos_hello_world.c:70:7: warning: variable 'lTimerId' set but not used [-Wunused-but-set-variable]
  long lTimerId;
       ^~~~~~~~
../src/freertos_hello_world.c: In function 'main':
../src/freertos_hello_world.c:80:14: warning: unused variable 'colourArray' [-Wunused-variable]
  pixelColour colourArray[8][8];
              ^~~~~~~~~~~
../src/freertos_hello_world.c: In function 'gamePongTask':
../src/freertos_hello_world.c:221:18: warning: passing argument 1 of 'getPlayer1Move' from incompatible pointer type [-Wincompatible-pointer-types]
   getPlayer1Move(&movePlayer1);
                  ^~~~~~~~~~~~
In file included from ../src/freertos_hello_world.c:37:
../src/PongHead.h:99:26: note: expected 'u32 *' {aka 'long unsigned int *'} but argument is of type 'int *'
 void getPlayer1Move(u32* Data);
                     ~~~~~^~~~
../src/freertos_hello_world.c:222:18: warning: passing argument 1 of 'getPlayer1Move' from incompatible pointer type [-Wincompatible-pointer-types]
   getPlayer1Move(&movePlayer2);
                  ^~~~~~~~~~~~
In file included from ../src/freertos_hello_world.c:37:
../src/PongHead.h:99:26: note: expected 'u32 *' {aka 'long unsigned int *'} but argument is of type 'int *'
 void getPlayer1Move(u32* Data);
                     ~~~~~^~~~
'Finished building: ../src/freertos_hello_world.c'
' '
'Building target: FreeRTOS_PongGame.elf'
'Invoking: ARM v7 gcc linker'
arm-none-eabi-gcc -mcpu=cortex-a9 -mfpu=vfpv3 -mfloat-abi=hard -Wl,-build-id=none -specs=Xilinx.spec -Wl,-T -Wl,../src/lscript.ld -L../../FreeRTOS_PongGame_bsp/ps7_cortexa9_0/lib -o "FreeRTOS_PongGame.elf"  ./src/PongFunc.o ./src/freertos_hello_world.o   -Wl,--start-group,-lxil,-lfreertos,-lgcc,-lc,--end-group
'Finished building target: FreeRTOS_PongGame.elf'
' '
'Invoking: ARM v7 Print Size'
arm-none-eabi-size FreeRTOS_PongGame.elf  |tee "FreeRTOS_PongGame.elf.size"
   text	   data	    bss	    dec	    hex	filename
 107348	   3392	  89760	 200500	  30f34	FreeRTOS_PongGame.elf
'Finished building: FreeRTOS_PongGame.elf.size'
' '
23:47:12 **** Incremental Build of configuration Debug for project FreeRTOS_PongGame ****
make pre-build main-build 
a9-linaro-pre-build-step
' '
make: Nothing to be done for 'main-build'.
10:45:03 **** Incremental Build of project FreeRTOS_PongGame_bsp ****
make -k all 
"Running Make include in ps7_cortexa9_0/libsrc/coresightps_dcc_v1_5/src"
make -C ps7_cortexa9_0/libsrc/coresightps_dcc_v1_5/src -s include  "SHELL=CMD" "COMPILER=arm-none-eabi-gcc" "ARCHIVER=arm-none-eabi-ar" "COMPILER_FLAGS=  -O2 -c" "EXTRA_COMPILER_FLAGS=-mcpu=cortex-a9 -mfpu=vfpv3 -mfloat-abi=hard -nostartfiles -g -Wall -Wextra"
"Running Make include in ps7_cortexa9_0/libsrc/cpu_cortexa9_v2_7/src"
make -C ps7_cortexa9_0/libsrc/cpu_cortexa9_v2_7/src -s include  "SHELL=CMD" "COMPILER=arm-none-eabi-gcc" "ARCHIVER=arm-none-eabi-ar" "COMPILER_FLAGS=  -O2 -c" "EXTRA_COMPILER_FLAGS=-mcpu=cortex-a9 -mfpu=vfpv3 -mfloat-abi=hard -nostartfiles -g -Wall -Wextra"
"Running Make include in ps7_cortexa9_0/libsrc/ddrps_v1_0/src"
make -C ps7_cortexa9_0/libsrc/ddrps_v1_0/src -s include  "SHELL=CMD" "COMPILER=arm-none-eabi-gcc" "ARCHIVER=arm-none-eabi-ar" "COMPILER_FLAGS=  -O2 -c" "EXTRA_COMPILER_FLAGS=-mcpu=cortex-a9 -mfpu=vfpv3 -mfloat-abi=hard -nostartfiles -g -Wall -Wextra"
"Running Make include in ps7_cortexa9_0/libsrc/devcfg_v3_5/src"
make -C ps7_cortexa9_0/libsrc/devcfg_v3_5/src -s include  "SHELL=CMD" "COMPILER=arm-none-eabi-gcc" "ARCHIVER=arm-none-eabi-ar" "COMPILER_FLAGS=  -O2 -c" "EXTRA_COMPILER_FLAGS=-mcpu=cortex-a9 -mfpu=vfpv3 -mfloat-abi=hard -nostartfiles -g -Wall -Wextra"
"Running Make include in ps7_cortexa9_0/libsrc/dmaps_v2_4/src"
make -C ps7_cortexa9_0/libsrc/dmaps_v2_4/src -s include  "SHELL=CMD" "COMPILER=arm-none-eabi-gcc" "ARCHIVER=arm-none-eabi-ar" "COMPILER_FLAGS=  -O2 -c" "EXTRA_COMPILER_FLAGS=-mcpu=cortex-a9 -mfpu=vfpv3 -mfloat-abi=hard -nostartfiles -g -Wall -Wextra"
"Running Make include in ps7_cortexa9_0/libsrc/freertos10_xilinx_v1_3/src"
make -C ps7_cortexa9_0/libsrc/freertos10_xilinx_v1_3/src -s include  "SHELL=CMD" "COMPILER=arm-none-eabi-gcc" "ARCHIVER=arm-none-eabi-ar" "COMPILER_FLAGS=  -O2 -c" "EXTRA_COMPILER_FLAGS=-mcpu=cortex-a9 -mfpu=vfpv3 -mfloat-abi=hard -nostartfiles -g -Wall -Wextra"
"include"
"Running Make include in ps7_cortexa9_0/libsrc/gpiops_v3_5/src"
make -C ps7_cortexa9_0/libsrc/gpiops_v3_5/src -s include  "SHELL=CMD" "COMPILER=arm-none-eabi-gcc" "ARCHIVER=arm-none-eabi-ar" "COMPILER_FLAGS=  -O2 -c" "EXTRA_COMPILER_FLAGS=-mcpu=cortex-a9 -mfpu=vfpv3 -mfloat-abi=hard -nostartfiles -g -Wall -Wextra"
"Running Make include in ps7_cortexa9_0/libsrc/gpio_v4_4/src"
make -C ps7_cortexa9_0/libsrc/gpio_v4_4/src -s include  "SHELL=CMD" "COMPILER=arm-none-eabi-gcc" "ARCHIVER=arm-none-eabi-ar" "COMPILER_FLAGS=  -O2 -c" "EXTRA_COMPILER_FLAGS=-mcpu=cortex-a9 -mfpu=vfpv3 -mfloat-abi=hard -nostartfiles -g -Wall -Wextra"
"Running Make include in ps7_cortexa9_0/libsrc/Hcsr04_Sensor_v1_0/src"
make -C ps7_cortexa9_0/libsrc/Hcsr04_Sensor_v1_0/src -s include  "SHELL=CMD" "COMPILER=arm-none-eabi-gcc" "ARCHIVER=arm-none-eabi-ar" "COMPILER_FLAGS=  -O2 -c" "EXTRA_COMPILER_FLAGS=-mcpu=cortex-a9 -mfpu=vfpv3 -mfloat-abi=hard -nostartfiles -g -Wall -Wextra"
"Running Make include in ps7_cortexa9_0/libsrc/iicps_v3_9/src"
make -C ps7_cortexa9_0/libsrc/iicps_v3_9/src -s include  "SHELL=CMD" "COMPILER=arm-none-eabi-gcc" "ARCHIVER=arm-none-eabi-ar" "COMPILER_FLAGS=  -O2 -c" "EXTRA_COMPILER_FLAGS=-mcpu=cortex-a9 -mfpu=vfpv3 -mfloat-abi=hard -nostartfiles -g -Wall -Wextra"
"Running Make include in ps7_cortexa9_0/libsrc/qspips_v3_6/src"
make -C ps7_cortexa9_0/libsrc/qspips_v3_6/src -s include  "SHELL=CMD" "COMPILER=arm-none-eabi-gcc" "ARCHIVER=arm-none-eabi-ar" "COMPILER_FLAGS=  -O2 -c" "EXTRA_COMPILER_FLAGS=-mcpu=cortex-a9 -mfpu=vfpv3 -mfloat-abi=hard -nostartfiles -g -Wall -Wextra"
"Running Make include in ps7_cortexa9_0/libsrc/scugic_v4_0/src"
make -C ps7_cortexa9_0/libsrc/scugic_v4_0/src -s include  "SHELL=CMD" "COMPILER=arm-none-eabi-gcc" "ARCHIVER=arm-none-eabi-ar" "COMPILER_FLAGS=  -O2 -c" "EXTRA_COMPILER_FLAGS=-mcpu=cortex-a9 -mfpu=vfpv3 -mfloat-abi=hard -nostartfiles -g -Wall -Wextra"
"Running Make include in ps7_cortexa9_0/libsrc/scutimer_v2_1/src"
make -C ps7_cortexa9_0/libsrc/scutimer_v2_1/src -s include  "SHELL=CMD" "COMPILER=arm-none-eabi-gcc" "ARCHIVER=arm-none-eabi-ar" "COMPILER_FLAGS=  -O2 -c" "EXTRA_COMPILER_FLAGS=-mcpu=cortex-a9 -mfpu=vfpv3 -mfloat-abi=hard -nostartfiles -g -Wall -Wextra"
"Running Make include in ps7_cortexa9_0/libsrc/scuwdt_v2_1/src"
make -C ps7_cortexa9_0/libsrc/scuwdt_v2_1/src -s include  "SHELL=CMD" "COMPILER=arm-none-eabi-gcc" "ARCHIVER=arm-none-eabi-ar" "COMPILER_FLAGS=  -O2 -c" "EXTRA_COMPILER_FLAGS=-mcpu=cortex-a9 -mfpu=vfpv3 -mfloat-abi=hard -nostartfiles -g -Wall -Wextra"
"Running Make include in ps7_cortexa9_0/libsrc/sdps_v3_7/src"
make -C ps7_cortexa9_0/libsrc/sdps_v3_7/src -s include  "SHELL=CMD" "COMPILER=arm-none-eabi-gcc" "ARCHIVER=arm-none-eabi-ar" "COMPILER_FLAGS=  -O2 -c" "EXTRA_COMPILER_FLAGS=-mcpu=cortex-a9 -mfpu=vfpv3 -mfloat-abi=hard -nostartfiles -g -Wall -Wextra"
"Running Make include in ps7_cortexa9_0/libsrc/uartps_v3_7/src"
make -C ps7_cortexa9_0/libsrc/uartps_v3_7/src -s include  "SHELL=CMD" "COMPILER=arm-none-eabi-gcc" "ARCHIVER=arm-none-eabi-ar" "COMPILER_FLAGS=  -O2 -c" "EXTRA_COMPILER_FLAGS=-mcpu=cortex-a9 -mfpu=vfpv3 -mfloat-abi=hard -nostartfiles -g -Wall -Wextra"
"Running Make include in ps7_cortexa9_0/libsrc/usbps_v2_4/src"
make -C ps7_cortexa9_0/libsrc/usbps_v2_4/src -s include  "SHELL=CMD" "COMPILER=arm-none-eabi-gcc" "ARCHIVER=arm-none-eabi-ar" "COMPILER_FLAGS=  -O2 -c" "EXTRA_COMPILER_FLAGS=-mcpu=cortex-a9 -mfpu=vfpv3 -mfloat-abi=hard -nostartfiles -g -Wall -Wextra"
"Running Make include in ps7_cortexa9_0/libsrc/WS2812_v1_0/src"
make -C ps7_cortexa9_0/libsrc/WS2812_v1_0/src -s include  "SHELL=CMD" "COMPILER=arm-none-eabi-gcc" "ARCHIVER=arm-none-eabi-ar" "COMPILER_FLAGS=  -O2 -c" "EXTRA_COMPILER_FLAGS=-mcpu=cortex-a9 -mfpu=vfpv3 -mfloat-abi=hard -nostartfiles -g -Wall -Wextra"
"Running Make include in ps7_cortexa9_0/libsrc/xadcps_v2_3/src"
make -C ps7_cortexa9_0/libsrc/xadcps_v2_3/src -s include  "SHELL=CMD" "COMPILER=arm-none-eabi-gcc" "ARCHIVER=arm-none-eabi-ar" "COMPILER_FLAGS=  -O2 -c" "EXTRA_COMPILER_FLAGS=-mcpu=cortex-a9 -mfpu=vfpv3 -mfloat-abi=hard -nostartfiles -g -Wall -Wextra"
"Running Make libs in ps7_cortexa9_0/libsrc/coresightps_dcc_v1_5/src"
make -C ps7_cortexa9_0/libsrc/coresightps_dcc_v1_5/src -s libs  "SHELL=CMD" "COMPILER=arm-none-eabi-gcc" "ARCHIVER=arm-none-eabi-ar" "COMPILER_FLAGS=  -O2 -c" "EXTRA_COMPILER_FLAGS=-mcpu=cortex-a9 -mfpu=vfpv3 -mfloat-abi=hard -nostartfiles -g -Wall -Wextra"
"Compiling coresightps_dcc"
"Running Make libs in ps7_cortexa9_0/libsrc/cpu_cortexa9_v2_7/src"
make -C ps7_cortexa9_0/libsrc/cpu_cortexa9_v2_7/src -s libs  "SHELL=CMD" "COMPILER=arm-none-eabi-gcc" "ARCHIVER=arm-none-eabi-ar" "COMPILER_FLAGS=  -O2 -c" "EXTRA_COMPILER_FLAGS=-mcpu=cortex-a9 -mfpu=vfpv3 -mfloat-abi=hard -nostartfiles -g -Wall -Wextra"
"Compiling cpu_cortexa9"
"Running Make libs in ps7_cortexa9_0/libsrc/ddrps_v1_0/src"
make -C ps7_cortexa9_0/libsrc/ddrps_v1_0/src -s libs  "SHELL=CMD" "COMPILER=arm-none-eabi-gcc" "ARCHIVER=arm-none-eabi-ar" "COMPILER_FLAGS=  -O2 -c" "EXTRA_COMPILER_FLAGS=-mcpu=cortex-a9 -mfpu=vfpv3 -mfloat-abi=hard -nostartfiles -g -Wall -Wextra"
"Compiling ddrps"
"Running Make libs in ps7_cortexa9_0/libsrc/devcfg_v3_5/src"
make -C ps7_cortexa9_0/libsrc/devcfg_v3_5/src -s libs  "SHELL=CMD" "COMPILER=arm-none-eabi-gcc" "ARCHIVER=arm-none-eabi-ar" "COMPILER_FLAGS=  -O2 -c" "EXTRA_COMPILER_FLAGS=-mcpu=cortex-a9 -mfpu=vfpv3 -mfloat-abi=hard -nostartfiles -g -Wall -Wextra"
"Compiling devcfg"
"Running Make libs in ps7_cortexa9_0/libsrc/dmaps_v2_4/src"
make -C ps7_cortexa9_0/libsrc/dmaps_v2_4/src -s libs  "SHELL=CMD" "COMPILER=arm-none-eabi-gcc" "ARCHIVER=arm-none-eabi-ar" "COMPILER_FLAGS=  -O2 -c" "EXTRA_COMPILER_FLAGS=-mcpu=cortex-a9 -mfpu=vfpv3 -mfloat-abi=hard -nostartfiles -g -Wall -Wextra"
"Compiling dmaps"
"Running Make libs in ps7_cortexa9_0/libsrc/freertos10_xilinx_v1_3/src"
make -C ps7_cortexa9_0/libsrc/freertos10_xilinx_v1_3/src -s libs  "SHELL=CMD" "COMPILER=arm-none-eabi-gcc" "ARCHIVER=arm-none-eabi-ar" "COMPILER_FLAGS=  -O2 -c" "EXTRA_COMPILER_FLAGS=-mcpu=cortex-a9 -mfpu=vfpv3 -mfloat-abi=hard -nostartfiles -g -Wall -Wextra"
"Compiling standalone"
"Compiling FreeRTOS"
"Running Make libs in ps7_cortexa9_0/libsrc/gpiops_v3_5/src"
make -C ps7_cortexa9_0/libsrc/gpiops_v3_5/src -s libs  "SHELL=CMD" "COMPILER=arm-none-eabi-gcc" "ARCHIVER=arm-none-eabi-ar" "COMPILER_FLAGS=  -O2 -c" "EXTRA_COMPILER_FLAGS=-mcpu=cortex-a9 -mfpu=vfpv3 -mfloat-abi=hard -nostartfiles -g -Wall -Wextra"
"Compiling gpiops"
"Running Make libs in ps7_cortexa9_0/libsrc/gpio_v4_4/src"
make -C ps7_cortexa9_0/libsrc/gpio_v4_4/src -s libs  "SHELL=CMD" "COMPILER=arm-none-eabi-gcc" "ARCHIVER=arm-none-eabi-ar" "COMPILER_FLAGS=  -O2 -c" "EXTRA_COMPILER_FLAGS=-mcpu=cortex-a9 -mfpu=vfpv3 -mfloat-abi=hard -nostartfiles -g -Wall -Wextra"
"Compiling gpio"
"Running Make libs in ps7_cortexa9_0/libsrc/Hcsr04_Sensor_v1_0/src"
make -C ps7_cortexa9_0/libsrc/Hcsr04_Sensor_v1_0/src -s libs  "SHELL=CMD" "COMPILER=arm-none-eabi-gcc" "ARCHIVER=arm-none-eabi-ar" "COMPILER_FLAGS=  -O2 -c" "EXTRA_COMPILER_FLAGS=-mcpu=cortex-a9 -mfpu=vfpv3 -mfloat-abi=hard -nostartfiles -g -Wall -Wextra"
"Compiling Hcsr04_Sensor..."
Hcsr04_Sensor_selftest.c: In function 'HCSR04_SENSOR_Reg_SelfTest':
Hcsr04_Sensor_selftest.c:52:62: warning: comparison of integer expressions of different signedness: 'u32' {aka 'long unsigned int'} and 'int' [-Wsign-compare]
    if ( HCSR04_SENSOR_mReadReg (baseaddr, read_loop_index*4) != (read_loop_index+1)*READ_WRITE_MUL_FACTOR){
                                                              ^~
Hcsr04_Sensor_selftest.c:36:6: warning: unused variable 'Index' [-Wunused-variable]
  int Index;
      ^~~~~
"Running Make libs in ps7_cortexa9_0/libsrc/iicps_v3_9/src"
make -C ps7_cortexa9_0/libsrc/iicps_v3_9/src -s libs  "SHELL=CMD" "COMPILER=arm-none-eabi-gcc" "ARCHIVER=arm-none-eabi-ar" "COMPILER_FLAGS=  -O2 -c" "EXTRA_COMPILER_FLAGS=-mcpu=cortex-a9 -mfpu=vfpv3 -mfloat-abi=hard -nostartfiles -g -Wall -Wextra"
"Compiling iicps"
"Running Make libs in ps7_cortexa9_0/libsrc/qspips_v3_6/src"
make -C ps7_cortexa9_0/libsrc/qspips_v3_6/src -s libs  "SHELL=CMD" "COMPILER=arm-none-eabi-gcc" "ARCHIVER=arm-none-eabi-ar" "COMPILER_FLAGS=  -O2 -c" "EXTRA_COMPILER_FLAGS=-mcpu=cortex-a9 -mfpu=vfpv3 -mfloat-abi=hard -nostartfiles -g -Wall -Wextra"
"Compiling qspips"
"Running Make libs in ps7_cortexa9_0/libsrc/scugic_v4_0/src"
make -C ps7_cortexa9_0/libsrc/scugic_v4_0/src -s libs  "SHELL=CMD" "COMPILER=arm-none-eabi-gcc" "ARCHIVER=arm-none-eabi-ar" "COMPILER_FLAGS=  -O2 -c" "EXTRA_COMPILER_FLAGS=-mcpu=cortex-a9 -mfpu=vfpv3 -mfloat-abi=hard -nostartfiles -g -Wall -Wextra"
"Compiling scugic"
"Running Make libs in ps7_cortexa9_0/libsrc/scutimer_v2_1/src"
make -C ps7_cortexa9_0/libsrc/scutimer_v2_1/src -s libs  "SHELL=CMD" "COMPILER=arm-none-eabi-gcc" "ARCHIVER=arm-none-eabi-ar" "COMPILER_FLAGS=  -O2 -c" "EXTRA_COMPILER_FLAGS=-mcpu=cortex-a9 -mfpu=vfpv3 -mfloat-abi=hard -nostartfiles -g -Wall -Wextra"
"Compiling scutimer"
"Running Make libs in ps7_cortexa9_0/libsrc/scuwdt_v2_1/src"
make -C ps7_cortexa9_0/libsrc/scuwdt_v2_1/src -s libs  "SHELL=CMD" "COMPILER=arm-none-eabi-gcc" "ARCHIVER=arm-none-eabi-ar" "COMPILER_FLAGS=  -O2 -c" "EXTRA_COMPILER_FLAGS=-mcpu=cortex-a9 -mfpu=vfpv3 -mfloat-abi=hard -nostartfiles -g -Wall -Wextra"
"Compiling scuwdt"
"Running Make libs in ps7_cortexa9_0/libsrc/sdps_v3_7/src"
make -C ps7_cortexa9_0/libsrc/sdps_v3_7/src -s libs  "SHELL=CMD" "COMPILER=arm-none-eabi-gcc" "ARCHIVER=arm-none-eabi-ar" "COMPILER_FLAGS=  -O2 -c" "EXTRA_COMPILER_FLAGS=-mcpu=cortex-a9 -mfpu=vfpv3 -mfloat-abi=hard -nostartfiles -g -Wall -Wextra"
"Compiling sdps"
"Running Make libs in ps7_cortexa9_0/libsrc/uartps_v3_7/src"
make -C ps7_cortexa9_0/libsrc/uartps_v3_7/src -s libs  "SHELL=CMD" "COMPILER=arm-none-eabi-gcc" "ARCHIVER=arm-none-eabi-ar" "COMPILER_FLAGS=  -O2 -c" "EXTRA_COMPILER_FLAGS=-mcpu=cortex-a9 -mfpu=vfpv3 -mfloat-abi=hard -nostartfiles -g -Wall -Wextra"
"Compiling uartps"
"Running Make libs in ps7_cortexa9_0/libsrc/usbps_v2_4/src"
make -C ps7_cortexa9_0/libsrc/usbps_v2_4/src -s libs  "SHELL=CMD" "COMPILER=arm-none-eabi-gcc" "ARCHIVER=arm-none-eabi-ar" "COMPILER_FLAGS=  -O2 -c" "EXTRA_COMPILER_FLAGS=-mcpu=cortex-a9 -mfpu=vfpv3 -mfloat-abi=hard -nostartfiles -g -Wall -Wextra"
"Compiling usbps"
"Running Make libs in ps7_cortexa9_0/libsrc/WS2812_v1_0/src"
make -C ps7_cortexa9_0/libsrc/WS2812_v1_0/src -s libs  "SHELL=CMD" "COMPILER=arm-none-eabi-gcc" "ARCHIVER=arm-none-eabi-ar" "COMPILER_FLAGS=  -O2 -c" "EXTRA_COMPILER_FLAGS=-mcpu=cortex-a9 -mfpu=vfpv3 -mfloat-abi=hard -nostartfiles -g -Wall -Wextra"
"Compiling WS2812..."
WS2812_selftest.c: In function 'WS2812_Reg_SelfTest':
WS2812_selftest.c:52:55: warning: comparison of integer expressions of different signedness: 'u32' {aka 'long unsigned int'} and 'int' [-Wsign-compare]
    if ( WS2812_mReadReg (baseaddr, read_loop_index*4) != (read_loop_index+1)*READ_WRITE_MUL_FACTOR){
                                                       ^~
WS2812_selftest.c:36:6: warning: unused variable 'Index' [-Wunused-variable]
  int Index;
      ^~~~~
"Running Make libs in ps7_cortexa9_0/libsrc/xadcps_v2_3/src"
make -C ps7_cortexa9_0/libsrc/xadcps_v2_3/src -s libs  "SHELL=CMD" "COMPILER=arm-none-eabi-gcc" "ARCHIVER=arm-none-eabi-ar" "COMPILER_FLAGS=  -O2 -c" "EXTRA_COMPILER_FLAGS=-mcpu=cortex-a9 -mfpu=vfpv3 -mfloat-abi=hard -nostartfiles -g -Wall -Wextra"
"Compiling xadcps"
'Finished building libraries'
10:45:46 **** Incremental Build of configuration Debug for project FreeRTOS_PongGame ****
make pre-build main-build 
a9-linaro-pre-build-step
' '
'Building file: ../src/PongFunc.c'
'Invoking: ARM v7 gcc compiler'
[...]
make pre-build main-build 
a9-linaro-pre-build-step
' '
make: Nothing to be done for 'main-build'.
11:54:40 **** Incremental Build of configuration Debug for project FreeRTOS_PongGame ****
make pre-build main-build 
a9-linaro-pre-build-step
' '
'Building file: ../src/PongFunc.c'
'Invoking: ARM v7 gcc compiler'
arm-none-eabi-gcc -Wall -O0 -g3 -c -fmessage-length=0 -MT"src/PongFunc.o" -mcpu=cortex-a9 -mfpu=vfpv3 -mfloat-abi=hard -I../../FreeRTOS_PongGame_bsp/ps7_cortexa9_0/include -MMD -MP -MF"src/PongFunc.d" -MT"src/PongFunc.o" -o "src/PongFunc.o" "../src/PongFunc.c"
In file included from ../../FreeRTOS_PongGame_bsp/ps7_cortexa9_0/include/WS2812.h:8,
                 from ../src/PongHead.h:11,
                 from ../src/PongFunc.c:1:
../src/PongFunc.c: In function 'startGPIO':
../../FreeRTOS_PongGame_bsp/ps7_cortexa9_0/include/xstatus.h:61:41: warning: 'return' with a value, in function returning void
 #define XST_FAILURE                     1L
                                         ^~
../src/PongFunc.c:287:10: note: in expansion of macro 'XST_FAILURE'
   return XST_FAILURE;
          ^~~~~~~~~~~
../src/PongFunc.c:279:6: note: declared here
 void startGPIO()
      ^~~~~~~~~
In file included from ../../FreeRTOS_PongGame_bsp/ps7_cortexa9_0/include/WS2812.h:8,
                 from ../src/PongHead.h:11,
                 from ../src/PongFunc.c:1:
../../FreeRTOS_PongGame_bsp/ps7_cortexa9_0/include/xstatus.h:61:41: warning: 'return' with a value, in function returning void
 #define XST_FAILURE                     1L
                                         ^~
../src/PongFunc.c:298:10: note: in expansion of macro 'XST_FAILURE'
   return XST_FAILURE;
          ^~~~~~~~~~~
../src/PongFunc.c:279:6: note: declared here
 void startGPIO()
      ^~~~~~~~~
'Finished building: ../src/PongFunc.c'
' '
'Building target: FreeRTOS_PongGame.elf'
'Invoking: ARM v7 gcc linker'
arm-none-eabi-gcc -mcpu=cortex-a9 -mfpu=vfpv3 -mfloat-abi=hard -Wl,-build-id=none -specs=Xilinx.spec -Wl,-T -Wl,../src/lscript.ld -L../../FreeRTOS_PongGame_bsp/ps7_cortexa9_0/lib -o "FreeRTOS_PongGame.elf"  ./src/PongFunc.o ./src/freertos_hello_world.o   -Wl,--start-group,-lxil,-lfreertos,-lgcc,-lc,--end-group
'Finished building target: FreeRTOS_PongGame.elf'
' '
'Invoking: ARM v7 Print Size'
arm-none-eabi-size FreeRTOS_PongGame.elf  |tee "FreeRTOS_PongGame.elf.size"
   text	   data	    bss	    dec	    hex	filename
 107348	   3392	  89760	 200500	  30f34	FreeRTOS_PongGame.elf
'Finished building: FreeRTOS_PongGame.elf.size'
' '
11:54:55 **** Incremental Build of configuration Debug for project FreeRTOS_PongGame ****
make pre-build main-build 
a9-linaro-pre-build-step
' '
make: Nothing to be done for 'main-build'.
11:58:55 **** Incremental Build of configuration Debug for project FreeRTOS_PongGame ****
make pre-build main-build 
a9-linaro-pre-build-step
' '
make: Nothing to be done for 'main-build'.
11:59:32 **** Incremental Build of configuration Debug for project FreeRTOS_PongGame ****
make pre-build main-build 
a9-linaro-pre-build-step
' '
make: Nothing to be done for 'main-build'.
11:59:49 **** Incremental Build of configuration Debug for project FreeRTOS_PongGame ****
make pre-build main-build 
a9-linaro-pre-build-step
' '
make: Nothing to be done for 'main-build'.
12:01:40 **** Incremental Build of configuration Debug for project FreeRTOS_PongGame ****
make pre-build main-build 
a9-linaro-pre-build-step
' '
make: Nothing to be done for 'main-build'.
12:02:05 **** Incremental Build of configuration Debug for project FreeRTOS_PongGame ****
make pre-build main-build 
a9-linaro-pre-build-step
' '
make: Nothing to be done for 'main-build'.
12:04:15 **** Incremental Build of configuration Debug for project FreeRTOS_PongGame ****
make pre-build main-build 
a9-linaro-pre-build-step
' '
make: Nothing to be done for 'main-build'.
12:10:07 **** Incremental Build of configuration Debug for project FreeRTOS_PongGame ****
make pre-build main-build 
a9-linaro-pre-build-step
' '
'Building file: ../src/PongFunc.c'
'Invoking: ARM v7 gcc compiler'
arm-none-eabi-gcc -Wall -O0 -g3 -c -fmessage-length=0 -MT"src/PongFunc.o" -mcpu=cortex-a9 -mfpu=vfpv3 -mfloat-abi=hard -I../../FreeRTOS_PongGame_bsp/ps7_cortexa9_0/include -MMD -MP -MF"src/PongFunc.d" -MT"src/PongFunc.o" -o "src/PongFunc.o" "../src/PongFunc.c"
In file included from ../../FreeRTOS_PongGame_bsp/ps7_cortexa9_0/include/WS2812.h:8,
                 from ../src/PongHead.h:11,
                 from ../src/PongFunc.c:1:
../src/PongFunc.c: In function 'startGPIO':
../../FreeRTOS_PongGame_bsp/ps7_cortexa9_0/include/xstatus.h:61:41: warning: 'return' with a value, in function returning void
 #define XST_FAILURE                     1L
                                         ^~
../src/PongFunc.c:296:10: note: in expansion of macro 'XST_FAILURE'
   return XST_FAILURE;
          ^~~~~~~~~~~
../src/PongFunc.c:288:6: note: declared here
 void startGPIO()
      ^~~~~~~~~
In file included from ../../FreeRTOS_PongGame_bsp/ps7_cortexa9_0/include/WS2812.h:8,
                 from ../src/PongHead.h:11,
                 from ../src/PongFunc.c:1:
../../FreeRTOS_PongGame_bsp/ps7_cortexa9_0/include/xstatus.h:61:41: warning: 'return' with a value, in function returning void
 #define XST_FAILURE                     1L
                                         ^~
../src/PongFunc.c:307:10: note: in expansion of macro 'XST_FAILURE'
   return XST_FAILURE;
          ^~~~~~~~~~~
../src/PongFunc.c:288:6: note: declared here
 void startGPIO()
      ^~~~~~~~~
'Finished building: ../src/PongFunc.c'
' '
'Building target: FreeRTOS_PongGame.elf'
'Invoking: ARM v7 gcc linker'
arm-none-eabi-gcc -mcpu=cortex-a9 -mfpu=vfpv3 -mfloat-abi=hard -Wl,-build-id=none -specs=Xilinx.spec -Wl,-T -Wl,../src/lscript.ld -L../../FreeRTOS_PongGame_bsp/ps7_cortexa9_0/lib -o "FreeRTOS_PongGame.elf"  ./src/PongFunc.o ./src/freertos_hello_world.o   -Wl,--start-group,-lxil,-lfreertos,-lgcc,-lc,--end-group
'Finished building target: FreeRTOS_PongGame.elf'
' '
'Invoking: ARM v7 Print Size'
arm-none-eabi-size FreeRTOS_PongGame.elf  |tee "FreeRTOS_PongGame.elf.size"
   text	   data	    bss	    dec	    hex	filename
 107476	   3392	  89760	 200628	  30fb4	FreeRTOS_PongGame.elf
'Finished building: FreeRTOS_PongGame.elf.size'
' '
12:20:50 **** Incremental Build of configuration Debug for project FreeRTOS_PongGame ****
make pre-build main-build 
a9-linaro-pre-build-step
' '
'Building file: ../src/PongFunc.c'
'Invoking: ARM v7 gcc compiler'
arm-none-eabi-gcc -Wall -O0 -g3 -c -fmessage-length=0 -MT"src/PongFunc.o" -mcpu=cortex-a9 -mfpu=vfpv3 -mfloat-abi=hard -I../../FreeRTOS_PongGame_bsp/ps7_cortexa9_0/include -MMD -MP -MF"src/PongFunc.d" -MT"src/PongFunc.o" -o "src/PongFunc.o" "../src/PongFunc.c"
../src/PongFunc.c: In function 'getPlayer1Move':
../src/PongFunc.c:76:3: error: 'calculateDistance' undeclared (first use in this function); did you mean 'calculatedDistance'?
   calculateDistance = -1;
   ^~~~~~~~~~~~~~~~~
   calculatedDistance
../src/PongFunc.c:76:3: note: each undeclared identifier is reported only once for each function it appears in
../src/PongFunc.c:79:5: error: 'YbalkLinks' undeclared (first use in this function); did you mean 'YBalkLinks'?
  if(YbalkLinks < calculatedDistance)
     ^~~~~~~~~~
     YBalkLinks
In file included from ../../FreeRTOS_PongGame_bsp/ps7_cortexa9_0/include/WS2812.h:8,
                 from ../src/PongHead.h:11,
                 from ../src/PongFunc.c:1:
../src/PongFunc.c: In function 'startGPIO':
../../FreeRTOS_PongGame_bsp/ps7_cortexa9_0/include/xstatus.h:61:41: warning: 'return' with a value, in function returning void
 #define XST_FAILURE                     1L
                                         ^~
../src/PongFunc.c:307:10: note: in expansion of macro 'XST_FAILURE'
   return XST_FAILURE;
          ^~~~~~~~~~~
../src/PongFunc.c:299:6: note: declared here
 void startGPIO()
      ^~~~~~~~~
In file included from ../../FreeRTOS_PongGame_bsp/ps7_cortexa9_0/include/WS2812.h:8,
                 from ../src/PongHead.h:11,
                 from ../src/PongFunc.c:1:
../../FreeRTOS_PongGame_bsp/ps7_cortexa9_0/include/xstatus.h:61:41: warning: 'return' with a value, in function returning void
 #define XST_FAILURE                     1L
                                         ^~
../src/PongFunc.c:318:10: note: in expansion of macro 'XST_FAILURE'
   return XST_FAILURE;
          ^~~~~~~~~~~
../src/PongFunc.c:299:6: note: declared here
 void startGPIO()
      ^~~~~~~~~
make: *** [src/subdir.mk:26: src/PongFunc.o] Error 1
12:21:19 **** Incremental Build of configuration Debug for project FreeRTOS_PongGame ****
make pre-build main-build 
a9-linaro-pre-build-step
' '
'Building file: ../src/PongFunc.c'
'Invoking: ARM v7 gcc compiler'
arm-none-eabi-gcc -Wall -O0 -g3 -c -fmessage-length=0 -MT"src/PongFunc.o" -mcpu=cortex-a9 -mfpu=vfpv3 -mfloat-abi=hard -I../../FreeRTOS_PongGame_bsp/ps7_cortexa9_0/include -MMD -MP -MF"src/PongFunc.d" -MT"src/PongFunc.o" -o "src/PongFunc.o" "../src/PongFunc.c"
../src/PongFunc.c: In function 'getPlayer1Move':
../src/PongFunc.c:81:3: error: 'YbalkLinks' undeclared (first use in this function); did you mean 'YBalkLinks'?
   YbalkLinks ++;
   ^~~~~~~~~~
   YBalkLinks
../src/PongFunc.c:81:3: note: each undeclared identifier is reported only once for each function it appears in
In file included from ../../FreeRTOS_PongGame_bsp/ps7_cortexa9_0/include/WS2812.h:8,
                 from ../src/PongHead.h:11,
                 from ../src/PongFunc.c:1:
../src/PongFunc.c: In function 'startGPIO':
../../FreeRTOS_PongGame_bsp/ps7_cortexa9_0/include/xstatus.h:61:41: warning: 'return' with a value, in function returning void
 #define XST_FAILURE                     1L
                                         ^~
../src/PongFunc.c:307:10: note: in expansion of macro 'XST_FAILURE'
   return XST_FAILURE;
          ^~~~~~~~~~~
../src/PongFunc.c:299:6: note: declared here
 void startGPIO()
      ^~~~~~~~~
In file included from ../../FreeRTOS_PongGame_bsp/ps7_cortexa9_0/include/WS2812.h:8,
                 from ../src/PongHead.h:11,
                 from ../src/PongFunc.c:1:
../../FreeRTOS_PongGame_bsp/ps7_cortexa9_0/include/xstatus.h:61:41: warning: 'return' with a value, in function returning void
 #define XST_FAILURE                     1L
                                         ^~
../src/PongFunc.c:318:10: note: in expansion of macro 'XST_FAILURE'
   return XST_FAILURE;
          ^~~~~~~~~~~
../src/PongFunc.c:299:6: note: declared here
 void startGPIO()
      ^~~~~~~~~
make: *** [src/subdir.mk:26: src/PongFunc.o] Error 1
12:21:21 **** Incremental Build of configuration Debug for project PongFunctionTests ****
make pre-build main-build 
a9-linaro-pre-build-step
' '
make: Nothing to be done for 'main-build'.
12:21:33 **** Incremental Build of configuration Debug for project FreeRTOS_PongGame ****
make pre-build main-build 
a9-linaro-pre-build-step
' '
'Building file: ../src/PongFunc.c'
'Invoking: ARM v7 gcc compiler'
arm-none-eabi-gcc -Wall -O0 -g3 -c -fmessage-length=0 -MT"src/PongFunc.o" -mcpu=cortex-a9 -mfpu=vfpv3 -mfloat-abi=hard -I../../FreeRTOS_PongGame_bsp/ps7_cortexa9_0/include -MMD -MP -MF"src/PongFunc.d" -MT"src/PongFunc.o" -o "src/PongFunc.o" "../src/PongFunc.c"
In file included from ../../FreeRTOS_PongGame_bsp/ps7_cortexa9_0/include/WS2812.h:8,
                 from ../src/PongHead.h:11,
                 from ../src/PongFunc.c:1:
../src/PongFunc.c: In function 'startGPIO':
../../FreeRTOS_PongGame_bsp/ps7_cortexa9_0/include/xstatus.h:61:41: warning: 'return' with a value, in function returning void
 #define XST_FAILURE                     1L
                                         ^~
../src/PongFunc.c:307:10: note: in expansion of macro 'XST_FAILURE'
   return XST_FAILURE;
          ^~~~~~~~~~~
../src/PongFunc.c:299:6: note: declared here
 void startGPIO()
      ^~~~~~~~~
In file included from ../../FreeRTOS_PongGame_bsp/ps7_cortexa9_0/include/WS2812.h:8,
                 from ../src/PongHead.h:11,
                 from ../src/PongFunc.c:1:
../../FreeRTOS_PongGame_bsp/ps7_cortexa9_0/include/xstatus.h:61:41: warning: 'return' with a value, in function returning void
 #define XST_FAILURE                     1L
                                         ^~
../src/PongFunc.c:318:10: note: in expansion of macro 'XST_FAILURE'
   return XST_FAILURE;
          ^~~~~~~~~~~
../src/PongFunc.c:299:6: note: declared here
 void startGPIO()
      ^~~~~~~~~
'Finished building: ../src/PongFunc.c'
' '
'Building file: ../src/freertos_hello_world.c'
'Invoking: ARM v7 gcc compiler'
arm-none-eabi-gcc -Wall -O0 -g3 -c -fmessage-length=0 -MT"src/freertos_hello_world.o" -mcpu=cortex-a9 -mfpu=vfpv3 -mfloat-abi=hard -I../../FreeRTOS_PongGame_bsp/ps7_cortexa9_0/include -MMD -MP -MF"src/freertos_hello_world.d" -MT"src/freertos_hello_world.o" -o "src/freertos_hello_world.o" "../src/freertos_hello_world.c"
../src/freertos_hello_world.c: In function 'vTimerCallback':
../src/freertos_hello_world.c:70:7: warning: variable 'lTimerId' set but not used [-Wunused-but-set-variable]
  long lTimerId;
       ^~~~~~~~
../src/freertos_hello_world.c: In function 'main':
../src/freertos_hello_world.c:80:14: warning: unused variable 'colourArray' [-Wunused-variable]
  pixelColour colourArray[8][8];
              ^~~~~~~~~~~
../src/freertos_hello_world.c: In function 'gamePongTask':
../src/freertos_hello_world.c:221:18: warning: passing argument 1 of 'getPlayer1Move' from incompatible pointer type [-Wincompatible-pointer-types]
   getPlayer1Move(&movePlayer1);
                  ^~~~~~~~~~~~
In file included from ../src/freertos_hello_world.c:37:
../src/PongHead.h:99:26: note: expected 'u32 *' {aka 'long unsigned int *'} but argument is of type 'int *'
 void getPlayer1Move(u32* Data);
                     ~~~~~^~~~
'Finished building: ../src/freertos_hello_world.c'
' '
'Building target: FreeRTOS_PongGame.elf'
'Invoking: ARM v7 gcc linker'
arm-none-eabi-gcc -mcpu=cortex-a9 -mfpu=vfpv3 -mfloat-abi=hard -Wl,-build-id=none -specs=Xilinx.spec -Wl,-T -Wl,../src/lscript.ld -L../../FreeRTOS_PongGame_bsp/ps7_cortexa9_0/lib -o "FreeRTOS_PongGame.elf"  ./src/PongFunc.o ./src/freertos_hello_world.o   -Wl,--start-group,-lxil,-lfreertos,-lgcc,-lc,--end-group
'Finished building target: FreeRTOS_PongGame.elf'
' '
'Invoking: ARM v7 Print Size'
arm-none-eabi-size FreeRTOS_PongGame.elf  |tee "FreeRTOS_PongGame.elf.size"
   text	   data	    bss	    dec	    hex	filename
 107604	   3392	  89760	 200756	  31034	FreeRTOS_PongGame.elf
'Finished building: FreeRTOS_PongGame.elf.size'
' '
12:21:36 **** Incremental Build of configuration Debug for project PongFunctionTests ****
make pre-build main-build 
a9-linaro-pre-build-step
' '
make: Nothing to be done for 'main-build'.
12:21:52 **** Incremental Build of configuration Debug for project FreeRTOS_PongGame ****
make pre-build main-build 
a9-linaro-pre-build-step
' '
make: Nothing to be done for 'main-build'.
12:30:09 **** Incremental Build of configuration Debug for project FreeRTOS_PongGame ****
make pre-build main-build 
a9-linaro-pre-build-step
' '
'Building file: ../src/PongFunc.c'
'Invoking: ARM v7 gcc compiler'
arm-none-eabi-gcc -Wall -O0 -g3 -c -fmessage-length=0 -MT"src/PongFunc.o" -mcpu=cortex-a9 -mfpu=vfpv3 -mfloat-abi=hard -I../../FreeRTOS_PongGame_bsp/ps7_cortexa9_0/include -MMD -MP -MF"src/PongFunc.d" -MT"src/PongFunc.o" -o "src/PongFunc.o" "../src/PongFunc.c"
In file included from ../../FreeRTOS_PongGame_bsp/ps7_cortexa9_0/include/WS2812.h:8,
                 from ../src/PongHead.h:11,
                 from ../src/PongFunc.c:1:
../src/PongFunc.c: In function 'startGPIO':
../../FreeRTOS_PongGame_bsp/ps7_cortexa9_0/include/xstatus.h:61:41: warning: 'return' with a value, in function returning void
 #define XST_FAILURE                     1L
                                         ^~
../src/PongFunc.c:305:10: note: in expansion of macro 'XST_FAILURE'
   return XST_FAILURE;
          ^~~~~~~~~~~
../src/PongFunc.c:297:6: note: declared here
 void startGPIO()
      ^~~~~~~~~
In file included from ../../FreeRTOS_PongGame_bsp/ps7_cortexa9_0/include/WS2812.h:8,
                 from ../src/PongHead.h:11,
                 from ../src/PongFunc.c:1:
../../FreeRTOS_PongGame_bsp/ps7_cortexa9_0/include/xstatus.h:61:41: warning: 'return' with a value, in function returning void
 #define XST_FAILURE                     1L
                                         ^~
../src/PongFunc.c:316:10: note: in expansion of macro 'XST_FAILURE'
   return XST_FAILURE;
          ^~~~~~~~~~~
../src/PongFunc.c:297:6: note: declared here
 void startGPIO()
      ^~~~~~~~~
'Finished building: ../src/PongFunc.c'
' '
'Building target: FreeRTOS_PongGame.elf'
'Invoking: ARM v7 gcc linker'
arm-none-eabi-gcc -mcpu=cortex-a9 -mfpu=vfpv3 -mfloat-abi=hard -Wl,-build-id=none -specs=Xilinx.spec -Wl,-T -Wl,../src/lscript.ld -L../../FreeRTOS_PongGame_bsp/ps7_cortexa9_0/lib -o "FreeRTOS_PongGame.elf"  ./src/PongFunc.o ./src/freertos_hello_world.o   -Wl,--start-group,-lxil,-lfreertos,-lgcc,-lc,--end-group
'Finished building target: FreeRTOS_PongGame.elf'
' '
'Invoking: ARM v7 Print Size'
arm-none-eabi-size FreeRTOS_PongGame.elf  |tee "FreeRTOS_PongGame.elf.size"
   text	   data	    bss	    dec	    hex	filename
 107476	   3392	  89760	 200628	  30fb4	FreeRTOS_PongGame.elf
'Finished building: FreeRTOS_PongGame.elf.size'
' '
12:30:11 **** Incremental Build of configuration Debug for project PongFunctionTests ****
make pre-build main-build 
a9-linaro-pre-build-step
' '
make: Nothing to be done for 'main-build'.
12:30:25 **** Incremental Build of configuration Debug for project FreeRTOS_PongGame ****
make pre-build main-build 
a9-linaro-pre-build-step
' '
'Building file: ../src/PongFunc.c'
'Invoking: ARM v7 gcc compiler'
arm-none-eabi-gcc -Wall -O0 -g3 -c -fmessage-length=0 -MT"src/PongFunc.o" -mcpu=cortex-a9 -mfpu=vfpv3 -mfloat-abi=hard -I../../FreeRTOS_PongGame_bsp/ps7_cortexa9_0/include -MMD -MP -MF"src/PongFunc.d" -MT"src/PongFunc.o" -o "src/PongFunc.o" "../src/PongFunc.c"
In file included from ../../FreeRTOS_PongGame_bsp/ps7_cortexa9_0/include/WS2812.h:8,
                 from ../src/PongHead.h:11,
                 from ../src/PongFunc.c:1:
../src/PongFunc.c: In function 'startGPIO':
../../FreeRTOS_PongGame_bsp/ps7_cortexa9_0/include/xstatus.h:61:41: warning: 'return' with a value, in function returning void
 #define XST_FAILURE                     1L
                                         ^~
../src/PongFunc.c:383:10: note: in expansion of macro 'XST_FAILURE'
   return XST_FAILURE;
          ^~~~~~~~~~~
../src/PongFunc.c:375:6: note: declared here
 void startGPIO()
      ^~~~~~~~~
In file included from ../../FreeRTOS_PongGame_bsp/ps7_cortexa9_0/include/WS2812.h:8,
                 from ../src/PongHead.h:11,
                 from ../src/PongFunc.c:1:
../../FreeRTOS_PongGame_bsp/ps7_cortexa9_0/include/xstatus.h:61:41: warning: 'return' with a value, in function returning void
 #define XST_FAILURE                     1L
                                         ^~
../src/PongFunc.c:394:10: note: in expansion of macro 'XST_FAILURE'
   return XST_FAILURE;
          ^~~~~~~~~~~
../src/PongFunc.c:375:6: note: declared here
 void startGPIO()
      ^~~~~~~~~
'Finished building: ../src/PongFunc.c'
' '
'Building target: FreeRTOS_PongGame.elf'
'Invoking: ARM v7 gcc linker'
arm-none-eabi-gcc -mcpu=cortex-a9 -mfpu=vfpv3 -mfloat-abi=hard -Wl,-build-id=none -specs=Xilinx.spec -Wl,-T -Wl,../src/lscript.ld -L../../FreeRTOS_PongGame_bsp/ps7_cortexa9_0/lib -o "FreeRTOS_PongGame.elf"  ./src/PongFunc.o ./src/freertos_hello_world.o   -Wl,--start-group,-lxil,-lfreertos,-lgcc,-lc,--end-group
'Finished building target: FreeRTOS_PongGame.elf'
' '
'Invoking: ARM v7 Print Size'
arm-none-eabi-size FreeRTOS_PongGame.elf  |tee "FreeRTOS_PongGame.elf.size"
   text	   data	    bss	    dec	    hex	filename
 109140	   3392	  89760	 202292	  31634	FreeRTOS_PongGame.elf
'Finished building: FreeRTOS_PongGame.elf.size'
' '
