23:23:37 **** Incremental Build of configuration Debug for project firstTest ****
make pre-build main-build 
a9-linaro-pre-build-step
' '
'Building file: ../src/helloworld.c'
'Invoking: ARM v7 gcc compiler'
arm-none-eabi-gcc -Wall -O0 -g3 -c -fmessage-length=0 -MT"src/helloworld.o" -mcpu=cortex-a9 -mfpu=vfpv3 -mfloat-abi=hard -I../../firstTest_bsp/ps7_cortexa9_0/include -MMD -MP -MF"src/helloworld.d" -MT"src/helloworld.o" -o "src/helloworld.o" "../src/helloworld.c"
../src/helloworld.c:19:16: warning: 'packed' attribute ignored [-Wattributes]
 typedef struct uint24_t __attribute__((packed)) uint24_t;
                ^~~~~~~~
../src/helloworld.c: In function 'main':
../src/helloworld.c:31:9: warning: unused variable 'itel' [-Wunused-variable]
     int itel;
         ^~~~
../src/helloworld.c:30:18: warning: unused variable 'Status' [-Wunused-variable]
     int readreg, Status;
                  ^~~~~~
../src/helloworld.c:30:9: warning: unused variable 'readreg' [-Wunused-variable]
     int readreg, Status;
         ^~~~~~~
../src/helloworld.c: In function 'drawGame':
../src/helloworld.c:94:25: warning: statement with no effect [-Wunused-value]
  for (int i=0; i<=252; i+4)
                        ~^~
'Finished building: ../src/helloworld.c'
' '
'Building target: firstTest.elf'
'Invoking: ARM v7 gcc linker'
arm-none-eabi-gcc -mcpu=cortex-a9 -mfpu=vfpv3 -mfloat-abi=hard -Wl,-build-id=none -specs=Xilinx.spec -Wl,-T -Wl,../src/lscript.ld -L../../firstTest_bsp/ps7_cortexa9_0/lib -o "firstTest.elf"  ./src/helloworld.o ./src/platform.o   -Wl,--start-group,-lxil,-lgcc,-lc,--end-group
'Finished building target: firstTest.elf'
' '
'Invoking: ARM v7 Print Size'
arm-none-eabi-size firstTest.elf  |tee "firstTest.elf.size"
   text	   data	    bss	    dec	    hex	filename
  56892	   2584	  23584	  83060	  14474	firstTest.elf
'Finished building: firstTest.elf.size'
' '
23:23:39 **** Incremental Build of configuration Debug for project firstTest ****
make pre-build main-build 
a9-linaro-pre-build-step
' '
make: Nothing to be done for 'main-build'.
23:23:56 **** Incremental Build of configuration Debug for project firstTest ****
make pre-build main-build 
a9-linaro-pre-build-step
' '
'Building file: ../src/helloworld.c'
'Invoking: ARM v7 gcc compiler'
arm-none-eabi-gcc -Wall -O0 -g3 -c -fmessage-length=0 -MT"src/helloworld.o" -mcpu=cortex-a9 -mfpu=vfpv3 -mfloat-abi=hard -I../../firstTest_bsp/ps7_cortexa9_0/include -MMD -MP -MF"src/helloworld.d" -MT"src/helloworld.o" -o "src/helloworld.o" "../src/helloworld.c"
../src/helloworld.c:19:16: warning: 'packed' attribute ignored [-Wattributes]
 typedef struct uint24_t __attribute__((packed)) uint24_t;
                ^~~~~~~~
../src/helloworld.c: In function 'main':
../src/helloworld.c:31:9: warning: unused variable 'itel' [-Wunused-variable]
     int itel;
         ^~~~
../src/helloworld.c:30:18: warning: unused variable 'Status' [-Wunused-variable]
     int readreg, Status;
                  ^~~~~~
../src/helloworld.c:30:9: warning: unused variable 'readreg' [-Wunused-variable]
     int readreg, Status;
         ^~~~~~~
../src/helloworld.c: In function 'drawGame':
../src/helloworld.c:94:25: warning: statement with no effect [-Wunused-value]
  for (int i=0; i<=252; i+4)
                        ~^~
'Finished building: ../src/helloworld.c'
' '
'Building target: firstTest.elf'
'Invoking: ARM v7 gcc linker'
arm-none-eabi-gcc -mcpu=cortex-a9 -mfpu=vfpv3 -mfloat-abi=hard -Wl,-build-id=none -specs=Xilinx.spec -Wl,-T -Wl,../src/lscript.ld -L../../firstTest_bsp/ps7_cortexa9_0/lib -o "firstTest.elf"  ./src/helloworld.o ./src/platform.o   -Wl,--start-group,-lxil,-lgcc,-lc,--end-group
'Finished building target: firstTest.elf'
' '
'Invoking: ARM v7 Print Size'
arm-none-eabi-size firstTest.elf  |tee "firstTest.elf.size"
   text	   data	    bss	    dec	    hex	filename
  56892	   2584	  23584	  83060	  14474	firstTest.elf
'Finished building: firstTest.elf.size'
' '
23:24:09 **** Incremental Build of configuration Debug for project firstTest ****
make pre-build main-build 
a9-linaro-pre-build-step
' '
'Building file: ../src/helloworld.c'
'Invoking: ARM v7 gcc compiler'
arm-none-eabi-gcc -Wall -O0 -g3 -c -fmessage-length=0 -MT"src/helloworld.o" -mcpu=cortex-a9 -mfpu=vfpv3 -mfloat-abi=hard -I../../firstTest_bsp/ps7_cortexa9_0/include -MMD -MP -MF"src/helloworld.d" -MT"src/helloworld.o" -o "src/helloworld.o" "../src/helloworld.c"
../src/helloworld.c:19:16: warning: 'packed' attribute ignored [-Wattributes]
 typedef struct uint24_t __attribute__((packed)) uint24_t;
                ^~~~~~~~
../src/helloworld.c: In function 'main':
../src/helloworld.c:31:9: warning: unused variable 'itel' [-Wunused-variable]
     int itel;
         ^~~~
../src/helloworld.c:30:18: warning: unused variable 'Status' [-Wunused-variable]
     int readreg, Status;
                  ^~~~~~
../src/helloworld.c:30:9: warning: unused variable 'readreg' [-Wunused-variable]
     int readreg, Status;
         ^~~~~~~
../src/helloworld.c: In function 'drawGame':
../src/helloworld.c:94:25: warning: statement with no effect [-Wunused-value]
  for (int i=0; i<=252; i+4)
                        ~^~
'Finished building: ../src/helloworld.c'
' '
'Building target: firstTest.elf'
'Invoking: ARM v7 gcc linker'
arm-none-eabi-gcc -mcpu=cortex-a9 -mfpu=vfpv3 -mfloat-abi=hard -Wl,-build-id=none -specs=Xilinx.spec -Wl,-T -Wl,../src/lscript.ld -L../../firstTest_bsp/ps7_cortexa9_0/lib -o "firstTest.elf"  ./src/helloworld.o ./src/platform.o   -Wl,--start-group,-lxil,-lgcc,-lc,--end-group
'Finished building target: firstTest.elf'
' '
'Invoking: ARM v7 Print Size'
arm-none-eabi-size firstTest.elf  |tee "firstTest.elf.size"
   text	   data	    bss	    dec	    hex	filename
  56892	   2584	  23584	  83060	  14474	firstTest.elf
'Finished building: firstTest.elf.size'
' '
23:25:10 **** Incremental Build of configuration Debug for project firstTest ****
make pre-build main-build 
a9-linaro-pre-build-step
' '
'Building file: ../src/helloworld.c'
'Invoking: ARM v7 gcc compiler'
arm-none-eabi-gcc -Wall -O0 -g3 -c -fmessage-length=0 -MT"src/helloworld.o" -mcpu=cortex-a9 -mfpu=vfpv3 -mfloat-abi=hard -I../../firstTest_bsp/ps7_cortexa9_0/include -MMD -MP -MF"src/helloworld.d" -MT"src/helloworld.o" -o "src/helloworld.o" "../src/helloworld.c"
../src/helloworld.c:19:16: warning: 'packed' attribute ignored [-Wattributes]
 typedef struct uint24_t __attribute__((packed)) uint24_t;
                ^~~~~~~~
../src/helloworld.c: In function 'main':
../src/helloworld.c:31:9: warning: unused variable 'itel' [-Wunused-variable]
     int itel;
         ^~~~
../src/helloworld.c:30:18: warning: unused variable 'Status' [-Wunused-variable]
     int readreg, Status;
                  ^~~~~~
../src/helloworld.c:30:9: warning: unused variable 'readreg' [-Wunused-variable]
     int readreg, Status;
         ^~~~~~~
../src/helloworld.c: In function 'drawGame':
../src/helloworld.c:95:25: warning: statement with no effect [-Wunused-value]
  for (int i=0; i<=252; i+4)
                        ~^~
'Finished building: ../src/helloworld.c'
' '
'Building target: firstTest.elf'
'Invoking: ARM v7 gcc linker'
arm-none-eabi-gcc -mcpu=cortex-a9 -mfpu=vfpv3 -mfloat-abi=hard -Wl,-build-id=none -specs=Xilinx.spec -Wl,-T -Wl,../src/lscript.ld -L../../firstTest_bsp/ps7_cortexa9_0/lib -o "firstTest.elf"  ./src/helloworld.o ./src/platform.o   -Wl,--start-group,-lxil,-lgcc,-lc,--end-group
'Finished building target: firstTest.elf'
' '
'Invoking: ARM v7 Print Size'
arm-none-eabi-size firstTest.elf  |tee "firstTest.elf.size"
   text	   data	    bss	    dec	    hex	filename
  56972	   2584	  23584	  83140	  144c4	firstTest.elf
'Finished building: firstTest.elf.size'
' '
23:25:30 **** Incremental Build of configuration Debug for project firstTest ****
make pre-build main-build 
a9-linaro-pre-build-step
' '
make: Nothing to be done for 'main-build'.
23:25:44 **** Incremental Build of configuration Debug for project firstTest ****
make pre-build main-build 
a9-linaro-pre-build-step
' '
make: Nothing to be done for 'main-build'.
23:26:19 **** Incremental Build of configuration Debug for project firstTest ****
make pre-build main-build 
a9-linaro-pre-build-step
' '
'Building file: ../src/helloworld.c'
'Invoking: ARM v7 gcc compiler'
arm-none-eabi-gcc -Wall -O0 -g3 -c -fmessage-length=0 -MT"src/helloworld.o" -mcpu=cortex-a9 -mfpu=vfpv3 -mfloat-abi=hard -I../../firstTest_bsp/ps7_cortexa9_0/include -MMD -MP -MF"src/helloworld.d" -MT"src/helloworld.o" -o "src/helloworld.o" "../src/helloworld.c"
../src/helloworld.c:19:16: warning: 'packed' attribute ignored [-Wattributes]
 typedef struct uint24_t __attribute__((packed)) uint24_t;
                ^~~~~~~~
../src/helloworld.c: In function 'main':
../src/helloworld.c:31:9: warning: unused variable 'itel' [-Wunused-variable]
     int itel;
         ^~~~
../src/helloworld.c:30:18: warning: unused variable 'Status' [-Wunused-variable]
     int readreg, Status;
                  ^~~~~~
../src/helloworld.c:30:9: warning: unused variable 'readreg' [-Wunused-variable]
     int readreg, Status;
         ^~~~~~~
../src/helloworld.c: In function 'drawGame':
../src/helloworld.c:96:25: warning: statement with no effect [-Wunused-value]
  for (int i=0; i<=252; i+4)
                        ~^~
'Finished building: ../src/helloworld.c'
' '
'Building target: firstTest.elf'
'Invoking: ARM v7 gcc linker'
arm-none-eabi-gcc -mcpu=cortex-a9 -mfpu=vfpv3 -mfloat-abi=hard -Wl,-build-id=none -specs=Xilinx.spec -Wl,-T -Wl,../src/lscript.ld -L../../firstTest_bsp/ps7_cortexa9_0/lib -o "firstTest.elf"  ./src/helloworld.o ./src/platform.o   -Wl,--start-group,-lxil,-lgcc,-lc,--end-group
'Finished building target: firstTest.elf'
' '
'Invoking: ARM v7 Print Size'
arm-none-eabi-size firstTest.elf  |tee "firstTest.elf.size"
   text	   data	    bss	    dec	    hex	filename
  56972	   2584	  23584	  83140	  144c4	firstTest.elf
'Finished building: firstTest.elf.size'
' '
23:27:29 **** Incremental Build of configuration Debug for project firstTest ****
make pre-build main-build 
a9-linaro-pre-build-step
' '
'Building file: ../src/helloworld.c'
'Invoking: ARM v7 gcc compiler'
arm-none-eabi-gcc -Wall -O0 -g3 -c -fmessage-length=0 -MT"src/helloworld.o" -mcpu=cortex-a9 -mfpu=vfpv3 -mfloat-abi=hard -I../../firstTest_bsp/ps7_cortexa9_0/include -MMD -MP -MF"src/helloworld.d" -MT"src/helloworld.o" -o "src/helloworld.o" "../src/helloworld.c"
../src/helloworld.c:19:16: warning: 'packed' attribute ignored [-Wattributes]
 typedef struct uint24_t __attribute__((packed)) uint24_t;
                ^~~~~~~~
../src/helloworld.c: In function 'main':
../src/helloworld.c:79:3: error: 'arraypos' undeclared (first use in this function)
   arraypos = (1-X)*9;
   ^~~~~~~~
../src/helloworld.c:79:3: note: each undeclared identifier is reported only once for each function it appears in
../src/helloworld.c:31:9: warning: unused variable 'itel' [-Wunused-variable]
     int itel;
         ^~~~
../src/helloworld.c:30:18: warning: unused variable 'Status' [-Wunused-variable]
     int readreg, Status;
                  ^~~~~~
../src/helloworld.c:30:9: warning: unused variable 'readreg' [-Wunused-variable]
     int readreg, Status;
         ^~~~~~~
../src/helloworld.c: In function 'drawGame':
../src/helloworld.c:102:25: warning: statement with no effect [-Wunused-value]
  for (int i=0; i<=252; i+4)
                        ~^~
make: *** [src/subdir.mk:26: src/helloworld.o] Error 1
23:27:45 **** Incremental Build of configuration Debug for project firstTest ****
make pre-build main-build 
a9-linaro-pre-build-step
' '
'Building file: ../src/helloworld.c'
'Invoking: ARM v7 gcc compiler'
arm-none-eabi-gcc -Wall -O0 -g3 -c -fmessage-length=0 -MT"src/helloworld.o" -mcpu=cortex-a9 -mfpu=vfpv3 -mfloat-abi=hard -I../../firstTest_bsp/ps7_cortexa9_0/include -MMD -MP -MF"src/helloworld.d" -MT"src/helloworld.o" -o "src/helloworld.o" "../src/helloworld.c"
../src/helloworld.c:19:16: warning: 'packed' attribute ignored [-Wattributes]
 typedef struct uint24_t __attribute__((packed)) uint24_t;
                ^~~~~~~~
../src/helloworld.c: In function 'main':
../src/helloworld.c:31:9: warning: unused variable 'itel' [-Wunused-variable]
     int itel;
         ^~~~
../src/helloworld.c:30:18: warning: unused variable 'Status' [-Wunused-variable]
     int readreg, Status;
                  ^~~~~~
../src/helloworld.c:30:9: warning: unused variable 'readreg' [-Wunused-variable]
     int readreg, Status;
         ^~~~~~~
../src/helloworld.c: In function 'drawGame':
../src/helloworld.c:103:25: warning: statement with no effect [-Wunused-value]
  for (int i=0; i<=252; i+4)
                        ~^~
'Finished building: ../src/helloworld.c'
' '
'Building target: firstTest.elf'
'Invoking: ARM v7 gcc linker'
arm-none-eabi-gcc -mcpu=cortex-a9 -mfpu=vfpv3 -mfloat-abi=hard -Wl,-build-id=none -specs=Xilinx.spec -Wl,-T -Wl,../src/lscript.ld -L../../firstTest_bsp/ps7_cortexa9_0/lib -o "firstTest.elf"  ./src/helloworld.o ./src/platform.o   -Wl,--start-group,-lxil,-lgcc,-lc,--end-group
'Finished building target: firstTest.elf'
' '
'Invoking: ARM v7 Print Size'
arm-none-eabi-size firstTest.elf  |tee "firstTest.elf.size"
   text	   data	    bss	    dec	    hex	filename
  57100	   2584	  23584	  83268	  14544	firstTest.elf
'Finished building: firstTest.elf.size'
' '
23:28:27 **** Incremental Build of configuration Debug for project firstTest ****
make pre-build main-build 
a9-linaro-pre-build-step
' '
'Building file: ../src/helloworld.c'
'Invoking: ARM v7 gcc compiler'
arm-none-eabi-gcc -Wall -O0 -g3 -c -fmessage-length=0 -MT"src/helloworld.o" -mcpu=cortex-a9 -mfpu=vfpv3 -mfloat-abi=hard -I../../firstTest_bsp/ps7_cortexa9_0/include -MMD -MP -MF"src/helloworld.d" -MT"src/helloworld.o" -o "src/helloworld.o" "../src/helloworld.c"
../src/helloworld.c:19:16: warning: 'packed' attribute ignored [-Wattributes]
 typedef struct uint24_t __attribute__((packed)) uint24_t;
                ^~~~~~~~
../src/helloworld.c: In function 'main':
../src/helloworld.c:31:9: warning: unused variable 'itel' [-Wunused-variable]
     int itel;
         ^~~~
../src/helloworld.c:30:18: warning: unused variable 'Status' [-Wunused-variable]
     int readreg, Status;
                  ^~~~~~
../src/helloworld.c: In function 'drawGame':
../src/helloworld.c:103:25: warning: statement with no effect [-Wunused-value]
  for (int i=0; i<=252; i+4)
                        ~^~
'Finished building: ../src/helloworld.c'
' '
'Building target: firstTest.elf'
'Invoking: ARM v7 gcc linker'
arm-none-eabi-gcc -mcpu=cortex-a9 -mfpu=vfpv3 -mfloat-abi=hard -Wl,-build-id=none -specs=Xilinx.spec -Wl,-T -Wl,../src/lscript.ld -L../../firstTest_bsp/ps7_cortexa9_0/lib -o "firstTest.elf"  ./src/helloworld.o ./src/platform.o   -Wl,--start-group,-lxil,-lgcc,-lc,--end-group
'Finished building target: firstTest.elf'
' '
'Invoking: ARM v7 Print Size'
arm-none-eabi-size firstTest.elf  |tee "firstTest.elf.size"
   text	   data	    bss	    dec	    hex	filename
  57372	   2584	  23584	  83540	  14654	firstTest.elf
'Finished building: firstTest.elf.size'
' '
23:29:39 **** Incremental Build of configuration Debug for project firstTest ****
make pre-build main-build 
a9-linaro-pre-build-step
' '
'Building file: ../src/helloworld.c'
'Invoking: ARM v7 gcc compiler'
arm-none-eabi-gcc -Wall -O0 -g3 -c -fmessage-length=0 -MT"src/helloworld.o" -mcpu=cortex-a9 -mfpu=vfpv3 -mfloat-abi=hard -I../../firstTest_bsp/ps7_cortexa9_0/include -MMD -MP -MF"src/helloworld.d" -MT"src/helloworld.o" -o "src/helloworld.o" "../src/helloworld.c"
../src/helloworld.c:19:16: warning: 'packed' attribute ignored [-Wattributes]
 typedef struct uint24_t __attribute__((packed)) uint24_t;
                ^~~~~~~~
../src/helloworld.c: In function 'main':
../src/helloworld.c:31:9: warning: unused variable 'itel' [-Wunused-variable]
     int itel;
         ^~~~
../src/helloworld.c:30:18: warning: unused variable 'Status' [-Wunused-variable]
     int readreg, Status;
                  ^~~~~~
../src/helloworld.c: In function 'drawGame':
../src/helloworld.c:103:25: warning: statement with no effect [-Wunused-value]
  for (int i=0; i<=252; i+4)
                        ~^~
'Finished building: ../src/helloworld.c'
' '
'Building target: firstTest.elf'
'Invoking: ARM v7 gcc linker'
arm-none-eabi-gcc -mcpu=cortex-a9 -mfpu=vfpv3 -mfloat-abi=hard -Wl,-build-id=none -specs=Xilinx.spec -Wl,-T -Wl,../src/lscript.ld -L../../firstTest_bsp/ps7_cortexa9_0/lib -o "firstTest.elf"  ./src/helloworld.o ./src/platform.o   -Wl,--start-group,-lxil,-lgcc,-lc,--end-group
'Finished building target: firstTest.elf'
' '
'Invoking: ARM v7 Print Size'
arm-none-eabi-size firstTest.elf  |tee "firstTest.elf.size"
   text	   data	    bss	    dec	    hex	filename
  57372	   2584	  23584	  83540	  14654	firstTest.elf
'Finished building: firstTest.elf.size'
' '
23:30:09 **** Incremental Build of configuration Debug for project firstTest ****
make pre-build main-build 
a9-linaro-pre-build-step
' '
'Building file: ../src/helloworld.c'
'Invoking: ARM v7 gcc compiler'
arm-none-eabi-gcc -Wall -O0 -g3 -c -fmessage-length=0 -MT"src/helloworld.o" -mcpu=cortex-a9 -mfpu=vfpv3 -mfloat-abi=hard -I../../firstTest_bsp/ps7_cortexa9_0/include -MMD -MP -MF"src/helloworld.d" -MT"src/helloworld.o" -o "src/helloworld.o" "../src/helloworld.c"
../src/helloworld.c:19:16: warning: 'packed' attribute ignored [-Wattributes]
 typedef struct uint24_t __attribute__((packed)) uint24_t;
                ^~~~~~~~
../src/helloworld.c: In function 'main':
../src/helloworld.c:31:9: warning: unused variable 'itel' [-Wunused-variable]
     int itel;
         ^~~~
../src/helloworld.c:30:18: warning: unused variable 'Status' [-Wunused-variable]
     int readreg, Status;
                  ^~~~~~
../src/helloworld.c: In function 'drawGame':
../src/helloworld.c:103:25: warning: statement with no effect [-Wunused-value]
  for (int i=0; i<=252; i+4)
                        ~^~
'Finished building: ../src/helloworld.c'
' '
'Building target: firstTest.elf'
'Invoking: ARM v7 gcc linker'
arm-none-eabi-gcc -mcpu=cortex-a9 -mfpu=vfpv3 -mfloat-abi=hard -Wl,-build-id=none -specs=Xilinx.spec -Wl,-T -Wl,../src/lscript.ld -L../../firstTest_bsp/ps7_cortexa9_0/lib -o "firstTest.elf"  ./src/helloworld.o ./src/platform.o   -Wl,--start-group,-lxil,-lgcc,-lc,--end-group
'Finished building target: firstTest.elf'
' '
'Invoking: ARM v7 Print Size'
arm-none-eabi-size firstTest.elf  |tee "firstTest.elf.size"
   text	   data	    bss	    dec	    hex	filename
  57372	   2584	  23584	  83540	  14654	firstTest.elf
'Finished building: firstTest.elf.size'
' '
23:31:29 **** Incremental Build of configuration Debug for project firstTest ****
make pre-build main-build 
a9-linaro-pre-build-step
' '
'Building file: ../src/helloworld.c'
'Invoking: ARM v7 gcc compiler'
arm-none-eabi-gcc -Wall -O0 -g3 -c -fmessage-length=0 -MT"src/helloworld.o" -mcpu=cortex-a9 -mfpu=vfpv3 -mfloat-abi=hard -I../../firstTest_bsp/ps7_cortexa9_0/include -MMD -MP -MF"src/helloworld.d" -MT"src/helloworld.o" -o "src/helloworld.o" "../src/helloworld.c"
../src/helloworld.c:19:16: warning: 'packed' attribute ignored [-Wattributes]
 typedef struct uint24_t __attribute__((packed)) uint24_t;
                ^~~~~~~~
../src/helloworld.c: In function 'main':
../src/helloworld.c:31:9: warning: unused variable 'itel' [-Wunused-variable]
     int itel;
         ^~~~
../src/helloworld.c:30:18: warning: unused variable 'Status' [-Wunused-variable]
     int readreg, Status;
                  ^~~~~~
../src/helloworld.c: In function 'drawGame':
../src/helloworld.c:103:25: warning: statement with no effect [-Wunused-value]
  for (int i=0; i<=252; i+4)
                        ~^~
'Finished building: ../src/helloworld.c'
' '
'Building target: firstTest.elf'
'Invoking: ARM v7 gcc linker'
arm-none-eabi-gcc -mcpu=cortex-a9 -mfpu=vfpv3 -mfloat-abi=hard -Wl,-build-id=none -specs=Xilinx.spec -Wl,-T -Wl,../src/lscript.ld -L../../firstTest_bsp/ps7_cortexa9_0/lib -o "firstTest.elf"  ./src/helloworld.o ./src/platform.o   -Wl,--start-group,-lxil,-lgcc,-lc,--end-group
'Finished building target: firstTest.elf'
' '
'Invoking: ARM v7 Print Size'
arm-none-eabi-size firstTest.elf  |tee "firstTest.elf.size"
   text	   data	    bss	    dec	    hex	filename
  57372	   2584	  23584	  83540	  14654	firstTest.elf
'Finished building: firstTest.elf.size'
' '
23:32:37 **** Incremental Build of configuration Debug for project firstTest ****
make pre-build main-build 
a9-linaro-pre-build-step
' '
'Building file: ../src/helloworld.c'
'Invoking: ARM v7 gcc compiler'
arm-none-eabi-gcc -Wall -O0 -g3 -c -fmessage-length=0 -MT"src/helloworld.o" -mcpu=cortex-a9 -mfpu=vfpv3 -mfloat-abi=hard -I../../firstTest_bsp/ps7_cortexa9_0/include -MMD -MP -MF"src/helloworld.d" -MT"src/helloworld.o" -o "src/helloworld.o" "../src/helloworld.c"
../src/helloworld.c:19:16: warning: 'packed' attribute ignored [-Wattributes]
 typedef struct uint24_t __attribute__((packed)) uint24_t;
                ^~~~~~~~
../src/helloworld.c: In function 'main':
../src/helloworld.c:31:9: warning: unused variable 'itel' [-Wunused-variable]
     int itel;
         ^~~~
../src/helloworld.c:30:18: warning: unused variable 'Status' [-Wunused-variable]
     int readreg, Status;
                  ^~~~~~
../src/helloworld.c: In function 'drawGame':
../src/helloworld.c:94:25: warning: statement with no effect [-Wunused-value]
  for (int i=0; i<=252; i+4)
                        ~^~
'Finished building: ../src/helloworld.c'
' '
'Building target: firstTest.elf'
'Invoking: ARM v7 gcc linker'
arm-none-eabi-gcc -mcpu=cortex-a9 -mfpu=vfpv3 -mfloat-abi=hard -Wl,-build-id=none -specs=Xilinx.spec -Wl,-T -Wl,../src/lscript.ld -L../../firstTest_bsp/ps7_cortexa9_0/lib -o "firstTest.elf"  ./src/helloworld.o ./src/platform.o   -Wl,--start-group,-lxil,-lgcc,-lc,--end-group
'Finished building target: firstTest.elf'
' '
'Invoking: ARM v7 Print Size'
arm-none-eabi-size firstTest.elf  |tee "firstTest.elf.size"
   text	   data	    bss	    dec	    hex	filename
  57244	   2584	  23584	  83412	  145d4	firstTest.elf
'Finished building: firstTest.elf.size'
' '
23:33:32 **** Incremental Build of configuration Debug for project firstTest ****
make pre-build main-build 
a9-linaro-pre-build-step
' '
'Building file: ../src/helloworld.c'
'Invoking: ARM v7 gcc compiler'
arm-none-eabi-gcc -Wall -O0 -g3 -c -fmessage-length=0 -MT"src/helloworld.o" -mcpu=cortex-a9 -mfpu=vfpv3 -mfloat-abi=hard -I../../firstTest_bsp/ps7_cortexa9_0/include -MMD -MP -MF"src/helloworld.d" -MT"src/helloworld.o" -o "src/helloworld.o" "../src/helloworld.c"
../src/helloworld.c:19:16: warning: 'packed' attribute ignored [-Wattributes]
 typedef struct uint24_t __attribute__((packed)) uint24_t;
                ^~~~~~~~
../src/helloworld.c: In function 'main':
../src/helloworld.c:31:9: warning: unused variable 'itel' [-Wunused-variable]
     int itel;
         ^~~~
../src/helloworld.c:30:18: warning: unused variable 'Status' [-Wunused-variable]
     int readreg, Status;
                  ^~~~~~
../src/helloworld.c: In function 'drawGame':
../src/helloworld.c:94:25: warning: statement with no effect [-Wunused-value]
  for (int i=0; i<=252; i+4)
                        ~^~
'Finished building: ../src/helloworld.c'
' '
'Building target: firstTest.elf'
'Invoking: ARM v7 gcc linker'
arm-none-eabi-gcc -mcpu=cortex-a9 -mfpu=vfpv3 -mfloat-abi=hard -Wl,-build-id=none -specs=Xilinx.spec -Wl,-T -Wl,../src/lscript.ld -L../../firstTest_bsp/ps7_cortexa9_0/lib -o "firstTest.elf"  ./src/helloworld.o ./src/platform.o   -Wl,--start-group,-lxil,-lgcc,-lc,--end-group
'Finished building target: firstTest.elf'
' '
'Invoking: ARM v7 Print Size'
arm-none-eabi-size firstTest.elf  |tee "firstTest.elf.size"
   text	   data	    bss	    dec	    hex	filename
  57260	   2584	  23584	  83428	  145e4	firstTest.elf
'Finished building: firstTest.elf.size'
' '
23:34:46 **** Incremental Build of configuration Debug for project firstTest ****
make pre-build main-build 
a9-linaro-pre-build-step
' '
'Building file: ../src/helloworld.c'
'Invoking: ARM v7 gcc compiler'
arm-none-eabi-gcc -Wall -O0 -g3 -c -fmessage-length=0 -MT"src/helloworld.o" -mcpu=cortex-a9 -mfpu=vfpv3 -mfloat-abi=hard -I../../firstTest_bsp/ps7_cortexa9_0/include -MMD -MP -MF"src/helloworld.d" -MT"src/helloworld.o" -o "src/helloworld.o" "../src/helloworld.c"
../src/helloworld.c:19:16: warning: 'packed' attribute ignored [-Wattributes]
 typedef struct uint24_t __attribute__((packed)) uint24_t;
                ^~~~~~~~
../src/helloworld.c: In function 'main':
../src/helloworld.c:31:9: warning: unused variable 'itel' [-Wunused-variable]
     int itel;
         ^~~~
../src/helloworld.c:30:18: warning: unused variable 'Status' [-Wunused-variable]
     int readreg, Status;
                  ^~~~~~
../src/helloworld.c: In function 'drawGame':
../src/helloworld.c:94:25: warning: statement with no effect [-Wunused-value]
  for (int i=0; i<=252; i+4)
                        ~^~
'Finished building: ../src/helloworld.c'
' '
'Building target: firstTest.elf'
'Invoking: ARM v7 gcc linker'
arm-none-eabi-gcc -mcpu=cortex-a9 -mfpu=vfpv3 -mfloat-abi=hard -Wl,-build-id=none -specs=Xilinx.spec -Wl,-T -Wl,../src/lscript.ld -L../../firstTest_bsp/ps7_cortexa9_0/lib -o "firstTest.elf"  ./src/helloworld.o ./src/platform.o   -Wl,--start-group,-lxil,-lgcc,-lc,--end-group
'Finished building target: firstTest.elf'
' '
'Invoking: ARM v7 Print Size'
arm-none-eabi-size firstTest.elf  |tee "firstTest.elf.size"
   text	   data	    bss	    dec	    hex	filename
  57324	   2584	  23584	  83492	  14624	firstTest.elf
'Finished building: firstTest.elf.size'
' '
23:36:19 **** Incremental Build of configuration Debug for project firstTest ****
make pre-build main-build 
a9-linaro-pre-build-step
' '
'Building file: ../src/helloworld.c'
'Invoking: ARM v7 gcc compiler'
arm-none-eabi-gcc -Wall -O0 -g3 -c -fmessage-length=0 -MT"src/helloworld.o" -mcpu=cortex-a9 -mfpu=vfpv3 -mfloat-abi=hard -I../../firstTest_bsp/ps7_cortexa9_0/include -MMD -MP -MF"src/helloworld.d" -MT"src/helloworld.o" -o "src/helloworld.o" "../src/helloworld.c"
../src/helloworld.c:19:16: warning: 'packed' attribute ignored [-Wattributes]
 typedef struct uint24_t __attribute__((packed)) uint24_t;
                ^~~~~~~~
../src/helloworld.c: In function 'main':
../src/helloworld.c:32:9: warning: unused variable 'itel' [-Wunused-variable]
     int itel;
         ^~~~
../src/helloworld.c:31:18: warning: unused variable 'Status' [-Wunused-variable]
     int readreg, Status;
                  ^~~~~~
../src/helloworld.c: In function 'drawGame':
../src/helloworld.c:95:25: warning: statement with no effect [-Wunused-value]
  for (int i=0; i<=252; i+4)
                        ~^~
'Finished building: ../src/helloworld.c'
' '
'Building target: firstTest.elf'
'Invoking: ARM v7 gcc linker'
arm-none-eabi-gcc -mcpu=cortex-a9 -mfpu=vfpv3 -mfloat-abi=hard -Wl,-build-id=none -specs=Xilinx.spec -Wl,-T -Wl,../src/lscript.ld -L../../firstTest_bsp/ps7_cortexa9_0/lib -o "firstTest.elf"  ./src/helloworld.o ./src/platform.o   -Wl,--start-group,-lxil,-lgcc,-lc,--end-group
'Finished building target: firstTest.elf'
' '
'Invoking: ARM v7 Print Size'
arm-none-eabi-size firstTest.elf  |tee "firstTest.elf.size"
   text	   data	    bss	    dec	    hex	filename
  57324	   2584	  23584	  83492	  14624	firstTest.elf
'Finished building: firstTest.elf.size'
' '
23:37:19 **** Incremental Build of configuration Debug for project firstTest ****
make pre-build main-build 
a9-linaro-pre-build-step
' '
'Building file: ../src/helloworld.c'
'Invoking: ARM v7 gcc compiler'
arm-none-eabi-gcc -Wall -O0 -g3 -c -fmessage-length=0 -MT"src/helloworld.o" -mcpu=cortex-a9 -mfpu=vfpv3 -mfloat-abi=hard -I../../firstTest_bsp/ps7_cortexa9_0/include -MMD -MP -MF"src/helloworld.d" -MT"src/helloworld.o" -o "src/helloworld.o" "../src/helloworld.c"
../src/helloworld.c:19:16: warning: 'packed' attribute ignored [-Wattributes]
 typedef struct uint24_t __attribute__((packed)) uint24_t;
                ^~~~~~~~
../src/helloworld.c: In function 'main':
../src/helloworld.c:32:9: warning: unused variable 'itel' [-Wunused-variable]
     int itel;
         ^~~~
../src/helloworld.c:31:18: warning: unused variable 'Status' [-Wunused-variable]
     int readreg, Status;
                  ^~~~~~
../src/helloworld.c:31:9: warning: unused variable 'readreg' [-Wunused-variable]
     int readreg, Status;
         ^~~~~~~
../src/helloworld.c: In function 'drawGame':
../src/helloworld.c:97:25: warning: statement with no effect [-Wunused-value]
  for (int i=0; i<=252; i+4)
                        ~^~
'Finished building: ../src/helloworld.c'
' '
'Building target: firstTest.elf'
'Invoking: ARM v7 gcc linker'
arm-none-eabi-gcc -mcpu=cortex-a9 -mfpu=vfpv3 -mfloat-abi=hard -Wl,-build-id=none -specs=Xilinx.spec -Wl,-T -Wl,../src/lscript.ld -L../../firstTest_bsp/ps7_cortexa9_0/lib -o "firstTest.elf"  ./src/helloworld.o ./src/platform.o   -Wl,--start-group,-lxil,-lgcc,-lc,--end-group
'Finished building target: firstTest.elf'
' '
'Invoking: ARM v7 Print Size'
arm-none-eabi-size firstTest.elf  |tee "firstTest.elf.size"
   text	   data	    bss	    dec	    hex	filename
  57052	   2584	  23584	  83220	  14514	firstTest.elf
'Finished building: firstTest.elf.size'
' '
23:37:37 **** Incremental Build of configuration Debug for project firstTest ****
make pre-build main-build 
a9-linaro-pre-build-step
' '
'Building file: ../src/helloworld.c'
'Invoking: ARM v7 gcc compiler'
arm-none-eabi-gcc -Wall -O0 -g3 -c -fmessage-length=0 -MT"src/helloworld.o" -mcpu=cortex-a9 -mfpu=vfpv3 -mfloat-abi=hard -I../../firstTest_bsp/ps7_cortexa9_0/include -MMD -MP -MF"src/helloworld.d" -MT"src/helloworld.o" -o "src/helloworld.o" "../src/helloworld.c"
../src/helloworld.c:19:16: warning: 'packed' attribute ignored [-Wattributes]
 typedef struct uint24_t __attribute__((packed)) uint24_t;
                ^~~~~~~~
../src/helloworld.c: In function 'main':
../src/helloworld.c:32:9: warning: unused variable 'itel' [-Wunused-variable]
     int itel;
         ^~~~
../src/helloworld.c:31:18: warning: unused variable 'Status' [-Wunused-variable]
     int readreg, Status;
                  ^~~~~~
../src/helloworld.c:31:9: warning: unused variable 'readreg' [-Wunused-variable]
     int readreg, Status;
         ^~~~~~~
../src/helloworld.c: In function 'drawGame':
../src/helloworld.c:97:25: warning: statement with no effect [-Wunused-value]
  for (int i=0; i<=252; i+4)
                        ~^~
'Finished building: ../src/helloworld.c'
' '
'Building target: firstTest.elf'
'Invoking: ARM v7 gcc linker'
arm-none-eabi-gcc -mcpu=cortex-a9 -mfpu=vfpv3 -mfloat-abi=hard -Wl,-build-id=none -specs=Xilinx.spec -Wl,-T -Wl,../src/lscript.ld -L../../firstTest_bsp/ps7_cortexa9_0/lib -o "firstTest.elf"  ./src/helloworld.o ./src/platform.o   -Wl,--start-group,-lxil,-lgcc,-lc,--end-group
'Finished building target: firstTest.elf'
' '
'Invoking: ARM v7 Print Size'
arm-none-eabi-size firstTest.elf  |tee "firstTest.elf.size"
   text	   data	    bss	    dec	    hex	filename
  57052	   2584	  23584	  83220	  14514	firstTest.elf
'Finished building: firstTest.elf.size'
' '
23:40:29 **** Incremental Build of configuration Debug for project firstTest ****
make pre-build main-build 
a9-linaro-pre-build-step
' '
'Building file: ../src/helloworld.c'
'Invoking: ARM v7 gcc compiler'
arm-none-eabi-gcc -Wall -O0 -g3 -c -fmessage-length=0 -MT"src/helloworld.o" -mcpu=cortex-a9 -mfpu=vfpv3 -mfloat-abi=hard -I../../firstTest_bsp/ps7_cortexa9_0/include -MMD -MP -MF"src/helloworld.d" -MT"src/helloworld.o" -o "src/helloworld.o" "../src/helloworld.c"
../src/helloworld.c:19:16: warning: 'packed' attribute ignored [-Wattributes]
 typedef struct uint24_t __attribute__((packed)) uint24_t;
                ^~~~~~~~
../src/helloworld.c: In function 'main':
../src/helloworld.c:32:9: warning: unused variable 'itel' [-Wunused-variable]
     int itel;
         ^~~~
../src/helloworld.c:31:18: warning: unused variable 'Status' [-Wunused-variable]
     int readreg, Status;
                  ^~~~~~
../src/helloworld.c:31:9: warning: unused variable 'readreg' [-Wunused-variable]
     int readreg, Status;
         ^~~~~~~
../src/helloworld.c: In function 'drawGame':
../src/helloworld.c:97:25: warning: statement with no effect [-Wunused-value]
  for (int i=0; i<=252; i+4)
                        ~^~
'Finished building: ../src/helloworld.c'
' '
'Building target: firstTest.elf'
'Invoking: ARM v7 gcc linker'
arm-none-eabi-gcc -mcpu=cortex-a9 -mfpu=vfpv3 -mfloat-abi=hard -Wl,-build-id=none -specs=Xilinx.spec -Wl,-T -Wl,../src/lscript.ld -L../../firstTest_bsp/ps7_cortexa9_0/lib -o "firstTest.elf"  ./src/helloworld.o ./src/platform.o   -Wl,--start-group,-lxil,-lgcc,-lc,--end-group
'Finished building target: firstTest.elf'
' '
'Invoking: ARM v7 Print Size'
arm-none-eabi-size firstTest.elf  |tee "firstTest.elf.size"
   text	   data	    bss	    dec	    hex	filename
  57060	   2584	  23584	  83228	  1451c	firstTest.elf
'Finished building: firstTest.elf.size'
' '
23:41:32 **** Incremental Build of configuration Debug for project firstTest ****
make pre-build main-build 
a9-linaro-pre-build-step
' '
'Building file: ../src/helloworld.c'
'Invoking: ARM v7 gcc compiler'
arm-none-eabi-gcc -Wall -O0 -g3 -c -fmessage-length=0 -MT"src/helloworld.o" -mcpu=cortex-a9 -mfpu=vfpv3 -mfloat-abi=hard -I../../firstTest_bsp/ps7_cortexa9_0/include -MMD -MP -MF"src/helloworld.d" -MT"src/helloworld.o" -o "src/helloworld.o" "../src/helloworld.c"
../src/helloworld.c:19:16: warning: 'packed' attribute ignored [-Wattributes]
 typedef struct uint24_t __attribute__((packed)) uint24_t;
                ^~~~~~~~
../src/helloworld.c: In function 'main':
../src/helloworld.c:32:9: warning: unused variable 'itel' [-Wunused-variable]
     int itel;
         ^~~~
../src/helloworld.c:31:18: warning: unused variable 'Status' [-Wunused-variable]
     int readreg, Status;
                  ^~~~~~
../src/helloworld.c:31:9: warning: unused variable 'readreg' [-Wunused-variable]
     int readreg, Status;
         ^~~~~~~
'Finished building: ../src/helloworld.c'
' '
'Building target: firstTest.elf'
'Invoking: ARM v7 gcc linker'
arm-none-eabi-gcc -mcpu=cortex-a9 -mfpu=vfpv3 -mfloat-abi=hard -Wl,-build-id=none -specs=Xilinx.spec -Wl,-T -Wl,../src/lscript.ld -L../../firstTest_bsp/ps7_cortexa9_0/lib -o "firstTest.elf"  ./src/helloworld.o ./src/platform.o   -Wl,--start-group,-lxil,-lgcc,-lc,--end-group
'Finished building target: firstTest.elf'
' '
'Invoking: ARM v7 Print Size'
arm-none-eabi-size firstTest.elf  |tee "firstTest.elf.size"
   text	   data	    bss	    dec	    hex	filename
  57060	   2584	  23584	  83228	  1451c	firstTest.elf
'Finished building: firstTest.elf.size'
' '
23:43:02 **** Incremental Build of configuration Debug for project firstTest ****
make pre-build main-build 
a9-linaro-pre-build-step
' '
'Building file: ../src/helloworld.c'
'Invoking: ARM v7 gcc compiler'
arm-none-eabi-gcc -Wall -O0 -g3 -c -fmessage-length=0 -MT"src/helloworld.o" -mcpu=cortex-a9 -mfpu=vfpv3 -mfloat-abi=hard -I../../firstTest_bsp/ps7_cortexa9_0/include -MMD -MP -MF"src/helloworld.d" -MT"src/helloworld.o" -o "src/helloworld.o" "../src/helloworld.c"
../src/helloworld.c:19:16: warning: 'packed' attribute ignored [-Wattributes]
 typedef struct uint24_t __attribute__((packed)) uint24_t;
                ^~~~~~~~
../src/helloworld.c: In function 'main':
../src/helloworld.c:32:9: warning: unused variable 'itel' [-Wunused-variable]
     int itel;
         ^~~~
../src/helloworld.c:31:18: warning: unused variable 'Status' [-Wunused-variable]
     int readreg, Status;
                  ^~~~~~
../src/helloworld.c:31:9: warning: unused variable 'readreg' [-Wunused-variable]
     int readreg, Status;
         ^~~~~~~
'Finished building: ../src/helloworld.c'
' '
'Building target: firstTest.elf'
'Invoking: ARM v7 gcc linker'
arm-none-eabi-gcc -mcpu=cortex-a9 -mfpu=vfpv3 -mfloat-abi=hard -Wl,-build-id=none -specs=Xilinx.spec -Wl,-T -Wl,../src/lscript.ld -L../../firstTest_bsp/ps7_cortexa9_0/lib -o "firstTest.elf"  ./src/helloworld.o ./src/platform.o   -Wl,--start-group,-lxil,-lgcc,-lc,--end-group
'Finished building target: firstTest.elf'
' '
'Invoking: ARM v7 Print Size'
arm-none-eabi-size firstTest.elf  |tee "firstTest.elf.size"
   text	   data	    bss	    dec	    hex	filename
  57060	   2584	  23584	  83228	  1451c	firstTest.elf
'Finished building: firstTest.elf.size'
' '
23:43:37 **** Incremental Build of configuration Debug for project firstTest ****
make pre-build main-build 
a9-linaro-pre-build-step
' '
'Building file: ../src/helloworld.c'
'Invoking: ARM v7 gcc compiler'
arm-none-eabi-gcc -Wall -O0 -g3 -c -fmessage-length=0 -MT"src/helloworld.o" -mcpu=cortex-a9 -mfpu=vfpv3 -mfloat-abi=hard -I../../firstTest_bsp/ps7_cortexa9_0/include -MMD -MP -MF"src/helloworld.d" -MT"src/helloworld.o" -o "src/helloworld.o" "../src/helloworld.c"
../src/helloworld.c:19:16: warning: 'packed' attribute ignored [-Wattributes]
 typedef struct uint24_t __attribute__((packed)) uint24_t;
                ^~~~~~~~
../src/helloworld.c: In function 'main':
../src/helloworld.c:32:9: warning: unused variable 'itel' [-Wunused-variable]
     int itel;
         ^~~~
../src/helloworld.c:31:18: warning: unused variable 'Status' [-Wunused-variable]
     int readreg, Status;
                  ^~~~~~
../src/helloworld.c:31:9: warning: unused variable 'readreg' [-Wunused-variable]
     int readreg, Status;
         ^~~~~~~
'Finished building: ../src/helloworld.c'
' '
'Building target: firstTest.elf'
'Invoking: ARM v7 gcc linker'
arm-none-eabi-gcc -mcpu=cortex-a9 -mfpu=vfpv3 -mfloat-abi=hard -Wl,-build-id=none -specs=Xilinx.spec -Wl,-T -Wl,../src/lscript.ld -L../../firstTest_bsp/ps7_cortexa9_0/lib -o "firstTest.elf"  ./src/helloworld.o ./src/platform.o   -Wl,--start-group,-lxil,-lgcc,-lc,--end-group
'Finished building target: firstTest.elf'
' '
'Invoking: ARM v7 Print Size'
arm-none-eabi-size firstTest.elf  |tee "firstTest.elf.size"
   text	   data	    bss	    dec	    hex	filename
  57036	   2584	  23584	  83204	  14504	firstTest.elf
'Finished building: firstTest.elf.size'
' '
23:44:24 **** Incremental Build of configuration Debug for project firstTest ****
make pre-build main-build 
a9-linaro-pre-build-step
' '
'Building file: ../src/helloworld.c'
'Invoking: ARM v7 gcc compiler'
arm-none-eabi-gcc -Wall -O0 -g3 -c -fmessage-length=0 -MT"src/helloworld.o" -mcpu=cortex-a9 -mfpu=vfpv3 -mfloat-abi=hard -I../../firstTest_bsp/ps7_cortexa9_0/include -MMD -MP -MF"src/helloworld.d" -MT"src/helloworld.o" -o "src/helloworld.o" "../src/helloworld.c"
../src/helloworld.c:19:16: warning: 'packed' attribute ignored [-Wattributes]
 typedef struct uint24_t __attribute__((packed)) uint24_t;
                ^~~~~~~~
../src/helloworld.c: In function 'main':
../src/helloworld.c:32:9: warning: unused variable 'itel' [-Wunused-variable]
     int itel;
         ^~~~
../src/helloworld.c:31:18: warning: unused variable 'Status' [-Wunused-variable]
     int readreg, Status;
                  ^~~~~~
../src/helloworld.c:31:9: warning: unused variable 'readreg' [-Wunused-variable]
     int readreg, Status;
         ^~~~~~~
'Finished building: ../src/helloworld.c'
' '
'Building target: firstTest.elf'
'Invoking: ARM v7 gcc linker'
arm-none-eabi-gcc -mcpu=cortex-a9 -mfpu=vfpv3 -mfloat-abi=hard -Wl,-build-id=none -specs=Xilinx.spec -Wl,-T -Wl,../src/lscript.ld -L../../firstTest_bsp/ps7_cortexa9_0/lib -o "firstTest.elf"  ./src/helloworld.o ./src/platform.o   -Wl,--start-group,-lxil,-lgcc,-lc,--end-group
'Finished building target: firstTest.elf'
' '
'Invoking: ARM v7 Print Size'
arm-none-eabi-size firstTest.elf  |tee "firstTest.elf.size"
   text	   data	    bss	    dec	    hex	filename
  57036	   2584	  23584	  83204	  14504	firstTest.elf
'Finished building: firstTest.elf.size'
' '
23:44:39 **** Incremental Build of configuration Debug for project firstTest ****
make pre-build main-build 
a9-linaro-pre-build-step
' '
'Building file: ../src/helloworld.c'
'Invoking: ARM v7 gcc compiler'
arm-none-eabi-gcc -Wall -O0 -g3 -c -fmessage-length=0 -MT"src/helloworld.o" -mcpu=cortex-a9 -mfpu=vfpv3 -mfloat-abi=hard -I../../firstTest_bsp/ps7_cortexa9_0/include -MMD -MP -MF"src/helloworld.d" -MT"src/helloworld.o" -o "src/helloworld.o" "../src/helloworld.c"
../src/helloworld.c:19:16: warning: 'packed' attribute ignored [-Wattributes]
 typedef struct uint24_t __attribute__((packed)) uint24_t;
                ^~~~~~~~
../src/helloworld.c: In function 'main':
../src/helloworld.c:32:9: warning: unused variable 'itel' [-Wunused-variable]
     int itel;
         ^~~~
../src/helloworld.c:31:18: warning: unused variable 'Status' [-Wunused-variable]
     int readreg, Status;
                  ^~~~~~
../src/helloworld.c:31:9: warning: unused variable 'readreg' [-Wunused-variable]
     int readreg, Status;
         ^~~~~~~
'Finished building: ../src/helloworld.c'
' '
'Building target: firstTest.elf'
'Invoking: ARM v7 gcc linker'
arm-none-eabi-gcc -mcpu=cortex-a9 -mfpu=vfpv3 -mfloat-abi=hard -Wl,-build-id=none -specs=Xilinx.spec -Wl,-T -Wl,../src/lscript.ld -L../../firstTest_bsp/ps7_cortexa9_0/lib -o "firstTest.elf"  ./src/helloworld.o ./src/platform.o   -Wl,--start-group,-lxil,-lgcc,-lc,--end-group
'Finished building target: firstTest.elf'
' '
'Invoking: ARM v7 Print Size'
arm-none-eabi-size firstTest.elf  |tee "firstTest.elf.size"
   text	   data	    bss	    dec	    hex	filename
  57036	   2584	  23584	  83204	  14504	firstTest.elf
'Finished building: firstTest.elf.size'
' '
23:44:51 **** Incremental Build of configuration Debug for project firstTest ****
make pre-build main-build 
a9-linaro-pre-build-step
' '
'Building file: ../src/helloworld.c'
'Invoking: ARM v7 gcc compiler'
arm-none-eabi-gcc -Wall -O0 -g3 -c -fmessage-length=0 -MT"src/helloworld.o" -mcpu=cortex-a9 -mfpu=vfpv3 -mfloat-abi=hard -I../../firstTest_bsp/ps7_cortexa9_0/include -MMD -MP -MF"src/helloworld.d" -MT"src/helloworld.o" -o "src/helloworld.o" "../src/helloworld.c"
../src/helloworld.c:19:16: warning: 'packed' attribute ignored [-Wattributes]
 typedef struct uint24_t __attribute__((packed)) uint24_t;
                ^~~~~~~~
../src/helloworld.c: In function 'main':
../src/helloworld.c:32:9: warning: unused variable 'itel' [-Wunused-variable]
     int itel;
         ^~~~
../src/helloworld.c:31:18: warning: unused variable 'Status' [-Wunused-variable]
     int readreg, Status;
                  ^~~~~~
../src/helloworld.c:31:9: warning: unused variable 'readreg' [-Wunused-variable]
     int readreg, Status;
         ^~~~~~~
'Finished building: ../src/helloworld.c'
' '
'Building target: firstTest.elf'
'Invoking: ARM v7 gcc linker'
arm-none-eabi-gcc -mcpu=cortex-a9 -mfpu=vfpv3 -mfloat-abi=hard -Wl,-build-id=none -specs=Xilinx.spec -Wl,-T -Wl,../src/lscript.ld -L../../firstTest_bsp/ps7_cortexa9_0/lib -o "firstTest.elf"  ./src/helloworld.o ./src/platform.o   -Wl,--start-group,-lxil,-lgcc,-lc,--end-group
'Finished building target: firstTest.elf'
' '
'Invoking: ARM v7 Print Size'
arm-none-eabi-size firstTest.elf  |tee "firstTest.elf.size"
   text	   data	    bss	    dec	    hex	filename
  57036	   2584	  23584	  83204	  14504	firstTest.elf
'Finished building: firstTest.elf.size'
' '
23:45:26 **** Incremental Build of configuration Debug for project firstTest ****
make pre-build main-build 
a9-linaro-pre-build-step
' '
'Building file: ../src/helloworld.c'
'Invoking: ARM v7 gcc compiler'
arm-none-eabi-gcc -Wall -O0 -g3 -c -fmessage-length=0 -MT"src/helloworld.o" -mcpu=cortex-a9 -mfpu=vfpv3 -mfloat-abi=hard -I../../firstTest_bsp/ps7_cortexa9_0/include -MMD -MP -MF"src/helloworld.d" -MT"src/helloworld.o" -o "src/helloworld.o" "../src/helloworld.c"
../src/helloworld.c:19:16: warning: 'packed' attribute ignored [-Wattributes]
 typedef struct uint24_t __attribute__((packed)) uint24_t;
                ^~~~~~~~
../src/helloworld.c: In function 'main':
../src/helloworld.c:32:9: warning: unused variable 'itel' [-Wunused-variable]
     int itel;
         ^~~~
../src/helloworld.c:31:18: warning: unused variable 'Status' [-Wunused-variable]
     int readreg, Status;
                  ^~~~~~
../src/helloworld.c:31:9: warning: unused variable 'readreg' [-Wunused-variable]
     int readreg, Status;
         ^~~~~~~
'Finished building: ../src/helloworld.c'
' '
'Building target: firstTest.elf'
'Invoking: ARM v7 gcc linker'
arm-none-eabi-gcc -mcpu=cortex-a9 -mfpu=vfpv3 -mfloat-abi=hard -Wl,-build-id=none -specs=Xilinx.spec -Wl,-T -Wl,../src/lscript.ld -L../../firstTest_bsp/ps7_cortexa9_0/lib -o "firstTest.elf"  ./src/helloworld.o ./src/platform.o   -Wl,--start-group,-lxil,-lgcc,-lc,--end-group
'Finished building target: firstTest.elf'
' '
'Invoking: ARM v7 Print Size'
arm-none-eabi-size firstTest.elf  |tee "firstTest.elf.size"
   text	   data	    bss	    dec	    hex	filename
  57036	   2584	  23584	  83204	  14504	firstTest.elf
'Finished building: firstTest.elf.size'
' '
23:45:50 **** Incremental Build of configuration Debug for project firstTest ****
make pre-build main-build 
a9-linaro-pre-build-step
' '
'Building file: ../src/helloworld.c'
'Invoking: ARM v7 gcc compiler'
arm-none-eabi-gcc -Wall -O0 -g3 -c -fmessage-length=0 -MT"src/helloworld.o" -mcpu=cortex-a9 -mfpu=vfpv3 -mfloat-abi=hard -I../../firstTest_bsp/ps7_cortexa9_0/include -MMD -MP -MF"src/helloworld.d" -MT"src/helloworld.o" -o "src/helloworld.o" "../src/helloworld.c"
../src/helloworld.c:19:16: warning: 'packed' attribute ignored [-Wattributes]
 typedef struct uint24_t __attribute__((packed)) uint24_t;
                ^~~~~~~~
../src/helloworld.c: In function 'main':
../src/helloworld.c:32:9: warning: unused variable 'itel' [-Wunused-variable]
     int itel;
         ^~~~
../src/helloworld.c:31:18: warning: unused variable 'Status' [-Wunused-variable]
     int readreg, Status;
                  ^~~~~~
../src/helloworld.c:31:9: warning: unused variable 'readreg' [-Wunused-variable]
     int readreg, Status;
         ^~~~~~~
'Finished building: ../src/helloworld.c'
' '
'Building target: firstTest.elf'
'Invoking: ARM v7 gcc linker'
arm-none-eabi-gcc -mcpu=cortex-a9 -mfpu=vfpv3 -mfloat-abi=hard -Wl,-build-id=none -specs=Xilinx.spec -Wl,-T -Wl,../src/lscript.ld -L../../firstTest_bsp/ps7_cortexa9_0/lib -o "firstTest.elf"  ./src/helloworld.o ./src/platform.o   -Wl,--start-group,-lxil,-lgcc,-lc,--end-group
'Finished building target: firstTest.elf'
' '
'Invoking: ARM v7 Print Size'
arm-none-eabi-size firstTest.elf  |tee "firstTest.elf.size"
   text	   data	    bss	    dec	    hex	filename
  57036	   2584	  23584	  83204	  14504	firstTest.elf
'Finished building: firstTest.elf.size'
' '
23:46:25 **** Incremental Build of configuration Debug for project firstTest ****
make pre-build main-build 
a9-linaro-pre-build-step
' '
'Building file: ../src/helloworld.c'
'Invoking: ARM v7 gcc compiler'
arm-none-eabi-gcc -Wall -O0 -g3 -c -fmessage-length=0 -MT"src/helloworld.o" -mcpu=cortex-a9 -mfpu=vfpv3 -mfloat-abi=hard -I../../firstTest_bsp/ps7_cortexa9_0/include -MMD -MP -MF"src/helloworld.d" -MT"src/helloworld.o" -o "src/helloworld.o" "../src/helloworld.c"
../src/helloworld.c:19:16: warning: 'packed' attribute ignored [-Wattributes]
 typedef struct uint24_t __attribute__((packed)) uint24_t;
                ^~~~~~~~
../src/helloworld.c: In function 'main':
../src/helloworld.c:32:9: warning: unused variable 'itel' [-Wunused-variable]
     int itel;
         ^~~~
../src/helloworld.c:31:18: warning: unused variable 'Status' [-Wunused-variable]
     int readreg, Status;
                  ^~~~~~
../src/helloworld.c:31:9: warning: unused variable 'readreg' [-Wunused-variable]
     int readreg, Status;
         ^~~~~~~
'Finished building: ../src/helloworld.c'
' '
'Building target: firstTest.elf'
'Invoking: ARM v7 gcc linker'
arm-none-eabi-gcc -mcpu=cortex-a9 -mfpu=vfpv3 -mfloat-abi=hard -Wl,-build-id=none -specs=Xilinx.spec -Wl,-T -Wl,../src/lscript.ld -L../../firstTest_bsp/ps7_cortexa9_0/lib -o "firstTest.elf"  ./src/helloworld.o ./src/platform.o   -Wl,--start-group,-lxil,-lgcc,-lc,--end-group
'Finished building target: firstTest.elf'
' '
'Invoking: ARM v7 Print Size'
arm-none-eabi-size firstTest.elf  |tee "firstTest.elf.size"
   text	   data	    bss	    dec	    hex	filename
  57044	   2584	  23584	  83212	  1450c	firstTest.elf
'Finished building: firstTest.elf.size'
' '
23:46:56 **** Incremental Build of configuration Debug for project firstTest ****
make pre-build main-build 
a9-linaro-pre-build-step
' '
make: Nothing to be done for 'main-build'.
