23:33:09 **** Incremental Build of configuration Debug for project PongFunctionTests ****
make pre-build main-build 
a9-linaro-pre-build-step
' '
'Building file: ../src/PongFunc.c'
'Invoking: ARM v7 gcc compiler'
arm-none-eabi-gcc -Wall -O0 -g3 -c -fmessage-length=0 -MT"src/PongFunc.o" -mcpu=cortex-a9 -mfpu=vfpv3 -mfloat-abi=hard -I../../PongFunctionTests_bsp/ps7_cortexa9_0/include -MMD -MP -MF"src/PongFunc.d" -MT"src/PongFunc.o" -o "src/PongFunc.o" "../src/PongFunc.c"
In file included from ../../PongFunctionTests_bsp/ps7_cortexa9_0/include/WS2812.h:8,
                 from ../src/PongHead.h:11,
                 from ../src/PongFunc.c:1:
../src/PongFunc.c: In function 'startGPIO':
../../PongFunctionTests_bsp/ps7_cortexa9_0/include/xstatus.h:61:41: warning: 'return' with a value, in function returning void
 #define XST_FAILURE                     1L
                                         ^~
../src/PongFunc.c:256:10: note: in expansion of macro 'XST_FAILURE'
   return XST_FAILURE;
          ^~~~~~~~~~~
../src/PongFunc.c:249:6: note: declared here
 void startGPIO()
      ^~~~~~~~~
'Finished building: ../src/PongFunc.c'
' '
'Building target: PongFunctionTests.elf'
'Invoking: ARM v7 gcc linker'
arm-none-eabi-gcc -mcpu=cortex-a9 -mfpu=vfpv3 -mfloat-abi=hard -Wl,-build-id=none -specs=Xilinx.spec -Wl,-T -Wl,../src/lscript.ld -L../../PongFunctionTests_bsp/ps7_cortexa9_0/lib -o "PongFunctionTests.elf"  ./src/PongFunc.o ./src/helloworld.o ./src/platform.o   -Wl,--start-group,-lxil,-lgcc,-lc,--end-group
'Finished building target: PongFunctionTests.elf'
' '
'Invoking: ARM v7 Print Size'
arm-none-eabi-size PongFunctionTests.elf  |tee "PongFunctionTests.elf.size"
   text	   data	    bss	    dec	    hex	filename
  63532	   2600	  23616	  89748	  15e94	PongFunctionTests.elf
'Finished building: PongFunctionTests.elf.size'
' '

23:33:09 Build Finished (took 704ms)

